

================================================================
== Vitis HLS Report for 'calo_trigger_em_jet_stream_ref'
================================================================
* Date:           Tue May 12 22:45:55 2026

* Version:        2024.1 (Build 5069499 on May 21 2024)
* Project:        calorimeter
* Solution:       solution1 (Vivado IP Flow Target)
* Product family: virtexuplus
* Target device:  xcvu13p-fsga2577-2-e


================================================================
== Performance Estimates
================================================================
+ Timing: 
    * Summary: 
    +--------+----------+----------+------------+
    |  Clock |  Target  | Estimated| Uncertainty|
    +--------+----------+----------+------------+
    |ap_clk  |  25.00 ns|  7.274 ns|     6.75 ns|
    +--------+----------+----------+------------+

+ Latency: 
    * Summary: 
    +---------+---------+----------+----------+-------+-------+---------+
    |  Latency (cycles) |  Latency (absolute) |    Interval   | Pipeline|
    |   min   |   max   |    min   |    max   |  min  |  max  |   Type  |
    +---------+---------+----------+----------+-------+-------+---------+
    |    72365|    72378|  1.809 ms|  1.809 ms|  72366|  72379|       no|
    +---------+---------+----------+----------+-------+-------+---------+

    + Detail: 
        * Instance: 
        +---------------------------------------------+----------------------------------+---------+---------+----------+----------+-------+-------+----------+
        |                                             |                                  |  Latency (cycles) |  Latency (absolute) |    Interval   | Pipeline |
        |                   Instance                  |              Module              |   min   |   max   |    min   |    max   |  min  |  max  |   Type   |
        +---------------------------------------------+----------------------------------+---------+---------+----------+----------+-------+-------+----------+
        |grp_cluster_sort_build_em_jet_stream_fu_205  |cluster_sort_build_em_jet_stream  |    70562|    70575|  1.764 ms|  1.764 ms|  70561|  70561|  dataflow|
        +---------------------------------------------+----------------------------------+---------+---------+----------+----------+-------+-------+----------+

        * Loop: 
        +-----------------+---------+---------+----------+-----------+-----------+------+----------+
        |                 |  Latency (cycles) | Iteration|  Initiation Interval  | Trip |          |
        |    Loop Name    |   min   |   max   |  Latency |  achieved |   target  | Count| Pipelined|
        +-----------------+---------+---------+----------+-----------+-----------+------+----------+
        |- HT_ETA_HT_PHI  |     1800|     1800|         2|          1|          1|  1800|       yes|
        +-----------------+---------+---------+----------+-----------+-----------+------+----------+



================================================================
== Utilization Estimates
================================================================
* Summary: 
+---------------------+---------+-------+---------+---------+------+
|         Name        | BRAM_18K|  DSP  |    FF   |   LUT   | URAM |
+---------------------+---------+-------+---------+---------+------+
|DSP                  |        -|      -|        -|        -|     -|
|Expression           |        -|      -|        0|      153|     -|
|FIFO                 |        -|      -|        -|        -|     -|
|Instance             |        0|      -|     8594|    18643|     0|
|Memory               |        -|      -|        -|        -|     -|
|Multiplexer          |        -|      -|        0|      116|     -|
|Register             |        -|      -|      144|        -|     -|
+---------------------+---------+-------+---------+---------+------+
|Total                |        0|      0|     8738|    18912|     0|
+---------------------+---------+-------+---------+---------+------+
|Available SLR        |     1344|   3072|   864000|   432000|   320|
+---------------------+---------+-------+---------+---------+------+
|Utilization SLR (%)  |        0|      0|        1|        4|     0|
+---------------------+---------+-------+---------+---------+------+
|Available            |     5376|  12288|  3456000|  1728000|  1280|
+---------------------+---------+-------+---------+---------+------+
|Utilization (%)      |        0|      0|       ~0|        1|     0|
+---------------------+---------+-------+---------+---------+------+

+ Detail: 
    * Instance: 
    +---------------------------------------------+----------------------------------+---------+----+------+-------+-----+
    |                   Instance                  |              Module              | BRAM_18K| DSP|  FF  |  LUT  | URAM|
    +---------------------------------------------+----------------------------------+---------+----+------+-------+-----+
    |CTRL_s_axi_U                                 |CTRL_s_axi                        |        0|   0|   230|    344|    0|
    |grp_cluster_sort_build_em_jet_stream_fu_205  |cluster_sort_build_em_jet_stream  |        0|   0|  8364|  18299|    0|
    +---------------------------------------------+----------------------------------+---------+----+------+-------+-----+
    |Total                                        |                                  |        0|   0|  8594|  18643|    0|
    +---------------------------------------------+----------------------------------+---------+----+------+-------+-----+

    * DSP: 
    N/A

    * Memory: 
    N/A

    * FIFO: 
    N/A

    * Expression: 
    +--------------------------------------------------------------+----------+----+---+----+------------+------------+
    |                         Variable Name                        | Operation| DSP| FF| LUT| Bitwidth P0| Bitwidth P1|
    +--------------------------------------------------------------+----------+----+---+----+------------+------------+
    |add_ln160_1_fu_349_p2                                         |         +|   0|  0|  18|          11|           1|
    |add_ln160_fu_280_p2                                           |         +|   0|  0|  12|           5|           1|
    |add_ln163_5_fu_332_p2                                         |         +|   0|  0|  17|          11|          11|
    |ht_2_fu_389_p2                                                |         +|   0|  0|  30|          23|          23|
    |phi_fu_343_p2                                                 |         +|   0|  0|  13|           6|           1|
    |sub_ln163_fu_322_p2                                           |         -|   0|  0|  17|          11|          11|
    |icmp_ln160_fu_361_p2                                          |      icmp|   0|  0|  18|          11|           9|
    |icmp_ln161_fu_355_p2                                          |      icmp|   0|  0|  13|           6|           4|
    |ap_sync_grp_cluster_sort_build_em_jet_stream_fu_205_ap_ready  |        or|   0|  0|   2|           1|           1|
    |eta_fu_294_p3                                                 |    select|   0|  0|   5|           1|           5|
    |select_ln160_fu_286_p3                                        |    select|   0|  0|   6|           1|           1|
    |ap_enable_pp0                                                 |       xor|   0|  0|   2|           1|           2|
    +--------------------------------------------------------------+----------+----+---+----+------------+------------+
    |Total                                                         |          |   0|  0| 153|          88|          70|
    +--------------------------------------------------------------+----------+----+---+----+------------+------------+

    * Multiplexer: 
    +--------------------------------------+----+-----------+-----+-----------+
    |                 Name                 | LUT| Input Size| Bits| Total Bits|
    +--------------------------------------+----+-----------+-----+-----------+
    |ap_NS_fsm                             |  26|          5|    1|          5|
    |ap_enable_reg_pp0_iter1               |   9|          2|    1|          2|
    |ap_phi_mux_icmp_ln1616_phi_fu_198_p4  |   9|          2|    1|          2|
    |conv4_i4_i4_fu_146                    |   9|          2|   23|         46|
    |eta2_fu_138                           |   9|          2|    5|         10|
    |icmp_ln1616_reg_194                   |   9|          2|    1|          2|
    |indvar_flatten1_fu_134                |   9|          2|   11|         22|
    |phi3_fu_142                           |   9|          2|    6|         12|
    |towers_Addr_A                         |   9|          2|   32|         64|
    |towers_EN_A                           |   9|          2|    1|          2|
    |towers_EN_B                           |   9|          2|    1|          2|
    +--------------------------------------+----+-----------+-----+-----------+
    |Total                                 | 116|         25|   83|        169|
    +--------------------------------------+----+-----------+-----+-----------+

    * Register: 
    +------------------------------------------------------------------+----+----+-----+-----------+
    |                               Name                               | FF | LUT| Bits| Const Bits|
    +------------------------------------------------------------------+----+----+-----+-----------+
    |ap_CS_fsm                                                         |   4|   0|    4|          0|
    |ap_enable_reg_pp0_iter0                                           |   1|   0|    1|          0|
    |ap_enable_reg_pp0_iter1                                           |   1|   0|    1|          0|
    |ap_sync_reg_grp_cluster_sort_build_em_jet_stream_fu_205_ap_done   |   1|   0|    1|          0|
    |ap_sync_reg_grp_cluster_sort_build_em_jet_stream_fu_205_ap_ready  |   1|   0|    1|          0|
    |conv4_i4_i4_fu_146                                                |  23|   0|   23|          0|
    |em_cluster_threshold_read_reg_442                                 |  20|   0|   20|          0|
    |em_seed_threshold_read_reg_447                                    |  12|   0|   12|          0|
    |eta2_fu_138                                                       |   5|   0|    5|          0|
    |grp_cluster_sort_build_em_jet_stream_fu_205_ap_start_reg          |   1|   0|    1|          0|
    |icmp_ln160_reg_462                                                |   1|   0|    1|          0|
    |icmp_ln1616_reg_194                                               |   1|   0|    1|          0|
    |icmp_ln161_reg_457                                                |   1|   0|    1|          0|
    |indvar_flatten1_fu_134                                            |  11|   0|   11|          0|
    |jet_cluster_threshold_read_reg_432                                |  20|   0|   20|          0|
    |jet_seed_threshold_read_reg_437                                   |  12|   0|   12|          0|
    |phi3_fu_142                                                       |   6|   0|    6|          0|
    |zext_ln161_reg_466                                                |  23|   0|   24|          1|
    +------------------------------------------------------------------+----+----+-----+-----------+
    |Total                                                             | 144|   0|  145|          1|
    +------------------------------------------------------------------+----+----+-----+-----------+



================================================================
== Interface
================================================================
* Summary: 
+----------------------+-----+-----+------------+--------------------------------+--------------+
|       RTL Ports      | Dir | Bits|  Protocol  |          Source Object         |    C Type    |
+----------------------+-----+-----+------------+--------------------------------+--------------+
|s_axi_CTRL_AWVALID    |   in|    1|       s_axi|                            CTRL|       pointer|
|s_axi_CTRL_AWREADY    |  out|    1|       s_axi|                            CTRL|       pointer|
|s_axi_CTRL_AWADDR     |   in|    7|       s_axi|                            CTRL|       pointer|
|s_axi_CTRL_WVALID     |   in|    1|       s_axi|                            CTRL|       pointer|
|s_axi_CTRL_WREADY     |  out|    1|       s_axi|                            CTRL|       pointer|
|s_axi_CTRL_WDATA      |   in|   32|       s_axi|                            CTRL|       pointer|
|s_axi_CTRL_WSTRB      |   in|    4|       s_axi|                            CTRL|       pointer|
|s_axi_CTRL_ARVALID    |   in|    1|       s_axi|                            CTRL|       pointer|
|s_axi_CTRL_ARREADY    |  out|    1|       s_axi|                            CTRL|       pointer|
|s_axi_CTRL_ARADDR     |   in|    7|       s_axi|                            CTRL|       pointer|
|s_axi_CTRL_RVALID     |  out|    1|       s_axi|                            CTRL|       pointer|
|s_axi_CTRL_RREADY     |   in|    1|       s_axi|                            CTRL|       pointer|
|s_axi_CTRL_RDATA      |  out|   32|       s_axi|                            CTRL|       pointer|
|s_axi_CTRL_RRESP      |  out|    2|       s_axi|                            CTRL|       pointer|
|s_axi_CTRL_BVALID     |  out|    1|       s_axi|                            CTRL|       pointer|
|s_axi_CTRL_BREADY     |   in|    1|       s_axi|                            CTRL|       pointer|
|s_axi_CTRL_BRESP      |  out|    2|       s_axi|                            CTRL|       pointer|
|ap_clk                |   in|    1|  ap_ctrl_hs|  calo_trigger_em_jet_stream_ref|  return value|
|ap_rst_n              |   in|    1|  ap_ctrl_hs|  calo_trigger_em_jet_stream_ref|  return value|
|interrupt             |  out|    1|  ap_ctrl_hs|  calo_trigger_em_jet_stream_ref|  return value|
|towers_Addr_A         |  out|   32|        bram|                          towers|         array|
|towers_EN_A           |  out|    1|        bram|                          towers|         array|
|towers_WEN_A          |  out|    2|        bram|                          towers|         array|
|towers_Din_A          |  out|   16|        bram|                          towers|         array|
|towers_Dout_A         |   in|   16|        bram|                          towers|         array|
|towers_Clk_A          |  out|    1|        bram|                          towers|         array|
|towers_Rst_A          |  out|    1|        bram|                          towers|         array|
|towers_Addr_B         |  out|   32|        bram|                          towers|         array|
|towers_EN_B           |  out|    1|        bram|                          towers|         array|
|towers_WEN_B          |  out|    2|        bram|                          towers|         array|
|towers_Din_B          |  out|   16|        bram|                          towers|         array|
|towers_Dout_B         |   in|   16|        bram|                          towers|         array|
|towers_Clk_B          |  out|    1|        bram|                          towers|         array|
|towers_Rst_B          |  out|    1|        bram|                          towers|         array|
|em_objects_0          |  out|   89|      ap_vld|                    em_objects_0|       pointer|
|em_objects_0_ap_vld   |  out|    1|      ap_vld|                    em_objects_0|       pointer|
|em_objects_1          |  out|   89|      ap_vld|                    em_objects_1|       pointer|
|em_objects_1_ap_vld   |  out|    1|      ap_vld|                    em_objects_1|       pointer|
|em_objects_2          |  out|   89|      ap_vld|                    em_objects_2|       pointer|
|em_objects_2_ap_vld   |  out|    1|      ap_vld|                    em_objects_2|       pointer|
|em_objects_3          |  out|   89|      ap_vld|                    em_objects_3|       pointer|
|em_objects_3_ap_vld   |  out|    1|      ap_vld|                    em_objects_3|       pointer|
|em_objects_4          |  out|   89|      ap_vld|                    em_objects_4|       pointer|
|em_objects_4_ap_vld   |  out|    1|      ap_vld|                    em_objects_4|       pointer|
|em_objects_5          |  out|   89|      ap_vld|                    em_objects_5|       pointer|
|em_objects_5_ap_vld   |  out|    1|      ap_vld|                    em_objects_5|       pointer|
|em_objects_6          |  out|   89|      ap_vld|                    em_objects_6|       pointer|
|em_objects_6_ap_vld   |  out|    1|      ap_vld|                    em_objects_6|       pointer|
|em_objects_7          |  out|   89|      ap_vld|                    em_objects_7|       pointer|
|em_objects_7_ap_vld   |  out|    1|      ap_vld|                    em_objects_7|       pointer|
|jet_objects_0         |  out|   89|      ap_vld|                   jet_objects_0|       pointer|
|jet_objects_0_ap_vld  |  out|    1|      ap_vld|                   jet_objects_0|       pointer|
|jet_objects_1         |  out|   89|      ap_vld|                   jet_objects_1|       pointer|
|jet_objects_1_ap_vld  |  out|    1|      ap_vld|                   jet_objects_1|       pointer|
|jet_objects_2         |  out|   89|      ap_vld|                   jet_objects_2|       pointer|
|jet_objects_2_ap_vld  |  out|    1|      ap_vld|                   jet_objects_2|       pointer|
|jet_objects_3         |  out|   89|      ap_vld|                   jet_objects_3|       pointer|
|jet_objects_3_ap_vld  |  out|    1|      ap_vld|                   jet_objects_3|       pointer|
|jet_objects_4         |  out|   89|      ap_vld|                   jet_objects_4|       pointer|
|jet_objects_4_ap_vld  |  out|    1|      ap_vld|                   jet_objects_4|       pointer|
|jet_objects_5         |  out|   89|      ap_vld|                   jet_objects_5|       pointer|
|jet_objects_5_ap_vld  |  out|    1|      ap_vld|                   jet_objects_5|       pointer|
|jet_objects_6         |  out|   89|      ap_vld|                   jet_objects_6|       pointer|
|jet_objects_6_ap_vld  |  out|    1|      ap_vld|                   jet_objects_6|       pointer|
|jet_objects_7         |  out|   89|      ap_vld|                   jet_objects_7|       pointer|
|jet_objects_7_ap_vld  |  out|    1|      ap_vld|                   jet_objects_7|       pointer|
+----------------------+-----+-----+------------+--------------------------------+--------------+

