================================================================
== Design Size Report
================================================================

* Total Instructions per Compilation Phase
+---------------+-----------------------------+--------------+----------------------------------------------------------------------------------------+
| Phase         | Step                        | Instructions | Description                                                                            |
+---------------+-----------------------------+--------------+----------------------------------------------------------------------------------------+
| Compile/Link  |                             | 3,840        | After all functions are compiled and linked into a single design                       |
|               |                             |              |                                                                                        |
| Unroll/Inline |                             |              | After user unroll and inline pragmas are applied                                       |
|               | (1) unroll                  | 7,166        | user unroll pragmas are applied                                                        |
|               | (2) simplification          | 3,931        | simplification of applied user unroll pragmas                                          |
|               | (3) inline                  | 2,571        | user inline pragmas are applied                                                        |
|               | (4) simplification          | 2,563        | simplification of applied user inline pragmas                                          |
|               |                             |              |                                                                                        |
| Array/Struct  |                             |              | After user array partition and struct aggregate/disaggregate pragmas are applied       |
|               | (1) array partition         | 3,728        | user array partition pragmas are applied                                               |
|               | (2) simplification          | 3,116        | simplification of applied user array partition & struct aggregate/disaggregate pragmas |
|               | (3) aggregate/disaggregate  | 4,664        | user struct aggregate/disaggregate pragmas are applied                                 |
|               | (4) array reshape           | 4,270        | apply array reshape pragmas                                                            |
|               | (5) access patterns         | 4,832        | array access pattern optmizations                                                      |
|               |                             |              |                                                                                        |
| Performance   |                             |              | After transformations are applied to meet performance pragma targets                   |
|               | (1) loop simplification     | 4,038        | loop and instruction simplification                                                    |
|               | (2) parallelization         | 3,730        | loops are unrolled or pipelined to meet performance targets                            |
|               | (3) array partition         | 3,728        | arrays are partitioned to meet performance targets                                     |
|               | (4) simplification          | 3,728        | simplification of design after performance transformations                             |
|               |                             |              |                                                                                        |
| HW Transforms |                             |              | After hardware transfomations                                                          |
|               | (1) lowering                | 3,748        | initial conversion to HW specific instructions                                         |
|               | (2) optimizations           | 3,808        | high level synthesis optimizations                                                     |
+---------------+-----------------------------+--------------+----------------------------------------------------------------------------------------+

* Instructions per Function for each Compilation Phase
+-------------------------------------+---------------------+----------------+----------------+-----------------+-----------------+-----------------+
| Function                            | Location            | Compile/Link   | Unroll/Inline  | Array/Struct    | Performance     | HW Transforms   |
+-------------------------------------+---------------------+----------------+----------------+-----------------+-----------------+-----------------+
| + calo_trigger_em_jet_stream_r...   | calorimeter.cpp:272 | 3,840          | 2,563          | 4,832           | 3,728           | 3,808           |
|    compute_ht                       | calorimeter.cpp:158 |   93           |                |                 |                 |                 |
|  + cluster_sort_build_em_jet_st...  | calorimeter.cpp:442 | 3,718          | 2,528          | 4,790           | 3,692           | 3,718           |
|   + produce_em_cluster_stream       | calorimeter.cpp:321 | 1,376          |  577           |  720            |  618            |  623            |
|    + is_local_maximum<3>            | calorimeter.h:197   |  107           |                |                 |                 |                 |
|       wrap_phi                      | calorimeter.h:158   |   12           |                |                 |                 |                 |
|    + window_sum<3>                  | calorimeter.h:171   |  115           |                |                 |                 |                 |
|       wrap_phi                      | calorimeter.h:158   |   12           |                |                 |                 |                 |
|    + window_sum<5>                  | calorimeter.h:171   |  115           |                |                 |                 |                 |
|       wrap_phi                      | calorimeter.h:158   |   12           |                |                 |                 |                 |
|    + window_sum<7>                  | calorimeter.h:171   |  115           |                |                 |                 |                 |
|       wrap_phi                      | calorimeter.h:158   |   12           |                |                 |                 |                 |
|      is_em_like                     | calorimeter.h:242   |  403           |                |                 |                 |                 |
|   + produce_jet_cluster_stream      | calorimeter.cpp:368 | 1,051          |  616           |  765            |  661            |  666            |
|    + is_local_maximum<7>            | calorimeter.h:197   |  107           |                |                 |                 |                 |
|       wrap_phi                      | calorimeter.h:158   |   12           |                |                 |                 |                 |
|    + window_sum<3>                  | calorimeter.h:171   |  115           |                |                 |                 |                 |
|       wrap_phi                      | calorimeter.h:158   |   12           |                |                 |                 |                 |
|    + window_sum<7>                  | calorimeter.h:171   |  115           |                |                 |                 |                 |
|       wrap_phi                      | calorimeter.h:158   |   12           |                |                 |                 |                 |
|      is_jet_like                    | calorimeter.h:268   |  329           |                |                 |                 |                 |
|   + select_top_n_from_stream_fix... | calorimeter.h:450   |  716 (2 calls) |  602 (2 calls) | 2,148 (2 calls) | 1,726 (2 calls) | 1,740 (2 calls) |
|    + insert_cluster_into_top_n      | calorimeter.cpp:102 |  282 (2 calls) |                |                 |                 |                 |
|       cluster_is_better             | calorimeter.cpp:68  |  192 (2 calls) |                |                 |                 |                 |
|     build_trigger_objects           | calorimeter.cpp:170 |  504 (2 calls) |  630 (2 calls) | 1,032 (2 calls) |  562 (2 calls)  |  562 (2 calls)  |
+-------------------------------------+---------------------+----------------+----------------+-----------------+-----------------+-----------------+

* Design Size Message Settings
+---------------------------------------------+--------+------------------------------------------------------------------+
| Message Setting                             | Value  | Description                                                      |
+---------------------------------------------+--------+------------------------------------------------------------------+
| config_compile -design_size_maximum_warning | 100000 | Show a warning when total design instructions exceeds this value |
+---------------------------------------------+--------+------------------------------------------------------------------+


