

================================================================
== Vitis HLS Report for 'produce_jet_cluster_stream'
================================================================
* Date:           Tue May 12 22:45:36 2026

* Version:        2024.1 (Build 5069499 on May 21 2024)
* Project:        calorimeter
* Solution:       solution1 (Vivado IP Flow Target)
* Product family: virtexuplus
* Target device:  xcvu13p-fsga2577-2-e


================================================================
== Performance Estimates
================================================================
+ Timing: 
    * Summary: 
    +--------+----------+----------+------------+
    |  Clock |  Target  | Estimated| Uncertainty|
    +--------+----------+----------+------------+
    |ap_clk  |  25.00 ns|  7.205 ns|     6.75 ns|
    +--------+----------+----------+------------+

+ Latency: 
    * Summary: 
    +---------+---------+----------+----------+-------+-------+-----------------------------------------------+
    |  Latency (cycles) |  Latency (absolute) |    Interval   |                    Pipeline                   |
    |   min   |   max   |    min   |    max   |  min  |  max  |                      Type                     |
    +---------+---------+----------+----------+-------+-------+-----------------------------------------------+
    |    70562|    70562|  1.764 ms|  1.764 ms|  70561|  70561|  loop auto-rewind stp(delay=0 clock cycles(s))|
    +---------+---------+----------+----------+-------+-------+-----------------------------------------------+

    + Detail: 
        * Instance: 
        N/A

        * Loop: 
        +-------------------------------------+---------+---------+----------+-----------+-----------+------+----------+
        |                                     |  Latency (cycles) | Iteration|  Initiation Interval  | Trip |          |
        |              Loop Name              |   min   |   max   |  Latency |  achieved |   target  | Count| Pipelined|
        +-------------------------------------+---------+---------+----------+-----------+-----------+------+----------+
        |- VITIS_LOOP_375_1_VITIS_LOOP_376_2  |    70560|    70560|        50|         49|          1|  1440|       yes|
        +-------------------------------------+---------+---------+----------+-----------+-----------+------+----------+



================================================================
== Utilization Estimates
================================================================
* Summary: 
+---------------------+---------+-------+---------+---------+------+
|         Name        | BRAM_18K|  DSP  |    FF   |   LUT   | URAM |
+---------------------+---------+-------+---------+---------+------+
|DSP                  |        -|      -|        -|        -|     -|
|Expression           |        -|      -|        0|     3227|     -|
|FIFO                 |        -|      -|        -|        -|     -|
|Instance             |        -|      -|        -|        -|     -|
|Memory               |        -|      -|        -|        -|     -|
|Multiplexer          |        -|      -|        0|      542|     -|
|Register             |        -|      -|      817|        -|     -|
+---------------------+---------+-------+---------+---------+------+
|Total                |        0|      0|      817|     3769|     0|
+---------------------+---------+-------+---------+---------+------+
|Available SLR        |     1344|   3072|   864000|   432000|   320|
+---------------------+---------+-------+---------+---------+------+
|Utilization SLR (%)  |        0|      0|       ~0|       ~0|     0|
+---------------------+---------+-------+---------+---------+------+
|Available            |     5376|  12288|  3456000|  1728000|  1280|
+---------------------+---------+-------+---------+---------+------+
|Utilization (%)      |        0|      0|       ~0|       ~0|     0|
+---------------------+---------+-------+---------+---------+------+

+ Detail: 
    * Instance: 
    N/A

    * DSP: 
    N/A

    * Memory: 
    N/A

    * FIFO: 
    N/A

    * Expression: 
    +-----------------------------------+----------+----+---+----+------------+------------+
    |           Variable Name           | Operation| DSP| FF| LUT| Bitwidth P0| Bitwidth P1|
    +-----------------------------------+----------+----+---+----+------------+------------+
    |add_ln161_1_fu_839_p2              |         +|   0|  0|  14|           7|           6|
    |add_ln161_2_fu_879_p2              |         +|   0|  0|  14|           7|           6|
    |add_ln161_fu_797_p2                |         +|   0|  0|  14|           7|           6|
    |add_ln163_1_fu_973_p2              |         +|   0|  0|  14|           7|           7|
    |add_ln163_2_fu_1055_p2             |         +|   0|  0|  14|           7|           7|
    |add_ln163_fu_926_p2                |         +|   0|  0|  14|           7|           7|
    |add_ln187_11_fu_1327_p2            |         +|   0|  0|  16|          15|          15|
    |add_ln187_12_fu_1333_p2            |         +|   0|  0|  20|          13|          13|
    |add_ln187_13_fu_1343_p2            |         +|   0|  0|  21|          14|          14|
    |add_ln187_15_fu_1375_p2            |         +|   0|  0|  23|          16|          16|
    |add_ln187_16_fu_1407_p2            |         +|   0|  0|  20|          13|          13|
    |add_ln187_17_fu_1627_p2            |         +|   0|  0|  16|          16|          16|
    |add_ln187_18_fu_1502_p2            |         +|   0|  0|  20|          13|          13|
    |add_ln187_19_fu_1635_p2            |         +|   0|  0|  20|          13|          13|
    |add_ln187_1_fu_1687_p2             |         +|   0|  0|  20|          13|          13|
    |add_ln187_20_fu_1645_p2            |         +|   0|  0|  21|          14|          14|
    |add_ln187_21_fu_1655_p2            |         +|   0|  0|  22|          15|          15|
    |add_ln187_23_fu_1740_p2            |         +|   0|  0|  17|          17|          17|
    |add_ln187_24_fu_1746_p2            |         +|   0|  0|  20|          13|          13|
    |add_ln187_25_fu_1756_p2            |         +|   0|  0|  17|          17|          17|
    |add_ln187_26_fu_1803_p2            |         +|   0|  0|  20|          13|          13|
    |add_ln187_27_fu_2061_p2            |         +|   0|  0|  20|          13|          13|
    |add_ln187_28_fu_2071_p2            |         +|   0|  0|  21|          14|          14|
    |add_ln187_29_fu_2164_p2            |         +|   0|  0|  17|          17|          17|
    |add_ln187_30_fu_1878_p2            |         +|   0|  0|  20|          13|          13|
    |add_ln187_31_fu_1965_p2            |         +|   0|  0|  20|          13|          13|
    |add_ln187_32_fu_1975_p2            |         +|   0|  0|  21|          14|          14|
    |add_ln187_33_fu_2175_p2            |         +|   0|  0|  20|          13|          13|
    |add_ln187_34_fu_2185_p2            |         +|   0|  0|  21|          14|          14|
    |add_ln187_35_fu_2195_p2            |         +|   0|  0|  22|          15|          15|
    |add_ln187_36_fu_2205_p2            |         +|   0|  0|  23|          16|          16|
    |add_ln187_38_fu_2780_p2            |         +|   0|  0|  18|          18|          18|
    |add_ln187_39_fu_2786_p2            |         +|   0|  0|  20|          13|          13|
    |add_ln187_3_fu_2026_p2             |         +|   0|  0|  16|          15|          15|
    |add_ln187_40_fu_2796_p2            |         +|   0|  0|  18|          18|          18|
    |add_ln187_41_fu_2740_p2            |         +|   0|  0|  20|          13|          13|
    |add_ln187_42_fu_2577_p2            |         +|   0|  0|  20|          13|          13|
    |add_ln187_43_fu_2587_p2            |         +|   0|  0|  21|          14|          14|
    |add_ln187_44_fu_2753_p2            |         +|   0|  0|  22|          15|          15|
    |add_ln187_45_fu_2805_p2            |         +|   0|  0|  18|          18|          18|
    |add_ln187_46_fu_2529_p2            |         +|   0|  0|  20|          13|          13|
    |add_ln187_47_fu_2256_p2            |         +|   0|  0|  20|          13|          13|
    |add_ln187_48_fu_2542_p2            |         +|   0|  0|  21|          14|          14|
    |add_ln187_49_fu_2383_p2            |         +|   0|  0|  20|          13|          13|
    |add_ln187_4_fu_2032_p2             |         +|   0|  0|  20|          13|          13|
    |add_ln187_50_fu_2406_p2            |         +|   0|  0|  20|          13|          13|
    |add_ln187_51_fu_2493_p2            |         +|   0|  0|  21|          14|          14|
    |add_ln187_52_fu_2503_p2            |         +|   0|  0|  22|          15|          15|
    |add_ln187_53_fu_2555_p2            |         +|   0|  0|  23|          16|          16|
    |add_ln187_5_fu_2042_p2             |         +|   0|  0|  21|          14|          14|
    |add_ln187_9_fu_1136_p2             |         +|   0|  0|  20|          13|          13|
    |add_ln213_1_fu_962_p2              |         +|   0|  0|  13|           6|           2|
    |add_ln213_2_fu_1044_p2             |         +|   0|  0|  13|           6|           2|
    |add_ln213_3_fu_826_p2              |         +|   0|  0|  14|           7|           3|
    |add_ln213_4_fu_866_p2              |         +|   0|  0|  14|           7|           2|
    |add_ln213_fu_783_p2                |         +|   0|  0|  14|           7|           3|
    |add_ln216_10_fu_1359_p2            |         +|   0|  0|  18|          11|          11|
    |add_ln216_11_fu_1553_p2            |         +|   0|  0|  18|          11|          11|
    |add_ln216_12_fu_1809_p2            |         +|   0|  0|  18|          11|          11|
    |add_ln216_13_fu_1990_p2            |         +|   0|  0|  18|          11|          11|
    |add_ln216_14_fu_2262_p2            |         +|   0|  0|  18|          11|          11|
    |add_ln216_15_fu_2448_p2            |         +|   0|  0|  18|          11|          11|
    |add_ln216_16_fu_994_p2             |         +|   0|  0|  18|          11|          11|
    |add_ln216_17_fu_1381_p2            |         +|   0|  0|  18|          11|          11|
    |add_ln216_18_fu_1671_p2            |         +|   0|  0|  18|          11|          11|
    |add_ln216_19_fu_1818_p2            |         +|   0|  0|  18|          11|          11|
    |add_ln216_1_fu_1273_p2             |         +|   0|  0|  18|          11|          11|
    |add_ln216_20_fu_2077_p2            |         +|   0|  0|  18|          11|          11|
    |add_ln216_21_fu_2366_p2            |         +|   0|  0|  18|          11|          11|
    |add_ln216_22_fu_2453_p2            |         +|   0|  0|  18|          11|          11|
    |add_ln216_23_fu_1076_p2            |         +|   0|  0|  18|          11|          11|
    |add_ln216_24_fu_1390_p2            |         +|   0|  0|  18|          11|          11|
    |add_ln216_25_fu_1702_p2            |         +|   0|  0|  18|          11|          11|
    |add_ln216_26_fu_1827_p2            |         +|   0|  0|  18|          11|          11|
    |add_ln216_27_fu_2086_p2            |         +|   0|  0|  18|          11|          11|
    |add_ln216_28_fu_2389_p2            |         +|   0|  0|  18|          11|          11|
    |add_ln216_29_fu_2458_p2            |         +|   0|  0|  18|          11|          11|
    |add_ln216_2_fu_1544_p2             |         +|   0|  0|  18|          11|          11|
    |add_ln216_30_fu_1183_p2            |         +|   0|  0|  18|          11|          11|
    |add_ln216_31_fu_1444_p2            |         +|   0|  0|  18|          11|          11|
    |add_ln216_32_fu_1711_p2            |         +|   0|  0|  18|          11|          11|
    |add_ln216_33_fu_1860_p2            |         +|   0|  0|  18|          11|          11|
    |add_ln216_34_fu_2126_p2            |         +|   0|  0|  18|          11|          11|
    |add_ln216_35_fu_2463_p2            |         +|   0|  0|  18|          11|          11|
    |add_ln216_36_fu_1210_p2            |         +|   0|  0|  18|          11|          11|
    |add_ln216_37_fu_1485_p2            |         +|   0|  0|  18|          11|          11|
    |add_ln216_38_fu_1762_p2            |         +|   0|  0|  18|          11|          11|
    |add_ln216_39_fu_1884_p2            |         +|   0|  0|  18|          11|          11|
    |add_ln216_3_fu_1981_p2             |         +|   0|  0|  18|          11|          11|
    |add_ln216_40_fu_2221_p2            |         +|   0|  0|  18|          11|          11|
    |add_ln216_41_fu_2473_p2            |         +|   0|  0|  18|          11|          11|
    |add_ln216_42_fu_1236_p2            |         +|   0|  0|  18|          11|          11|
    |add_ln216_43_fu_1508_p2            |         +|   0|  0|  18|          11|          11|
    |add_ln216_44_fu_1786_p2            |         +|   0|  0|  18|          11|          11|
    |add_ln216_45_fu_1893_p2            |         +|   0|  0|  18|          11|          11|
    |add_ln216_46_fu_2230_p2            |         +|   0|  0|  18|          11|          11|
    |add_ln216_47_fu_2478_p2            |         +|   0|  0|  18|          11|          11|
    |add_ln216_4_fu_2239_p2             |         +|   0|  0|  18|          11|          11|
    |add_ln216_5_fu_2443_p2             |         +|   0|  0|  18|          11|          11|
    |add_ln216_6_fu_815_p2              |         +|   0|  0|  18|          11|          11|
    |add_ln216_7_fu_856_p2              |         +|   0|  0|  18|          11|          11|
    |add_ln216_8_fu_896_p2              |         +|   0|  0|  18|          11|          11|
    |add_ln216_9_fu_947_p2              |         +|   0|  0|  18|          11|          11|
    |add_ln216_fu_906_p2                |         +|   0|  0|  18|          11|          11|
    |add_ln375_1_fu_639_p2              |         +|   0|  0|  18|          11|           1|
    |add_ln375_2_fu_671_p2              |         +|   0|  0|  12|           5|           1|
    |add_ln375_fu_665_p2                |         +|   0|  0|  12|           5|           2|
    |add_ln389_fu_723_p2                |         +|   0|  0|  18|          11|          11|
    |core3_et_1_fu_1696_p2              |         +|   0|  0|  21|          14|          14|
    |core3_et_2_fu_2052_p2              |         +|   0|  0|  16|          15|          15|
    |core3_et_3_fu_2147_p2              |         +|   0|  0|  23|          16|          16|
    |core3_et_fu_1615_p2                |         +|   0|  0|  20|          13|          13|
    |empty_100_fu_2095_p2               |         +|   0|  0|  12|           5|           2|
    |empty_101_fu_2412_p2               |         +|   0|  0|  12|           5|           2|
    |empty_98_fu_1142_p2                |         +|   0|  0|  12|           5|           3|
    |empty_99_fu_1413_p2                |         +|   0|  0|  12|           5|           2|
    |empty_fu_744_p2                    |         +|   0|  0|  12|           5|           3|
    |phi_fu_915_p2                      |         +|   0|  0|  13|           6|           1|
    |sum7_et_10_fu_2215_p2              |         +|   0|  0|  17|          17|          17|
    |sum7_et_11_fu_2814_p2              |         +|   0|  0|  18|          18|          18|
    |sum7_et_7_fu_1317_p2               |         +|   0|  0|  21|          14|          14|
    |sum7_et_8_fu_1353_p2               |         +|   0|  0|  16|          15|          15|
    |sum7_et_9_fu_1665_p2               |         +|   0|  0|  16|          16|          16|
    |sum7_et_fu_1304_p2                 |         +|   0|  0|  20|          13|          13|
    |ring7_et_fu_2828_p2                |         -|   0|  0|  26|          19|          19|
    |ring_lhs_fu_2867_p2                |         -|   0|  0|  30|          23|          23|
    |sub_ln216_1_fu_1167_p2             |         -|   0|  0|  18|          11|          11|
    |sub_ln216_2_fu_1438_p2             |         -|   0|  0|  18|          11|          11|
    |sub_ln216_3_fu_1854_p2             |         -|   0|  0|  18|          11|          11|
    |sub_ln216_4_fu_2120_p2             |         -|   0|  0|  18|          11|          11|
    |sub_ln216_5_fu_2437_p2             |         -|   0|  0|  18|          11|          11|
    |sub_ln216_fu_769_p2                |         -|   0|  0|  18|          11|          11|
    |sub_ln389_fu_713_p2                |         -|   0|  0|  18|          11|          11|
    |and_ln218_10_fu_1245_p2            |       and|   0|  0|   2|           1|           1|
    |and_ln218_11_fu_1251_p2            |       and|   0|  0|   2|           1|           1|
    |and_ln218_12_fu_1257_p2            |       and|   0|  0|   2|           1|           1|
    |and_ln218_13_fu_1263_p2            |       and|   0|  0|   2|           1|           1|
    |and_ln218_14_fu_1268_p2            |       and|   0|  0|   2|           1|           1|
    |and_ln218_15_fu_1459_p2            |       and|   0|  0|   2|           1|           1|
    |and_ln218_16_fu_1463_p2            |       and|   0|  0|   2|           1|           1|
    |and_ln218_17_fu_1469_p2            |       and|   0|  0|   2|           1|           1|
    |and_ln218_18_fu_1474_p2            |       and|   0|  0|   2|           1|           1|
    |and_ln218_19_fu_1479_p2            |       and|   0|  0|   2|           1|           1|
    |and_ln218_1_fu_1092_p2             |       and|   0|  0|   2|           1|           1|
    |and_ln218_20_fu_1527_p2            |       and|   0|  0|   2|           1|           1|
    |and_ln218_21_fu_1532_p2            |       and|   0|  0|   2|           1|           1|
    |and_ln218_22_fu_1538_p2            |       and|   0|  0|   2|           1|           1|
    |and_ln218_23_fu_2721_p2            |       and|   0|  0|   2|           1|           1|
    |and_ln218_24_fu_1574_p2            |       and|   0|  0|   2|           1|           1|
    |and_ln218_25_fu_1580_p2            |       and|   0|  0|   2|           1|           1|
    |and_ln218_26_fu_1586_p2            |       and|   0|  0|   2|           1|           1|
    |and_ln218_27_fu_1592_p2            |       and|   0|  0|   2|           1|           1|
    |and_ln218_28_fu_1597_p2            |       and|   0|  0|   2|           1|           1|
    |and_ln218_29_fu_1602_p2            |       and|   0|  0|   2|           1|           1|
    |and_ln218_2_fu_1098_p2             |       and|   0|  0|   2|           1|           1|
    |and_ln218_30_fu_1771_p2            |       and|   0|  0|   2|           1|           1|
    |and_ln218_31_fu_1775_p2            |       and|   0|  0|   2|           1|           1|
    |and_ln218_32_fu_1780_p2            |       and|   0|  0|   2|           1|           1|
    |and_ln218_33_fu_2648_p2            |       and|   0|  0|   2|           1|           1|
    |and_ln218_34_fu_1930_p2            |       and|   0|  0|   2|           1|           1|
    |and_ln218_35_fu_1936_p2            |       and|   0|  0|   2|           1|           1|
    |and_ln218_36_fu_1942_p2            |       and|   0|  0|   2|           1|           1|
    |and_ln218_37_fu_1948_p2            |       and|   0|  0|   2|           1|           1|
    |and_ln218_38_fu_2652_p2            |       and|   0|  0|   2|           1|           1|
    |and_ln218_39_fu_2657_p2            |       and|   0|  0|   2|           1|           1|
    |and_ln218_3_fu_1104_p2             |       and|   0|  0|   2|           1|           1|
    |and_ln218_40_fu_2318_p2            |       and|   0|  0|   2|           1|           1|
    |and_ln218_41_fu_2324_p2            |       and|   0|  0|   2|           1|           1|
    |and_ln218_42_fu_2330_p2            |       and|   0|  0|   2|           1|           1|
    |and_ln218_43_fu_2336_p2            |       and|   0|  0|   2|           1|           1|
    |and_ln218_44_fu_2342_p2            |       and|   0|  0|   2|           1|           1|
    |and_ln218_45_fu_2348_p2            |       and|   0|  0|   2|           1|           1|
    |and_ln218_46_fu_2354_p2            |       and|   0|  0|   2|           1|           1|
    |and_ln218_47_fu_2360_p2            |       and|   0|  0|   2|           1|           1|
    |and_ln218_48_fu_2662_p2            |       and|   0|  0|   2|           1|           1|
    |and_ln218_49_fu_2668_p2            |       and|   0|  0|   2|           1|           1|
    |and_ln218_4_fu_1110_p2             |       and|   0|  0|   2|           1|           1|
    |and_ln218_50_fu_2674_p2            |       and|   0|  0|   2|           1|           1|
    |and_ln218_51_fu_2680_p2            |       and|   0|  0|   2|           1|           1|
    |and_ln218_52_fu_2686_p2            |       and|   0|  0|   2|           1|           1|
    |and_ln218_53_fu_2692_p2            |       and|   0|  0|   2|           1|           1|
    |and_ln218_54_fu_2698_p2            |       and|   0|  0|   2|           1|           1|
    |and_ln218_55_fu_2704_p2            |       and|   0|  0|   2|           1|           1|
    |and_ln218_56_fu_2710_p2            |       and|   0|  0|   2|           1|           1|
    |and_ln218_57_fu_2715_p2            |       and|   0|  0|   2|           1|           1|
    |and_ln218_5_fu_1116_p2             |       and|   0|  0|   2|           1|           1|
    |and_ln218_6_fu_1122_p2             |       and|   0|  0|   2|           1|           1|
    |and_ln218_7_fu_1193_p2             |       and|   0|  0|   2|           1|           1|
    |and_ln218_8_fu_1198_p2             |       and|   0|  0|   2|           1|           1|
    |and_ln218_9_fu_1204_p2             |       and|   0|  0|   2|           1|           1|
    |and_ln218_fu_1086_p2               |       and|   0|  0|   2|           1|           1|
    |ap_condition_1273                  |       and|   0|  0|   2|           1|           1|
    |ap_condition_3400                  |       and|   0|  0|   2|           1|           1|
    |ap_condition_3403                  |       and|   0|  0|   2|           1|           1|
    |candidate_valid_fu_2936_p2         |       and|   0|  0|   2|           1|           1|
    |grp_fu_554_p2                      |      icmp|   0|  0|  19|          12|          12|
    |grp_fu_559_p2                      |      icmp|   0|  0|  19|          12|          12|
    |grp_fu_564_p2                      |      icmp|   0|  0|  19|          12|          12|
    |grp_fu_585_p2                      |      icmp|   0|  0|  19|          12|          12|
    |grp_fu_590_p2                      |      icmp|   0|  0|  19|          12|          12|
    |grp_fu_595_p2                      |      icmp|   0|  0|  19|          12|          12|
    |grp_fu_600_p2                      |      icmp|   0|  0|  19|          12|          12|
    |grp_fu_605_p2                      |      icmp|   0|  0|  19|          12|          12|
    |grp_fu_610_p2                      |      icmp|   0|  0|  19|          12|          12|
    |icmp_ln162_1_fu_967_p2             |      icmp|   0|  0|  13|           6|           4|
    |icmp_ln162_2_fu_1049_p2            |      icmp|   0|  0|  13|           6|           4|
    |icmp_ln162_fu_920_p2               |      icmp|   0|  0|  13|           6|           4|
    |icmp_ln218_41_fu_1720_p2           |      icmp|   0|  0|  19|          12|          12|
    |icmp_ln218_46_fu_2759_p2           |      icmp|   0|  0|  19|          12|          12|
    |icmp_ln218_fu_1012_p2              |      icmp|   0|  0|  19|          12|          12|
    |icmp_ln220_1_fu_1022_p2            |      icmp|   0|  0|  19|          12|          12|
    |icmp_ln220_2_fu_1033_p2            |      icmp|   0|  0|  19|          12|          12|
    |icmp_ln220_6_fu_1225_p2            |      icmp|   0|  0|  19|          12|          12|
    |icmp_ln220_fu_1008_p2              |      icmp|   0|  0|  19|          12|          12|
    |icmp_ln277_fu_2876_p2              |      icmp|   0|  0|  30|          23|          23|
    |icmp_ln375_fu_633_p2               |      icmp|   0|  0|  18|          11|          11|
    |icmp_ln376_fu_651_p2               |      icmp|   0|  0|  13|           6|           4|
    |icmp_ln391_fu_778_p2               |      icmp|   0|  0|  19|          12|          12|
    |icmp_ln398_fu_2834_p2              |      icmp|   0|  0|  27|          20|          20|
    |is_max_fu_1004_p2                  |      icmp|   0|  0|  19|          12|          12|
    |ap_block_pp0_stage0_01001          |        or|   0|  0|   2|           1|           1|
    |or_ln398_1_fu_2902_p2              |        or|   0|  0|   2|           1|           1|
    |or_ln398_2_fu_2908_p2              |        or|   0|  0|   2|           1|           1|
    |or_ln398_fu_2898_p2                |        or|   0|  0|   2|           1|           1|
    |candidate_et_fu_2914_p3            |    select|   0|  0|  18|           1|           1|
    |candidate_isolation_et_fu_2922_p3  |    select|   0|  0|  19|           1|           1|
    |phi_idx_10_fu_982_p3               |    select|   0|  0|   7|           1|           7|
    |phi_idx_11_fu_1064_p3              |    select|   0|  0|   7|           1|           7|
    |phi_idx_7_fu_844_p3                |    select|   0|  0|   7|           1|           7|
    |phi_idx_8_fu_884_p3                |    select|   0|  0|   7|           1|           7|
    |phi_idx_9_fu_935_p3                |    select|   0|  0|   7|           1|           7|
    |phi_idx_fu_803_p3                  |    select|   0|  0|   7|           1|           7|
    |select_ln375_1_fu_677_p3           |    select|   0|  0|   5|           1|           5|
    |select_ln375_2_fu_685_p3           |    select|   0|  0|   5|           1|           5|
    |select_ln375_fu_657_p3             |    select|   0|  0|   6|           1|           1|
    |select_ln398_1_fu_2890_p3          |    select|   0|  0|  19|           1|          19|
    |select_ln398_fu_2882_p3            |    select|   0|  0|  18|           1|          18|
    |ap_enable_pp0                      |       xor|   0|  0|   2|           1|           2|
    |not_sel_tmp1_fu_2930_p2            |       xor|   0|  0|   2|           1|           2|
    |xor_ln218_10_fu_1522_p2            |       xor|   0|  0|   2|           1|           2|
    |xor_ln218_11_fu_1562_p2            |       xor|   0|  0|   2|           1|           2|
    |xor_ln218_12_fu_1568_p2            |       xor|   0|  0|   2|           1|           2|
    |xor_ln218_13_fu_1902_p2            |       xor|   0|  0|   2|           1|           2|
    |xor_ln218_14_fu_1908_p2            |       xor|   0|  0|   2|           1|           2|
    |xor_ln218_15_fu_1913_p2            |       xor|   0|  0|   2|           1|           2|
    |xor_ln218_16_fu_1918_p2            |       xor|   0|  0|   2|           1|           2|
    |xor_ln218_17_fu_1924_p2            |       xor|   0|  0|   2|           1|           2|
    |xor_ln218_18_fu_2271_p2            |       xor|   0|  0|   2|           1|           2|
    |xor_ln218_19_fu_2276_p2            |       xor|   0|  0|   2|           1|           2|
    |xor_ln218_1_fu_1016_p2             |       xor|   0|  0|   2|           1|           2|
    |xor_ln218_20_fu_2281_p2            |       xor|   0|  0|   2|           1|           2|
    |xor_ln218_21_fu_2286_p2            |       xor|   0|  0|   2|           1|           2|
    |xor_ln218_22_fu_2291_p2            |       xor|   0|  0|   2|           1|           2|
    |xor_ln218_23_fu_2296_p2            |       xor|   0|  0|   2|           1|           2|
    |xor_ln218_24_fu_2302_p2            |       xor|   0|  0|   2|           1|           2|
    |xor_ln218_25_fu_2307_p2            |       xor|   0|  0|   2|           1|           2|
    |xor_ln218_26_fu_2312_p2            |       xor|   0|  0|   2|           1|           2|
    |xor_ln218_27_fu_2601_p2            |       xor|   0|  0|   2|           1|           2|
    |xor_ln218_28_fu_2606_p2            |       xor|   0|  0|   2|           1|           2|
    |xor_ln218_29_fu_2611_p2            |       xor|   0|  0|   2|           1|           2|
    |xor_ln218_2_fu_1027_p2             |       xor|   0|  0|   2|           1|           2|
    |xor_ln218_30_fu_2616_p2            |       xor|   0|  0|   2|           1|           2|
    |xor_ln218_31_fu_2621_p2            |       xor|   0|  0|   2|           1|           2|
    |xor_ln218_32_fu_2626_p2            |       xor|   0|  0|   2|           1|           2|
    |xor_ln218_33_fu_2631_p2            |       xor|   0|  0|   2|           1|           2|
    |xor_ln218_34_fu_2636_p2            |       xor|   0|  0|   2|           1|           2|
    |xor_ln218_35_fu_2642_p2            |       xor|   0|  0|   2|           1|           2|
    |xor_ln218_3_fu_1038_p2             |       xor|   0|  0|   2|           1|           2|
    |xor_ln218_4_fu_1173_p2             |       xor|   0|  0|   2|           1|           2|
    |xor_ln218_5_fu_1178_p2             |       xor|   0|  0|   2|           1|           2|
    |xor_ln218_6_fu_1219_p2             |       xor|   0|  0|   2|           1|           2|
    |xor_ln218_7_fu_1230_p2             |       xor|   0|  0|   2|           1|           2|
    |xor_ln218_8_fu_1454_p2             |       xor|   0|  0|   2|           1|           2|
    |xor_ln218_9_fu_1517_p2             |       xor|   0|  0|   2|           1|           2|
    |xor_ln218_fu_2726_p2               |       xor|   0|  0|   2|           2|           1|
    +-----------------------------------+----------+----+---+----+------------+------------+
    |Total                              |          |   0|  0|3227|        1993|        2041|
    +-----------------------------------+----------+----+---+----+------------+------------+

    * Multiplexer: 
    +--------------------------------------+-----+-----------+-----+-----------+
    |                 Name                 | LUT | Input Size| Bits| Total Bits|
    +--------------------------------------+-----+-----------+-----+-----------+
    |ap_NS_fsm                             |  217|         50|    1|         50|
    |ap_done_int                           |    9|          2|    1|          2|
    |ap_enable_reg_pp0_iter0               |    9|          2|    1|          2|
    |ap_enable_reg_pp0_iter0_reg           |    9|          2|    1|          2|
    |ap_enable_reg_pp0_iter1               |    9|          2|    1|          2|
    |ap_sig_allocacmp_eta_load             |    9|          2|    5|         10|
    |ap_sig_allocacmp_indvar_flatten_load  |    9|          2|   11|         22|
    |ap_sig_allocacmp_phi_idx_3_load       |    9|          2|    6|         12|
    |eta_fu_126                            |    9|          2|    5|         10|
    |indvar_flatten_fu_130                 |    9|          2|   11|         22|
    |jet_cluster_stream_blk_n              |    9|          2|    1|          2|
    |phi_idx_3_fu_122                      |    9|          2|    6|         12|
    |real_start                            |    9|          2|    1|          2|
    |towers_Addr_B_orig                    |  217|         50|   32|       1600|
    +--------------------------------------+-----+-----------+-----+-----------+
    |Total                                 |  542|        124|   83|       1750|
    +--------------------------------------+-----+-----------+-----+-----------+

    * Register: 
    +---------------------------------+----+----+-----+-----------+
    |               Name              | FF | LUT| Bits| Const Bits|
    +---------------------------------+----+----+-----+-----------+
    |add_ln187_15_reg_3303            |  16|   0|   16|          0|
    |add_ln187_16_reg_3333            |  13|   0|   13|          0|
    |add_ln187_18_reg_3378            |  13|   0|   13|          0|
    |add_ln187_25_reg_3458            |  17|   0|   17|          0|
    |add_ln187_26_reg_3483            |  13|   0|   13|          0|
    |add_ln187_28_reg_3588            |  14|   0|   14|          0|
    |add_ln187_30_reg_3528            |  13|   0|   13|          0|
    |add_ln187_32_reg_3548            |  14|   0|   14|          0|
    |add_ln187_43_reg_3804            |  14|   0|   14|          0|
    |add_ln187_44_reg_3824            |  15|   0|   15|          0|
    |add_ln187_47_reg_3669            |  13|   0|   13|          0|
    |add_ln187_49_reg_3694            |  13|   0|   13|          0|
    |add_ln187_4_reg_3578             |  13|   0|   13|          0|
    |add_ln187_50_reg_3709            |  13|   0|   13|          0|
    |add_ln187_52_reg_3754            |  15|   0|   15|          0|
    |add_ln187_53_reg_3779            |  16|   0|   16|          0|
    |add_ln187_9_reg_3228             |  13|   0|   13|          0|
    |add_ln216_15_reg_3719            |  11|   0|   11|          0|
    |add_ln216_22_reg_3724            |  11|   0|   11|          0|
    |add_ln216_29_reg_3729            |  11|   0|   11|          0|
    |add_ln216_41_reg_3739            |  11|   0|   11|          0|
    |add_ln216_47_reg_3744            |  11|   0|   11|          0|
    |add_ln216_5_reg_3714             |  11|   0|   11|          0|
    |and_ln218_14_reg_3268            |   1|   0|    1|          0|
    |and_ln218_19_reg_3353            |   1|   0|    1|          0|
    |and_ln218_22_reg_3388            |   1|   0|    1|          0|
    |and_ln218_29_reg_3403            |   1|   0|    1|          0|
    |and_ln218_32_reg_3468            |   1|   0|    1|          0|
    |and_ln218_37_reg_3543            |   1|   0|    1|          0|
    |and_ln218_47_reg_3679            |   1|   0|    1|          0|
    |and_ln218_6_reg_3223             |   1|   0|    1|          0|
    |and_ln218_9_reg_3248             |   1|   0|    1|          0|
    |ap_CS_fsm                        |  49|   0|   49|          0|
    |ap_done_reg                      |   1|   0|    1|          0|
    |ap_enable_reg_pp0_iter0_reg      |   1|   0|    1|          0|
    |ap_enable_reg_pp0_iter1          |   1|   0|    1|          0|
    |cluster_threshold_read_reg_2988  |  20|   0|   20|          0|
    |core3_et_1_reg_3428              |  14|   0|   14|          0|
    |core3_et_2_reg_3583              |  15|   0|   15|          0|
    |core3_et_3_reg_3633              |  16|   0|   16|          0|
    |core3_et_reg_3413                |  13|   0|   13|          0|
    |eta_fu_126                       |   5|   0|    5|          0|
    |icmp_ln218_13_reg_3518           |   1|   0|    1|          0|
    |icmp_ln218_14_reg_3523           |   1|   0|    1|          0|
    |icmp_ln218_17_reg_3563           |   1|   0|    1|          0|
    |icmp_ln218_18_reg_3568           |   1|   0|    1|          0|
    |icmp_ln218_19_reg_3618           |   1|   0|    1|          0|
    |icmp_ln218_20_reg_3623           |   1|   0|    1|          0|
    |icmp_ln218_21_reg_3628           |   1|   0|    1|          0|
    |icmp_ln218_23_reg_3659           |   1|   0|    1|          0|
    |icmp_ln218_24_reg_3664           |   1|   0|    1|          0|
    |icmp_ln218_26_reg_3689           |   1|   0|    1|          0|
    |icmp_ln218_27_reg_3704           |   1|   0|    1|          0|
    |icmp_ln218_28_reg_3749           |   1|   0|    1|          0|
    |icmp_ln218_29_reg_3789           |   1|   0|    1|          0|
    |icmp_ln218_30_reg_3794           |   1|   0|    1|          0|
    |icmp_ln218_31_reg_3774           |   1|   0|    1|          0|
    |icmp_ln218_32_reg_3799           |   1|   0|    1|          0|
    |icmp_ln218_36_reg_3278           |   1|   0|    1|          0|
    |icmp_ln218_37_reg_3298           |   1|   0|    1|          0|
    |icmp_ln218_38_reg_3328           |   1|   0|    1|          0|
    |icmp_ln218_3_reg_3193            |   1|   0|    1|          0|
    |icmp_ln218_40_reg_3443           |   1|   0|    1|          0|
    |icmp_ln218_41_reg_3448           |   1|   0|    1|          0|
    |icmp_ln218_42_reg_3453           |   1|   0|    1|          0|
    |icmp_ln218_44_reg_3478           |   1|   0|    1|          0|
    |icmp_ln218_45_reg_3573           |   1|   0|    1|          0|
    |icmp_ln218_4_reg_3203            |   1|   0|    1|          0|
    |icmp_ln218_7_reg_3323            |   1|   0|    1|          0|
    |icmp_ln218_8_reg_3363            |   1|   0|    1|          0|
    |icmp_ln218_9_reg_3373            |   1|   0|    1|          0|
    |icmp_ln220_4_reg_3198            |   1|   0|    1|          0|
    |icmp_ln220_7_reg_3318            |   1|   0|    1|          0|
    |icmp_ln220_9_reg_3368            |   1|   0|    1|          0|
    |icmp_ln375_reg_2998              |   1|   0|    1|          0|
    |icmp_ln391_reg_3095              |   1|   0|    1|          0|
    |indvar_flatten_fu_130            |  11|   0|   11|          0|
    |neighbor_1_reg_3136              |  12|   0|   12|          0|
    |neighbor_8_reg_3258              |  12|   0|   12|          0|
    |neighbor_reg_3115                |  12|   0|   12|          0|
    |phi_idx_3_fu_122                 |   6|   0|    6|          0|
    |reg_569                          |  12|   0|   12|          0|
    |reg_573                          |  12|   0|   12|          0|
    |reg_577                          |  12|   0|   12|          0|
    |reg_581                          |  12|   0|   12|          0|
    |seed_et_reg_3073                 |  12|   0|   12|          0|
    |seed_threshold_read_reg_2993     |  12|   0|   12|          0|
    |select_ln375_1_reg_3011          |   5|   0|    5|          0|
    |select_ln375_2_reg_3017          |   5|   0|    5|          0|
    |select_ln375_reg_3002            |   6|   0|    6|          0|
    |sext_ln216_1_reg_3178            |  11|   0|   11|          0|
    |sext_ln216_2_reg_3208            |  11|   0|   11|          0|
    |sext_ln216_reg_3163              |  11|   0|   11|          0|
    |start_once_reg                   |   1|   0|    1|          0|
    |sub_ln216_1_reg_3233             |   9|   0|   11|          2|
    |sub_ln216_2_reg_3338             |   9|   0|   11|          2|
    |sub_ln216_3_reg_3503             |   9|   0|   11|          2|
    |sub_ln216_4_reg_3603             |   9|   0|   11|          2|
    |sub_ln216_reg_3052               |   9|   0|   11|          2|
    |sub_ln389_reg_3027               |   9|   0|   11|          2|
    |sum7_et_10_reg_3639              |  17|   0|   17|          0|
    |sum7_et_8_reg_3288               |  15|   0|   15|          0|
    |sum7_et_9_reg_3418               |  16|   0|   16|          0|
    |xor_ln218_reg_3819               |   1|   0|    1|          0|
    |zext_ln216_12_reg_3100           |   7|   0|   11|          4|
    |zext_ln216_14_reg_3121           |   7|   0|   11|          4|
    |zext_ln216_16_reg_3143           |   7|   0|   11|          4|
    |zext_ln376_reg_3062              |   6|   0|    7|          1|
    |zext_ln389_1_reg_3037            |   6|   0|   11|          5|
    |zext_ln394_4_reg_3283            |  12|   0|   13|          1|
    |zext_ln394_reg_3408              |  12|   0|   13|          1|
    +---------------------------------+----+----+-----+-----------+
    |Total                            | 817|   0|  849|         32|
    +---------------------------------+----+----+-----+-----------+



================================================================
== Interface
================================================================
* Summary: 
+-----------------------------------+-----+-----+------------+----------------------------+--------------+
|             RTL Ports             | Dir | Bits|  Protocol  |        Source Object       |    C Type    |
+-----------------------------------+-----+-----+------------+----------------------------+--------------+
|ap_clk                             |   in|    1|  ap_ctrl_hs|  produce_jet_cluster_stream|  return value|
|ap_rst                             |   in|    1|  ap_ctrl_hs|  produce_jet_cluster_stream|  return value|
|ap_start                           |   in|    1|  ap_ctrl_hs|  produce_jet_cluster_stream|  return value|
|start_full_n                       |   in|    1|  ap_ctrl_hs|  produce_jet_cluster_stream|  return value|
|ap_done                            |  out|    1|  ap_ctrl_hs|  produce_jet_cluster_stream|  return value|
|ap_continue                        |   in|    1|  ap_ctrl_hs|  produce_jet_cluster_stream|  return value|
|ap_idle                            |  out|    1|  ap_ctrl_hs|  produce_jet_cluster_stream|  return value|
|ap_ready                           |  out|    1|  ap_ctrl_hs|  produce_jet_cluster_stream|  return value|
|start_out                          |  out|    1|  ap_ctrl_hs|  produce_jet_cluster_stream|  return value|
|start_write                        |  out|    1|  ap_ctrl_hs|  produce_jet_cluster_stream|  return value|
|jet_cluster_stream_din             |  out|   61|     ap_fifo|          jet_cluster_stream|       pointer|
|jet_cluster_stream_num_data_valid  |   in|    7|     ap_fifo|          jet_cluster_stream|       pointer|
|jet_cluster_stream_fifo_cap        |   in|    7|     ap_fifo|          jet_cluster_stream|       pointer|
|jet_cluster_stream_full_n          |   in|    1|     ap_fifo|          jet_cluster_stream|       pointer|
|jet_cluster_stream_write           |  out|    1|     ap_fifo|          jet_cluster_stream|       pointer|
|towers_Addr_B                      |  out|   32|        bram|                      towers|         array|
|towers_EN_B                        |  out|    1|        bram|                      towers|         array|
|towers_WEN_B                       |  out|    2|        bram|                      towers|         array|
|towers_Din_B                       |  out|   16|        bram|                      towers|         array|
|towers_Dout_B                      |   in|   16|        bram|                      towers|         array|
|seed_threshold                     |   in|   12|     ap_none|              seed_threshold|        scalar|
|cluster_threshold                  |   in|   20|     ap_none|           cluster_threshold|        scalar|
+-----------------------------------+-----+-----+------------+----------------------------+--------------+

