

================================================================
== Vitis HLS Report for 'calo_trigger_ref_Pipeline_VITIS_LOOP_145_1_VITIS_LOOP_146_2'
================================================================
* Date:           Tue May 12 15:59:09 2026

* Version:        2024.1 (Build 5069499 on May 21 2024)
* Project:        calorimeter
* Solution:       solution1 (Vivado IP Flow Target)
* Product family: virtexuplus
* Target device:  xcvu13p-fsga2577-2-e


================================================================
== Performance Estimates
================================================================
+ Timing: 
    * Summary: 
    +--------+----------+----------+------------+
    |  Clock |  Target  | Estimated| Uncertainty|
    +--------+----------+----------+------------+
    |ap_clk  |  25.00 ns|  3.366 ns|     6.75 ns|
    +--------+----------+----------+------------+

+ Latency: 
    * Summary: 
    +---------+---------+-----------+-----------+------+------+-----------------------------------------------+
    |  Latency (cycles) |   Latency (absolute)  |   Interval  |                    Pipeline                   |
    |   min   |   max   |    min    |    max    |  min |  max |                      Type                     |
    +---------+---------+-----------+-----------+------+------+-----------------------------------------------+
    |     1802|     1802|  45.050 us|  45.050 us|  1801|  1801|  loop auto-rewind stp(delay=0 clock cycles(s))|
    +---------+---------+-----------+-----------+------+------+-----------------------------------------------+

    + Detail: 
        * Instance: 
        N/A

        * Loop: 
        +-------------------------------------+---------+---------+----------+-----------+-----------+------+----------+
        |                                     |  Latency (cycles) | Iteration|  Initiation Interval  | Trip |          |
        |              Loop Name              |   min   |   max   |  Latency |  achieved |   target  | Count| Pipelined|
        +-------------------------------------+---------+---------+----------+-----------+-----------+------+----------+
        |- VITIS_LOOP_145_1_VITIS_LOOP_146_2  |     1800|     1800|         2|          1|          1|  1800|       yes|
        +-------------------------------------+---------+---------+----------+-----------+-----------+------+----------+



================================================================
== Utilization Estimates
================================================================
* Summary: 
+---------------------+---------+-------+---------+---------+------+
|         Name        | BRAM_18K|  DSP  |    FF   |   LUT   | URAM |
+---------------------+---------+-------+---------+---------+------+
|DSP                  |        -|      -|        -|        -|     -|
|Expression           |        -|      -|        0|      151|     -|
|FIFO                 |        -|      -|        -|        -|     -|
|Instance             |        -|      -|        -|        -|     -|
|Memory               |        -|      -|        -|        -|     -|
|Multiplexer          |        -|      -|        0|       81|     -|
|Register             |        -|      -|       48|        -|     -|
+---------------------+---------+-------+---------+---------+------+
|Total                |        0|      0|       48|      232|     0|
+---------------------+---------+-------+---------+---------+------+
|Available SLR        |     1344|   3072|   864000|   432000|   320|
+---------------------+---------+-------+---------+---------+------+
|Utilization SLR (%)  |        0|      0|       ~0|       ~0|     0|
+---------------------+---------+-------+---------+---------+------+
|Available            |     5376|  12288|  3456000|  1728000|  1280|
+---------------------+---------+-------+---------+---------+------+
|Utilization (%)      |        0|      0|       ~0|       ~0|     0|
+---------------------+---------+-------+---------+---------+------+

+ Detail: 
    * Instance: 
    N/A

    * DSP: 
    N/A

    * Memory: 
    N/A

    * FIFO: 
    N/A

    * Expression: 
    +--------------------------+----------+----+---+----+------------+------------+
    |       Variable Name      | Operation| DSP| FF| LUT| Bitwidth P0| Bitwidth P1|
    +--------------------------+----------+----+---+----+------------+------------+
    |add_ln145_1_fu_119_p2     |         +|   0|  0|  18|          11|           1|
    |add_ln145_fu_131_p2       |         +|   0|  0|  12|           5|           1|
    |add_ln146_fu_200_p2       |         +|   0|  0|  13|           6|           1|
    |add_ln147_1_fu_189_p2     |         +|   0|  0|  17|          11|          11|
    |add_ln147_fu_228_p2       |         +|   0|  0|  30|          23|          23|
    |sub_ln147_fu_179_p2       |         -|   0|  0|  17|          11|          11|
    |icmp_ln145_fu_113_p2      |      icmp|   0|  0|  18|          11|           9|
    |icmp_ln146_fu_137_p2      |      icmp|   0|  0|  13|           6|           4|
    |select_ln145_1_fu_151_p3  |    select|   0|  0|   5|           1|           5|
    |select_ln145_fu_143_p3    |    select|   0|  0|   6|           1|           1|
    |ap_enable_pp0             |       xor|   0|  0|   2|           1|           2|
    +--------------------------+----------+----+---+----+------------+------------+
    |Total                     |          |   0|  0| 151|          87|          69|
    +--------------------------+----------+----+---+----+------------+------------+

    * Multiplexer: 
    +--------------------------------------+----+-----------+-----+-----------+
    |                 Name                 | LUT| Input Size| Bits| Total Bits|
    +--------------------------------------+----+-----------+-----+-----------+
    |ap_done_int                           |   9|          2|    1|          2|
    |ap_enable_reg_pp0_iter1               |   9|          2|    1|          2|
    |ap_sig_allocacmp_eta_load             |   9|          2|    5|         10|
    |ap_sig_allocacmp_indvar_flatten_load  |   9|          2|   11|         22|
    |ap_sig_allocacmp_phi_load             |   9|          2|    6|         12|
    |conv4_i4_i_i_fu_54                    |   9|          2|   23|         46|
    |eta_fu_62                             |   9|          2|    5|         10|
    |indvar_flatten_fu_66                  |   9|          2|   11|         22|
    |phi_fu_58                             |   9|          2|    6|         12|
    +--------------------------------------+----+-----------+-----+-----------+
    |Total                                 |  81|         18|   69|        138|
    +--------------------------------------+----+-----------+-----+-----------+

    * Register: 
    +-------------------------+----+----+-----+-----------+
    |           Name          | FF | LUT| Bits| Const Bits|
    +-------------------------+----+----+-----+-----------+
    |ap_CS_fsm                |   1|   0|    1|          0|
    |ap_done_reg              |   1|   0|    1|          0|
    |ap_enable_reg_pp0_iter1  |   1|   0|    1|          0|
    |conv4_i4_i_i_fu_54       |  23|   0|   23|          0|
    |eta_fu_62                |   5|   0|    5|          0|
    |indvar_flatten_fu_66     |  11|   0|   11|          0|
    |phi_fu_58                |   6|   0|    6|          0|
    +-------------------------+----+----+-----+-----------+
    |Total                    |  48|   0|   48|          0|
    +-------------------------+----+----+-----+-----------+



================================================================
== Interface
================================================================
* Summary: 
+-------------------------+-----+-----+------------+-------------------------------------------------------------+--------------+
|        RTL Ports        | Dir | Bits|  Protocol  |                        Source Object                        |    C Type    |
+-------------------------+-----+-----+------------+-------------------------------------------------------------+--------------+
|ap_clk                   |   in|    1|  ap_ctrl_hs|  calo_trigger_ref_Pipeline_VITIS_LOOP_145_1_VITIS_LOOP_146_2|  return value|
|ap_rst                   |   in|    1|  ap_ctrl_hs|  calo_trigger_ref_Pipeline_VITIS_LOOP_145_1_VITIS_LOOP_146_2|  return value|
|ap_start                 |   in|    1|  ap_ctrl_hs|  calo_trigger_ref_Pipeline_VITIS_LOOP_145_1_VITIS_LOOP_146_2|  return value|
|ap_done                  |  out|    1|  ap_ctrl_hs|  calo_trigger_ref_Pipeline_VITIS_LOOP_145_1_VITIS_LOOP_146_2|  return value|
|ap_idle                  |  out|    1|  ap_ctrl_hs|  calo_trigger_ref_Pipeline_VITIS_LOOP_145_1_VITIS_LOOP_146_2|  return value|
|ap_ready                 |  out|    1|  ap_ctrl_hs|  calo_trigger_ref_Pipeline_VITIS_LOOP_145_1_VITIS_LOOP_146_2|  return value|
|grid_address0            |  out|   11|   ap_memory|                                                         grid|         array|
|grid_ce0                 |  out|    1|   ap_memory|                                                         grid|         array|
|grid_q0                  |   in|   12|   ap_memory|                                                         grid|         array|
|conv4_i4_i_i_out         |  out|   23|      ap_vld|                                             conv4_i4_i_i_out|       pointer|
|conv4_i4_i_i_out_ap_vld  |  out|    1|      ap_vld|                                             conv4_i4_i_i_out|       pointer|
+-------------------------+-----+-----+------------+-------------------------------------------------------------+--------------+

