/scratch/emettner/tachep-fpga-project-26/calorimeter/solution1/.autopilot/db/calorimeter.pp.0.cpp:1315:7: warning: Added loop label VITIS_LOOP_1223_1:   [xilinx-label-all-loops]
      for (i = 0; i < __N - 1; ++i) {
      ^~~
      VITIS_LOOP_1223_1: 
/scratch/emettner/tachep-fpga-project-26/calorimeter/solution1/.autopilot/db/calorimeter.pp.0.cpp:1315:7: note: FIX-IT applied suggested code changes
/scratch/emettner/tachep-fpga-project-26/calorimeter/solution1/.autopilot/db/calorimeter.pp.0.cpp:2289:5: warning: Added loop label VITIS_LOOP_676_1:   [xilinx-label-all-loops]
    for (unsigned i = low; i != high; ++i) {
    ^~~
    VITIS_LOOP_676_1: 
/scratch/emettner/tachep-fpga-project-26/calorimeter/solution1/.autopilot/db/calorimeter.pp.0.cpp:2289:5: note: FIX-IT applied suggested code changes
/scratch/emettner/tachep-fpga-project-26/calorimeter/solution1/.autopilot/db/calorimeter.pp.0.cpp:2303:5: warning: Added loop label VITIS_LOOP_690_1:   [xilinx-label-all-loops]
    for (unsigned i = low; i != high; ++i) {
    ^~~
    VITIS_LOOP_690_1: 
/scratch/emettner/tachep-fpga-project-26/calorimeter/solution1/.autopilot/db/calorimeter.pp.0.cpp:2303:5: note: FIX-IT applied suggested code changes
/scratch/emettner/tachep-fpga-project-26/calorimeter/solution1/.autopilot/db/calorimeter.pp.0.cpp:2317:5: warning: Added loop label VITIS_LOOP_704_1:   [xilinx-label-all-loops]
    for (unsigned i = low; i != high; ++i) {
    ^~~
    VITIS_LOOP_704_1: 
/scratch/emettner/tachep-fpga-project-26/calorimeter/solution1/.autopilot/db/calorimeter.pp.0.cpp:2317:5: note: FIX-IT applied suggested code changes
/scratch/emettner/tachep-fpga-project-26/calorimeter/solution1/.autopilot/db/calorimeter.pp.0.cpp:3946:7: warning: Added loop label VITIS_LOOP_1247_1:   [xilinx-label-all-loops]
      for (i = 0; i < __N - 1; ++i) {
      ^~~
      VITIS_LOOP_1247_1: 
/scratch/emettner/tachep-fpga-project-26/calorimeter/solution1/.autopilot/db/calorimeter.pp.0.cpp:3946:7: note: FIX-IT applied suggested code changes
/scratch/emettner/tachep-fpga-project-26/calorimeter/solution1/.autopilot/db/calorimeter.pp.0.cpp:5847:5: warning: Added loop label VITIS_LOOP_145_1:   [xilinx-label-all-loops]
    for (int d_eta = -half_W; d_eta <= half_W; ++d_eta) {
    ^~~
    VITIS_LOOP_145_1: 
/scratch/emettner/tachep-fpga-project-26/calorimeter/solution1/.autopilot/db/calorimeter.pp.0.cpp:5847:5: note: FIX-IT applied suggested code changes
/scratch/emettner/tachep-fpga-project-26/calorimeter/solution1/.autopilot/db/calorimeter.pp.0.cpp:5848:9: warning: Added loop label VITIS_LOOP_146_2:   [xilinx-label-all-loops]
        for (int d_phi = -half_W; d_phi <= half_W; ++d_phi) {
        ^~~
        VITIS_LOOP_146_2: 
/scratch/emettner/tachep-fpga-project-26/calorimeter/solution1/.autopilot/db/calorimeter.pp.0.cpp:5848:9: note: FIX-IT applied suggested code changes
/scratch/emettner/tachep-fpga-project-26/calorimeter/solution1/.autopilot/db/calorimeter.pp.0.cpp:5867:5: warning: Added loop label VITIS_LOOP_165_1:   [xilinx-label-all-loops]
    for (int d_eta = -half_W; d_eta <= half_W; ++d_eta) {
    ^~~
    VITIS_LOOP_165_1: 
/scratch/emettner/tachep-fpga-project-26/calorimeter/solution1/.autopilot/db/calorimeter.pp.0.cpp:5867:5: note: FIX-IT applied suggested code changes
/scratch/emettner/tachep-fpga-project-26/calorimeter/solution1/.autopilot/db/calorimeter.pp.0.cpp:5868:9: warning: Added loop label VITIS_LOOP_166_2:   [xilinx-label-all-loops]
        for (int d_phi = -half_W; d_phi <= half_W; ++d_phi) {
        ^~~
        VITIS_LOOP_166_2: 
/scratch/emettner/tachep-fpga-project-26/calorimeter/solution1/.autopilot/db/calorimeter.pp.0.cpp:5868:9: note: FIX-IT applied suggested code changes
/scratch/emettner/tachep-fpga-project-26/calorimeter/solution1/.autopilot/db/calorimeter.pp.0.cpp:5920:5: warning: Added loop label VITIS_LOOP_218_1:   [xilinx-label-all-loops]
    for (int eta = HALF_W; eta < 30 - HALF_W; eta++) {
    ^~~
    VITIS_LOOP_218_1: 
/scratch/emettner/tachep-fpga-project-26/calorimeter/solution1/.autopilot/db/calorimeter.pp.0.cpp:5920:5: note: FIX-IT applied suggested code changes
/scratch/emettner/tachep-fpga-project-26/calorimeter/solution1/.autopilot/db/calorimeter.pp.0.cpp:5921:9: warning: Added loop label VITIS_LOOP_219_2:   [xilinx-label-all-loops]
        for (int phi = HALF_W; phi < 60 - HALF_W; phi++) {
        ^~~
        VITIS_LOOP_219_2: 
/scratch/emettner/tachep-fpga-project-26/calorimeter/solution1/.autopilot/db/calorimeter.pp.0.cpp:5921:9: note: FIX-IT applied suggested code changes
/scratch/emettner/tachep-fpga-project-26/calorimeter/solution1/.autopilot/db/calorimeter.pp.0.cpp:6064:5: warning: Added loop label VITIS_LOOP_108_1:   [xilinx-label-all-loops]
    for (int i = 0; i < 8; i++) {
    ^~~
    VITIS_LOOP_108_1: 
/scratch/emettner/tachep-fpga-project-26/calorimeter/solution1/.autopilot/db/calorimeter.pp.0.cpp:6064:5: note: FIX-IT applied suggested code changes
/scratch/emettner/tachep-fpga-project-26/calorimeter/solution1/.autopilot/db/calorimeter.pp.0.cpp:6074:5: warning: Added loop label VITIS_LOOP_118_2:   [xilinx-label-all-loops]
    for (int i = 0; i < (30 * 60); ++i) {
    ^~~
    VITIS_LOOP_118_2: 
/scratch/emettner/tachep-fpga-project-26/calorimeter/solution1/.autopilot/db/calorimeter.pp.0.cpp:6074:5: note: FIX-IT applied suggested code changes
/scratch/emettner/tachep-fpga-project-26/calorimeter/solution1/.autopilot/db/calorimeter.pp.0.cpp:6084:9: warning: Added loop label VITIS_LOOP_128_3:   [xilinx-label-all-loops]
        for (int j = 0; j < 8; j++) {
        ^~~
        VITIS_LOOP_128_3: 
/scratch/emettner/tachep-fpga-project-26/calorimeter/solution1/.autopilot/db/calorimeter.pp.0.cpp:6084:9: note: FIX-IT applied suggested code changes
/scratch/emettner/tachep-fpga-project-26/calorimeter/solution1/.autopilot/db/calorimeter.pp.0.cpp:6087:17: warning: Added loop label VITIS_LOOP_131_4:   [xilinx-label-all-loops]
                for (int k = 8 - 1; k > j; k--) {
                ^~~
                VITIS_LOOP_131_4: 
/scratch/emettner/tachep-fpga-project-26/calorimeter/solution1/.autopilot/db/calorimeter.pp.0.cpp:6087:17: note: FIX-IT applied suggested code changes
/scratch/emettner/tachep-fpga-project-26/calorimeter/solution1/.autopilot/db/calorimeter.pp.0.cpp:6101:5: warning: Added loop label VITIS_LOOP_145_1:   [xilinx-label-all-loops]
    for (int eta = 0; eta < 30; eta++) {
    ^~~
    VITIS_LOOP_145_1: 
/scratch/emettner/tachep-fpga-project-26/calorimeter/solution1/.autopilot/db/calorimeter.pp.0.cpp:6101:5: note: FIX-IT applied suggested code changes
/scratch/emettner/tachep-fpga-project-26/calorimeter/solution1/.autopilot/db/calorimeter.pp.0.cpp:6102:9: warning: Added loop label VITIS_LOOP_146_2:   [xilinx-label-all-loops]
        for (int phi = 0; phi < 60; phi++) {
        ^~~
        VITIS_LOOP_146_2: 
/scratch/emettner/tachep-fpga-project-26/calorimeter/solution1/.autopilot/db/calorimeter.pp.0.cpp:6102:9: note: FIX-IT applied suggested code changes
/scratch/emettner/tachep-fpga-project-26/calorimeter/solution1/.autopilot/db/calorimeter.pp.0.cpp:6112:5: warning: Added loop label VITIS_LOOP_156_1:   [xilinx-label-all-loops]
    for (int i = 0; i < 8; ++i) {
    ^~~
    VITIS_LOOP_156_1: 
/scratch/emettner/tachep-fpga-project-26/calorimeter/solution1/.autopilot/db/calorimeter.pp.0.cpp:6112:5: note: FIX-IT applied suggested code changes
