

================================================================
== Vitis HLS Report for 'select_top_n_Pipeline_VITIS_LOOP_131_4'
================================================================
* Date:           Tue May 12 15:59:06 2026

* Version:        2024.1 (Build 5069499 on May 21 2024)
* Project:        calorimeter
* Solution:       solution1 (Vivado IP Flow Target)
* Product family: virtexuplus
* Target device:  xcvu13p-fsga2577-2-e


================================================================
== Performance Estimates
================================================================
+ Timing: 
    * Summary: 
    +--------+----------+----------+------------+
    |  Clock |  Target  | Estimated| Uncertainty|
    +--------+----------+----------+------------+
    |ap_clk  |  25.00 ns|  1.658 ns|     6.75 ns|
    +--------+----------+----------+------------+

+ Latency: 
    * Summary: 
    +---------+---------+-----------+----------+-----+-----+-----------------------------------------------+
    |  Latency (cycles) |  Latency (absolute)  |  Interval |                    Pipeline                   |
    |   min   |   max   |    min    |    max   | min | max |                      Type                     |
    +---------+---------+-----------+----------+-----+-----+-----------------------------------------------+
    |        2|        9|  50.000 ns|  0.225 us|    1|    8|  loop auto-rewind stp(delay=0 clock cycles(s))|
    +---------+---------+-----------+----------+-----+-----+-----------------------------------------------+

    + Detail: 
        * Instance: 
        N/A

        * Loop: 
        +--------------------+---------+---------+----------+-----------+-----------+-------+----------+
        |                    |  Latency (cycles) | Iteration|  Initiation Interval  |  Trip |          |
        |      Loop Name     |   min   |   max   |  Latency |  achieved |   target  | Count | Pipelined|
        +--------------------+---------+---------+----------+-----------+-----------+-------+----------+
        |- VITIS_LOOP_131_4  |        0|        7|         2|          1|          1|  0 ~ 7|       yes|
        +--------------------+---------+---------+----------+-----------+-----------+-------+----------+

============================================================
+ Verbose Summary: Synthesis Manager
============================================================
InlineROM: 1
ExposeGlobal: 0
============================================================
+ Verbose Summary: CDFG Model
============================================================
IsTopModel: 0
ResetActiveHigh: 1
IsCombinational: 0
IsDatapathOnly: 0
HasWiredReturn: 1
HasMFsm: 2
HasVarLatency: 1
IsPipeline: 0
IsRtlPipelined: 0
IsInstanceOverlapped: 0
IsDontTouch: 0
HasImplIP: 0
IsGatedGlobalClock: 0

+ Individual pipeline summary: 
  * Pipeline-0: initiation interval (II) = 1, depth = 2


============================================================
+ Verbose Summary: Schedule
============================================================
* Number of FSM states : 2
* Pipeline : 1
  Pipeline-0 : II = 1, D = 2, States = { 1 2 }
* Dataflow Pipeline: 0

* FSM state transitions: 
1 --> 2 
2 --> 

* FSM state operations: 

State 1 <SV = 0> <Delay = 1.65>
ST_1 : Operation 5 [1/1] (0.00ns)   --->   "%k = alloca i32 1" [calorimeter.cpp:131]   --->   Operation 5 'alloca' 'k' <Predicate = true> <Delay = 0.00>
ST_1 : Operation 6 [1/1] (0.00ns)   --->   "%tmp = read i3 @_ssdm_op_Read.ap_auto.i3, i3 %empty"   --->   Operation 6 'read' 'tmp' <Predicate = true> <Delay = 0.00>
ST_1 : Operation 7 [1/1] (0.38ns)   --->   "%store_ln131 = store i3 7, i3 %k" [calorimeter.cpp:131]   --->   Operation 7 'store' 'store_ln131' <Predicate = true> <Delay = 0.38>
ST_1 : Operation 8 [1/1] (0.00ns)   --->   "%br_ln0 = br void %for.inc49"   --->   Operation 8 'br' 'br_ln0' <Predicate = true> <Delay = 0.00>
ST_1 : Operation 9 [1/1] (0.00ns)   --->   "%k_1 = load i3 %k" [calorimeter.cpp:132]   --->   Operation 9 'load' 'k_1' <Predicate = true> <Delay = 0.00>
ST_1 : Operation 10 [1/1] (0.57ns)   --->   "%icmp_ln131 = icmp_ugt  i3 %k_1, i3 %tmp" [calorimeter.cpp:131]   --->   Operation 10 'icmp' 'icmp_ln131' <Predicate = true> <Delay = 0.57> <CoreInst = "Cmp">   --->   Core 9 'Cmp' <Latency = 0> <II = 1> <Delay = 0.57> <FuncUnit> <Opcode : 'seteq' 'setne' 'setle' 'setge' 'setlt' 'setgt'> <InPorts = 2> <OutPorts = 1>
ST_1 : Operation 11 [1/1] (0.00ns)   --->   "%br_ln131 = br i1 %icmp_ln131, void %for.end50.loopexit.exitStub, void %for.inc49.split" [calorimeter.cpp:131]   --->   Operation 11 'br' 'br_ln131' <Predicate = true> <Delay = 0.00>
ST_1 : Operation 12 [1/1] (0.57ns)   --->   "%add_ln132 = add i3 %k_1, i3 7" [calorimeter.cpp:132]   --->   Operation 12 'add' 'add_ln132' <Predicate = (icmp_ln131)> <Delay = 0.57> <CoreInst = "Adder">   --->   Core 1 'Adder' <Latency = 0> <II = 1> <Delay = 0.57> <FuncUnit> <Opcode : 'add' 'sub'> <InPorts = 2> <OutPorts = 1>
ST_1 : Operation 13 [1/1] (0.00ns)   --->   "%zext_ln132 = zext i3 %add_ln132" [calorimeter.cpp:132]   --->   Operation 13 'zext' 'zext_ln132' <Predicate = (icmp_ln131)> <Delay = 0.00>
ST_1 : Operation 14 [1/1] (0.00ns)   --->   "%top_clusters_et_addr = getelementptr i16 %top_clusters_et, i64 0, i64 %zext_ln132" [calorimeter.cpp:132]   --->   Operation 14 'getelementptr' 'top_clusters_et_addr' <Predicate = (icmp_ln131)> <Delay = 0.00>
ST_1 : Operation 15 [1/1] (0.00ns)   --->   "%top_clusters_isolation_et_addr = getelementptr i18 %top_clusters_isolation_et, i64 0, i64 %zext_ln132" [calorimeter.cpp:132]   --->   Operation 15 'getelementptr' 'top_clusters_isolation_et_addr' <Predicate = (icmp_ln131)> <Delay = 0.00>
ST_1 : Operation 16 [1/1] (0.00ns)   --->   "%top_clusters_eta_addr = getelementptr i5 %top_clusters_eta, i64 0, i64 %zext_ln132" [calorimeter.cpp:132]   --->   Operation 16 'getelementptr' 'top_clusters_eta_addr' <Predicate = (icmp_ln131)> <Delay = 0.00>
ST_1 : Operation 17 [1/1] (0.00ns)   --->   "%top_clusters_phi_addr = getelementptr i6 %top_clusters_phi, i64 0, i64 %zext_ln132" [calorimeter.cpp:132]   --->   Operation 17 'getelementptr' 'top_clusters_phi_addr' <Predicate = (icmp_ln131)> <Delay = 0.00>
ST_1 : Operation 18 [1/1] (0.00ns)   --->   "%top_clusters_window_size_addr = getelementptr i2 %top_clusters_window_size, i64 0, i64 %zext_ln132" [calorimeter.cpp:132]   --->   Operation 18 'getelementptr' 'top_clusters_window_size_addr' <Predicate = (icmp_ln131)> <Delay = 0.00>
ST_1 : Operation 19 [1/1] (0.00ns)   --->   "%top_clusters_iso_outer_size_addr = getelementptr i3 %top_clusters_iso_outer_size, i64 0, i64 %zext_ln132" [calorimeter.cpp:132]   --->   Operation 19 'getelementptr' 'top_clusters_iso_outer_size_addr' <Predicate = (icmp_ln131)> <Delay = 0.00>
ST_1 : Operation 20 [2/2] (0.68ns)   --->   "%top_clusters_et_load = load i3 %top_clusters_et_addr" [calorimeter.cpp:132]   --->   Operation 20 'load' 'top_clusters_et_load' <Predicate = (icmp_ln131)> <Delay = 0.68> <CoreInst = "RAM">   --->   Core 82 'RAM' <Latency = 1> <II = 1> <Delay = 0.68> <Storage> <Opcode : 'load' 'store'> <Ports = 2> <Width = 16> <Depth = 8> <RAM>
ST_1 : Operation 21 [2/2] (0.69ns)   --->   "%top_clusters_isolation_et_load = load i3 %top_clusters_isolation_et_addr" [calorimeter.cpp:132]   --->   Operation 21 'load' 'top_clusters_isolation_et_load' <Predicate = (icmp_ln131)> <Delay = 0.69> <CoreInst = "RAM">   --->   Core 82 'RAM' <Latency = 1> <II = 1> <Delay = 0.69> <Storage> <Opcode : 'load' 'store'> <Ports = 2> <Width = 18> <Depth = 8> <RAM>
ST_1 : Operation 22 [2/2] (0.66ns)   --->   "%top_clusters_eta_load = load i3 %top_clusters_eta_addr" [calorimeter.cpp:132]   --->   Operation 22 'load' 'top_clusters_eta_load' <Predicate = (icmp_ln131)> <Delay = 0.66> <CoreInst = "RAM">   --->   Core 82 'RAM' <Latency = 1> <II = 1> <Delay = 0.66> <Storage> <Opcode : 'load' 'store'> <Ports = 2> <Width = 5> <Depth = 8> <RAM>
ST_1 : Operation 23 [2/2] (0.66ns)   --->   "%top_clusters_phi_load = load i3 %top_clusters_phi_addr" [calorimeter.cpp:132]   --->   Operation 23 'load' 'top_clusters_phi_load' <Predicate = (icmp_ln131)> <Delay = 0.66> <CoreInst = "RAM">   --->   Core 82 'RAM' <Latency = 1> <II = 1> <Delay = 0.66> <Storage> <Opcode : 'load' 'store'> <Ports = 2> <Width = 6> <Depth = 8> <RAM>
ST_1 : Operation 24 [2/2] (0.63ns)   --->   "%top_clusters_window_size_load = load i3 %top_clusters_window_size_addr" [calorimeter.cpp:132]   --->   Operation 24 'load' 'top_clusters_window_size_load' <Predicate = (icmp_ln131)> <Delay = 0.63> <CoreInst = "RAM">   --->   Core 82 'RAM' <Latency = 1> <II = 1> <Delay = 0.63> <Storage> <Opcode : 'load' 'store'> <Ports = 2> <Width = 2> <Depth = 8> <RAM>
ST_1 : Operation 25 [2/2] (0.65ns)   --->   "%top_clusters_iso_outer_size_load = load i3 %top_clusters_iso_outer_size_addr" [calorimeter.cpp:132]   --->   Operation 25 'load' 'top_clusters_iso_outer_size_load' <Predicate = (icmp_ln131)> <Delay = 0.65> <CoreInst = "RAM">   --->   Core 82 'RAM' <Latency = 1> <II = 1> <Delay = 0.65> <Storage> <Opcode : 'load' 'store'> <Ports = 2> <Width = 3> <Depth = 8> <RAM>
ST_1 : Operation 26 [1/1] (0.00ns)   --->   "%top_clusters_valid_addr = getelementptr i1 %top_clusters_valid, i64 0, i64 %zext_ln132" [calorimeter.cpp:132]   --->   Operation 26 'getelementptr' 'top_clusters_valid_addr' <Predicate = (icmp_ln131)> <Delay = 0.00>
ST_1 : Operation 27 [2/2] (0.63ns)   --->   "%top_clusters_valid_load = load i3 %top_clusters_valid_addr" [calorimeter.cpp:132]   --->   Operation 27 'load' 'top_clusters_valid_load' <Predicate = (icmp_ln131)> <Delay = 0.63> <CoreInst = "RAM">   --->   Core 82 'RAM' <Latency = 1> <II = 1> <Delay = 0.63> <Storage> <Opcode : 'load' 'store'> <Ports = 2> <Width = 1> <Depth = 8> <RAM>
ST_1 : Operation 28 [1/1] (0.38ns)   --->   "%store_ln131 = store i3 %add_ln132, i3 %k" [calorimeter.cpp:131]   --->   Operation 28 'store' 'store_ln131' <Predicate = (icmp_ln131)> <Delay = 0.38>
ST_1 : Operation 55 [1/1] (0.38ns)   --->   "%ret_ln0 = ret"   --->   Operation 55 'ret' 'ret_ln0' <Predicate = (!icmp_ln131)> <Delay = 0.38>

State 2 <SV = 1> <Delay = 1.39>
ST_2 : Operation 29 [1/1] (0.00ns)   --->   "%zext_ln131 = zext i3 %k_1" [calorimeter.cpp:131]   --->   Operation 29 'zext' 'zext_ln131' <Predicate = true> <Delay = 0.00>
ST_2 : Operation 30 [1/1] (0.00ns)   --->   "%specpipeline_ln131 = specpipeline void @_ssdm_op_SpecPipeline, i32 4294967295, i32 0, i32 0, i32 0, void @empty_0" [calorimeter.cpp:131]   --->   Operation 30 'specpipeline' 'specpipeline_ln131' <Predicate = true> <Delay = 0.00>
ST_2 : Operation 31 [1/1] (0.00ns)   --->   "%speclooptripcount_ln131 = speclooptripcount void @_ssdm_op_SpecLoopTripCount, i64 0, i64 7, i64 3" [calorimeter.cpp:131]   --->   Operation 31 'speclooptripcount' 'speclooptripcount_ln131' <Predicate = true> <Delay = 0.00>
ST_2 : Operation 32 [1/1] (0.00ns)   --->   "%specloopname_ln131 = specloopname void @_ssdm_op_SpecLoopName, void @empty_5" [calorimeter.cpp:131]   --->   Operation 32 'specloopname' 'specloopname_ln131' <Predicate = true> <Delay = 0.00>
ST_2 : Operation 33 [1/1] (0.00ns)   --->   "%top_clusters_et_addr_1 = getelementptr i16 %top_clusters_et, i64 0, i64 %zext_ln131" [calorimeter.cpp:132]   --->   Operation 33 'getelementptr' 'top_clusters_et_addr_1' <Predicate = true> <Delay = 0.00>
ST_2 : Operation 34 [1/1] (0.00ns)   --->   "%top_clusters_isolation_et_addr_1 = getelementptr i18 %top_clusters_isolation_et, i64 0, i64 %zext_ln131" [calorimeter.cpp:132]   --->   Operation 34 'getelementptr' 'top_clusters_isolation_et_addr_1' <Predicate = true> <Delay = 0.00>
ST_2 : Operation 35 [1/1] (0.00ns)   --->   "%top_clusters_eta_addr_1 = getelementptr i5 %top_clusters_eta, i64 0, i64 %zext_ln131" [calorimeter.cpp:132]   --->   Operation 35 'getelementptr' 'top_clusters_eta_addr_1' <Predicate = true> <Delay = 0.00>
ST_2 : Operation 36 [1/1] (0.00ns)   --->   "%top_clusters_phi_addr_1 = getelementptr i6 %top_clusters_phi, i64 0, i64 %zext_ln131" [calorimeter.cpp:132]   --->   Operation 36 'getelementptr' 'top_clusters_phi_addr_1' <Predicate = true> <Delay = 0.00>
ST_2 : Operation 37 [1/1] (0.00ns)   --->   "%top_clusters_window_size_addr_1 = getelementptr i2 %top_clusters_window_size, i64 0, i64 %zext_ln131" [calorimeter.cpp:132]   --->   Operation 37 'getelementptr' 'top_clusters_window_size_addr_1' <Predicate = true> <Delay = 0.00>
ST_2 : Operation 38 [1/1] (0.00ns)   --->   "%top_clusters_iso_outer_size_addr_1 = getelementptr i3 %top_clusters_iso_outer_size, i64 0, i64 %zext_ln131" [calorimeter.cpp:132]   --->   Operation 38 'getelementptr' 'top_clusters_iso_outer_size_addr_1' <Predicate = true> <Delay = 0.00>
ST_2 : Operation 39 [1/2] (0.68ns)   --->   "%top_clusters_et_load = load i3 %top_clusters_et_addr" [calorimeter.cpp:132]   --->   Operation 39 'load' 'top_clusters_et_load' <Predicate = true> <Delay = 0.68> <CoreInst = "RAM">   --->   Core 82 'RAM' <Latency = 1> <II = 1> <Delay = 0.68> <Storage> <Opcode : 'load' 'store'> <Ports = 2> <Width = 16> <Depth = 8> <RAM>
ST_2 : Operation 40 [1/2] (0.69ns)   --->   "%top_clusters_isolation_et_load = load i3 %top_clusters_isolation_et_addr" [calorimeter.cpp:132]   --->   Operation 40 'load' 'top_clusters_isolation_et_load' <Predicate = true> <Delay = 0.69> <CoreInst = "RAM">   --->   Core 82 'RAM' <Latency = 1> <II = 1> <Delay = 0.69> <Storage> <Opcode : 'load' 'store'> <Ports = 2> <Width = 18> <Depth = 8> <RAM>
ST_2 : Operation 41 [1/2] (0.66ns)   --->   "%top_clusters_eta_load = load i3 %top_clusters_eta_addr" [calorimeter.cpp:132]   --->   Operation 41 'load' 'top_clusters_eta_load' <Predicate = true> <Delay = 0.66> <CoreInst = "RAM">   --->   Core 82 'RAM' <Latency = 1> <II = 1> <Delay = 0.66> <Storage> <Opcode : 'load' 'store'> <Ports = 2> <Width = 5> <Depth = 8> <RAM>
ST_2 : Operation 42 [1/2] (0.66ns)   --->   "%top_clusters_phi_load = load i3 %top_clusters_phi_addr" [calorimeter.cpp:132]   --->   Operation 42 'load' 'top_clusters_phi_load' <Predicate = true> <Delay = 0.66> <CoreInst = "RAM">   --->   Core 82 'RAM' <Latency = 1> <II = 1> <Delay = 0.66> <Storage> <Opcode : 'load' 'store'> <Ports = 2> <Width = 6> <Depth = 8> <RAM>
ST_2 : Operation 43 [1/2] (0.63ns)   --->   "%top_clusters_window_size_load = load i3 %top_clusters_window_size_addr" [calorimeter.cpp:132]   --->   Operation 43 'load' 'top_clusters_window_size_load' <Predicate = true> <Delay = 0.63> <CoreInst = "RAM">   --->   Core 82 'RAM' <Latency = 1> <II = 1> <Delay = 0.63> <Storage> <Opcode : 'load' 'store'> <Ports = 2> <Width = 2> <Depth = 8> <RAM>
ST_2 : Operation 44 [1/2] (0.65ns)   --->   "%top_clusters_iso_outer_size_load = load i3 %top_clusters_iso_outer_size_addr" [calorimeter.cpp:132]   --->   Operation 44 'load' 'top_clusters_iso_outer_size_load' <Predicate = true> <Delay = 0.65> <CoreInst = "RAM">   --->   Core 82 'RAM' <Latency = 1> <II = 1> <Delay = 0.65> <Storage> <Opcode : 'load' 'store'> <Ports = 2> <Width = 3> <Depth = 8> <RAM>
ST_2 : Operation 45 [1/2] (0.63ns)   --->   "%top_clusters_valid_load = load i3 %top_clusters_valid_addr" [calorimeter.cpp:132]   --->   Operation 45 'load' 'top_clusters_valid_load' <Predicate = true> <Delay = 0.63> <CoreInst = "RAM">   --->   Core 82 'RAM' <Latency = 1> <II = 1> <Delay = 0.63> <Storage> <Opcode : 'load' 'store'> <Ports = 2> <Width = 1> <Depth = 8> <RAM>
ST_2 : Operation 46 [1/1] (0.68ns)   --->   "%store_ln132 = store i16 %top_clusters_et_load, i3 %top_clusters_et_addr_1" [calorimeter.cpp:132]   --->   Operation 46 'store' 'store_ln132' <Predicate = true> <Delay = 0.68> <CoreInst = "RAM">   --->   Core 82 'RAM' <Latency = 1> <II = 1> <Delay = 0.68> <Storage> <Opcode : 'load' 'store'> <Ports = 2> <Width = 16> <Depth = 8> <RAM>
ST_2 : Operation 47 [1/1] (0.69ns)   --->   "%store_ln132 = store i18 %top_clusters_isolation_et_load, i3 %top_clusters_isolation_et_addr_1" [calorimeter.cpp:132]   --->   Operation 47 'store' 'store_ln132' <Predicate = true> <Delay = 0.69> <CoreInst = "RAM">   --->   Core 82 'RAM' <Latency = 1> <II = 1> <Delay = 0.69> <Storage> <Opcode : 'load' 'store'> <Ports = 2> <Width = 18> <Depth = 8> <RAM>
ST_2 : Operation 48 [1/1] (0.66ns)   --->   "%store_ln132 = store i5 %top_clusters_eta_load, i3 %top_clusters_eta_addr_1" [calorimeter.cpp:132]   --->   Operation 48 'store' 'store_ln132' <Predicate = true> <Delay = 0.66> <CoreInst = "RAM">   --->   Core 82 'RAM' <Latency = 1> <II = 1> <Delay = 0.66> <Storage> <Opcode : 'load' 'store'> <Ports = 2> <Width = 5> <Depth = 8> <RAM>
ST_2 : Operation 49 [1/1] (0.66ns)   --->   "%store_ln132 = store i6 %top_clusters_phi_load, i3 %top_clusters_phi_addr_1" [calorimeter.cpp:132]   --->   Operation 49 'store' 'store_ln132' <Predicate = true> <Delay = 0.66> <CoreInst = "RAM">   --->   Core 82 'RAM' <Latency = 1> <II = 1> <Delay = 0.66> <Storage> <Opcode : 'load' 'store'> <Ports = 2> <Width = 6> <Depth = 8> <RAM>
ST_2 : Operation 50 [1/1] (0.63ns)   --->   "%store_ln132 = store i2 %top_clusters_window_size_load, i3 %top_clusters_window_size_addr_1" [calorimeter.cpp:132]   --->   Operation 50 'store' 'store_ln132' <Predicate = true> <Delay = 0.63> <CoreInst = "RAM">   --->   Core 82 'RAM' <Latency = 1> <II = 1> <Delay = 0.63> <Storage> <Opcode : 'load' 'store'> <Ports = 2> <Width = 2> <Depth = 8> <RAM>
ST_2 : Operation 51 [1/1] (0.65ns)   --->   "%store_ln132 = store i3 %top_clusters_iso_outer_size_load, i3 %top_clusters_iso_outer_size_addr_1" [calorimeter.cpp:132]   --->   Operation 51 'store' 'store_ln132' <Predicate = true> <Delay = 0.65> <CoreInst = "RAM">   --->   Core 82 'RAM' <Latency = 1> <II = 1> <Delay = 0.65> <Storage> <Opcode : 'load' 'store'> <Ports = 2> <Width = 3> <Depth = 8> <RAM>
ST_2 : Operation 52 [1/1] (0.00ns)   --->   "%top_clusters_valid_addr_1 = getelementptr i1 %top_clusters_valid, i64 0, i64 %zext_ln131" [calorimeter.cpp:132]   --->   Operation 52 'getelementptr' 'top_clusters_valid_addr_1' <Predicate = true> <Delay = 0.00>
ST_2 : Operation 53 [1/1] (0.63ns)   --->   "%store_ln132 = store i1 %top_clusters_valid_load, i3 %top_clusters_valid_addr_1" [calorimeter.cpp:132]   --->   Operation 53 'store' 'store_ln132' <Predicate = true> <Delay = 0.63> <CoreInst = "RAM">   --->   Core 82 'RAM' <Latency = 1> <II = 1> <Delay = 0.63> <Storage> <Opcode : 'load' 'store'> <Ports = 2> <Width = 1> <Depth = 8> <RAM>
ST_2 : Operation 54 [1/1] (0.00ns)   --->   "%br_ln131 = br void %for.inc49" [calorimeter.cpp:131]   --->   Operation 54 'br' 'br_ln131' <Predicate = true> <Delay = 0.00>


============================================================
+ Verbose Summary: Timing violations
============================================================
Target clock period: 25.000ns, clock uncertainty: 6.750ns.

 <State 1>: 1.658ns
The critical path consists of the following:
	'store' operation 0 bit ('store_ln131', calorimeter.cpp:131) of constant 7 on local variable 'k', calorimeter.cpp:131 [11]  (0.387 ns)
	'load' operation 3 bit ('k', calorimeter.cpp:132) on local variable 'k', calorimeter.cpp:131 [14]  (0.000 ns)
	'add' operation 3 bit ('add_ln132', calorimeter.cpp:132) [22]  (0.572 ns)
	'getelementptr' operation 3 bit ('top_clusters_isolation_et_addr', calorimeter.cpp:132) [25]  (0.000 ns)
	'load' operation 18 bit ('top_clusters_isolation_et_load', calorimeter.cpp:132) on array 'top_clusters_isolation_et' [37]  (0.699 ns)

 <State 2>: 1.398ns
The critical path consists of the following:
	'load' operation 18 bit ('top_clusters_isolation_et_load', calorimeter.cpp:132) on array 'top_clusters_isolation_et' [37]  (0.699 ns)
	'store' operation 0 bit ('store_ln132', calorimeter.cpp:132) of variable 'top_clusters_isolation_et_load', calorimeter.cpp:132 on array 'top_clusters_isolation_et' [45]  (0.699 ns)


============================================================
+ Verbose Summary: Binding
============================================================
N/A
* FSMD analyzer results:
  - Output states:
 - Input state : 
  - Chain level:
	State 1
	State 2


============================================================
+ Verbose Summary: Datapath Resource usage 
============================================================
N/A
