

================================================================
== Vitis HLS Report for 'select_top_n_Pipeline_VITIS_LOOP_131_4'
================================================================
* Date:           Tue May 12 15:59:06 2026

* Version:        2024.1 (Build 5069499 on May 21 2024)
* Project:        calorimeter
* Solution:       solution1 (Vivado IP Flow Target)
* Product family: virtexuplus
* Target device:  xcvu13p-fsga2577-2-e


================================================================
== Performance Estimates
================================================================
+ Timing: 
    * Summary: 
    +--------+----------+----------+------------+
    |  Clock |  Target  | Estimated| Uncertainty|
    +--------+----------+----------+------------+
    |ap_clk  |  25.00 ns|  1.658 ns|     6.75 ns|
    +--------+----------+----------+------------+

+ Latency: 
    * Summary: 
    +---------+---------+-----------+----------+-----+-----+-----------------------------------------------+
    |  Latency (cycles) |  Latency (absolute)  |  Interval |                    Pipeline                   |
    |   min   |   max   |    min    |    max   | min | max |                      Type                     |
    +---------+---------+-----------+----------+-----+-----+-----------------------------------------------+
    |        2|        9|  50.000 ns|  0.225 us|    1|    8|  loop auto-rewind stp(delay=0 clock cycles(s))|
    +---------+---------+-----------+----------+-----+-----+-----------------------------------------------+

    + Detail: 
        * Instance: 
        N/A

        * Loop: 
        +--------------------+---------+---------+----------+-----------+-----------+-------+----------+
        |                    |  Latency (cycles) | Iteration|  Initiation Interval  |  Trip |          |
        |      Loop Name     |   min   |   max   |  Latency |  achieved |   target  | Count | Pipelined|
        +--------------------+---------+---------+----------+-----------+-----------+-------+----------+
        |- VITIS_LOOP_131_4  |        0|        7|         2|          1|          1|  0 ~ 7|       yes|
        +--------------------+---------+---------+----------+-----------+-----------+-------+----------+

============================================================
+ Verbose Summary: Synthesis Manager
============================================================
InlineROM: 1
ExposeGlobal: 0
============================================================
+ Verbose Summary: CDFG Model
============================================================
IsTopModel: 0
ResetActiveHigh: 1
IsCombinational: 0
IsDatapathOnly: 0
HasWiredReturn: 1
HasMFsm: 2
HasVarLatency: 1
IsPipeline: 0
IsRtlPipelined: 0
IsInstanceOverlapped: 0
IsDontTouch: 0
HasImplIP: 0
IsGatedGlobalClock: 0

+ Individual pipeline summary: 
  * Pipeline-0: initiation interval (II) = 1, depth = 2


============================================================
+ Verbose Summary: Schedule
============================================================
* Number of FSM states : 2
* Pipeline : 1
  Pipeline-0 : II = 1, D = 2, States = { 1 2 }
* Dataflow Pipeline: 0

* FSM state transitions: 
1 --> 2 
2 --> 

* FSM state operations: 

State 1 <SV = 0> <Delay = 1.65>
ST_1 : Operation 5 [1/1] (0.00ns)   --->   "%k = alloca i32 1" [calorimeter.cpp:131]   --->   Operation 5 'alloca' 'k' <Predicate = true> <Delay = 0.00>
ST_1 : Operation 6 [1/1] (0.00ns)   --->   "%tmp = read i3 @_ssdm_op_Read.ap_auto.i3, i3 %empty"   --->   Operation 6 'read' 'tmp' <Predicate = true> <Delay = 0.00>
ST_1 : Operation 7 [1/1] (0.38ns)   --->   "%store_ln131 = store i3 7, i3 %k" [calorimeter.cpp:131]   --->   Operation 7 'store' 'store_ln131' <Predicate = true> <Delay = 0.38>
ST_1 : Operation 8 [1/1] (0.00ns)   --->   "%br_ln0 = br void %for.inc49"   --->   Operation 8 'br' 'br_ln0' <Predicate = true> <Delay = 0.00>
ST_1 : Operation 9 [1/1] (0.00ns)   --->   "%k_1 = load i3 %k" [calorimeter.cpp:132]   --->   Operation 9 'load' 'k_1' <Predicate = true> <Delay = 0.00>
ST_1 : Operation 10 [1/1] (0.57ns)   --->   "%icmp_ln131 = icmp_ugt  i3 %k_1, i3 %tmp" [calorimeter.cpp:131]   --->   Operation 10 'icmp' 'icmp_ln131' <Predicate = true> <Delay = 0.57> <CoreInst = "Cmp">   --->   Core 9 'Cmp' <Latency = 0> <II = 1> <Delay = 0.57> <FuncUnit> <Opcode : 'seteq' 'setne' 'setle' 'setge' 'setlt' 'setgt'> <InPorts = 2> <OutPorts = 1>
ST_1 : Operation 11 [1/1] (0.00ns)   --->   "%br_ln131 = br i1 %icmp_ln131, void %for.end50.loopexit.exitStub, void %for.inc49.split" [calorimeter.cpp:131]   --->   Operation 11 'br' 'br_ln131' <Predicate = true> <Delay = 0.00>
ST_1 : Operation 12 [1/1] (0.57ns)   --->   "%add_ln132 = add i3 %k_1, i3 7" [calorimeter.cpp:132]   --->   Operation 12 'add' 'add_ln132' <Predicate = (icmp_ln131)> <Delay = 0.57> <CoreInst = "Adder">   --->   Core 1 'Adder' <Latency = 0> <II = 1> <Delay = 0.57> <FuncUnit> <Opcode : 'add' 'sub'> <InPorts = 2> <OutPorts = 1>
ST_1 : Operation 13 [1/1] (0.00ns)   --->   "%zext_ln132 = zext i3 %add_ln132" [calorimeter.cpp:132]   --->   Operation 13 'zext' 'zext_ln132' <Predicate = (icmp_ln131)> <Delay = 0.00>
ST_1 : Operation 14 [1/1] (0.00ns)   --->   "%top_clusters_et_addr = getelementptr i16 %top_clusters_et, i64 0, i64 %zext_ln132" [calorimeter.cpp:132]   --->   Operation 14 'getelementptr' 'top_clusters_et_addr' <Predicate = (icmp_ln131)> <Delay = 0.00>
ST_1 : Operation 15 [1/1] (0.00ns)   --->   "%top_clusters_isolation_et_addr = getelementptr i18 %top_clusters_isolation_et, i64 0, i64 %zext_ln132" [calorimeter.cpp:132]   --->   Operation 15 'getelementptr' 'top_clusters_isolation_et_addr' <Predicate = (icmp_ln131)> <Delay = 0.00>
ST_1 : Operation 16 [1/1] (0.00ns)   --->   "%top_clusters_eta_addr = getelementptr i5 %top_clusters_eta, i64 0, i64 %zext_ln132" [calorimeter.cpp:132]   --->   Operation 16 'getelementptr' 'top_clusters_eta_addr' <Predicate = (icmp_ln131)> <Delay = 0.00>
ST_1 : Operation 17 [1/1] (0.00ns)   --->   "%top_clusters_phi_addr = getelementptr i6 %top_clusters_phi, i64 0, i64 %zext_ln132" [calorimeter.cpp:132]   --->   Operation 17 'getelementptr' 'top_clusters_phi_addr' <Predicate = (icmp_ln131)> <Delay = 0.00>
ST_1 : Operation 18 [1/1] (0.00ns)   --->   "%top_clusters_window_size_addr = getelementptr i2 %top_clusters_window_size, i64 0, i64 %zext_ln132" [calorimeter.cpp:132]   --->   Operation 18 'getelementptr' 'top_clusters_window_size_addr' <Predicate = (icmp_ln131)> <Delay = 0.00>
ST_1 : Operation 19 [1/1] (0.00ns)   --->   "%top_clusters_iso_outer_size_addr = getelementptr i3 %top_clusters_iso_outer_size, i64 0, i64 %zext_ln132" [calorimeter.cpp:132]   --->   Operation 19 'getelementptr' 'top_clusters_iso_outer_size_addr' <Predicate = (icmp_ln131)> <Delay = 0.00>
ST_1 : Operation 20 [2/2] (0.68ns)   --->   "%top_clusters_et_load = load i3 %top_clusters_et_addr" [calorimeter.cpp:132]   --->   Operation 20 'load' 'top_clusters_et_load' <Predicate = (icmp_ln131)> <Delay = 0.68> <CoreInst = "RAM">   --->   Core 82 'RAM' <Latency = 1> <II = 1> <Delay = 0.68> <Storage> <Opcode : 'load' 'store'> <Ports = 2> <Width = 16> <Depth = 8> <RAM>
ST_1 : Operation 21 [2/2] (0.69ns)   --->   "%top_clusters_isolation_et_load = load i3 %top_clusters_isolation_et_addr" [calorimeter.cpp:132]   --->   Operation 21 'load' 'top_clusters_isolation_et_load' <Predicate = (icmp_ln131)> <Delay = 0.69> <CoreInst = "RAM">   --->   Core 82 'RAM' <Latency = 1> <II = 1> <Delay = 0.69> <Storage> <Opcode : 'load' 'store'> <Ports = 2> <Width = 18> <Depth = 8> <RAM>
ST_1 : Operation 22 [2/2] (0.66ns)   --->   "%top_clusters_eta_load = load i3 %top_clusters_eta_addr" [calorimeter.cpp:132]   --->   Operation 22 'load' 'top_clusters_eta_load' <Predicate = (icmp_ln131)> <Delay = 0.66> <CoreInst = "RAM">   --->   Core 82 'RAM' <Latency = 1> <II = 1> <Delay = 0.66> <Storage> <Opcode : 'load' 'store'> <Ports = 2> <Width = 5> <Depth = 8> <RAM>
ST_1 : Operation 23 [2/2] (0.66ns)   --->   "%top_clusters_phi_load = load i3 %top_clusters_phi_addr" [calorimeter.cpp:132]   --->   Operation 23 'load' 'top_clusters_phi_load' <Predicate = (icmp_ln131)> <Delay = 0.66> <CoreInst = "RAM">   --->   Core 82 'RAM' <Latency = 1> <II = 1> <Delay = 0.66> <Storage> <Opcode : 'load' 'store'> <Ports = 2> <Width = 6> <Depth = 8> <RAM>
ST_1 : Operation 24 [2/2] (0.63ns)   --->   "%top_clusters_window_size_load = load i3 %top_clusters_window_size_addr" [calorimeter.cpp:132]   --->   Operation 24 'load' 'top_clusters_window_size_load' <Predicate = (icmp_ln131)> <Delay = 0.63> <CoreInst = "RAM">   --->   Core 82 'RAM' <Latency = 1> <II = 1> <Delay = 0.63> <Storage> <Opcode : 'load' 'store'> <Ports = 2> <Width = 2> <Depth = 8> <RAM>
ST_1 : Operation 25 [2/2] (0.65ns)   --->   "%top_clusters_iso_outer_size_load = load i3 %top_clusters_iso_outer_size_addr" [calorimeter.cpp:132]   --->   Operation 25 'load' 'top_clusters_iso_outer_size_load' <Predicate = (icmp_ln131)> <Delay = 0.65> <CoreInst = "RAM">   --->   Core 82 'RAM' <Latency = 1> <II = 1> <Delay = 0.65> <Storage> <Opcode : 'load' 'store'> <Ports = 2> <Width = 3> <Depth = 8> <RAM>
ST_1 : Operation 26 [1/1] (0.00ns)   --->   "%top_clusters_valid_addr = getelementptr i1 %top_clusters_valid, i64 0, i64 %zext_ln132" [calorimeter.cpp:132]   --->   Operation 26 'getelementptr' 'top_clusters_valid_addr' <Predicate = (icmp_ln131)> <Delay = 0.00>
ST_1 : Operation 27 [2/2] (0.63ns)   --->   "%top_clusters_valid_load = load i3 %top_clusters_valid_addr" [calorimeter.cpp:132]   --->   Operation 27 'load' 'top_clusters_valid_load' <Predicate = (icmp_ln131)> <Delay = 0.63> <CoreInst = "RAM">   --->   Core 82 'RAM' <Latency = 1> <II = 1> <Delay = 0.63> <Storage> <Opcode : 'load' 'store'> <Ports = 2> <Width = 1> <Depth = 8> <RAM>
ST_1 : Operation 28 [1/1] (0.38ns)   --->   "%store_ln131 = store i3 %add_ln132, i3 %k" [calorimeter.cpp:131]   --->   Operation 28 'store' 'store_ln131' <Predicate = (icmp_ln131)> <Delay = 0.38>
ST_1 : Operation 55 [1/1] (0.38ns)   --->   "%ret_ln0 = ret"   --->   Operation 55 'ret' 'ret_ln0' <Predicate = (!icmp_ln131)> <Delay = 0.38>

State 2 <SV = 1> <Delay = 1.39>
ST_2 : Operation 29 [1/1] (0.00ns)   --->   "%zext_ln131 = zext i3 %k_1" [calorimeter.cpp:131]   --->   Operation 29 'zext' 'zext_ln131' <Predicate = true> <Delay = 0.00>
ST_2 : Operation 30 [1/1] (0.00ns)   --->   "%specpipeline_ln131 = specpipeline void @_ssdm_op_SpecPipeline, i32 4294967295, i32 0, i32 0, i32 0, void @empty_0" [calorimeter.cpp:131]   --->   Operation 30 'specpipeline' 'specpipeline_ln131' <Predicate = true> <Delay = 0.00>
ST_2 : Operation 31 [1/1] (0.00ns)   --->   "%speclooptripcount_ln131 = speclooptripcount void @_ssdm_op_SpecLoopTripCount, i64 0, i64 7, i64 3" [calorimeter.cpp:131]   --->   Operation 31 'speclooptripcount' 'speclooptripcount_ln131' <Predicate = true> <Delay = 0.00>
ST_2 : Operation 32 [1/1] (0.00ns)   --->   "%specloopname_ln131 = specloopname void @_ssdm_op_SpecLoopName, void @empty_5" [calorimeter.cpp:131]   --->   Operation 32 'specloopname' 'specloopname_ln131' <Predicate = true> <Delay = 0.00>
ST_2 : Operation 33 [1/1] (0.00ns)   --->   "%top_clusters_et_addr_1 = getelementptr i16 %top_clusters_et, i64 0, i64 %zext_ln131" [calorimeter.cpp:132]   --->   Operation 33 'getelementptr' 'top_clusters_et_addr_1' <Predicate = true> <Delay = 0.00>
ST_2 : Operation 34 [1/1] (0.00ns)   --->   "%top_clusters_isolation_et_addr_1 = getelementptr i18 %top_clusters_isolation_et, i64 0, i64 %zext_ln131" [calorimeter.cpp:132]   --->   Operation 34 'getelementptr' 'top_clusters_isolation_et_addr_1' <Predicate = true> <Delay = 0.00>
ST_2 : Operation 35 [1/1] (0.00ns)   --->   "%top_clusters_eta_addr_1 = getelementptr i5 %top_clusters_eta, i64 0, i64 %zext_ln131" [calorimeter.cpp:132]   --->   Operation 35 'getelementptr' 'top_clusters_eta_addr_1' <Predicate = true> <Delay = 0.00>
ST_2 : Operation 36 [1/1] (0.00ns)   --->   "%top_clusters_phi_addr_1 = getelementptr i6 %top_clusters_phi, i64 0, i64 %zext_ln131" [calorimeter.cpp:132]   --->   Operation 36 'getelementptr' 'top_clusters_phi_addr_1' <Predicate = true> <Delay = 0.00>
ST_2 : Operation 37 [1/1] (0.00ns)   --->   "%top_clusters_window_size_addr_1 = getelementptr i2 %top_clusters_window_size, i64 0, i64 %zext_ln131" [calorimeter.cpp:132]   --->   Operation 37 'getelementptr' 'top_clusters_window_size_addr_1' <Predicate = true> <Delay = 0.00>
ST_2 : Operation 38 [1/1] (0.00ns)   --->   "%top_clusters_iso_outer_size_addr_1 = getelementptr i3 %top_clusters_iso_outer_size, i64 0, i64 %zext_ln131" [calorimeter.cpp:132]   --->   Operation 38 'getelementptr' 'top_clusters_iso_outer_size_addr_1' <Predicate = true> <Delay = 0.00>
ST_2 : Operation 39 [1/2] (0.68ns)   --->   "%top_clusters_et_load = load i3 %top_clusters_et_addr" [calorimeter.cpp:132]   --->   Operation 39 'load' 'top_clusters_et_load' <Predicate = true> <Delay = 0.68> <CoreInst = "RAM">   --->   Core 82 'RAM' <Latency = 1> <II = 1> <Delay = 0.68> <Storage> <Opcode : 'load' 'store'> <Ports = 2> <Width = 16> <Depth = 8> <RAM>
ST_2 : Operation 40 [1/2] (0.69ns)   --->   "%top_clusters_isolation_et_load = load i3 %top_clusters_isolation_et_addr" [calorimeter.cpp:132]   --->   Operation 40 'load' 'top_clusters_isolation_et_load' <Predicate = true> <Delay = 0.69> <CoreInst = "RAM">   --->   Core 82 'RAM' <Latency = 1> <II = 1> <Delay = 0.69> <Storage> <Opcode : 'load' 'store'> <Ports = 2> <Width = 18> <Depth = 8> <RAM>
ST_2 : Operation 41 [1/2] (0.66ns)   --->   "%top_clusters_eta_load = load i3 %top_clusters_eta_addr" [calorimeter.cpp:132]   --->   Operation 41 'load' 'top_clusters_eta_load' <Predicate = true> <Delay = 0.66> <CoreInst = "RAM">   --->   Core 82 'RAM' <Latency = 1> <II = 1> <Delay = 0.66> <Storage> <Opcode : 'load' 'store'> <Ports = 2> <Width = 5> <Depth = 8> <RAM>
ST_2 : Operation 42 [1/2] (0.66ns)   --->   "%top_clusters_phi_load = load i3 %top_clusters_phi_addr" [calorimeter.cpp:132]   --->   Operation 42 'load' 'top_clusters_phi_load' <Predicate = true> <Delay = 0.66> <CoreInst = "RAM">   --->   Core 82 'RAM' <Latency = 1> <II = 1> <Delay = 0.66> <Storage> <Opcode : 'load' 'store'> <Ports = 2> <Width = 6> <Depth = 8> <RAM>
ST_2 : Operation 43 [1/2] (0.63ns)   --->   "%top_clusters_window_size_load = load i3 %top_clusters_window_size_addr" [calorimeter.cpp:132]   --->   Operation 43 'load' 'top_clusters_window_size_load' <Predicate = true> <Delay = 0.63> <CoreInst = "RAM">   --->   Core 82 'RAM' <Latency = 1> <II = 1> <Delay = 0.63> <Storage> <Opcode : 'load' 'store'> <Ports = 2> <Width = 2> <Depth = 8> <RAM>
ST_2 : Operation 44 [1/2] (0.65ns)   --->   "%top_clusters_iso_outer_size_load = load i3 %top_clusters_iso_outer_size_addr" [calorimeter.cpp:132]   --->   Operation 44 'load' 'top_clusters_iso_outer_size_load' <Predicate = true> <Delay = 0.65> <CoreInst = "RAM">   --->   Core 82 'RAM' <Latency = 1> <II = 1> <Delay = 0.65> <Storage> <Opcode : 'load' 'store'> <Ports = 2> <Width = 3> <Depth = 8> <RAM>
ST_2 : Operation 45 [1/2] (0.63ns)   --->   "%top_clusters_valid_load = load i3 %top_clusters_valid_addr" [calorimeter.cpp:132]   --->   Operation 45 'load' 'top_clusters_valid_load' <Predicate = true> <Delay = 0.63> <CoreInst = "RAM">   --->   Core 82 'RAM' <Latency = 1> <II = 1> <Delay = 0.63> <Storage> <Opcode : 'load' 'store'> <Ports = 2> <Width = 1> <Depth = 8> <RAM>
ST_2 : Operation 46 [1/1] (0.68ns)   --->   "%store_ln132 = store i16 %top_clusters_et_load, i3 %top_clusters_et_addr_1" [calorimeter.cpp:132]   --->   Operation 46 'store' 'store_ln132' <Predicate = true> <Delay = 0.68> <CoreInst = "RAM">   --->   Core 82 'RAM' <Latency = 1> <II = 1> <Delay = 0.68> <Storage> <Opcode : 'load' 'store'> <Ports = 2> <Width = 16> <Depth = 8> <RAM>
ST_2 : Operation 47 [1/1] (0.69ns)   --->   "%store_ln132 = store i18 %top_clusters_isolation_et_load, i3 %top_clusters_isolation_et_addr_1" [calorimeter.cpp:132]   --->   Operation 47 'store' 'store_ln132' <Predicate = true> <Delay = 0.69> <CoreInst = "RAM">   --->   Core 82 'RAM' <Latency = 1> <II = 1> <Delay = 0.69> <Storage> <Opcode : 'load' 'store'> <Ports = 2> <Width = 18> <Depth = 8> <RAM>
ST_2 : Operation 48 [1/1] (0.66ns)   --->   "%store_ln132 = store i5 %top_clusters_eta_load, i3 %top_clusters_eta_addr_1" [calorimeter.cpp:132]   --->   Operation 48 'store' 'store_ln132' <Predicate = true> <Delay = 0.66> <CoreInst = "RAM">   --->   Core 82 'RAM' <Latency = 1> <II = 1> <Delay = 0.66> <Storage> <Opcode : 'load' 'store'> <Ports = 2> <Width = 5> <Depth = 8> <RAM>
ST_2 : Operation 49 [1/1] (0.66ns)   --->   "%store_ln132 = store i6 %top_clusters_phi_load, i3 %top_clusters_phi_addr_1" [calorimeter.cpp:132]   --->   Operation 49 'store' 'store_ln132' <Predicate = true> <Delay = 0.66> <CoreInst = "RAM">   --->   Core 82 'RAM' <Latency = 1> <II = 1> <Delay = 0.66> <Storage> <Opcode : 'load' 'store'> <Ports = 2> <Width = 6> <Depth = 8> <RAM>
ST_2 : Operation 50 [1/1] (0.63ns)   --->   "%store_ln132 = store i2 %top_clusters_window_size_load, i3 %top_clusters_window_size_addr_1" [calorimeter.cpp:132]   --->   Operation 50 'store' 'store_ln132' <Predicate = true> <Delay = 0.63> <CoreInst = "RAM">   --->   Core 82 'RAM' <Latency = 1> <II = 1> <Delay = 0.63> <Storage> <Opcode : 'load' 'store'> <Ports = 2> <Width = 2> <Depth = 8> <RAM>
ST_2 : Operation 51 [1/1] (0.65ns)   --->   "%store_ln132 = store i3 %top_clusters_iso_outer_size_load, i3 %top_clusters_iso_outer_size_addr_1" [calorimeter.cpp:132]   --->   Operation 51 'store' 'store_ln132' <Predicate = true> <Delay = 0.65> <CoreInst = "RAM">   --->   Core 82 'RAM' <Latency = 1> <II = 1> <Delay = 0.65> <Storage> <Opcode : 'load' 'store'> <Ports = 2> <Width = 3> <Depth = 8> <RAM>
ST_2 : Operation 52 [1/1] (0.00ns)   --->   "%top_clusters_valid_addr_1 = getelementptr i1 %top_clusters_valid, i64 0, i64 %zext_ln131" [calorimeter.cpp:132]   --->   Operation 52 'getelementptr' 'top_clusters_valid_addr_1' <Predicate = true> <Delay = 0.00>
ST_2 : Operation 53 [1/1] (0.63ns)   --->   "%store_ln132 = store i1 %top_clusters_valid_load, i3 %top_clusters_valid_addr_1" [calorimeter.cpp:132]   --->   Operation 53 'store' 'store_ln132' <Predicate = true> <Delay = 0.63> <CoreInst = "RAM">   --->   Core 82 'RAM' <Latency = 1> <II = 1> <Delay = 0.63> <Storage> <Opcode : 'load' 'store'> <Ports = 2> <Width = 1> <Depth = 8> <RAM>
ST_2 : Operation 54 [1/1] (0.00ns)   --->   "%br_ln131 = br void %for.inc49" [calorimeter.cpp:131]   --->   Operation 54 'br' 'br_ln131' <Predicate = true> <Delay = 0.00>


============================================================
+ Verbose Summary: Binding
============================================================
STG Binding: 
---------------- STG Properties BEGIN ----------------
- Is combinational: 0
- Is one-state seq: 0
- Is datapath-only: 0
- Is pipelined: 0
- Is top level: 0
Port [ Return ] is wired: 1; IO mode=ap_ctrl_hs:ce=0
Port [ empty]:  wired=1; compound=0; hidden=0; nouse=0; global=0; static=0; extern=0; dir=0; type=0; pingpong=0; private_global=0; IO mode=ap_none:ce=0
Port [ top_clusters_et]:  wired=1; compound=1; hidden=0; nouse=0; global=0; static=0; extern=0; dir=2; type=1; pingpong=0; private_global=0; MemPort=[01]; IO mode=ap_memory:ce=0
Port [ top_clusters_isolation_et]:  wired=1; compound=1; hidden=0; nouse=0; global=0; static=0; extern=0; dir=2; type=1; pingpong=0; private_global=0; MemPort=[01]; IO mode=ap_memory:ce=0
Port [ top_clusters_eta]:  wired=1; compound=1; hidden=0; nouse=0; global=0; static=0; extern=0; dir=2; type=1; pingpong=0; private_global=0; MemPort=[01]; IO mode=ap_memory:ce=0
Port [ top_clusters_phi]:  wired=1; compound=1; hidden=0; nouse=0; global=0; static=0; extern=0; dir=2; type=1; pingpong=0; private_global=0; MemPort=[01]; IO mode=ap_memory:ce=0
Port [ top_clusters_window_size]:  wired=1; compound=1; hidden=0; nouse=0; global=0; static=0; extern=0; dir=2; type=1; pingpong=0; private_global=0; MemPort=[01]; IO mode=ap_memory:ce=0
Port [ top_clusters_iso_outer_size]:  wired=1; compound=1; hidden=0; nouse=0; global=0; static=0; extern=0; dir=2; type=1; pingpong=0; private_global=0; MemPort=[01]; IO mode=ap_memory:ce=0
Port [ top_clusters_valid]:  wired=1; compound=1; hidden=0; nouse=0; global=0; static=0; extern=0; dir=2; type=1; pingpong=0; private_global=0; MemPort=[01]; IO mode=ap_memory:ce=0
---------------- STG Properties END ------------------

---------------- Datapath Model BEGIN ----------------

<LifeTime>
<method=bitvector/>
k                                  (alloca           ) [ 010]
tmp                                (read             ) [ 000]
store_ln131                        (store            ) [ 000]
br_ln0                             (br               ) [ 000]
k_1                                (load             ) [ 011]
icmp_ln131                         (icmp             ) [ 010]
br_ln131                           (br               ) [ 000]
add_ln132                          (add              ) [ 000]
zext_ln132                         (zext             ) [ 000]
top_clusters_et_addr               (getelementptr    ) [ 011]
top_clusters_isolation_et_addr     (getelementptr    ) [ 011]
top_clusters_eta_addr              (getelementptr    ) [ 011]
top_clusters_phi_addr              (getelementptr    ) [ 011]
top_clusters_window_size_addr      (getelementptr    ) [ 011]
top_clusters_iso_outer_size_addr   (getelementptr    ) [ 011]
top_clusters_valid_addr            (getelementptr    ) [ 011]
store_ln131                        (store            ) [ 000]
zext_ln131                         (zext             ) [ 000]
specpipeline_ln131                 (specpipeline     ) [ 000]
speclooptripcount_ln131            (speclooptripcount) [ 000]
specloopname_ln131                 (specloopname     ) [ 000]
top_clusters_et_addr_1             (getelementptr    ) [ 000]
top_clusters_isolation_et_addr_1   (getelementptr    ) [ 000]
top_clusters_eta_addr_1            (getelementptr    ) [ 000]
top_clusters_phi_addr_1            (getelementptr    ) [ 000]
top_clusters_window_size_addr_1    (getelementptr    ) [ 000]
top_clusters_iso_outer_size_addr_1 (getelementptr    ) [ 000]
top_clusters_et_load               (load             ) [ 000]
top_clusters_isolation_et_load     (load             ) [ 000]
top_clusters_eta_load              (load             ) [ 000]
top_clusters_phi_load              (load             ) [ 000]
top_clusters_window_size_load      (load             ) [ 000]
top_clusters_iso_outer_size_load   (load             ) [ 000]
top_clusters_valid_load            (load             ) [ 000]
store_ln132                        (store            ) [ 000]
store_ln132                        (store            ) [ 000]
store_ln132                        (store            ) [ 000]
store_ln132                        (store            ) [ 000]
store_ln132                        (store            ) [ 000]
store_ln132                        (store            ) [ 000]
top_clusters_valid_addr_1          (getelementptr    ) [ 000]
store_ln132                        (store            ) [ 000]
br_ln131                           (br               ) [ 000]
ret_ln0                            (ret              ) [ 000]
</LifeTime>

<model>

<comp_list>
<comp id="0" class="1000" name="empty">
<pin_list>
<pin id="1" dir="1" index="0" bw="1" slack="0"/>
</pin_list>
<bind>
<StgValue><ssdm name="empty"/></StgValue>
</bind>
</comp>

<comp id="2" class="1000" name="top_clusters_et">
<pin_list>
<pin id="3" dir="1" index="0" bw="1" slack="0"/>
</pin_list>
<bind>
<StgValue><ssdm name="top_clusters_et"/><MemPortTyVec>0 1 </MemPortTyVec>
</StgValue>
</bind>
</comp>

<comp id="4" class="1000" name="top_clusters_isolation_et">
<pin_list>
<pin id="5" dir="1" index="0" bw="1" slack="0"/>
</pin_list>
<bind>
<StgValue><ssdm name="top_clusters_isolation_et"/><MemPortTyVec>0 1 </MemPortTyVec>
</StgValue>
</bind>
</comp>

<comp id="6" class="1000" name="top_clusters_eta">
<pin_list>
<pin id="7" dir="1" index="0" bw="1" slack="0"/>
</pin_list>
<bind>
<StgValue><ssdm name="top_clusters_eta"/><MemPortTyVec>0 1 </MemPortTyVec>
</StgValue>
</bind>
</comp>

<comp id="8" class="1000" name="top_clusters_phi">
<pin_list>
<pin id="9" dir="1" index="0" bw="1" slack="0"/>
</pin_list>
<bind>
<StgValue><ssdm name="top_clusters_phi"/><MemPortTyVec>0 1 </MemPortTyVec>
</StgValue>
</bind>
</comp>

<comp id="10" class="1000" name="top_clusters_window_size">
<pin_list>
<pin id="11" dir="1" index="0" bw="1" slack="0"/>
</pin_list>
<bind>
<StgValue><ssdm name="top_clusters_window_size"/><MemPortTyVec>0 1 </MemPortTyVec>
</StgValue>
</bind>
</comp>

<comp id="12" class="1000" name="top_clusters_iso_outer_size">
<pin_list>
<pin id="13" dir="1" index="0" bw="1" slack="0"/>
</pin_list>
<bind>
<StgValue><ssdm name="top_clusters_iso_outer_size"/><MemPortTyVec>0 1 </MemPortTyVec>
</StgValue>
</bind>
</comp>

<comp id="14" class="1000" name="top_clusters_valid">
<pin_list>
<pin id="15" dir="1" index="0" bw="1" slack="0"/>
</pin_list>
<bind>
<StgValue><ssdm name="top_clusters_valid"/><MemPortTyVec>0 1 </MemPortTyVec>
</StgValue>
</bind>
</comp>

<comp id="16" class="1001" name="const_16">
<pin_list>
<pin id="17" dir="1" index="0" bw="1" slack="0"/>
</pin_list>
<bind>
<StgValue><ssdm name=""/></StgValue>
</bind>
</comp>

<comp id="18" class="1001" name="const_18">
<pin_list>
<pin id="19" dir="1" index="0" bw="1" slack="0"/>
</pin_list>
<bind>
<StgValue><ssdm name="_ssdm_op_Read.ap_auto.i3"/></StgValue>
</bind>
</comp>

<comp id="20" class="1001" name="const_20">
<pin_list>
<pin id="21" dir="1" index="0" bw="1" slack="0"/>
</pin_list>
<bind>
<StgValue><ssdm name=""/></StgValue>
</bind>
</comp>

<comp id="22" class="1001" name="const_22">
<pin_list>
<pin id="23" dir="1" index="0" bw="1" slack="0"/>
</pin_list>
<bind>
<StgValue><ssdm name=""/></StgValue>
</bind>
</comp>

<comp id="24" class="1001" name="const_24">
<pin_list>
<pin id="25" dir="1" index="0" bw="1" slack="2147483647"/>
</pin_list>
<bind>
<StgValue><ssdm name="_ssdm_op_SpecPipeline"/></StgValue>
</bind>
</comp>

<comp id="26" class="1001" name="const_26">
<pin_list>
<pin id="27" dir="1" index="0" bw="1" slack="2147483647"/>
</pin_list>
<bind>
<StgValue><ssdm name=""/></StgValue>
</bind>
</comp>

<comp id="28" class="1001" name="const_28">
<pin_list>
<pin id="29" dir="1" index="0" bw="1" slack="2147483647"/>
</pin_list>
<bind>
<StgValue><ssdm name=""/></StgValue>
</bind>
</comp>

<comp id="30" class="1001" name="const_30">
<pin_list>
<pin id="31" dir="1" index="0" bw="1" slack="2147483647"/>
</pin_list>
<bind>
<StgValue><ssdm name="empty_0"/></StgValue>
</bind>
</comp>

<comp id="32" class="1001" name="const_32">
<pin_list>
<pin id="33" dir="1" index="0" bw="1" slack="2147483647"/>
</pin_list>
<bind>
<StgValue><ssdm name="_ssdm_op_SpecLoopTripCount"/></StgValue>
</bind>
</comp>

<comp id="34" class="1001" name="const_34">
<pin_list>
<pin id="35" dir="1" index="0" bw="1" slack="2147483647"/>
</pin_list>
<bind>
<StgValue><ssdm name=""/></StgValue>
</bind>
</comp>

<comp id="36" class="1001" name="const_36">
<pin_list>
<pin id="37" dir="1" index="0" bw="1" slack="2147483647"/>
</pin_list>
<bind>
<StgValue><ssdm name=""/></StgValue>
</bind>
</comp>

<comp id="38" class="1001" name="const_38">
<pin_list>
<pin id="39" dir="1" index="0" bw="1" slack="2147483647"/>
</pin_list>
<bind>
<StgValue><ssdm name="_ssdm_op_SpecLoopName"/></StgValue>
</bind>
</comp>

<comp id="40" class="1001" name="const_40">
<pin_list>
<pin id="41" dir="1" index="0" bw="1" slack="2147483647"/>
</pin_list>
<bind>
<StgValue><ssdm name="empty_5"/></StgValue>
</bind>
</comp>

<comp id="42" class="1004" name="k_fu_42">
<pin_list>
<pin id="43" dir="0" index="0" bw="1" slack="0"/>
<pin id="44" dir="1" index="1" bw="3" slack="0"/>
</pin_list>
<bind>
<opcode="alloca(26) " fcode="alloca"/>
<opset="k/1 "/>
</bind>
</comp>

<comp id="46" class="1004" name="tmp_read_fu_46">
<pin_list>
<pin id="47" dir="0" index="0" bw="3" slack="0"/>
<pin id="48" dir="0" index="1" bw="3" slack="0"/>
<pin id="49" dir="1" index="2" bw="3" slack="0"/>
</pin_list>
<bind>
<opcode="read(1150) " fcode="read"/>
<opset="tmp/1 "/>
</bind>
</comp>

<comp id="52" class="1004" name="top_clusters_et_addr_gep_fu_52">
<pin_list>
<pin id="53" dir="0" index="0" bw="16" slack="0"/>
<pin id="54" dir="0" index="1" bw="1" slack="0"/>
<pin id="55" dir="0" index="2" bw="3" slack="0"/>
<pin id="56" dir="1" index="3" bw="3" slack="0"/>
</pin_list>
<bind>
<opcode="getelementptr(29) " fcode="getelementptr"/>
<opset="top_clusters_et_addr/1 "/>
</bind>
</comp>

<comp id="59" class="1004" name="top_clusters_isolation_et_addr_gep_fu_59">
<pin_list>
<pin id="60" dir="0" index="0" bw="18" slack="0"/>
<pin id="61" dir="0" index="1" bw="1" slack="0"/>
<pin id="62" dir="0" index="2" bw="3" slack="0"/>
<pin id="63" dir="1" index="3" bw="3" slack="0"/>
</pin_list>
<bind>
<opcode="getelementptr(29) " fcode="getelementptr"/>
<opset="top_clusters_isolation_et_addr/1 "/>
</bind>
</comp>

<comp id="66" class="1004" name="top_clusters_eta_addr_gep_fu_66">
<pin_list>
<pin id="67" dir="0" index="0" bw="5" slack="0"/>
<pin id="68" dir="0" index="1" bw="1" slack="0"/>
<pin id="69" dir="0" index="2" bw="3" slack="0"/>
<pin id="70" dir="1" index="3" bw="3" slack="0"/>
</pin_list>
<bind>
<opcode="getelementptr(29) " fcode="getelementptr"/>
<opset="top_clusters_eta_addr/1 "/>
</bind>
</comp>

<comp id="73" class="1004" name="top_clusters_phi_addr_gep_fu_73">
<pin_list>
<pin id="74" dir="0" index="0" bw="6" slack="0"/>
<pin id="75" dir="0" index="1" bw="1" slack="0"/>
<pin id="76" dir="0" index="2" bw="3" slack="0"/>
<pin id="77" dir="1" index="3" bw="3" slack="0"/>
</pin_list>
<bind>
<opcode="getelementptr(29) " fcode="getelementptr"/>
<opset="top_clusters_phi_addr/1 "/>
</bind>
</comp>

<comp id="80" class="1004" name="top_clusters_window_size_addr_gep_fu_80">
<pin_list>
<pin id="81" dir="0" index="0" bw="2" slack="0"/>
<pin id="82" dir="0" index="1" bw="1" slack="0"/>
<pin id="83" dir="0" index="2" bw="3" slack="0"/>
<pin id="84" dir="1" index="3" bw="3" slack="0"/>
</pin_list>
<bind>
<opcode="getelementptr(29) " fcode="getelementptr"/>
<opset="top_clusters_window_size_addr/1 "/>
</bind>
</comp>

<comp id="87" class="1004" name="top_clusters_iso_outer_size_addr_gep_fu_87">
<pin_list>
<pin id="88" dir="0" index="0" bw="3" slack="0"/>
<pin id="89" dir="0" index="1" bw="1" slack="0"/>
<pin id="90" dir="0" index="2" bw="3" slack="0"/>
<pin id="91" dir="1" index="3" bw="3" slack="0"/>
</pin_list>
<bind>
<opcode="getelementptr(29) " fcode="getelementptr"/>
<opset="top_clusters_iso_outer_size_addr/1 "/>
</bind>
</comp>

<comp id="94" class="1004" name="grp_access_fu_94">
<pin_list>
<pin id="95" dir="0" index="0" bw="3" slack="0"/>
<pin id="96" dir="0" index="1" bw="16" slack="0"/>
<pin id="97" dir="0" index="2" bw="0" slack="0"/>
<pin id="99" dir="0" index="4" bw="3" slack="2147483647"/>
<pin id="100" dir="0" index="5" bw="16" slack="2147483647"/>
<pin id="101" dir="0" index="6" bw="0" slack="2147483647"/>
<pin id="98" dir="1" index="3" bw="16" slack="2147483647"/>
<pin id="102" dir="1" index="7" bw="16" slack="0"/>
</pin_list>
<bind>
<opcode="load(27) store(28) " fcode="store"/>
<opset="top_clusters_et_load/1 store_ln132/2 "/>
</bind>
</comp>

<comp id="104" class="1004" name="grp_access_fu_104">
<pin_list>
<pin id="105" dir="0" index="0" bw="3" slack="0"/>
<pin id="106" dir="0" index="1" bw="18" slack="0"/>
<pin id="107" dir="0" index="2" bw="0" slack="0"/>
<pin id="109" dir="0" index="4" bw="3" slack="2147483647"/>
<pin id="110" dir="0" index="5" bw="18" slack="2147483647"/>
<pin id="111" dir="0" index="6" bw="0" slack="2147483647"/>
<pin id="108" dir="1" index="3" bw="18" slack="2147483647"/>
<pin id="112" dir="1" index="7" bw="18" slack="0"/>
</pin_list>
<bind>
<opcode="load(27) store(28) " fcode="store"/>
<opset="top_clusters_isolation_et_load/1 store_ln132/2 "/>
</bind>
</comp>

<comp id="114" class="1004" name="grp_access_fu_114">
<pin_list>
<pin id="115" dir="0" index="0" bw="3" slack="0"/>
<pin id="116" dir="0" index="1" bw="5" slack="0"/>
<pin id="117" dir="0" index="2" bw="0" slack="0"/>
<pin id="119" dir="0" index="4" bw="3" slack="2147483647"/>
<pin id="120" dir="0" index="5" bw="5" slack="2147483647"/>
<pin id="121" dir="0" index="6" bw="0" slack="2147483647"/>
<pin id="118" dir="1" index="3" bw="5" slack="2147483647"/>
<pin id="122" dir="1" index="7" bw="5" slack="0"/>
</pin_list>
<bind>
<opcode="load(27) store(28) " fcode="store"/>
<opset="top_clusters_eta_load/1 store_ln132/2 "/>
</bind>
</comp>

<comp id="124" class="1004" name="grp_access_fu_124">
<pin_list>
<pin id="125" dir="0" index="0" bw="3" slack="0"/>
<pin id="126" dir="0" index="1" bw="6" slack="0"/>
<pin id="127" dir="0" index="2" bw="0" slack="0"/>
<pin id="129" dir="0" index="4" bw="3" slack="2147483647"/>
<pin id="130" dir="0" index="5" bw="6" slack="2147483647"/>
<pin id="131" dir="0" index="6" bw="0" slack="2147483647"/>
<pin id="128" dir="1" index="3" bw="6" slack="2147483647"/>
<pin id="132" dir="1" index="7" bw="6" slack="0"/>
</pin_list>
<bind>
<opcode="load(27) store(28) " fcode="store"/>
<opset="top_clusters_phi_load/1 store_ln132/2 "/>
</bind>
</comp>

<comp id="134" class="1004" name="grp_access_fu_134">
<pin_list>
<pin id="135" dir="0" index="0" bw="3" slack="0"/>
<pin id="136" dir="0" index="1" bw="2" slack="0"/>
<pin id="137" dir="0" index="2" bw="0" slack="0"/>
<pin id="139" dir="0" index="4" bw="3" slack="2147483647"/>
<pin id="140" dir="0" index="5" bw="2" slack="2147483647"/>
<pin id="141" dir="0" index="6" bw="0" slack="2147483647"/>
<pin id="138" dir="1" index="3" bw="2" slack="2147483647"/>
<pin id="142" dir="1" index="7" bw="2" slack="0"/>
</pin_list>
<bind>
<opcode="load(27) store(28) " fcode="store"/>
<opset="top_clusters_window_size_load/1 store_ln132/2 "/>
</bind>
</comp>

<comp id="144" class="1004" name="grp_access_fu_144">
<pin_list>
<pin id="145" dir="0" index="0" bw="3" slack="0"/>
<pin id="146" dir="0" index="1" bw="3" slack="0"/>
<pin id="147" dir="0" index="2" bw="0" slack="0"/>
<pin id="149" dir="0" index="4" bw="3" slack="2147483647"/>
<pin id="150" dir="0" index="5" bw="3" slack="2147483647"/>
<pin id="151" dir="0" index="6" bw="0" slack="2147483647"/>
<pin id="148" dir="1" index="3" bw="3" slack="2147483647"/>
<pin id="152" dir="1" index="7" bw="3" slack="0"/>
</pin_list>
<bind>
<opcode="load(27) store(28) " fcode="store"/>
<opset="top_clusters_iso_outer_size_load/1 store_ln132/2 "/>
</bind>
</comp>

<comp id="154" class="1004" name="top_clusters_valid_addr_gep_fu_154">
<pin_list>
<pin id="155" dir="0" index="0" bw="1" slack="0"/>
<pin id="156" dir="0" index="1" bw="1" slack="0"/>
<pin id="157" dir="0" index="2" bw="3" slack="0"/>
<pin id="158" dir="1" index="3" bw="3" slack="0"/>
</pin_list>
<bind>
<opcode="getelementptr(29) " fcode="getelementptr"/>
<opset="top_clusters_valid_addr/1 "/>
</bind>
</comp>

<comp id="161" class="1004" name="grp_access_fu_161">
<pin_list>
<pin id="162" dir="0" index="0" bw="3" slack="0"/>
<pin id="163" dir="0" index="1" bw="1" slack="0"/>
<pin id="164" dir="0" index="2" bw="0" slack="0"/>
<pin id="166" dir="0" index="4" bw="3" slack="2147483647"/>
<pin id="167" dir="0" index="5" bw="1" slack="2147483647"/>
<pin id="168" dir="0" index="6" bw="0" slack="2147483647"/>
<pin id="165" dir="1" index="3" bw="1" slack="2147483647"/>
<pin id="169" dir="1" index="7" bw="1" slack="0"/>
</pin_list>
<bind>
<opcode="load(27) store(28) " fcode="store"/>
<opset="top_clusters_valid_load/1 store_ln132/2 "/>
</bind>
</comp>

<comp id="171" class="1004" name="top_clusters_et_addr_1_gep_fu_171">
<pin_list>
<pin id="172" dir="0" index="0" bw="16" slack="0"/>
<pin id="173" dir="0" index="1" bw="1" slack="0"/>
<pin id="174" dir="0" index="2" bw="3" slack="0"/>
<pin id="175" dir="1" index="3" bw="3" slack="0"/>
</pin_list>
<bind>
<opcode="getelementptr(29) " fcode="getelementptr"/>
<opset="top_clusters_et_addr_1/2 "/>
</bind>
</comp>

<comp id="178" class="1004" name="top_clusters_isolation_et_addr_1_gep_fu_178">
<pin_list>
<pin id="179" dir="0" index="0" bw="18" slack="0"/>
<pin id="180" dir="0" index="1" bw="1" slack="0"/>
<pin id="181" dir="0" index="2" bw="3" slack="0"/>
<pin id="182" dir="1" index="3" bw="3" slack="0"/>
</pin_list>
<bind>
<opcode="getelementptr(29) " fcode="getelementptr"/>
<opset="top_clusters_isolation_et_addr_1/2 "/>
</bind>
</comp>

<comp id="185" class="1004" name="top_clusters_eta_addr_1_gep_fu_185">
<pin_list>
<pin id="186" dir="0" index="0" bw="5" slack="0"/>
<pin id="187" dir="0" index="1" bw="1" slack="0"/>
<pin id="188" dir="0" index="2" bw="3" slack="0"/>
<pin id="189" dir="1" index="3" bw="3" slack="0"/>
</pin_list>
<bind>
<opcode="getelementptr(29) " fcode="getelementptr"/>
<opset="top_clusters_eta_addr_1/2 "/>
</bind>
</comp>

<comp id="192" class="1004" name="top_clusters_phi_addr_1_gep_fu_192">
<pin_list>
<pin id="193" dir="0" index="0" bw="6" slack="0"/>
<pin id="194" dir="0" index="1" bw="1" slack="0"/>
<pin id="195" dir="0" index="2" bw="3" slack="0"/>
<pin id="196" dir="1" index="3" bw="3" slack="0"/>
</pin_list>
<bind>
<opcode="getelementptr(29) " fcode="getelementptr"/>
<opset="top_clusters_phi_addr_1/2 "/>
</bind>
</comp>

<comp id="199" class="1004" name="top_clusters_window_size_addr_1_gep_fu_199">
<pin_list>
<pin id="200" dir="0" index="0" bw="2" slack="0"/>
<pin id="201" dir="0" index="1" bw="1" slack="0"/>
<pin id="202" dir="0" index="2" bw="3" slack="0"/>
<pin id="203" dir="1" index="3" bw="3" slack="0"/>
</pin_list>
<bind>
<opcode="getelementptr(29) " fcode="getelementptr"/>
<opset="top_clusters_window_size_addr_1/2 "/>
</bind>
</comp>

<comp id="206" class="1004" name="top_clusters_iso_outer_size_addr_1_gep_fu_206">
<pin_list>
<pin id="207" dir="0" index="0" bw="3" slack="0"/>
<pin id="208" dir="0" index="1" bw="1" slack="0"/>
<pin id="209" dir="0" index="2" bw="3" slack="0"/>
<pin id="210" dir="1" index="3" bw="3" slack="0"/>
</pin_list>
<bind>
<opcode="getelementptr(29) " fcode="getelementptr"/>
<opset="top_clusters_iso_outer_size_addr_1/2 "/>
</bind>
</comp>

<comp id="225" class="1004" name="top_clusters_valid_addr_1_gep_fu_225">
<pin_list>
<pin id="226" dir="0" index="0" bw="1" slack="0"/>
<pin id="227" dir="0" index="1" bw="1" slack="0"/>
<pin id="228" dir="0" index="2" bw="3" slack="0"/>
<pin id="229" dir="1" index="3" bw="3" slack="0"/>
</pin_list>
<bind>
<opcode="getelementptr(29) " fcode="getelementptr"/>
<opset="top_clusters_valid_addr_1/2 "/>
</bind>
</comp>

<comp id="234" class="1004" name="store_ln131_store_fu_234">
<pin_list>
<pin id="235" dir="0" index="0" bw="1" slack="0"/>
<pin id="236" dir="0" index="1" bw="3" slack="0"/>
<pin id="237" dir="1" index="2" bw="0" slack="2147483647"/>
</pin_list>
<bind>
<opcode="store(28) " fcode="store"/>
<opset="store_ln131/1 "/>
</bind>
</comp>

<comp id="239" class="1004" name="k_1_load_fu_239">
<pin_list>
<pin id="240" dir="0" index="0" bw="3" slack="0"/>
<pin id="241" dir="1" index="1" bw="3" slack="0"/>
</pin_list>
<bind>
<opcode="load(27) " fcode="load"/>
<opset="k_1/1 "/>
</bind>
</comp>

<comp id="242" class="1004" name="icmp_ln131_fu_242">
<pin_list>
<pin id="243" dir="0" index="0" bw="3" slack="0"/>
<pin id="244" dir="0" index="1" bw="3" slack="0"/>
<pin id="245" dir="1" index="2" bw="1" slack="2147483647"/>
</pin_list>
<bind>
<opcode="icmp(45) " fcode="icmp"/>
<opset="icmp_ln131/1 "/>
</bind>
</comp>

<comp id="248" class="1004" name="add_ln132_fu_248">
<pin_list>
<pin id="249" dir="0" index="0" bw="3" slack="0"/>
<pin id="250" dir="0" index="1" bw="1" slack="0"/>
<pin id="251" dir="1" index="2" bw="3" slack="0"/>
</pin_list>
<bind>
<opcode="add(8) " fcode="add"/>
<opset="add_ln132/1 "/>
</bind>
</comp>

<comp id="254" class="1004" name="zext_ln132_fu_254">
<pin_list>
<pin id="255" dir="0" index="0" bw="3" slack="0"/>
<pin id="256" dir="1" index="1" bw="64" slack="0"/>
</pin_list>
<bind>
<opcode="zext(34) " fcode="zext"/>
<opset="zext_ln132/1 "/>
</bind>
</comp>

<comp id="265" class="1004" name="store_ln131_store_fu_265">
<pin_list>
<pin id="266" dir="0" index="0" bw="3" slack="0"/>
<pin id="267" dir="0" index="1" bw="3" slack="0"/>
<pin id="268" dir="1" index="2" bw="0" slack="2147483647"/>
</pin_list>
<bind>
<opcode="store(28) " fcode="store"/>
<opset="store_ln131/1 "/>
</bind>
</comp>

<comp id="270" class="1004" name="zext_ln131_fu_270">
<pin_list>
<pin id="271" dir="0" index="0" bw="3" slack="1"/>
<pin id="272" dir="1" index="1" bw="64" slack="0"/>
</pin_list>
<bind>
<opcode="zext(34) " fcode="zext"/>
<opset="zext_ln131/2 "/>
</bind>
</comp>

<comp id="280" class="1005" name="k_reg_280">
<pin_list>
<pin id="281" dir="0" index="0" bw="3" slack="0"/>
<pin id="282" dir="1" index="1" bw="3" slack="0"/>
</pin_list>
<bind>
<opset="k "/>
</bind>
</comp>

<comp id="287" class="1005" name="k_1_reg_287">
<pin_list>
<pin id="288" dir="0" index="0" bw="3" slack="1"/>
<pin id="289" dir="1" index="1" bw="3" slack="1"/>
</pin_list>
<bind>
<opset="k_1 "/>
</bind>
</comp>

<comp id="295" class="1005" name="top_clusters_et_addr_reg_295">
<pin_list>
<pin id="296" dir="0" index="0" bw="3" slack="1"/>
<pin id="297" dir="1" index="1" bw="3" slack="1"/>
</pin_list>
<bind>
<opset="top_clusters_et_addr "/>
</bind>
</comp>

<comp id="300" class="1005" name="top_clusters_isolation_et_addr_reg_300">
<pin_list>
<pin id="301" dir="0" index="0" bw="3" slack="1"/>
<pin id="302" dir="1" index="1" bw="3" slack="1"/>
</pin_list>
<bind>
<opset="top_clusters_isolation_et_addr "/>
</bind>
</comp>

<comp id="305" class="1005" name="top_clusters_eta_addr_reg_305">
<pin_list>
<pin id="306" dir="0" index="0" bw="3" slack="1"/>
<pin id="307" dir="1" index="1" bw="3" slack="1"/>
</pin_list>
<bind>
<opset="top_clusters_eta_addr "/>
</bind>
</comp>

<comp id="310" class="1005" name="top_clusters_phi_addr_reg_310">
<pin_list>
<pin id="311" dir="0" index="0" bw="3" slack="1"/>
<pin id="312" dir="1" index="1" bw="3" slack="1"/>
</pin_list>
<bind>
<opset="top_clusters_phi_addr "/>
</bind>
</comp>

<comp id="315" class="1005" name="top_clusters_window_size_addr_reg_315">
<pin_list>
<pin id="316" dir="0" index="0" bw="3" slack="1"/>
<pin id="317" dir="1" index="1" bw="3" slack="1"/>
</pin_list>
<bind>
<opset="top_clusters_window_size_addr "/>
</bind>
</comp>

<comp id="320" class="1005" name="top_clusters_iso_outer_size_addr_reg_320">
<pin_list>
<pin id="321" dir="0" index="0" bw="3" slack="1"/>
<pin id="322" dir="1" index="1" bw="3" slack="1"/>
</pin_list>
<bind>
<opset="top_clusters_iso_outer_size_addr "/>
</bind>
</comp>

<comp id="325" class="1005" name="top_clusters_valid_addr_reg_325">
<pin_list>
<pin id="326" dir="0" index="0" bw="3" slack="1"/>
<pin id="327" dir="1" index="1" bw="3" slack="1"/>
</pin_list>
<bind>
<opset="top_clusters_valid_addr "/>
</bind>
</comp>

</comp_list>

<net_list>
<net id="45"><net_src comp="16" pin="0"/><net_sink comp="42" pin=0"/></net>

<net id="50"><net_src comp="18" pin="0"/><net_sink comp="46" pin=0"/></net>

<net id="51"><net_src comp="0" pin="0"/><net_sink comp="46" pin=1"/></net>

<net id="57"><net_src comp="2" pin="0"/><net_sink comp="52" pin=0"/></net>

<net id="58"><net_src comp="22" pin="0"/><net_sink comp="52" pin=1"/></net>

<net id="64"><net_src comp="4" pin="0"/><net_sink comp="59" pin=0"/></net>

<net id="65"><net_src comp="22" pin="0"/><net_sink comp="59" pin=1"/></net>

<net id="71"><net_src comp="6" pin="0"/><net_sink comp="66" pin=0"/></net>

<net id="72"><net_src comp="22" pin="0"/><net_sink comp="66" pin=1"/></net>

<net id="78"><net_src comp="8" pin="0"/><net_sink comp="73" pin=0"/></net>

<net id="79"><net_src comp="22" pin="0"/><net_sink comp="73" pin=1"/></net>

<net id="85"><net_src comp="10" pin="0"/><net_sink comp="80" pin=0"/></net>

<net id="86"><net_src comp="22" pin="0"/><net_sink comp="80" pin=1"/></net>

<net id="92"><net_src comp="12" pin="0"/><net_sink comp="87" pin=0"/></net>

<net id="93"><net_src comp="22" pin="0"/><net_sink comp="87" pin=1"/></net>

<net id="103"><net_src comp="52" pin="3"/><net_sink comp="94" pin=2"/></net>

<net id="113"><net_src comp="59" pin="3"/><net_sink comp="104" pin=2"/></net>

<net id="123"><net_src comp="66" pin="3"/><net_sink comp="114" pin=2"/></net>

<net id="133"><net_src comp="73" pin="3"/><net_sink comp="124" pin=2"/></net>

<net id="143"><net_src comp="80" pin="3"/><net_sink comp="134" pin=2"/></net>

<net id="153"><net_src comp="87" pin="3"/><net_sink comp="144" pin=2"/></net>

<net id="159"><net_src comp="14" pin="0"/><net_sink comp="154" pin=0"/></net>

<net id="160"><net_src comp="22" pin="0"/><net_sink comp="154" pin=1"/></net>

<net id="170"><net_src comp="154" pin="3"/><net_sink comp="161" pin=2"/></net>

<net id="176"><net_src comp="2" pin="0"/><net_sink comp="171" pin=0"/></net>

<net id="177"><net_src comp="22" pin="0"/><net_sink comp="171" pin=1"/></net>

<net id="183"><net_src comp="4" pin="0"/><net_sink comp="178" pin=0"/></net>

<net id="184"><net_src comp="22" pin="0"/><net_sink comp="178" pin=1"/></net>

<net id="190"><net_src comp="6" pin="0"/><net_sink comp="185" pin=0"/></net>

<net id="191"><net_src comp="22" pin="0"/><net_sink comp="185" pin=1"/></net>

<net id="197"><net_src comp="8" pin="0"/><net_sink comp="192" pin=0"/></net>

<net id="198"><net_src comp="22" pin="0"/><net_sink comp="192" pin=1"/></net>

<net id="204"><net_src comp="10" pin="0"/><net_sink comp="199" pin=0"/></net>

<net id="205"><net_src comp="22" pin="0"/><net_sink comp="199" pin=1"/></net>

<net id="211"><net_src comp="12" pin="0"/><net_sink comp="206" pin=0"/></net>

<net id="212"><net_src comp="22" pin="0"/><net_sink comp="206" pin=1"/></net>

<net id="213"><net_src comp="94" pin="7"/><net_sink comp="94" pin=1"/></net>

<net id="214"><net_src comp="171" pin="3"/><net_sink comp="94" pin=0"/></net>

<net id="215"><net_src comp="104" pin="7"/><net_sink comp="104" pin=1"/></net>

<net id="216"><net_src comp="178" pin="3"/><net_sink comp="104" pin=0"/></net>

<net id="217"><net_src comp="114" pin="7"/><net_sink comp="114" pin=1"/></net>

<net id="218"><net_src comp="185" pin="3"/><net_sink comp="114" pin=0"/></net>

<net id="219"><net_src comp="124" pin="7"/><net_sink comp="124" pin=1"/></net>

<net id="220"><net_src comp="192" pin="3"/><net_sink comp="124" pin=0"/></net>

<net id="221"><net_src comp="134" pin="7"/><net_sink comp="134" pin=1"/></net>

<net id="222"><net_src comp="199" pin="3"/><net_sink comp="134" pin=0"/></net>

<net id="223"><net_src comp="144" pin="7"/><net_sink comp="144" pin=1"/></net>

<net id="224"><net_src comp="206" pin="3"/><net_sink comp="144" pin=0"/></net>

<net id="230"><net_src comp="14" pin="0"/><net_sink comp="225" pin=0"/></net>

<net id="231"><net_src comp="22" pin="0"/><net_sink comp="225" pin=1"/></net>

<net id="232"><net_src comp="161" pin="7"/><net_sink comp="161" pin=1"/></net>

<net id="233"><net_src comp="225" pin="3"/><net_sink comp="161" pin=0"/></net>

<net id="238"><net_src comp="20" pin="0"/><net_sink comp="234" pin=0"/></net>

<net id="246"><net_src comp="239" pin="1"/><net_sink comp="242" pin=0"/></net>

<net id="247"><net_src comp="46" pin="2"/><net_sink comp="242" pin=1"/></net>

<net id="252"><net_src comp="239" pin="1"/><net_sink comp="248" pin=0"/></net>

<net id="253"><net_src comp="20" pin="0"/><net_sink comp="248" pin=1"/></net>

<net id="257"><net_src comp="248" pin="2"/><net_sink comp="254" pin=0"/></net>

<net id="258"><net_src comp="254" pin="1"/><net_sink comp="52" pin=2"/></net>

<net id="259"><net_src comp="254" pin="1"/><net_sink comp="59" pin=2"/></net>

<net id="260"><net_src comp="254" pin="1"/><net_sink comp="66" pin=2"/></net>

<net id="261"><net_src comp="254" pin="1"/><net_sink comp="73" pin=2"/></net>

<net id="262"><net_src comp="254" pin="1"/><net_sink comp="80" pin=2"/></net>

<net id="263"><net_src comp="254" pin="1"/><net_sink comp="87" pin=2"/></net>

<net id="264"><net_src comp="254" pin="1"/><net_sink comp="154" pin=2"/></net>

<net id="269"><net_src comp="248" pin="2"/><net_sink comp="265" pin=0"/></net>

<net id="273"><net_src comp="270" pin="1"/><net_sink comp="171" pin=2"/></net>

<net id="274"><net_src comp="270" pin="1"/><net_sink comp="178" pin=2"/></net>

<net id="275"><net_src comp="270" pin="1"/><net_sink comp="185" pin=2"/></net>

<net id="276"><net_src comp="270" pin="1"/><net_sink comp="192" pin=2"/></net>

<net id="277"><net_src comp="270" pin="1"/><net_sink comp="199" pin=2"/></net>

<net id="278"><net_src comp="270" pin="1"/><net_sink comp="206" pin=2"/></net>

<net id="279"><net_src comp="270" pin="1"/><net_sink comp="225" pin=2"/></net>

<net id="283"><net_src comp="42" pin="1"/><net_sink comp="280" pin=0"/></net>

<net id="284"><net_src comp="280" pin="1"/><net_sink comp="234" pin=1"/></net>

<net id="285"><net_src comp="280" pin="1"/><net_sink comp="239" pin=0"/></net>

<net id="286"><net_src comp="280" pin="1"/><net_sink comp="265" pin=1"/></net>

<net id="290"><net_src comp="239" pin="1"/><net_sink comp="287" pin=0"/></net>

<net id="291"><net_src comp="287" pin="1"/><net_sink comp="270" pin=0"/></net>

<net id="298"><net_src comp="52" pin="3"/><net_sink comp="295" pin=0"/></net>

<net id="299"><net_src comp="295" pin="1"/><net_sink comp="94" pin=2"/></net>

<net id="303"><net_src comp="59" pin="3"/><net_sink comp="300" pin=0"/></net>

<net id="304"><net_src comp="300" pin="1"/><net_sink comp="104" pin=2"/></net>

<net id="308"><net_src comp="66" pin="3"/><net_sink comp="305" pin=0"/></net>

<net id="309"><net_src comp="305" pin="1"/><net_sink comp="114" pin=2"/></net>

<net id="313"><net_src comp="73" pin="3"/><net_sink comp="310" pin=0"/></net>

<net id="314"><net_src comp="310" pin="1"/><net_sink comp="124" pin=2"/></net>

<net id="318"><net_src comp="80" pin="3"/><net_sink comp="315" pin=0"/></net>

<net id="319"><net_src comp="315" pin="1"/><net_sink comp="134" pin=2"/></net>

<net id="323"><net_src comp="87" pin="3"/><net_sink comp="320" pin=0"/></net>

<net id="324"><net_src comp="320" pin="1"/><net_sink comp="144" pin=2"/></net>

<net id="328"><net_src comp="154" pin="3"/><net_sink comp="325" pin=0"/></net>

<net id="329"><net_src comp="325" pin="1"/><net_sink comp="161" pin=2"/></net>

</net_list>

</model> 
---------------- Datapath Model END ------------------

* FSMD analyzer results:
  - Output states:
	Port: top_clusters_et | {2 }
	Port: top_clusters_isolation_et | {2 }
	Port: top_clusters_eta | {2 }
	Port: top_clusters_phi | {2 }
	Port: top_clusters_window_size | {2 }
	Port: top_clusters_iso_outer_size | {2 }
	Port: top_clusters_valid | {2 }
 - Input state : 
	Port: select_top_n_Pipeline_VITIS_LOOP_131_4 : empty | {1 }
	Port: select_top_n_Pipeline_VITIS_LOOP_131_4 : top_clusters_et | {1 2 }
	Port: select_top_n_Pipeline_VITIS_LOOP_131_4 : top_clusters_isolation_et | {1 2 }
	Port: select_top_n_Pipeline_VITIS_LOOP_131_4 : top_clusters_eta | {1 2 }
	Port: select_top_n_Pipeline_VITIS_LOOP_131_4 : top_clusters_phi | {1 2 }
	Port: select_top_n_Pipeline_VITIS_LOOP_131_4 : top_clusters_window_size | {1 2 }
	Port: select_top_n_Pipeline_VITIS_LOOP_131_4 : top_clusters_iso_outer_size | {1 2 }
	Port: select_top_n_Pipeline_VITIS_LOOP_131_4 : top_clusters_valid | {1 2 }
  - Chain level:
	State 1
		store_ln131 : 1
		k_1 : 1
		icmp_ln131 : 2
		br_ln131 : 3
		add_ln132 : 2
		zext_ln132 : 3
		top_clusters_et_addr : 4
		top_clusters_isolation_et_addr : 4
		top_clusters_eta_addr : 4
		top_clusters_phi_addr : 4
		top_clusters_window_size_addr : 4
		top_clusters_iso_outer_size_addr : 4
		top_clusters_et_load : 5
		top_clusters_isolation_et_load : 5
		top_clusters_eta_load : 5
		top_clusters_phi_load : 5
		top_clusters_window_size_load : 5
		top_clusters_iso_outer_size_load : 5
		top_clusters_valid_addr : 4
		top_clusters_valid_load : 5
		store_ln131 : 3
	State 2
		top_clusters_et_addr_1 : 1
		top_clusters_isolation_et_addr_1 : 1
		top_clusters_eta_addr_1 : 1
		top_clusters_phi_addr_1 : 1
		top_clusters_window_size_addr_1 : 1
		top_clusters_iso_outer_size_addr_1 : 1
		store_ln132 : 2
		store_ln132 : 2
		store_ln132 : 2
		store_ln132 : 2
		store_ln132 : 2
		store_ln132 : 2
		top_clusters_valid_addr_1 : 1
		store_ln132 : 2


============================================================
+ Verbose Summary: Datapath Resource usage 
============================================================

* Functional unit list:
|----------|-------------------|---------|---------|
| Operation|  Functional Unit  |    FF   |   LUT   |
|----------|-------------------|---------|---------|
|   icmp   | icmp_ln131_fu_242 |    0    |    10   |
|----------|-------------------|---------|---------|
|    add   |  add_ln132_fu_248 |    0    |    10   |
|----------|-------------------|---------|---------|
|   read   |   tmp_read_fu_46  |    0    |    0    |
|----------|-------------------|---------|---------|
|   zext   | zext_ln132_fu_254 |    0    |    0    |
|          | zext_ln131_fu_270 |    0    |    0    |
|----------|-------------------|---------|---------|
|   Total  |                   |    0    |    20   |
|----------|-------------------|---------|---------|

Memories:
N/A

* Register list:
+----------------------------------------+--------+
|                                        |   FF   |
+----------------------------------------+--------+
|               k_1_reg_287              |    3   |
|                k_reg_280               |    3   |
|      top_clusters_et_addr_reg_295      |    3   |
|      top_clusters_eta_addr_reg_305     |    3   |
|top_clusters_iso_outer_size_addr_reg_320|    3   |
| top_clusters_isolation_et_addr_reg_300 |    3   |
|      top_clusters_phi_addr_reg_310     |    3   |
|     top_clusters_valid_addr_reg_325    |    3   |
|  top_clusters_window_size_addr_reg_315 |    3   |
+----------------------------------------+--------+
|                  Total                 |   27   |
+----------------------------------------+--------+

* Multiplexer (MUX) list: 
|-------------------|------|------|------|--------||---------||---------||---------|
|        Comp       |  Pin | Size |  BW  | S x BW ||  Delay  ||    FF   ||   LUT   |
|-------------------|------|------|------|--------||---------||---------||---------|
|  grp_access_fu_94 |  p2  |   2  |   0  |    0   ||    0    ||    9    |
| grp_access_fu_104 |  p2  |   2  |   0  |    0   ||    0    ||    9    |
| grp_access_fu_114 |  p2  |   2  |   0  |    0   ||    0    ||    9    |
| grp_access_fu_124 |  p2  |   2  |   0  |    0   ||    0    ||    9    |
| grp_access_fu_134 |  p2  |   2  |   0  |    0   ||    0    ||    9    |
| grp_access_fu_144 |  p2  |   2  |   0  |    0   ||    0    ||    9    |
| grp_access_fu_161 |  p2  |   2  |   0  |    0   ||    0    ||    9    |
|-------------------|------|------|------|--------||---------||---------||---------|
|       Total       |      |      |      |    0   ||  2.709  ||    0    ||    63   |
|-------------------|------|------|------|--------||---------||---------||---------|



* Summary:
+-----------+--------+--------+--------+
|           |  Delay |   FF   |   LUT  |
+-----------+--------+--------+--------+
|  Function |    -   |    0   |   20   |
|   Memory  |    -   |    -   |    -   |
|Multiplexer|    2   |    0   |   63   |
|  Register |    -   |   27   |    -   |
+-----------+--------+--------+--------+
|   Total   |    2   |   27   |   83   |
+-----------+--------+--------+--------+
