

================================================================
== Vitis HLS Report for 'select_top_n_Pipeline_VITIS_LOOP_108_1'
================================================================
* Date:           Tue May 12 15:59:06 2026

* Version:        2024.1 (Build 5069499 on May 21 2024)
* Project:        calorimeter
* Solution:       solution1 (Vivado IP Flow Target)
* Product family: virtexuplus
* Target device:  xcvu13p-fsga2577-2-e


================================================================
== Performance Estimates
================================================================
+ Timing: 
    * Summary: 
    +--------+----------+----------+------------+
    |  Clock |  Target  | Estimated| Uncertainty|
    +--------+----------+----------+------------+
    |ap_clk  |  25.00 ns|  1.794 ns|     6.75 ns|
    +--------+----------+----------+------------+

+ Latency: 
    * Summary: 
    +---------+---------+----------+----------+-----+-----+-----------------------------------------------+
    |  Latency (cycles) |  Latency (absolute) |  Interval |                    Pipeline                   |
    |   min   |   max   |    min   |    max   | min | max |                      Type                     |
    +---------+---------+----------+----------+-----+-----+-----------------------------------------------+
    |       10|       10|  0.250 us|  0.250 us|    9|    9|  loop auto-rewind stp(delay=0 clock cycles(s))|
    +---------+---------+----------+----------+-----+-----+-----------------------------------------------+

    + Detail: 
        * Instance: 
        N/A

        * Loop: 
        +--------------------+---------+---------+----------+-----------+-----------+------+----------+
        |                    |  Latency (cycles) | Iteration|  Initiation Interval  | Trip |          |
        |      Loop Name     |   min   |   max   |  Latency |  achieved |   target  | Count| Pipelined|
        +--------------------+---------+---------+----------+-----------+-----------+------+----------+
        |- VITIS_LOOP_108_1  |        8|        8|         1|          1|          1|     8|       yes|
        +--------------------+---------+---------+----------+-----------+-----------+------+----------+

============================================================
+ Verbose Summary: Synthesis Manager
============================================================
InlineROM: 1
ExposeGlobal: 0
============================================================
+ Verbose Summary: CDFG Model
============================================================
IsTopModel: 0
ResetActiveHigh: 1
IsCombinational: 0
IsDatapathOnly: 0
HasWiredReturn: 1
HasMFsm: 2
HasVarLatency: 1
IsPipeline: 0
IsRtlPipelined: 0
IsInstanceOverlapped: 0
IsDontTouch: 0
HasImplIP: 0
IsGatedGlobalClock: 0

+ Individual pipeline summary: 
  * Pipeline-0: initiation interval (II) = 1, depth = 1


============================================================
+ Verbose Summary: Schedule
============================================================
* Number of FSM states : 1
* Pipeline : 1
  Pipeline-0 : II = 1, D = 1, States = { 1 }
* Dataflow Pipeline: 0

* FSM state transitions: 
1 --> 

* FSM state operations: 

State 1 <SV = 0> <Delay = 1.79>
ST_1 : Operation 4 [1/1] (0.00ns)   --->   "%i = alloca i32 1" [calorimeter.cpp:108]   --->   Operation 4 'alloca' 'i' <Predicate = true> <Delay = 0.00>
ST_1 : Operation 5 [1/1] (0.38ns)   --->   "%store_ln108 = store i4 0, i4 %i" [calorimeter.cpp:108]   --->   Operation 5 'store' 'store_ln108' <Predicate = true> <Delay = 0.38>
ST_1 : Operation 6 [1/1] (0.00ns)   --->   "%br_ln0 = br void %for.inc"   --->   Operation 6 'br' 'br_ln0' <Predicate = true> <Delay = 0.00>
ST_1 : Operation 7 [1/1] (0.00ns)   --->   "%i_1 = load i4 %i" [calorimeter.cpp:108]   --->   Operation 7 'load' 'i_1' <Predicate = true> <Delay = 0.00>
ST_1 : Operation 8 [1/1] (0.70ns)   --->   "%icmp_ln108 = icmp_eq  i4 %i_1, i4 8" [calorimeter.cpp:108]   --->   Operation 8 'icmp' 'icmp_ln108' <Predicate = true> <Delay = 0.70> <CoreInst = "Cmp">   --->   Core 9 'Cmp' <Latency = 0> <II = 1> <Delay = 0.70> <FuncUnit> <Opcode : 'seteq' 'setne' 'setle' 'setge' 'setlt' 'setgt'> <InPorts = 2> <OutPorts = 1>
ST_1 : Operation 9 [1/1] (0.70ns)   --->   "%add_ln108 = add i4 %i_1, i4 1" [calorimeter.cpp:108]   --->   Operation 9 'add' 'add_ln108' <Predicate = true> <Delay = 0.70> <CoreInst = "Adder">   --->   Core 1 'Adder' <Latency = 0> <II = 1> <Delay = 0.70> <FuncUnit> <Opcode : 'add' 'sub'> <InPorts = 2> <OutPorts = 1>
ST_1 : Operation 10 [1/1] (0.00ns)   --->   "%br_ln108 = br i1 %icmp_ln108, void %for.inc.split, void %for.body22.preheader.exitStub" [calorimeter.cpp:108]   --->   Operation 10 'br' 'br_ln108' <Predicate = true> <Delay = 0.00>
ST_1 : Operation 11 [1/1] (0.00ns)   --->   "%zext_ln108 = zext i4 %i_1" [calorimeter.cpp:108]   --->   Operation 11 'zext' 'zext_ln108' <Predicate = (!icmp_ln108)> <Delay = 0.00>
ST_1 : Operation 12 [1/1] (0.00ns)   --->   "%specpipeline_ln108 = specpipeline void @_ssdm_op_SpecPipeline, i32 4294967295, i32 0, i32 0, i32 0, void @empty_0" [calorimeter.cpp:108]   --->   Operation 12 'specpipeline' 'specpipeline_ln108' <Predicate = (!icmp_ln108)> <Delay = 0.00>
ST_1 : Operation 13 [1/1] (0.00ns)   --->   "%speclooptripcount_ln108 = speclooptripcount void @_ssdm_op_SpecLoopTripCount, i64 8, i64 8, i64 8" [calorimeter.cpp:108]   --->   Operation 13 'speclooptripcount' 'speclooptripcount_ln108' <Predicate = (!icmp_ln108)> <Delay = 0.00>
ST_1 : Operation 14 [1/1] (0.00ns)   --->   "%specloopname_ln108 = specloopname void @_ssdm_op_SpecLoopName, void @empty_7" [calorimeter.cpp:108]   --->   Operation 14 'specloopname' 'specloopname_ln108' <Predicate = (!icmp_ln108)> <Delay = 0.00>
ST_1 : Operation 15 [1/1] (0.00ns)   --->   "%top_clusters_et_addr = getelementptr i16 %top_clusters_et, i64 0, i64 %zext_ln108" [calorimeter.cpp:109]   --->   Operation 15 'getelementptr' 'top_clusters_et_addr' <Predicate = (!icmp_ln108)> <Delay = 0.00>
ST_1 : Operation 16 [1/1] (0.68ns)   --->   "%store_ln109 = store i16 0, i3 %top_clusters_et_addr" [calorimeter.cpp:109]   --->   Operation 16 'store' 'store_ln109' <Predicate = (!icmp_ln108)> <Delay = 0.68> <CoreInst = "RAM">   --->   Core 82 'RAM' <Latency = 1> <II = 1> <Delay = 0.68> <Storage> <Opcode : 'load' 'store'> <Ports = 2> <Width = 16> <Depth = 8> <RAM>
ST_1 : Operation 17 [1/1] (0.00ns)   --->   "%top_clusters_isolation_et_addr = getelementptr i18 %top_clusters_isolation_et, i64 0, i64 %zext_ln108" [calorimeter.cpp:110]   --->   Operation 17 'getelementptr' 'top_clusters_isolation_et_addr' <Predicate = (!icmp_ln108)> <Delay = 0.00>
ST_1 : Operation 18 [1/1] (0.69ns)   --->   "%store_ln110 = store i18 0, i3 %top_clusters_isolation_et_addr" [calorimeter.cpp:110]   --->   Operation 18 'store' 'store_ln110' <Predicate = (!icmp_ln108)> <Delay = 0.69> <CoreInst = "RAM">   --->   Core 82 'RAM' <Latency = 1> <II = 1> <Delay = 0.69> <Storage> <Opcode : 'load' 'store'> <Ports = 2> <Width = 18> <Depth = 8> <RAM>
ST_1 : Operation 19 [1/1] (0.00ns)   --->   "%top_clusters_eta_addr = getelementptr i5 %top_clusters_eta, i64 0, i64 %zext_ln108" [calorimeter.cpp:111]   --->   Operation 19 'getelementptr' 'top_clusters_eta_addr' <Predicate = (!icmp_ln108)> <Delay = 0.00>
ST_1 : Operation 20 [1/1] (0.66ns)   --->   "%store_ln111 = store i5 0, i3 %top_clusters_eta_addr" [calorimeter.cpp:111]   --->   Operation 20 'store' 'store_ln111' <Predicate = (!icmp_ln108)> <Delay = 0.66> <CoreInst = "RAM">   --->   Core 82 'RAM' <Latency = 1> <II = 1> <Delay = 0.66> <Storage> <Opcode : 'load' 'store'> <Ports = 2> <Width = 5> <Depth = 8> <RAM>
ST_1 : Operation 21 [1/1] (0.00ns)   --->   "%top_clusters_phi_addr = getelementptr i6 %top_clusters_phi, i64 0, i64 %zext_ln108" [calorimeter.cpp:112]   --->   Operation 21 'getelementptr' 'top_clusters_phi_addr' <Predicate = (!icmp_ln108)> <Delay = 0.00>
ST_1 : Operation 22 [1/1] (0.66ns)   --->   "%store_ln112 = store i6 0, i3 %top_clusters_phi_addr" [calorimeter.cpp:112]   --->   Operation 22 'store' 'store_ln112' <Predicate = (!icmp_ln108)> <Delay = 0.66> <CoreInst = "RAM">   --->   Core 82 'RAM' <Latency = 1> <II = 1> <Delay = 0.66> <Storage> <Opcode : 'load' 'store'> <Ports = 2> <Width = 6> <Depth = 8> <RAM>
ST_1 : Operation 23 [1/1] (0.00ns)   --->   "%top_clusters_window_size_addr = getelementptr i2 %top_clusters_window_size, i64 0, i64 %zext_ln108" [calorimeter.cpp:113]   --->   Operation 23 'getelementptr' 'top_clusters_window_size_addr' <Predicate = (!icmp_ln108)> <Delay = 0.00>
ST_1 : Operation 24 [1/1] (0.63ns)   --->   "%store_ln113 = store i2 0, i3 %top_clusters_window_size_addr" [calorimeter.cpp:113]   --->   Operation 24 'store' 'store_ln113' <Predicate = (!icmp_ln108)> <Delay = 0.63> <CoreInst = "RAM">   --->   Core 82 'RAM' <Latency = 1> <II = 1> <Delay = 0.63> <Storage> <Opcode : 'load' 'store'> <Ports = 2> <Width = 2> <Depth = 8> <RAM>
ST_1 : Operation 25 [1/1] (0.00ns)   --->   "%top_clusters_iso_outer_size_addr = getelementptr i3 %top_clusters_iso_outer_size, i64 0, i64 %zext_ln108" [calorimeter.cpp:114]   --->   Operation 25 'getelementptr' 'top_clusters_iso_outer_size_addr' <Predicate = (!icmp_ln108)> <Delay = 0.00>
ST_1 : Operation 26 [1/1] (0.65ns)   --->   "%store_ln114 = store i3 0, i3 %top_clusters_iso_outer_size_addr" [calorimeter.cpp:114]   --->   Operation 26 'store' 'store_ln114' <Predicate = (!icmp_ln108)> <Delay = 0.65> <CoreInst = "RAM">   --->   Core 82 'RAM' <Latency = 1> <II = 1> <Delay = 0.65> <Storage> <Opcode : 'load' 'store'> <Ports = 2> <Width = 3> <Depth = 8> <RAM>
ST_1 : Operation 27 [1/1] (0.00ns)   --->   "%top_clusters_valid_addr = getelementptr i1 %top_clusters_valid, i64 0, i64 %zext_ln108" [calorimeter.cpp:115]   --->   Operation 27 'getelementptr' 'top_clusters_valid_addr' <Predicate = (!icmp_ln108)> <Delay = 0.00>
ST_1 : Operation 28 [1/1] (0.63ns)   --->   "%store_ln115 = store i1 0, i3 %top_clusters_valid_addr" [calorimeter.cpp:115]   --->   Operation 28 'store' 'store_ln115' <Predicate = (!icmp_ln108)> <Delay = 0.63> <CoreInst = "RAM">   --->   Core 82 'RAM' <Latency = 1> <II = 1> <Delay = 0.63> <Storage> <Opcode : 'load' 'store'> <Ports = 2> <Width = 1> <Depth = 8> <RAM>
ST_1 : Operation 29 [1/1] (0.38ns)   --->   "%store_ln108 = store i4 %add_ln108, i4 %i" [calorimeter.cpp:108]   --->   Operation 29 'store' 'store_ln108' <Predicate = (!icmp_ln108)> <Delay = 0.38>
ST_1 : Operation 30 [1/1] (0.00ns)   --->   "%br_ln108 = br void %for.inc" [calorimeter.cpp:108]   --->   Operation 30 'br' 'br_ln108' <Predicate = (!icmp_ln108)> <Delay = 0.00>
ST_1 : Operation 31 [1/1] (0.38ns)   --->   "%ret_ln0 = ret"   --->   Operation 31 'ret' 'ret_ln0' <Predicate = (icmp_ln108)> <Delay = 0.38>


============================================================
+ Verbose Summary: Binding
============================================================
STG Binding: 
---------------- STG Properties BEGIN ----------------
- Is combinational: 0
- Is one-state seq: 0
- Is datapath-only: 0
- Is pipelined: 0
- Is top level: 0
Port [ Return ] is wired: 1; IO mode=ap_ctrl_hs:ce=0
Port [ top_clusters_et]:  wired=1; compound=1; hidden=0; nouse=0; global=0; static=0; extern=0; dir=1; type=1; pingpong=0; private_global=0; MemPort=[03]; IO mode=ap_memory:ce=0
Port [ top_clusters_isolation_et]:  wired=1; compound=1; hidden=0; nouse=0; global=0; static=0; extern=0; dir=1; type=1; pingpong=0; private_global=0; MemPort=[03]; IO mode=ap_memory:ce=0
Port [ top_clusters_eta]:  wired=1; compound=1; hidden=0; nouse=0; global=0; static=0; extern=0; dir=1; type=1; pingpong=0; private_global=0; MemPort=[03]; IO mode=ap_memory:ce=0
Port [ top_clusters_phi]:  wired=1; compound=1; hidden=0; nouse=0; global=0; static=0; extern=0; dir=1; type=1; pingpong=0; private_global=0; MemPort=[03]; IO mode=ap_memory:ce=0
Port [ top_clusters_window_size]:  wired=1; compound=1; hidden=0; nouse=0; global=0; static=0; extern=0; dir=1; type=1; pingpong=0; private_global=0; MemPort=[03]; IO mode=ap_memory:ce=0
Port [ top_clusters_iso_outer_size]:  wired=1; compound=1; hidden=0; nouse=0; global=0; static=0; extern=0; dir=1; type=1; pingpong=0; private_global=0; MemPort=[03]; IO mode=ap_memory:ce=0
Port [ top_clusters_valid]:  wired=1; compound=1; hidden=0; nouse=0; global=0; static=0; extern=0; dir=1; type=1; pingpong=0; private_global=0; MemPort=[03]; IO mode=ap_memory:ce=0
---------------- STG Properties END ------------------

---------------- Datapath Model BEGIN ----------------

<LifeTime>
<method=bitvector/>
i                                (alloca           ) [ 01]
store_ln108                      (store            ) [ 00]
br_ln0                           (br               ) [ 00]
i_1                              (load             ) [ 00]
icmp_ln108                       (icmp             ) [ 01]
add_ln108                        (add              ) [ 00]
br_ln108                         (br               ) [ 00]
zext_ln108                       (zext             ) [ 00]
specpipeline_ln108               (specpipeline     ) [ 00]
speclooptripcount_ln108          (speclooptripcount) [ 00]
specloopname_ln108               (specloopname     ) [ 00]
top_clusters_et_addr             (getelementptr    ) [ 00]
store_ln109                      (store            ) [ 00]
top_clusters_isolation_et_addr   (getelementptr    ) [ 00]
store_ln110                      (store            ) [ 00]
top_clusters_eta_addr            (getelementptr    ) [ 00]
store_ln111                      (store            ) [ 00]
top_clusters_phi_addr            (getelementptr    ) [ 00]
store_ln112                      (store            ) [ 00]
top_clusters_window_size_addr    (getelementptr    ) [ 00]
store_ln113                      (store            ) [ 00]
top_clusters_iso_outer_size_addr (getelementptr    ) [ 00]
store_ln114                      (store            ) [ 00]
top_clusters_valid_addr          (getelementptr    ) [ 00]
store_ln115                      (store            ) [ 00]
store_ln108                      (store            ) [ 00]
br_ln108                         (br               ) [ 00]
ret_ln0                          (ret              ) [ 00]
</LifeTime>

<model>

<comp_list>
<comp id="0" class="1000" name="top_clusters_et">
<pin_list>
<pin id="1" dir="1" index="0" bw="1" slack="0"/>
</pin_list>
<bind>
<StgValue><ssdm name="top_clusters_et"/><MemPortTyVec>0 3 </MemPortTyVec>
</StgValue>
</bind>
</comp>

<comp id="2" class="1000" name="top_clusters_isolation_et">
<pin_list>
<pin id="3" dir="1" index="0" bw="1" slack="0"/>
</pin_list>
<bind>
<StgValue><ssdm name="top_clusters_isolation_et"/><MemPortTyVec>0 3 </MemPortTyVec>
</StgValue>
</bind>
</comp>

<comp id="4" class="1000" name="top_clusters_eta">
<pin_list>
<pin id="5" dir="1" index="0" bw="1" slack="0"/>
</pin_list>
<bind>
<StgValue><ssdm name="top_clusters_eta"/><MemPortTyVec>0 3 </MemPortTyVec>
</StgValue>
</bind>
</comp>

<comp id="6" class="1000" name="top_clusters_phi">
<pin_list>
<pin id="7" dir="1" index="0" bw="1" slack="0"/>
</pin_list>
<bind>
<StgValue><ssdm name="top_clusters_phi"/><MemPortTyVec>0 3 </MemPortTyVec>
</StgValue>
</bind>
</comp>

<comp id="8" class="1000" name="top_clusters_window_size">
<pin_list>
<pin id="9" dir="1" index="0" bw="1" slack="0"/>
</pin_list>
<bind>
<StgValue><ssdm name="top_clusters_window_size"/><MemPortTyVec>0 3 </MemPortTyVec>
</StgValue>
</bind>
</comp>

<comp id="10" class="1000" name="top_clusters_iso_outer_size">
<pin_list>
<pin id="11" dir="1" index="0" bw="1" slack="0"/>
</pin_list>
<bind>
<StgValue><ssdm name="top_clusters_iso_outer_size"/><MemPortTyVec>0 3 </MemPortTyVec>
</StgValue>
</bind>
</comp>

<comp id="12" class="1000" name="top_clusters_valid">
<pin_list>
<pin id="13" dir="1" index="0" bw="1" slack="0"/>
</pin_list>
<bind>
<StgValue><ssdm name="top_clusters_valid"/><MemPortTyVec>0 3 </MemPortTyVec>
</StgValue>
</bind>
</comp>

<comp id="14" class="1001" name="const_14">
<pin_list>
<pin id="15" dir="1" index="0" bw="1" slack="0"/>
</pin_list>
<bind>
<StgValue><ssdm name=""/></StgValue>
</bind>
</comp>

<comp id="16" class="1001" name="const_16">
<pin_list>
<pin id="17" dir="1" index="0" bw="1" slack="0"/>
</pin_list>
<bind>
<StgValue><ssdm name=""/></StgValue>
</bind>
</comp>

<comp id="18" class="1001" name="const_18">
<pin_list>
<pin id="19" dir="1" index="0" bw="1" slack="0"/>
</pin_list>
<bind>
<StgValue><ssdm name=""/></StgValue>
</bind>
</comp>

<comp id="20" class="1001" name="const_20">
<pin_list>
<pin id="21" dir="1" index="0" bw="1" slack="0"/>
</pin_list>
<bind>
<StgValue><ssdm name=""/></StgValue>
</bind>
</comp>

<comp id="22" class="1001" name="const_22">
<pin_list>
<pin id="23" dir="1" index="0" bw="1" slack="2147483647"/>
</pin_list>
<bind>
<StgValue><ssdm name="_ssdm_op_SpecPipeline"/></StgValue>
</bind>
</comp>

<comp id="24" class="1001" name="const_24">
<pin_list>
<pin id="25" dir="1" index="0" bw="1" slack="2147483647"/>
</pin_list>
<bind>
<StgValue><ssdm name=""/></StgValue>
</bind>
</comp>

<comp id="26" class="1001" name="const_26">
<pin_list>
<pin id="27" dir="1" index="0" bw="1" slack="2147483647"/>
</pin_list>
<bind>
<StgValue><ssdm name=""/></StgValue>
</bind>
</comp>

<comp id="28" class="1001" name="const_28">
<pin_list>
<pin id="29" dir="1" index="0" bw="1" slack="2147483647"/>
</pin_list>
<bind>
<StgValue><ssdm name="empty_0"/></StgValue>
</bind>
</comp>

<comp id="30" class="1001" name="const_30">
<pin_list>
<pin id="31" dir="1" index="0" bw="1" slack="2147483647"/>
</pin_list>
<bind>
<StgValue><ssdm name="_ssdm_op_SpecLoopTripCount"/></StgValue>
</bind>
</comp>

<comp id="32" class="1001" name="const_32">
<pin_list>
<pin id="33" dir="1" index="0" bw="1" slack="2147483647"/>
</pin_list>
<bind>
<StgValue><ssdm name=""/></StgValue>
</bind>
</comp>

<comp id="34" class="1001" name="const_34">
<pin_list>
<pin id="35" dir="1" index="0" bw="1" slack="2147483647"/>
</pin_list>
<bind>
<StgValue><ssdm name="_ssdm_op_SpecLoopName"/></StgValue>
</bind>
</comp>

<comp id="36" class="1001" name="const_36">
<pin_list>
<pin id="37" dir="1" index="0" bw="1" slack="2147483647"/>
</pin_list>
<bind>
<StgValue><ssdm name="empty_7"/></StgValue>
</bind>
</comp>

<comp id="38" class="1001" name="const_38">
<pin_list>
<pin id="39" dir="1" index="0" bw="1" slack="0"/>
</pin_list>
<bind>
<StgValue><ssdm name=""/></StgValue>
</bind>
</comp>

<comp id="40" class="1001" name="const_40">
<pin_list>
<pin id="41" dir="1" index="0" bw="1" slack="0"/>
</pin_list>
<bind>
<StgValue><ssdm name=""/></StgValue>
</bind>
</comp>

<comp id="42" class="1001" name="const_42">
<pin_list>
<pin id="43" dir="1" index="0" bw="1" slack="0"/>
</pin_list>
<bind>
<StgValue><ssdm name=""/></StgValue>
</bind>
</comp>

<comp id="44" class="1001" name="const_44">
<pin_list>
<pin id="45" dir="1" index="0" bw="1" slack="0"/>
</pin_list>
<bind>
<StgValue><ssdm name=""/></StgValue>
</bind>
</comp>

<comp id="46" class="1001" name="const_46">
<pin_list>
<pin id="47" dir="1" index="0" bw="1" slack="0"/>
</pin_list>
<bind>
<StgValue><ssdm name=""/></StgValue>
</bind>
</comp>

<comp id="48" class="1001" name="const_48">
<pin_list>
<pin id="49" dir="1" index="0" bw="1" slack="0"/>
</pin_list>
<bind>
<StgValue><ssdm name=""/></StgValue>
</bind>
</comp>

<comp id="50" class="1001" name="const_50">
<pin_list>
<pin id="51" dir="1" index="0" bw="1" slack="0"/>
</pin_list>
<bind>
<StgValue><ssdm name=""/></StgValue>
</bind>
</comp>

<comp id="52" class="1001" name="const_52">
<pin_list>
<pin id="53" dir="1" index="0" bw="1" slack="0"/>
</pin_list>
<bind>
<StgValue><ssdm name=""/></StgValue>
</bind>
</comp>

<comp id="54" class="1004" name="i_fu_54">
<pin_list>
<pin id="55" dir="0" index="0" bw="1" slack="0"/>
<pin id="56" dir="1" index="1" bw="4" slack="0"/>
</pin_list>
<bind>
<opcode="alloca(26) " fcode="alloca"/>
<opset="i/1 "/>
</bind>
</comp>

<comp id="58" class="1004" name="top_clusters_et_addr_gep_fu_58">
<pin_list>
<pin id="59" dir="0" index="0" bw="16" slack="0"/>
<pin id="60" dir="0" index="1" bw="1" slack="0"/>
<pin id="61" dir="0" index="2" bw="4" slack="0"/>
<pin id="62" dir="1" index="3" bw="3" slack="0"/>
</pin_list>
<bind>
<opcode="getelementptr(29) " fcode="getelementptr"/>
<opset="top_clusters_et_addr/1 "/>
</bind>
</comp>

<comp id="65" class="1004" name="store_ln109_access_fu_65">
<pin_list>
<pin id="66" dir="0" index="0" bw="3" slack="0"/>
<pin id="67" dir="0" index="1" bw="16" slack="0"/>
<pin id="68" dir="0" index="2" bw="0" slack="2147483647"/>
<pin id="69" dir="1" index="3" bw="16" slack="2147483647"/>
</pin_list>
<bind>
<opcode="store(28) " fcode="store"/>
<opset="store_ln109/1 "/>
</bind>
</comp>

<comp id="72" class="1004" name="top_clusters_isolation_et_addr_gep_fu_72">
<pin_list>
<pin id="73" dir="0" index="0" bw="18" slack="0"/>
<pin id="74" dir="0" index="1" bw="1" slack="0"/>
<pin id="75" dir="0" index="2" bw="4" slack="0"/>
<pin id="76" dir="1" index="3" bw="3" slack="0"/>
</pin_list>
<bind>
<opcode="getelementptr(29) " fcode="getelementptr"/>
<opset="top_clusters_isolation_et_addr/1 "/>
</bind>
</comp>

<comp id="79" class="1004" name="store_ln110_access_fu_79">
<pin_list>
<pin id="80" dir="0" index="0" bw="3" slack="0"/>
<pin id="81" dir="0" index="1" bw="18" slack="0"/>
<pin id="82" dir="0" index="2" bw="0" slack="2147483647"/>
<pin id="83" dir="1" index="3" bw="18" slack="2147483647"/>
</pin_list>
<bind>
<opcode="store(28) " fcode="store"/>
<opset="store_ln110/1 "/>
</bind>
</comp>

<comp id="86" class="1004" name="top_clusters_eta_addr_gep_fu_86">
<pin_list>
<pin id="87" dir="0" index="0" bw="5" slack="0"/>
<pin id="88" dir="0" index="1" bw="1" slack="0"/>
<pin id="89" dir="0" index="2" bw="4" slack="0"/>
<pin id="90" dir="1" index="3" bw="3" slack="0"/>
</pin_list>
<bind>
<opcode="getelementptr(29) " fcode="getelementptr"/>
<opset="top_clusters_eta_addr/1 "/>
</bind>
</comp>

<comp id="93" class="1004" name="store_ln111_access_fu_93">
<pin_list>
<pin id="94" dir="0" index="0" bw="3" slack="0"/>
<pin id="95" dir="0" index="1" bw="5" slack="0"/>
<pin id="96" dir="0" index="2" bw="0" slack="2147483647"/>
<pin id="97" dir="1" index="3" bw="5" slack="2147483647"/>
</pin_list>
<bind>
<opcode="store(28) " fcode="store"/>
<opset="store_ln111/1 "/>
</bind>
</comp>

<comp id="100" class="1004" name="top_clusters_phi_addr_gep_fu_100">
<pin_list>
<pin id="101" dir="0" index="0" bw="6" slack="0"/>
<pin id="102" dir="0" index="1" bw="1" slack="0"/>
<pin id="103" dir="0" index="2" bw="4" slack="0"/>
<pin id="104" dir="1" index="3" bw="3" slack="0"/>
</pin_list>
<bind>
<opcode="getelementptr(29) " fcode="getelementptr"/>
<opset="top_clusters_phi_addr/1 "/>
</bind>
</comp>

<comp id="107" class="1004" name="store_ln112_access_fu_107">
<pin_list>
<pin id="108" dir="0" index="0" bw="3" slack="0"/>
<pin id="109" dir="0" index="1" bw="6" slack="0"/>
<pin id="110" dir="0" index="2" bw="0" slack="2147483647"/>
<pin id="111" dir="1" index="3" bw="6" slack="2147483647"/>
</pin_list>
<bind>
<opcode="store(28) " fcode="store"/>
<opset="store_ln112/1 "/>
</bind>
</comp>

<comp id="114" class="1004" name="top_clusters_window_size_addr_gep_fu_114">
<pin_list>
<pin id="115" dir="0" index="0" bw="2" slack="0"/>
<pin id="116" dir="0" index="1" bw="1" slack="0"/>
<pin id="117" dir="0" index="2" bw="4" slack="0"/>
<pin id="118" dir="1" index="3" bw="3" slack="0"/>
</pin_list>
<bind>
<opcode="getelementptr(29) " fcode="getelementptr"/>
<opset="top_clusters_window_size_addr/1 "/>
</bind>
</comp>

<comp id="121" class="1004" name="store_ln113_access_fu_121">
<pin_list>
<pin id="122" dir="0" index="0" bw="3" slack="0"/>
<pin id="123" dir="0" index="1" bw="2" slack="0"/>
<pin id="124" dir="0" index="2" bw="0" slack="2147483647"/>
<pin id="125" dir="1" index="3" bw="2" slack="2147483647"/>
</pin_list>
<bind>
<opcode="store(28) " fcode="store"/>
<opset="store_ln113/1 "/>
</bind>
</comp>

<comp id="128" class="1004" name="top_clusters_iso_outer_size_addr_gep_fu_128">
<pin_list>
<pin id="129" dir="0" index="0" bw="3" slack="0"/>
<pin id="130" dir="0" index="1" bw="1" slack="0"/>
<pin id="131" dir="0" index="2" bw="4" slack="0"/>
<pin id="132" dir="1" index="3" bw="3" slack="0"/>
</pin_list>
<bind>
<opcode="getelementptr(29) " fcode="getelementptr"/>
<opset="top_clusters_iso_outer_size_addr/1 "/>
</bind>
</comp>

<comp id="135" class="1004" name="store_ln114_access_fu_135">
<pin_list>
<pin id="136" dir="0" index="0" bw="3" slack="0"/>
<pin id="137" dir="0" index="1" bw="3" slack="0"/>
<pin id="138" dir="0" index="2" bw="0" slack="2147483647"/>
<pin id="139" dir="1" index="3" bw="3" slack="2147483647"/>
</pin_list>
<bind>
<opcode="store(28) " fcode="store"/>
<opset="store_ln114/1 "/>
</bind>
</comp>

<comp id="142" class="1004" name="top_clusters_valid_addr_gep_fu_142">
<pin_list>
<pin id="143" dir="0" index="0" bw="1" slack="0"/>
<pin id="144" dir="0" index="1" bw="1" slack="0"/>
<pin id="145" dir="0" index="2" bw="4" slack="0"/>
<pin id="146" dir="1" index="3" bw="3" slack="0"/>
</pin_list>
<bind>
<opcode="getelementptr(29) " fcode="getelementptr"/>
<opset="top_clusters_valid_addr/1 "/>
</bind>
</comp>

<comp id="149" class="1004" name="store_ln115_access_fu_149">
<pin_list>
<pin id="150" dir="0" index="0" bw="3" slack="0"/>
<pin id="151" dir="0" index="1" bw="1" slack="0"/>
<pin id="152" dir="0" index="2" bw="0" slack="2147483647"/>
<pin id="153" dir="1" index="3" bw="1" slack="2147483647"/>
</pin_list>
<bind>
<opcode="store(28) " fcode="store"/>
<opset="store_ln115/1 "/>
</bind>
</comp>

<comp id="156" class="1004" name="store_ln108_store_fu_156">
<pin_list>
<pin id="157" dir="0" index="0" bw="1" slack="0"/>
<pin id="158" dir="0" index="1" bw="4" slack="0"/>
<pin id="159" dir="1" index="2" bw="0" slack="2147483647"/>
</pin_list>
<bind>
<opcode="store(28) " fcode="store"/>
<opset="store_ln108/1 "/>
</bind>
</comp>

<comp id="161" class="1004" name="i_1_load_fu_161">
<pin_list>
<pin id="162" dir="0" index="0" bw="4" slack="0"/>
<pin id="163" dir="1" index="1" bw="4" slack="0"/>
</pin_list>
<bind>
<opcode="load(27) " fcode="load"/>
<opset="i_1/1 "/>
</bind>
</comp>

<comp id="164" class="1004" name="icmp_ln108_fu_164">
<pin_list>
<pin id="165" dir="0" index="0" bw="4" slack="0"/>
<pin id="166" dir="0" index="1" bw="4" slack="0"/>
<pin id="167" dir="1" index="2" bw="1" slack="2147483647"/>
</pin_list>
<bind>
<opcode="icmp(45) " fcode="icmp"/>
<opset="icmp_ln108/1 "/>
</bind>
</comp>

<comp id="170" class="1004" name="add_ln108_fu_170">
<pin_list>
<pin id="171" dir="0" index="0" bw="4" slack="0"/>
<pin id="172" dir="0" index="1" bw="1" slack="0"/>
<pin id="173" dir="1" index="2" bw="4" slack="0"/>
</pin_list>
<bind>
<opcode="add(8) " fcode="add"/>
<opset="add_ln108/1 "/>
</bind>
</comp>

<comp id="176" class="1004" name="zext_ln108_fu_176">
<pin_list>
<pin id="177" dir="0" index="0" bw="4" slack="0"/>
<pin id="178" dir="1" index="1" bw="64" slack="0"/>
</pin_list>
<bind>
<opcode="zext(34) " fcode="zext"/>
<opset="zext_ln108/1 "/>
</bind>
</comp>

<comp id="187" class="1004" name="store_ln108_store_fu_187">
<pin_list>
<pin id="188" dir="0" index="0" bw="4" slack="0"/>
<pin id="189" dir="0" index="1" bw="4" slack="0"/>
<pin id="190" dir="1" index="2" bw="0" slack="2147483647"/>
</pin_list>
<bind>
<opcode="store(28) " fcode="store"/>
<opset="store_ln108/1 "/>
</bind>
</comp>

<comp id="192" class="1005" name="i_reg_192">
<pin_list>
<pin id="193" dir="0" index="0" bw="4" slack="0"/>
<pin id="194" dir="1" index="1" bw="4" slack="0"/>
</pin_list>
<bind>
<opset="i "/>
</bind>
</comp>

</comp_list>

<net_list>
<net id="57"><net_src comp="14" pin="0"/><net_sink comp="54" pin=0"/></net>

<net id="63"><net_src comp="0" pin="0"/><net_sink comp="58" pin=0"/></net>

<net id="64"><net_src comp="38" pin="0"/><net_sink comp="58" pin=1"/></net>

<net id="70"><net_src comp="40" pin="0"/><net_sink comp="65" pin=1"/></net>

<net id="71"><net_src comp="58" pin="3"/><net_sink comp="65" pin=0"/></net>

<net id="77"><net_src comp="2" pin="0"/><net_sink comp="72" pin=0"/></net>

<net id="78"><net_src comp="38" pin="0"/><net_sink comp="72" pin=1"/></net>

<net id="84"><net_src comp="42" pin="0"/><net_sink comp="79" pin=1"/></net>

<net id="85"><net_src comp="72" pin="3"/><net_sink comp="79" pin=0"/></net>

<net id="91"><net_src comp="4" pin="0"/><net_sink comp="86" pin=0"/></net>

<net id="92"><net_src comp="38" pin="0"/><net_sink comp="86" pin=1"/></net>

<net id="98"><net_src comp="44" pin="0"/><net_sink comp="93" pin=1"/></net>

<net id="99"><net_src comp="86" pin="3"/><net_sink comp="93" pin=0"/></net>

<net id="105"><net_src comp="6" pin="0"/><net_sink comp="100" pin=0"/></net>

<net id="106"><net_src comp="38" pin="0"/><net_sink comp="100" pin=1"/></net>

<net id="112"><net_src comp="46" pin="0"/><net_sink comp="107" pin=1"/></net>

<net id="113"><net_src comp="100" pin="3"/><net_sink comp="107" pin=0"/></net>

<net id="119"><net_src comp="8" pin="0"/><net_sink comp="114" pin=0"/></net>

<net id="120"><net_src comp="38" pin="0"/><net_sink comp="114" pin=1"/></net>

<net id="126"><net_src comp="48" pin="0"/><net_sink comp="121" pin=1"/></net>

<net id="127"><net_src comp="114" pin="3"/><net_sink comp="121" pin=0"/></net>

<net id="133"><net_src comp="10" pin="0"/><net_sink comp="128" pin=0"/></net>

<net id="134"><net_src comp="38" pin="0"/><net_sink comp="128" pin=1"/></net>

<net id="140"><net_src comp="50" pin="0"/><net_sink comp="135" pin=1"/></net>

<net id="141"><net_src comp="128" pin="3"/><net_sink comp="135" pin=0"/></net>

<net id="147"><net_src comp="12" pin="0"/><net_sink comp="142" pin=0"/></net>

<net id="148"><net_src comp="38" pin="0"/><net_sink comp="142" pin=1"/></net>

<net id="154"><net_src comp="52" pin="0"/><net_sink comp="149" pin=1"/></net>

<net id="155"><net_src comp="142" pin="3"/><net_sink comp="149" pin=0"/></net>

<net id="160"><net_src comp="16" pin="0"/><net_sink comp="156" pin=0"/></net>

<net id="168"><net_src comp="161" pin="1"/><net_sink comp="164" pin=0"/></net>

<net id="169"><net_src comp="18" pin="0"/><net_sink comp="164" pin=1"/></net>

<net id="174"><net_src comp="161" pin="1"/><net_sink comp="170" pin=0"/></net>

<net id="175"><net_src comp="20" pin="0"/><net_sink comp="170" pin=1"/></net>

<net id="179"><net_src comp="161" pin="1"/><net_sink comp="176" pin=0"/></net>

<net id="180"><net_src comp="176" pin="1"/><net_sink comp="58" pin=2"/></net>

<net id="181"><net_src comp="176" pin="1"/><net_sink comp="72" pin=2"/></net>

<net id="182"><net_src comp="176" pin="1"/><net_sink comp="86" pin=2"/></net>

<net id="183"><net_src comp="176" pin="1"/><net_sink comp="100" pin=2"/></net>

<net id="184"><net_src comp="176" pin="1"/><net_sink comp="114" pin=2"/></net>

<net id="185"><net_src comp="176" pin="1"/><net_sink comp="128" pin=2"/></net>

<net id="186"><net_src comp="176" pin="1"/><net_sink comp="142" pin=2"/></net>

<net id="191"><net_src comp="170" pin="2"/><net_sink comp="187" pin=0"/></net>

<net id="195"><net_src comp="54" pin="1"/><net_sink comp="192" pin=0"/></net>

<net id="196"><net_src comp="192" pin="1"/><net_sink comp="156" pin=1"/></net>

<net id="197"><net_src comp="192" pin="1"/><net_sink comp="161" pin=0"/></net>

<net id="198"><net_src comp="192" pin="1"/><net_sink comp="187" pin=1"/></net>

</net_list>

</model> 
---------------- Datapath Model END ------------------

* FSMD analyzer results:
  - Output states:
	Port: top_clusters_et | {1 }
	Port: top_clusters_isolation_et | {1 }
	Port: top_clusters_eta | {1 }
	Port: top_clusters_phi | {1 }
	Port: top_clusters_window_size | {1 }
	Port: top_clusters_iso_outer_size | {1 }
	Port: top_clusters_valid | {1 }
 - Input state : 
  - Chain level:
	State 1
		store_ln108 : 1
		i_1 : 1
		icmp_ln108 : 2
		add_ln108 : 2
		br_ln108 : 3
		zext_ln108 : 2
		top_clusters_et_addr : 3
		store_ln109 : 4
		top_clusters_isolation_et_addr : 3
		store_ln110 : 4
		top_clusters_eta_addr : 3
		store_ln111 : 4
		top_clusters_phi_addr : 3
		store_ln112 : 4
		top_clusters_window_size_addr : 3
		store_ln113 : 4
		top_clusters_iso_outer_size_addr : 3
		store_ln114 : 4
		top_clusters_valid_addr : 3
		store_ln115 : 4
		store_ln108 : 3


============================================================
+ Verbose Summary: Datapath Resource usage 
============================================================

* Functional unit list:
|----------|-------------------|---------|---------|
| Operation|  Functional Unit  |    FF   |   LUT   |
|----------|-------------------|---------|---------|
|   icmp   | icmp_ln108_fu_164 |    0    |    12   |
|----------|-------------------|---------|---------|
|    add   |  add_ln108_fu_170 |    0    |    12   |
|----------|-------------------|---------|---------|
|   zext   | zext_ln108_fu_176 |    0    |    0    |
|----------|-------------------|---------|---------|
|   Total  |                   |    0    |    24   |
|----------|-------------------|---------|---------|

Memories:
N/A

* Register list:
+---------+--------+
|         |   FF   |
+---------+--------+
|i_reg_192|    4   |
+---------+--------+
|  Total  |    4   |
+---------+--------+

* Multiplexer (MUX) list: 
|--------|------|------|------|--------|
|  Comp  |  Pin | Size |  BW  | S x BW |
|--------|------|------|------|--------|
|  Total |      |      |      |    0   |
|--------|------|------|------|--------|



* Summary:
+-----------+--------+--------+
|           |   FF   |   LUT  |
+-----------+--------+--------+
|  Function |    0   |   24   |
|   Memory  |    -   |    -   |
|Multiplexer|    -   |    -   |
|  Register |    4   |    -   |
+-----------+--------+--------+
|   Total   |    4   |   24   |
+-----------+--------+--------+
