

================================================================
== Vitis HLS Report for 'calo_trigger_ref'
================================================================
* Date:           Tue May 12 19:45:16 2026

* Version:        2024.1 (Build 5069499 on May 21 2024)
* Project:        calorimeter
* Solution:       solution1 (Vivado IP Flow Target)
* Product family: virtexuplus
* Target device:  xcvu13p-fsga2577-2-e


================================================================
== Performance Estimates
================================================================
+ Timing: 
    * Summary: 
    +--------+----------+----------+------------+
    |  Clock |  Target  | Estimated| Uncertainty|
    +--------+----------+----------+------------+
    |ap_clk  |  25.00 ns|  6.255 ns|     6.75 ns|
    +--------+----------+----------+------------+

+ Latency: 
    * Summary: 
    +---------+---------+----------+----------+-------+-------+---------+
    |  Latency (cycles) |  Latency (absolute) |    Interval   | Pipeline|
    |   min   |   max   |    min   |    max   |  min  |  max  |   Type  |
    +---------+---------+----------+----------+-------+-------+---------+
    |    25694|    47294|  0.642 ms|  1.182 ms|  25695|  47295|       no|
    +---------+---------+----------+----------+-------+-------+---------+

    + Detail: 
        * Instance: 
        N/A

        * Loop: 
        +-----------------+---------+---------+----------+-----------+-----------+------+----------+
        |                 |  Latency (cycles) | Iteration|  Initiation Interval  | Trip |          |
        |    Loop Name    |   min   |   max   |  Latency |  achieved |   target  | Count| Pipelined|
        +-----------------+---------+---------+----------+-----------+-----------+------+----------+
        |- HT_ETA_HT_PHI  |     1800|     1800|         2|          1|          1|  1800|       yes|
        +-----------------+---------+---------+----------+-----------+-----------+------+----------+

============================================================
+ Verbose Summary: Synthesis Manager
============================================================
InlineROM: 1
ExposeGlobal: 0
============================================================
+ Verbose Summary: CDFG Model
============================================================
IsTopModel: 1
ResetActiveHigh: 1
IsCombinational: 0
IsDatapathOnly: 0
HasWiredReturn: 1
HasMFsm: 2
HasVarLatency: 1
IsPipeline: 0
IsRtlPipelined: 0
IsInstanceOverlapped: 0
IsDontTouch: 0
HasImplIP: 0
IsGatedGlobalClock: 0

+ Individual pipeline summary: 
  * Pipeline-0: initiation interval (II) = 1, depth = 2


============================================================
+ Verbose Summary: Schedule
============================================================
* Number of FSM states : 7
* Pipeline : 1
  Pipeline-0 : II = 1, D = 2, States = { 5 6 }
* Dataflow Pipeline: 0

* FSM state transitions: 
1 --> 2 
2 --> 3 
3 --> 4 
4 --> 5 
5 --> 6 
6 --> 7 5 
7 --> 

* FSM state operations: 

State 1 <SV = 0> <Delay = 1.00>
ST_1 : Operation 8 [1/1] (0.00ns)   --->   "%indvar_flatten2 = alloca i32 1"   --->   Operation 8 'alloca' 'indvar_flatten2' <Predicate = true> <Delay = 0.00>
ST_1 : Operation 9 [1/1] (0.00ns)   --->   "%eta3 = alloca i32 1"   --->   Operation 9 'alloca' 'eta3' <Predicate = true> <Delay = 0.00>
ST_1 : Operation 10 [1/1] (0.00ns)   --->   "%phi4 = alloca i32 1"   --->   Operation 10 'alloca' 'phi4' <Predicate = true> <Delay = 0.00>
ST_1 : Operation 11 [1/1] (0.00ns)   --->   "%conv4_i4_i_i5 = alloca i32 1"   --->   Operation 11 'alloca' 'conv4_i4_i_i5' <Predicate = true> <Delay = 0.00>
ST_1 : Operation 12 [1/1] (1.00ns)   --->   "%cluster_threshold_read = read i20 @_ssdm_op_Read.s_axilite.i20, i20 %cluster_threshold"   --->   Operation 12 'read' 'cluster_threshold_read' <Predicate = true> <Delay = 1.00> <CoreInst = "s_axilite">   --->   Core 120 's_axilite' <Latency = 0> <II = 1> <Delay = 1.00> <Adapter> <Opcode : 'read' 'write'>
ST_1 : Operation 13 [1/1] (1.00ns)   --->   "%seed_threshold_read = read i12 @_ssdm_op_Read.s_axilite.i12, i12 %seed_threshold"   --->   Operation 13 'read' 'seed_threshold_read' <Predicate = true> <Delay = 1.00> <CoreInst = "s_axilite">   --->   Core 120 's_axilite' <Latency = 0> <II = 1> <Delay = 1.00> <Adapter> <Opcode : 'read' 'write'>
ST_1 : Operation 14 [1/1] (0.00ns)   --->   "%clusters_et = alloca i64 1" [calorimeter.cpp:213]   --->   Operation 14 'alloca' 'clusters_et' <Predicate = true> <Delay = 0.00>
ST_1 : Operation 15 [1/1] (0.00ns)   --->   "%clusters_isolation_et = alloca i64 1" [calorimeter.cpp:213]   --->   Operation 15 'alloca' 'clusters_isolation_et' <Predicate = true> <Delay = 0.00>
ST_1 : Operation 16 [1/1] (0.00ns)   --->   "%clusters_eta = alloca i64 1" [calorimeter.cpp:213]   --->   Operation 16 'alloca' 'clusters_eta' <Predicate = true> <Delay = 0.00>
ST_1 : Operation 17 [1/1] (0.00ns)   --->   "%clusters_phi = alloca i64 1" [calorimeter.cpp:213]   --->   Operation 17 'alloca' 'clusters_phi' <Predicate = true> <Delay = 0.00>
ST_1 : Operation 18 [1/1] (0.00ns)   --->   "%clusters_window_size = alloca i64 1" [calorimeter.cpp:213]   --->   Operation 18 'alloca' 'clusters_window_size' <Predicate = true> <Delay = 0.00>
ST_1 : Operation 19 [1/1] (0.00ns)   --->   "%clusters_iso_outer_size = alloca i64 1" [calorimeter.cpp:213]   --->   Operation 19 'alloca' 'clusters_iso_outer_size' <Predicate = true> <Delay = 0.00>
ST_1 : Operation 20 [1/1] (0.00ns)   --->   "%clusters_valid = alloca i64 1" [calorimeter.cpp:213]   --->   Operation 20 'alloca' 'clusters_valid' <Predicate = true> <Delay = 0.00>
ST_1 : Operation 21 [2/2] (0.00ns)   --->   "%local_num_clusters = call i32 @find_clusters<3, 5>, i12 %grid, i12 %seed_threshold_read, i20 %cluster_threshold_read, i16 %clusters_et, i16 %clusters_isolation_et, i5 %clusters_eta, i6 %clusters_phi, i1 %clusters_window_size, i3 %clusters_iso_outer_size, i1 %clusters_valid" [calorimeter.cpp:31->calorimeter.cpp:12->calorimeter.cpp:220]   --->   Operation 21 'call' 'local_num_clusters' <Predicate = true> <Delay = 0.00> <CoreType = "Generic">   --->   Core 0 '' <Latency = 0> <II = 1> <Delay = 1.00> <Generic> <Opcode : >
ST_1 : Operation 22 [1/1] (0.38ns)   --->   "%store_ln0 = store i23 0, i23 %conv4_i4_i_i5"   --->   Operation 22 'store' 'store_ln0' <Predicate = true> <Delay = 0.38>
ST_1 : Operation 23 [1/1] (0.38ns)   --->   "%store_ln0 = store i6 0, i6 %phi4"   --->   Operation 23 'store' 'store_ln0' <Predicate = true> <Delay = 0.38>
ST_1 : Operation 24 [1/1] (0.38ns)   --->   "%store_ln0 = store i5 0, i5 %eta3"   --->   Operation 24 'store' 'store_ln0' <Predicate = true> <Delay = 0.38>
ST_1 : Operation 25 [1/1] (0.38ns)   --->   "%store_ln0 = store i11 0, i11 %indvar_flatten2"   --->   Operation 25 'store' 'store_ln0' <Predicate = true> <Delay = 0.38>

State 2 <SV = 1> <Delay = 0.00>
ST_2 : Operation 26 [1/2] (0.00ns)   --->   "%local_num_clusters = call i32 @find_clusters<3, 5>, i12 %grid, i12 %seed_threshold_read, i20 %cluster_threshold_read, i16 %clusters_et, i16 %clusters_isolation_et, i5 %clusters_eta, i6 %clusters_phi, i1 %clusters_window_size, i3 %clusters_iso_outer_size, i1 %clusters_valid" [calorimeter.cpp:31->calorimeter.cpp:12->calorimeter.cpp:220]   --->   Operation 26 'call' 'local_num_clusters' <Predicate = true> <Delay = 0.00> <CoreType = "Generic">   --->   Core 0 '' <Latency = 0> <II = 1> <Delay = 1.00> <Generic> <Opcode : >

State 3 <SV = 2> <Delay = 0.00>
ST_3 : Operation 27 [2/2] (0.00ns)   --->   "%call_ret = call i456 @select_top_n, i16 %clusters_et, i16 %clusters_isolation_et, i5 %clusters_eta, i6 %clusters_phi, i1 %clusters_window_size, i1 %clusters_valid, i32 %local_num_clusters" [calorimeter.cpp:13->calorimeter.cpp:220]   --->   Operation 27 'call' 'call_ret' <Predicate = true> <Delay = 0.00> <CoreType = "Generic">   --->   Core 0 '' <Latency = 0> <II = 1> <Delay = 1.00> <Generic> <Opcode : >

State 4 <SV = 3> <Delay = 1.78>
ST_4 : Operation 28 [1/1] (0.00ns)   --->   "%spectopmodule_ln196 = spectopmodule void @_ssdm_op_SpecTopModule, void @empty_10" [calorimeter.cpp:196]   --->   Operation 28 'spectopmodule' 'spectopmodule_ln196' <Predicate = true> <Delay = 0.00>
ST_4 : Operation 29 [1/1] (0.00ns)   --->   "%specinterface_ln0 = specinterface void @_ssdm_op_SpecInterface, i12 %grid, void @empty_5, i32 0, i32 0, void @empty, i32 4294967295, i32 0, void @empty, void @empty, void @empty, i32 0, i32 0, i32 0, i32 0, void @empty, void @empty, i32 4294967295, i32 0, i32 0"   --->   Operation 29 'specinterface' 'specinterface_ln0' <Predicate = true> <Delay = 0.00>
ST_4 : Operation 30 [1/1] (0.00ns)   --->   "%specbitsmap_ln0 = specbitsmap void @_ssdm_op_SpecBitsMap, i12 %grid"   --->   Operation 30 'specbitsmap' 'specbitsmap_ln0' <Predicate = true> <Delay = 0.00>
ST_4 : Operation 31 [1/1] (0.00ns)   --->   "%specbitsmap_ln0 = specbitsmap void @_ssdm_op_SpecBitsMap, i12 %seed_threshold"   --->   Operation 31 'specbitsmap' 'specbitsmap_ln0' <Predicate = true> <Delay = 0.00>
ST_4 : Operation 32 [1/1] (0.00ns)   --->   "%specinterface_ln0 = specinterface void @_ssdm_op_SpecInterface, i12 %seed_threshold, void @empty_0, i32 4294967295, i32 4294967295, void @empty_1, i32 0, i32 0, void @empty_2, void @empty_3, void @empty, i32 0, i32 0, i32 0, i32 0, void @empty, void @empty, i32 4294967295, i32 0, i32 0"   --->   Operation 32 'specinterface' 'specinterface_ln0' <Predicate = true> <Delay = 0.00>
ST_4 : Operation 33 [1/1] (0.00ns)   --->   "%specinterface_ln0 = specinterface void @_ssdm_op_SpecInterface, i12 %seed_threshold, void @empty_4, i32 4294967295, i32 4294967295, void @empty, i32 0, i32 0, void @empty, void @empty, void @empty, i32 0, i32 0, i32 0, i32 0, void @empty, void @empty, i32 4294967295, i32 0, i32 0"   --->   Operation 33 'specinterface' 'specinterface_ln0' <Predicate = true> <Delay = 0.00>
ST_4 : Operation 34 [1/1] (0.00ns)   --->   "%specbitsmap_ln0 = specbitsmap void @_ssdm_op_SpecBitsMap, i20 %cluster_threshold"   --->   Operation 34 'specbitsmap' 'specbitsmap_ln0' <Predicate = true> <Delay = 0.00>
ST_4 : Operation 35 [1/1] (0.00ns)   --->   "%specinterface_ln0 = specinterface void @_ssdm_op_SpecInterface, i20 %cluster_threshold, void @empty_0, i32 4294967295, i32 4294967295, void @empty_1, i32 0, i32 0, void @empty_2, void @empty_9, void @empty, i32 0, i32 0, i32 0, i32 0, void @empty, void @empty, i32 4294967295, i32 0, i32 0"   --->   Operation 35 'specinterface' 'specinterface_ln0' <Predicate = true> <Delay = 0.00>
ST_4 : Operation 36 [1/1] (0.00ns)   --->   "%specinterface_ln0 = specinterface void @_ssdm_op_SpecInterface, i20 %cluster_threshold, void @empty_4, i32 4294967295, i32 4294967295, void @empty, i32 0, i32 0, void @empty, void @empty, void @empty, i32 0, i32 0, i32 0, i32 0, void @empty, void @empty, i32 4294967295, i32 0, i32 0"   --->   Operation 36 'specinterface' 'specinterface_ln0' <Predicate = true> <Delay = 0.00>
ST_4 : Operation 37 [1/1] (0.00ns)   --->   "%specbitsmap_ln0 = specbitsmap void @_ssdm_op_SpecBitsMap, i89 %objects_0"   --->   Operation 37 'specbitsmap' 'specbitsmap_ln0' <Predicate = true> <Delay = 0.00>
ST_4 : Operation 38 [1/1] (0.00ns)   --->   "%specinterface_ln0 = specinterface void @_ssdm_op_SpecInterface, i89 %objects_0, void @empty_4, i32 0, i32 0, void @empty, i32 0, i32 0, void @empty, void @empty, void @empty, i32 0, i32 0, i32 0, i32 0, void @empty, void @empty, i32 4294967295, i32 0, i32 0"   --->   Operation 38 'specinterface' 'specinterface_ln0' <Predicate = true> <Delay = 0.00>
ST_4 : Operation 39 [1/1] (0.00ns)   --->   "%specbitsmap_ln0 = specbitsmap void @_ssdm_op_SpecBitsMap, i89 %objects_1"   --->   Operation 39 'specbitsmap' 'specbitsmap_ln0' <Predicate = true> <Delay = 0.00>
ST_4 : Operation 40 [1/1] (0.00ns)   --->   "%specinterface_ln0 = specinterface void @_ssdm_op_SpecInterface, i89 %objects_1, void @empty_4, i32 0, i32 0, void @empty, i32 0, i32 0, void @empty, void @empty, void @empty, i32 0, i32 0, i32 0, i32 0, void @empty, void @empty, i32 4294967295, i32 0, i32 0"   --->   Operation 40 'specinterface' 'specinterface_ln0' <Predicate = true> <Delay = 0.00>
ST_4 : Operation 41 [1/1] (0.00ns)   --->   "%specbitsmap_ln0 = specbitsmap void @_ssdm_op_SpecBitsMap, i89 %objects_2"   --->   Operation 41 'specbitsmap' 'specbitsmap_ln0' <Predicate = true> <Delay = 0.00>
ST_4 : Operation 42 [1/1] (0.00ns)   --->   "%specinterface_ln0 = specinterface void @_ssdm_op_SpecInterface, i89 %objects_2, void @empty_4, i32 0, i32 0, void @empty, i32 0, i32 0, void @empty, void @empty, void @empty, i32 0, i32 0, i32 0, i32 0, void @empty, void @empty, i32 4294967295, i32 0, i32 0"   --->   Operation 42 'specinterface' 'specinterface_ln0' <Predicate = true> <Delay = 0.00>
ST_4 : Operation 43 [1/1] (0.00ns)   --->   "%specbitsmap_ln0 = specbitsmap void @_ssdm_op_SpecBitsMap, i89 %objects_3"   --->   Operation 43 'specbitsmap' 'specbitsmap_ln0' <Predicate = true> <Delay = 0.00>
ST_4 : Operation 44 [1/1] (0.00ns)   --->   "%specinterface_ln0 = specinterface void @_ssdm_op_SpecInterface, i89 %objects_3, void @empty_4, i32 0, i32 0, void @empty, i32 0, i32 0, void @empty, void @empty, void @empty, i32 0, i32 0, i32 0, i32 0, void @empty, void @empty, i32 4294967295, i32 0, i32 0"   --->   Operation 44 'specinterface' 'specinterface_ln0' <Predicate = true> <Delay = 0.00>
ST_4 : Operation 45 [1/1] (0.00ns)   --->   "%specbitsmap_ln0 = specbitsmap void @_ssdm_op_SpecBitsMap, i89 %objects_4"   --->   Operation 45 'specbitsmap' 'specbitsmap_ln0' <Predicate = true> <Delay = 0.00>
ST_4 : Operation 46 [1/1] (0.00ns)   --->   "%specinterface_ln0 = specinterface void @_ssdm_op_SpecInterface, i89 %objects_4, void @empty_4, i32 0, i32 0, void @empty, i32 0, i32 0, void @empty, void @empty, void @empty, i32 0, i32 0, i32 0, i32 0, void @empty, void @empty, i32 4294967295, i32 0, i32 0"   --->   Operation 46 'specinterface' 'specinterface_ln0' <Predicate = true> <Delay = 0.00>
ST_4 : Operation 47 [1/1] (0.00ns)   --->   "%specbitsmap_ln0 = specbitsmap void @_ssdm_op_SpecBitsMap, i89 %objects_5"   --->   Operation 47 'specbitsmap' 'specbitsmap_ln0' <Predicate = true> <Delay = 0.00>
ST_4 : Operation 48 [1/1] (0.00ns)   --->   "%specinterface_ln0 = specinterface void @_ssdm_op_SpecInterface, i89 %objects_5, void @empty_4, i32 0, i32 0, void @empty, i32 0, i32 0, void @empty, void @empty, void @empty, i32 0, i32 0, i32 0, i32 0, void @empty, void @empty, i32 4294967295, i32 0, i32 0"   --->   Operation 48 'specinterface' 'specinterface_ln0' <Predicate = true> <Delay = 0.00>
ST_4 : Operation 49 [1/1] (0.00ns)   --->   "%specbitsmap_ln0 = specbitsmap void @_ssdm_op_SpecBitsMap, i89 %objects_6"   --->   Operation 49 'specbitsmap' 'specbitsmap_ln0' <Predicate = true> <Delay = 0.00>
ST_4 : Operation 50 [1/1] (0.00ns)   --->   "%specinterface_ln0 = specinterface void @_ssdm_op_SpecInterface, i89 %objects_6, void @empty_4, i32 0, i32 0, void @empty, i32 0, i32 0, void @empty, void @empty, void @empty, i32 0, i32 0, i32 0, i32 0, void @empty, void @empty, i32 4294967295, i32 0, i32 0"   --->   Operation 50 'specinterface' 'specinterface_ln0' <Predicate = true> <Delay = 0.00>
ST_4 : Operation 51 [1/1] (0.00ns)   --->   "%specbitsmap_ln0 = specbitsmap void @_ssdm_op_SpecBitsMap, i89 %objects_7"   --->   Operation 51 'specbitsmap' 'specbitsmap_ln0' <Predicate = true> <Delay = 0.00>
ST_4 : Operation 52 [1/1] (0.00ns)   --->   "%specinterface_ln0 = specinterface void @_ssdm_op_SpecInterface, i89 %objects_7, void @empty_4, i32 0, i32 0, void @empty, i32 0, i32 0, void @empty, void @empty, void @empty, i32 0, i32 0, i32 0, i32 0, void @empty, void @empty, i32 4294967295, i32 0, i32 0"   --->   Operation 52 'specinterface' 'specinterface_ln0' <Predicate = true> <Delay = 0.00>
ST_4 : Operation 53 [1/1] (0.00ns)   --->   "%specbitsmap_ln0 = specbitsmap void @_ssdm_op_SpecBitsMap, i24 %ht"   --->   Operation 53 'specbitsmap' 'specbitsmap_ln0' <Predicate = true> <Delay = 0.00>
ST_4 : Operation 54 [1/1] (0.00ns)   --->   "%specinterface_ln0 = specinterface void @_ssdm_op_SpecInterface, i24 %ht, void @empty_0, i32 4294967295, i32 4294967295, void @empty_1, i32 0, i32 0, void @empty_2, void @empty_11, void @empty, i32 0, i32 0, i32 0, i32 0, void @empty, void @empty, i32 4294967295, i32 0, i32 0"   --->   Operation 54 'specinterface' 'specinterface_ln0' <Predicate = true> <Delay = 0.00>
ST_4 : Operation 55 [1/1] (0.00ns)   --->   "%specinterface_ln0 = specinterface void @_ssdm_op_SpecInterface, i24 %ht, void @empty_4, i32 4294967295, i32 4294967295, void @empty, i32 0, i32 0, void @empty, void @empty, void @empty, i32 0, i32 0, i32 0, i32 0, void @empty, void @empty, i32 4294967295, i32 0, i32 0"   --->   Operation 55 'specinterface' 'specinterface_ln0' <Predicate = true> <Delay = 0.00>
ST_4 : Operation 56 [1/1] (0.00ns)   --->   "%specbitsmap_ln0 = specbitsmap void @_ssdm_op_SpecBitsMap, i32 %num_clusters"   --->   Operation 56 'specbitsmap' 'specbitsmap_ln0' <Predicate = true> <Delay = 0.00>
ST_4 : Operation 57 [1/1] (0.00ns)   --->   "%specinterface_ln0 = specinterface void @_ssdm_op_SpecInterface, i32 %num_clusters, void @empty_0, i32 4294967295, i32 4294967295, void @empty_1, i32 0, i32 0, void @empty_2, void @empty_6, void @empty, i32 0, i32 0, i32 0, i32 0, void @empty, void @empty, i32 4294967295, i32 0, i32 0"   --->   Operation 57 'specinterface' 'specinterface_ln0' <Predicate = true> <Delay = 0.00>
ST_4 : Operation 58 [1/1] (0.00ns)   --->   "%specinterface_ln0 = specinterface void @_ssdm_op_SpecInterface, i32 %num_clusters, void @empty_4, i32 4294967295, i32 4294967295, void @empty, i32 0, i32 0, void @empty, void @empty, void @empty, i32 0, i32 0, i32 0, i32 0, void @empty, void @empty, i32 4294967295, i32 0, i32 0"   --->   Operation 58 'specinterface' 'specinterface_ln0' <Predicate = true> <Delay = 0.00>
ST_4 : Operation 59 [1/1] (0.00ns)   --->   "%specinterface_ln0 = specinterface void @_ssdm_op_SpecInterface, i32 0, void @empty_0, i32 0, i32 0, void @empty, i32 0, i32 0, void @empty_2, void @empty, void @empty, i32 0, i32 0, i32 0, i32 0, void @empty, void @empty, i32 4294967295, i32 0, i32 0"   --->   Operation 59 'specinterface' 'specinterface_ln0' <Predicate = true> <Delay = 0.00>
ST_4 : Operation 60 [1/2] (0.73ns)   --->   "%call_ret = call i456 @select_top_n, i16 %clusters_et, i16 %clusters_isolation_et, i5 %clusters_eta, i6 %clusters_phi, i1 %clusters_window_size, i1 %clusters_valid, i32 %local_num_clusters" [calorimeter.cpp:13->calorimeter.cpp:220]   --->   Operation 60 'call' 'call_ret' <Predicate = true> <Delay = 0.73> <CoreType = "Generic">   --->   Core 0 '' <Latency = 0> <II = 1> <Delay = 1.00> <Generic> <Opcode : >
ST_4 : Operation 61 [1/1] (0.00ns) (grouped into LUT with out node objects_0_0_i)   --->   "%top_clusters_et = extractvalue i456 %call_ret" [calorimeter.cpp:13->calorimeter.cpp:220]   --->   Operation 61 'extractvalue' 'top_clusters_et' <Predicate = true> <Delay = 0.00>
ST_4 : Operation 62 [1/1] (0.00ns) (grouped into LUT with out node objects_1_0_i)   --->   "%top_clusters_et_1 = extractvalue i456 %call_ret" [calorimeter.cpp:13->calorimeter.cpp:220]   --->   Operation 62 'extractvalue' 'top_clusters_et_1' <Predicate = true> <Delay = 0.00>
ST_4 : Operation 63 [1/1] (0.00ns) (grouped into LUT with out node objects_2_0_i)   --->   "%top_clusters_et_2 = extractvalue i456 %call_ret" [calorimeter.cpp:13->calorimeter.cpp:220]   --->   Operation 63 'extractvalue' 'top_clusters_et_2' <Predicate = true> <Delay = 0.00>
ST_4 : Operation 64 [1/1] (0.00ns) (grouped into LUT with out node objects_3_0_i)   --->   "%top_clusters_et_3 = extractvalue i456 %call_ret" [calorimeter.cpp:13->calorimeter.cpp:220]   --->   Operation 64 'extractvalue' 'top_clusters_et_3' <Predicate = true> <Delay = 0.00>
ST_4 : Operation 65 [1/1] (0.00ns) (grouped into LUT with out node objects_4_0_i)   --->   "%top_clusters_et_4 = extractvalue i456 %call_ret" [calorimeter.cpp:13->calorimeter.cpp:220]   --->   Operation 65 'extractvalue' 'top_clusters_et_4' <Predicate = true> <Delay = 0.00>
ST_4 : Operation 66 [1/1] (0.00ns) (grouped into LUT with out node objects_5_0_i)   --->   "%top_clusters_et_5 = extractvalue i456 %call_ret" [calorimeter.cpp:13->calorimeter.cpp:220]   --->   Operation 66 'extractvalue' 'top_clusters_et_5' <Predicate = true> <Delay = 0.00>
ST_4 : Operation 67 [1/1] (0.00ns) (grouped into LUT with out node objects_6_0_i)   --->   "%top_clusters_et_6 = extractvalue i456 %call_ret" [calorimeter.cpp:13->calorimeter.cpp:220]   --->   Operation 67 'extractvalue' 'top_clusters_et_6' <Predicate = true> <Delay = 0.00>
ST_4 : Operation 68 [1/1] (0.00ns) (grouped into LUT with out node objects_7_0_i)   --->   "%top_clusters_et_7 = extractvalue i456 %call_ret" [calorimeter.cpp:13->calorimeter.cpp:220]   --->   Operation 68 'extractvalue' 'top_clusters_et_7' <Predicate = true> <Delay = 0.00>
ST_4 : Operation 69 [1/1] (0.00ns) (grouped into LUT with out node objects_0_0_i)   --->   "%top_clusters_isolation_et = extractvalue i456 %call_ret" [calorimeter.cpp:13->calorimeter.cpp:220]   --->   Operation 69 'extractvalue' 'top_clusters_isolation_et' <Predicate = true> <Delay = 0.00>
ST_4 : Operation 70 [1/1] (0.00ns) (grouped into LUT with out node objects_1_0_i)   --->   "%top_clusters_isolation_et_1 = extractvalue i456 %call_ret" [calorimeter.cpp:13->calorimeter.cpp:220]   --->   Operation 70 'extractvalue' 'top_clusters_isolation_et_1' <Predicate = true> <Delay = 0.00>
ST_4 : Operation 71 [1/1] (0.00ns) (grouped into LUT with out node objects_2_0_i)   --->   "%top_clusters_isolation_et_2 = extractvalue i456 %call_ret" [calorimeter.cpp:13->calorimeter.cpp:220]   --->   Operation 71 'extractvalue' 'top_clusters_isolation_et_2' <Predicate = true> <Delay = 0.00>
ST_4 : Operation 72 [1/1] (0.00ns) (grouped into LUT with out node objects_3_0_i)   --->   "%top_clusters_isolation_et_3 = extractvalue i456 %call_ret" [calorimeter.cpp:13->calorimeter.cpp:220]   --->   Operation 72 'extractvalue' 'top_clusters_isolation_et_3' <Predicate = true> <Delay = 0.00>
ST_4 : Operation 73 [1/1] (0.00ns) (grouped into LUT with out node objects_4_0_i)   --->   "%top_clusters_isolation_et_4 = extractvalue i456 %call_ret" [calorimeter.cpp:13->calorimeter.cpp:220]   --->   Operation 73 'extractvalue' 'top_clusters_isolation_et_4' <Predicate = true> <Delay = 0.00>
ST_4 : Operation 74 [1/1] (0.00ns) (grouped into LUT with out node objects_5_0_i)   --->   "%top_clusters_isolation_et_5 = extractvalue i456 %call_ret" [calorimeter.cpp:13->calorimeter.cpp:220]   --->   Operation 74 'extractvalue' 'top_clusters_isolation_et_5' <Predicate = true> <Delay = 0.00>
ST_4 : Operation 75 [1/1] (0.00ns) (grouped into LUT with out node objects_6_0_i)   --->   "%top_clusters_isolation_et_6 = extractvalue i456 %call_ret" [calorimeter.cpp:13->calorimeter.cpp:220]   --->   Operation 75 'extractvalue' 'top_clusters_isolation_et_6' <Predicate = true> <Delay = 0.00>
ST_4 : Operation 76 [1/1] (0.00ns) (grouped into LUT with out node objects_7_0_i)   --->   "%top_clusters_isolation_et_7 = extractvalue i456 %call_ret" [calorimeter.cpp:13->calorimeter.cpp:220]   --->   Operation 76 'extractvalue' 'top_clusters_isolation_et_7' <Predicate = true> <Delay = 0.00>
ST_4 : Operation 77 [1/1] (0.00ns) (grouped into LUT with out node objects_0_0_i)   --->   "%top_clusters_eta = extractvalue i456 %call_ret" [calorimeter.cpp:13->calorimeter.cpp:220]   --->   Operation 77 'extractvalue' 'top_clusters_eta' <Predicate = true> <Delay = 0.00>
ST_4 : Operation 78 [1/1] (0.00ns) (grouped into LUT with out node objects_1_0_i)   --->   "%top_clusters_eta_1 = extractvalue i456 %call_ret" [calorimeter.cpp:13->calorimeter.cpp:220]   --->   Operation 78 'extractvalue' 'top_clusters_eta_1' <Predicate = true> <Delay = 0.00>
ST_4 : Operation 79 [1/1] (0.00ns) (grouped into LUT with out node objects_2_0_i)   --->   "%top_clusters_eta_2 = extractvalue i456 %call_ret" [calorimeter.cpp:13->calorimeter.cpp:220]   --->   Operation 79 'extractvalue' 'top_clusters_eta_2' <Predicate = true> <Delay = 0.00>
ST_4 : Operation 80 [1/1] (0.00ns) (grouped into LUT with out node objects_3_0_i)   --->   "%top_clusters_eta_3 = extractvalue i456 %call_ret" [calorimeter.cpp:13->calorimeter.cpp:220]   --->   Operation 80 'extractvalue' 'top_clusters_eta_3' <Predicate = true> <Delay = 0.00>
ST_4 : Operation 81 [1/1] (0.00ns) (grouped into LUT with out node objects_4_0_i)   --->   "%top_clusters_eta_4 = extractvalue i456 %call_ret" [calorimeter.cpp:13->calorimeter.cpp:220]   --->   Operation 81 'extractvalue' 'top_clusters_eta_4' <Predicate = true> <Delay = 0.00>
ST_4 : Operation 82 [1/1] (0.00ns) (grouped into LUT with out node objects_5_0_i)   --->   "%top_clusters_eta_5 = extractvalue i456 %call_ret" [calorimeter.cpp:13->calorimeter.cpp:220]   --->   Operation 82 'extractvalue' 'top_clusters_eta_5' <Predicate = true> <Delay = 0.00>
ST_4 : Operation 83 [1/1] (0.00ns) (grouped into LUT with out node objects_6_0_i)   --->   "%top_clusters_eta_6 = extractvalue i456 %call_ret" [calorimeter.cpp:13->calorimeter.cpp:220]   --->   Operation 83 'extractvalue' 'top_clusters_eta_6' <Predicate = true> <Delay = 0.00>
ST_4 : Operation 84 [1/1] (0.00ns) (grouped into LUT with out node objects_7_0_i)   --->   "%top_clusters_eta_7 = extractvalue i456 %call_ret" [calorimeter.cpp:13->calorimeter.cpp:220]   --->   Operation 84 'extractvalue' 'top_clusters_eta_7' <Predicate = true> <Delay = 0.00>
ST_4 : Operation 85 [1/1] (0.00ns) (grouped into LUT with out node objects_0_0_i)   --->   "%top_clusters_phi = extractvalue i456 %call_ret" [calorimeter.cpp:13->calorimeter.cpp:220]   --->   Operation 85 'extractvalue' 'top_clusters_phi' <Predicate = true> <Delay = 0.00>
ST_4 : Operation 86 [1/1] (0.00ns) (grouped into LUT with out node objects_1_0_i)   --->   "%top_clusters_phi_1 = extractvalue i456 %call_ret" [calorimeter.cpp:13->calorimeter.cpp:220]   --->   Operation 86 'extractvalue' 'top_clusters_phi_1' <Predicate = true> <Delay = 0.00>
ST_4 : Operation 87 [1/1] (0.00ns) (grouped into LUT with out node objects_2_0_i)   --->   "%top_clusters_phi_2 = extractvalue i456 %call_ret" [calorimeter.cpp:13->calorimeter.cpp:220]   --->   Operation 87 'extractvalue' 'top_clusters_phi_2' <Predicate = true> <Delay = 0.00>
ST_4 : Operation 88 [1/1] (0.00ns) (grouped into LUT with out node objects_3_0_i)   --->   "%top_clusters_phi_3 = extractvalue i456 %call_ret" [calorimeter.cpp:13->calorimeter.cpp:220]   --->   Operation 88 'extractvalue' 'top_clusters_phi_3' <Predicate = true> <Delay = 0.00>
ST_4 : Operation 89 [1/1] (0.00ns) (grouped into LUT with out node objects_4_0_i)   --->   "%top_clusters_phi_4 = extractvalue i456 %call_ret" [calorimeter.cpp:13->calorimeter.cpp:220]   --->   Operation 89 'extractvalue' 'top_clusters_phi_4' <Predicate = true> <Delay = 0.00>
ST_4 : Operation 90 [1/1] (0.00ns) (grouped into LUT with out node objects_5_0_i)   --->   "%top_clusters_phi_5 = extractvalue i456 %call_ret" [calorimeter.cpp:13->calorimeter.cpp:220]   --->   Operation 90 'extractvalue' 'top_clusters_phi_5' <Predicate = true> <Delay = 0.00>
ST_4 : Operation 91 [1/1] (0.00ns) (grouped into LUT with out node objects_6_0_i)   --->   "%top_clusters_phi_6 = extractvalue i456 %call_ret" [calorimeter.cpp:13->calorimeter.cpp:220]   --->   Operation 91 'extractvalue' 'top_clusters_phi_6' <Predicate = true> <Delay = 0.00>
ST_4 : Operation 92 [1/1] (0.00ns) (grouped into LUT with out node objects_7_0_i)   --->   "%top_clusters_phi_7 = extractvalue i456 %call_ret" [calorimeter.cpp:13->calorimeter.cpp:220]   --->   Operation 92 'extractvalue' 'top_clusters_phi_7' <Predicate = true> <Delay = 0.00>
ST_4 : Operation 93 [1/1] (0.00ns)   --->   "%top_clusters_window_size = extractvalue i456 %call_ret" [calorimeter.cpp:13->calorimeter.cpp:220]   --->   Operation 93 'extractvalue' 'top_clusters_window_size' <Predicate = true> <Delay = 0.00>
ST_4 : Operation 94 [1/1] (0.00ns)   --->   "%top_clusters_window_size_1 = extractvalue i456 %call_ret" [calorimeter.cpp:13->calorimeter.cpp:220]   --->   Operation 94 'extractvalue' 'top_clusters_window_size_1' <Predicate = true> <Delay = 0.00>
ST_4 : Operation 95 [1/1] (0.00ns)   --->   "%top_clusters_window_size_2 = extractvalue i456 %call_ret" [calorimeter.cpp:13->calorimeter.cpp:220]   --->   Operation 95 'extractvalue' 'top_clusters_window_size_2' <Predicate = true> <Delay = 0.00>
ST_4 : Operation 96 [1/1] (0.00ns)   --->   "%top_clusters_window_size_3 = extractvalue i456 %call_ret" [calorimeter.cpp:13->calorimeter.cpp:220]   --->   Operation 96 'extractvalue' 'top_clusters_window_size_3' <Predicate = true> <Delay = 0.00>
ST_4 : Operation 97 [1/1] (0.00ns)   --->   "%top_clusters_window_size_4 = extractvalue i456 %call_ret" [calorimeter.cpp:13->calorimeter.cpp:220]   --->   Operation 97 'extractvalue' 'top_clusters_window_size_4' <Predicate = true> <Delay = 0.00>
ST_4 : Operation 98 [1/1] (0.00ns)   --->   "%top_clusters_window_size_5 = extractvalue i456 %call_ret" [calorimeter.cpp:13->calorimeter.cpp:220]   --->   Operation 98 'extractvalue' 'top_clusters_window_size_5' <Predicate = true> <Delay = 0.00>
ST_4 : Operation 99 [1/1] (0.00ns)   --->   "%top_clusters_window_size_6 = extractvalue i456 %call_ret" [calorimeter.cpp:13->calorimeter.cpp:220]   --->   Operation 99 'extractvalue' 'top_clusters_window_size_6' <Predicate = true> <Delay = 0.00>
ST_4 : Operation 100 [1/1] (0.00ns)   --->   "%top_clusters_window_size_7 = extractvalue i456 %call_ret" [calorimeter.cpp:13->calorimeter.cpp:220]   --->   Operation 100 'extractvalue' 'top_clusters_window_size_7' <Predicate = true> <Delay = 0.00>
ST_4 : Operation 101 [1/1] (0.00ns) (grouped into LUT with out node objects_0_0_i)   --->   "%top_clusters_valid = extractvalue i456 %call_ret" [calorimeter.cpp:13->calorimeter.cpp:220]   --->   Operation 101 'extractvalue' 'top_clusters_valid' <Predicate = true> <Delay = 0.00>
ST_4 : Operation 102 [1/1] (0.00ns) (grouped into LUT with out node objects_1_0_i)   --->   "%top_clusters_valid_1 = extractvalue i456 %call_ret" [calorimeter.cpp:13->calorimeter.cpp:220]   --->   Operation 102 'extractvalue' 'top_clusters_valid_1' <Predicate = true> <Delay = 0.00>
ST_4 : Operation 103 [1/1] (0.00ns) (grouped into LUT with out node objects_2_0_i)   --->   "%top_clusters_valid_2 = extractvalue i456 %call_ret" [calorimeter.cpp:13->calorimeter.cpp:220]   --->   Operation 103 'extractvalue' 'top_clusters_valid_2' <Predicate = true> <Delay = 0.00>
ST_4 : Operation 104 [1/1] (0.00ns) (grouped into LUT with out node objects_3_0_i)   --->   "%top_clusters_valid_3 = extractvalue i456 %call_ret" [calorimeter.cpp:13->calorimeter.cpp:220]   --->   Operation 104 'extractvalue' 'top_clusters_valid_3' <Predicate = true> <Delay = 0.00>
ST_4 : Operation 105 [1/1] (0.00ns) (grouped into LUT with out node objects_4_0_i)   --->   "%top_clusters_valid_4 = extractvalue i456 %call_ret" [calorimeter.cpp:13->calorimeter.cpp:220]   --->   Operation 105 'extractvalue' 'top_clusters_valid_4' <Predicate = true> <Delay = 0.00>
ST_4 : Operation 106 [1/1] (0.00ns) (grouped into LUT with out node objects_5_0_i)   --->   "%top_clusters_valid_5 = extractvalue i456 %call_ret" [calorimeter.cpp:13->calorimeter.cpp:220]   --->   Operation 106 'extractvalue' 'top_clusters_valid_5' <Predicate = true> <Delay = 0.00>
ST_4 : Operation 107 [1/1] (0.00ns) (grouped into LUT with out node objects_6_0_i)   --->   "%top_clusters_valid_6 = extractvalue i456 %call_ret" [calorimeter.cpp:13->calorimeter.cpp:220]   --->   Operation 107 'extractvalue' 'top_clusters_valid_6' <Predicate = true> <Delay = 0.00>
ST_4 : Operation 108 [1/1] (0.00ns) (grouped into LUT with out node objects_7_0_i)   --->   "%top_clusters_valid_7 = extractvalue i456 %call_ret" [calorimeter.cpp:13->calorimeter.cpp:220]   --->   Operation 108 'extractvalue' 'top_clusters_valid_7' <Predicate = true> <Delay = 0.00>
ST_4 : Operation 109 [1/1] (0.70ns)   --->   "%icmp_ln185 = icmp_eq  i4 %top_clusters_window_size, i4 3" [calorimeter.cpp:185->calorimeter.cpp:14->calorimeter.cpp:220]   --->   Operation 109 'icmp' 'icmp_ln185' <Predicate = true> <Delay = 0.70> <CoreInst = "Cmp">   --->   Core 9 'Cmp' <Latency = 0> <II = 1> <Delay = 0.70> <FuncUnit> <Opcode : 'seteq' 'setne' 'setle' 'setge' 'setlt' 'setgt'> <InPorts = 2> <OutPorts = 1>
ST_4 : Operation 110 [1/1] (0.00ns) (grouped into LUT with out node objects_0_0_i)   --->   "%select_ln185 = select i1 %icmp_ln185, i2 1, i2 2" [calorimeter.cpp:185->calorimeter.cpp:14->calorimeter.cpp:220]   --->   Operation 110 'select' 'select_ln185' <Predicate = true> <Delay = 0.00> <CoreInst = "Sel">   --->   Core 73 'Sel' <Latency = 0> <II = 1> <Delay = 0.27> <FuncUnit> <Opcode : 'select'> <InPorts = 3> <OutPorts = 1>
ST_4 : Operation 111 [1/1] (0.00ns) (grouped into LUT with out node objects_0_0_i)   --->   "%or_ln_i = bitconcatenate i58 @_ssdm_op_BitConcatenate.i58.i2.i4.i6.i6.i20.i20, i2 %select_ln185, i4 %top_clusters_window_size, i6 %top_clusters_phi, i6 %top_clusters_eta, i20 %top_clusters_isolation_et, i20 %top_clusters_et" [calorimeter.cpp:191->calorimeter.cpp:14->calorimeter.cpp:220]   --->   Operation 111 'bitconcatenate' 'or_ln_i' <Predicate = true> <Delay = 0.00>
ST_4 : Operation 112 [1/1] (0.00ns) (grouped into LUT with out node objects_0_0_i)   --->   "%zext_ln191 = zext i58 %or_ln_i" [calorimeter.cpp:191->calorimeter.cpp:14->calorimeter.cpp:220]   --->   Operation 112 'zext' 'zext_ln191' <Predicate = true> <Delay = 0.00>
ST_4 : Operation 113 [1/1] (0.00ns) (grouped into LUT with out node objects_0_0_i)   --->   "%or_ln = bitconcatenate i89 @_ssdm_op_BitConcatenate.i89.i1.i88, i1 1, i88 %zext_ln191" [calorimeter.cpp:191->calorimeter.cpp:14->calorimeter.cpp:220]   --->   Operation 113 'bitconcatenate' 'or_ln' <Predicate = true> <Delay = 0.00>
ST_4 : Operation 114 [1/1] (0.34ns) (out node of the LUT)   --->   "%objects_0_0_i = select i1 %top_clusters_valid, i89 %or_ln, i89 0" [calorimeter.cpp:13->calorimeter.cpp:220]   --->   Operation 114 'select' 'objects_0_0_i' <Predicate = true> <Delay = 0.34> <CoreInst = "Sel">   --->   Core 73 'Sel' <Latency = 0> <II = 1> <Delay = 0.34> <FuncUnit> <Opcode : 'select'> <InPorts = 3> <OutPorts = 1>
ST_4 : Operation 115 [1/1] (0.70ns)   --->   "%icmp_ln185_1 = icmp_eq  i4 %top_clusters_window_size_1, i4 3" [calorimeter.cpp:185->calorimeter.cpp:14->calorimeter.cpp:220]   --->   Operation 115 'icmp' 'icmp_ln185_1' <Predicate = true> <Delay = 0.70> <CoreInst = "Cmp">   --->   Core 9 'Cmp' <Latency = 0> <II = 1> <Delay = 0.70> <FuncUnit> <Opcode : 'seteq' 'setne' 'setle' 'setge' 'setlt' 'setgt'> <InPorts = 2> <OutPorts = 1>
ST_4 : Operation 116 [1/1] (0.00ns) (grouped into LUT with out node objects_1_0_i)   --->   "%select_ln185_1 = select i1 %icmp_ln185_1, i2 1, i2 2" [calorimeter.cpp:185->calorimeter.cpp:14->calorimeter.cpp:220]   --->   Operation 116 'select' 'select_ln185_1' <Predicate = true> <Delay = 0.00> <CoreInst = "Sel">   --->   Core 73 'Sel' <Latency = 0> <II = 1> <Delay = 0.27> <FuncUnit> <Opcode : 'select'> <InPorts = 3> <OutPorts = 1>
ST_4 : Operation 117 [1/1] (0.00ns) (grouped into LUT with out node objects_1_0_i)   --->   "%or_ln191_2_i = bitconcatenate i58 @_ssdm_op_BitConcatenate.i58.i2.i4.i6.i6.i20.i20, i2 %select_ln185_1, i4 %top_clusters_window_size_1, i6 %top_clusters_phi_1, i6 %top_clusters_eta_1, i20 %top_clusters_isolation_et_1, i20 %top_clusters_et_1" [calorimeter.cpp:191->calorimeter.cpp:14->calorimeter.cpp:220]   --->   Operation 117 'bitconcatenate' 'or_ln191_2_i' <Predicate = true> <Delay = 0.00>
ST_4 : Operation 118 [1/1] (0.00ns) (grouped into LUT with out node objects_1_0_i)   --->   "%zext_ln191_1 = zext i58 %or_ln191_2_i" [calorimeter.cpp:191->calorimeter.cpp:14->calorimeter.cpp:220]   --->   Operation 118 'zext' 'zext_ln191_1' <Predicate = true> <Delay = 0.00>
ST_4 : Operation 119 [1/1] (0.00ns) (grouped into LUT with out node objects_1_0_i)   --->   "%or_ln191_1 = bitconcatenate i89 @_ssdm_op_BitConcatenate.i89.i1.i88, i1 1, i88 %zext_ln191_1" [calorimeter.cpp:191->calorimeter.cpp:14->calorimeter.cpp:220]   --->   Operation 119 'bitconcatenate' 'or_ln191_1' <Predicate = true> <Delay = 0.00>
ST_4 : Operation 120 [1/1] (0.34ns) (out node of the LUT)   --->   "%objects_1_0_i = select i1 %top_clusters_valid_1, i89 %or_ln191_1, i89 0" [calorimeter.cpp:13->calorimeter.cpp:220]   --->   Operation 120 'select' 'objects_1_0_i' <Predicate = true> <Delay = 0.34> <CoreInst = "Sel">   --->   Core 73 'Sel' <Latency = 0> <II = 1> <Delay = 0.34> <FuncUnit> <Opcode : 'select'> <InPorts = 3> <OutPorts = 1>
ST_4 : Operation 121 [1/1] (0.70ns)   --->   "%icmp_ln185_2 = icmp_eq  i4 %top_clusters_window_size_2, i4 3" [calorimeter.cpp:185->calorimeter.cpp:14->calorimeter.cpp:220]   --->   Operation 121 'icmp' 'icmp_ln185_2' <Predicate = true> <Delay = 0.70> <CoreInst = "Cmp">   --->   Core 9 'Cmp' <Latency = 0> <II = 1> <Delay = 0.70> <FuncUnit> <Opcode : 'seteq' 'setne' 'setle' 'setge' 'setlt' 'setgt'> <InPorts = 2> <OutPorts = 1>
ST_4 : Operation 122 [1/1] (0.00ns) (grouped into LUT with out node objects_2_0_i)   --->   "%select_ln185_2 = select i1 %icmp_ln185_2, i2 1, i2 2" [calorimeter.cpp:185->calorimeter.cpp:14->calorimeter.cpp:220]   --->   Operation 122 'select' 'select_ln185_2' <Predicate = true> <Delay = 0.00> <CoreInst = "Sel">   --->   Core 73 'Sel' <Latency = 0> <II = 1> <Delay = 0.27> <FuncUnit> <Opcode : 'select'> <InPorts = 3> <OutPorts = 1>
ST_4 : Operation 123 [1/1] (0.00ns) (grouped into LUT with out node objects_2_0_i)   --->   "%or_ln191_4_i = bitconcatenate i58 @_ssdm_op_BitConcatenate.i58.i2.i4.i6.i6.i20.i20, i2 %select_ln185_2, i4 %top_clusters_window_size_2, i6 %top_clusters_phi_2, i6 %top_clusters_eta_2, i20 %top_clusters_isolation_et_2, i20 %top_clusters_et_2" [calorimeter.cpp:191->calorimeter.cpp:14->calorimeter.cpp:220]   --->   Operation 123 'bitconcatenate' 'or_ln191_4_i' <Predicate = true> <Delay = 0.00>
ST_4 : Operation 124 [1/1] (0.00ns) (grouped into LUT with out node objects_2_0_i)   --->   "%zext_ln191_2 = zext i58 %or_ln191_4_i" [calorimeter.cpp:191->calorimeter.cpp:14->calorimeter.cpp:220]   --->   Operation 124 'zext' 'zext_ln191_2' <Predicate = true> <Delay = 0.00>
ST_4 : Operation 125 [1/1] (0.00ns) (grouped into LUT with out node objects_2_0_i)   --->   "%or_ln191_2 = bitconcatenate i89 @_ssdm_op_BitConcatenate.i89.i1.i88, i1 1, i88 %zext_ln191_2" [calorimeter.cpp:191->calorimeter.cpp:14->calorimeter.cpp:220]   --->   Operation 125 'bitconcatenate' 'or_ln191_2' <Predicate = true> <Delay = 0.00>
ST_4 : Operation 126 [1/1] (0.34ns) (out node of the LUT)   --->   "%objects_2_0_i = select i1 %top_clusters_valid_2, i89 %or_ln191_2, i89 0" [calorimeter.cpp:13->calorimeter.cpp:220]   --->   Operation 126 'select' 'objects_2_0_i' <Predicate = true> <Delay = 0.34> <CoreInst = "Sel">   --->   Core 73 'Sel' <Latency = 0> <II = 1> <Delay = 0.34> <FuncUnit> <Opcode : 'select'> <InPorts = 3> <OutPorts = 1>
ST_4 : Operation 127 [1/1] (0.70ns)   --->   "%icmp_ln185_3 = icmp_eq  i4 %top_clusters_window_size_3, i4 3" [calorimeter.cpp:185->calorimeter.cpp:14->calorimeter.cpp:220]   --->   Operation 127 'icmp' 'icmp_ln185_3' <Predicate = true> <Delay = 0.70> <CoreInst = "Cmp">   --->   Core 9 'Cmp' <Latency = 0> <II = 1> <Delay = 0.70> <FuncUnit> <Opcode : 'seteq' 'setne' 'setle' 'setge' 'setlt' 'setgt'> <InPorts = 2> <OutPorts = 1>
ST_4 : Operation 128 [1/1] (0.00ns) (grouped into LUT with out node objects_3_0_i)   --->   "%select_ln185_3 = select i1 %icmp_ln185_3, i2 1, i2 2" [calorimeter.cpp:185->calorimeter.cpp:14->calorimeter.cpp:220]   --->   Operation 128 'select' 'select_ln185_3' <Predicate = true> <Delay = 0.00> <CoreInst = "Sel">   --->   Core 73 'Sel' <Latency = 0> <II = 1> <Delay = 0.27> <FuncUnit> <Opcode : 'select'> <InPorts = 3> <OutPorts = 1>
ST_4 : Operation 129 [1/1] (0.00ns) (grouped into LUT with out node objects_3_0_i)   --->   "%or_ln191_6_i = bitconcatenate i58 @_ssdm_op_BitConcatenate.i58.i2.i4.i6.i6.i20.i20, i2 %select_ln185_3, i4 %top_clusters_window_size_3, i6 %top_clusters_phi_3, i6 %top_clusters_eta_3, i20 %top_clusters_isolation_et_3, i20 %top_clusters_et_3" [calorimeter.cpp:191->calorimeter.cpp:14->calorimeter.cpp:220]   --->   Operation 129 'bitconcatenate' 'or_ln191_6_i' <Predicate = true> <Delay = 0.00>
ST_4 : Operation 130 [1/1] (0.00ns) (grouped into LUT with out node objects_3_0_i)   --->   "%zext_ln191_3 = zext i58 %or_ln191_6_i" [calorimeter.cpp:191->calorimeter.cpp:14->calorimeter.cpp:220]   --->   Operation 130 'zext' 'zext_ln191_3' <Predicate = true> <Delay = 0.00>
ST_4 : Operation 131 [1/1] (0.00ns) (grouped into LUT with out node objects_3_0_i)   --->   "%or_ln191_3 = bitconcatenate i89 @_ssdm_op_BitConcatenate.i89.i1.i88, i1 1, i88 %zext_ln191_3" [calorimeter.cpp:191->calorimeter.cpp:14->calorimeter.cpp:220]   --->   Operation 131 'bitconcatenate' 'or_ln191_3' <Predicate = true> <Delay = 0.00>
ST_4 : Operation 132 [1/1] (0.34ns) (out node of the LUT)   --->   "%objects_3_0_i = select i1 %top_clusters_valid_3, i89 %or_ln191_3, i89 0" [calorimeter.cpp:13->calorimeter.cpp:220]   --->   Operation 132 'select' 'objects_3_0_i' <Predicate = true> <Delay = 0.34> <CoreInst = "Sel">   --->   Core 73 'Sel' <Latency = 0> <II = 1> <Delay = 0.34> <FuncUnit> <Opcode : 'select'> <InPorts = 3> <OutPorts = 1>
ST_4 : Operation 133 [1/1] (0.70ns)   --->   "%icmp_ln185_4 = icmp_eq  i4 %top_clusters_window_size_4, i4 3" [calorimeter.cpp:185->calorimeter.cpp:14->calorimeter.cpp:220]   --->   Operation 133 'icmp' 'icmp_ln185_4' <Predicate = true> <Delay = 0.70> <CoreInst = "Cmp">   --->   Core 9 'Cmp' <Latency = 0> <II = 1> <Delay = 0.70> <FuncUnit> <Opcode : 'seteq' 'setne' 'setle' 'setge' 'setlt' 'setgt'> <InPorts = 2> <OutPorts = 1>
ST_4 : Operation 134 [1/1] (0.00ns) (grouped into LUT with out node objects_4_0_i)   --->   "%select_ln185_4 = select i1 %icmp_ln185_4, i2 1, i2 2" [calorimeter.cpp:185->calorimeter.cpp:14->calorimeter.cpp:220]   --->   Operation 134 'select' 'select_ln185_4' <Predicate = true> <Delay = 0.00> <CoreInst = "Sel">   --->   Core 73 'Sel' <Latency = 0> <II = 1> <Delay = 0.27> <FuncUnit> <Opcode : 'select'> <InPorts = 3> <OutPorts = 1>
ST_4 : Operation 135 [1/1] (0.00ns) (grouped into LUT with out node objects_4_0_i)   --->   "%or_ln191_8_i = bitconcatenate i58 @_ssdm_op_BitConcatenate.i58.i2.i4.i6.i6.i20.i20, i2 %select_ln185_4, i4 %top_clusters_window_size_4, i6 %top_clusters_phi_4, i6 %top_clusters_eta_4, i20 %top_clusters_isolation_et_4, i20 %top_clusters_et_4" [calorimeter.cpp:191->calorimeter.cpp:14->calorimeter.cpp:220]   --->   Operation 135 'bitconcatenate' 'or_ln191_8_i' <Predicate = true> <Delay = 0.00>
ST_4 : Operation 136 [1/1] (0.00ns) (grouped into LUT with out node objects_4_0_i)   --->   "%zext_ln191_4 = zext i58 %or_ln191_8_i" [calorimeter.cpp:191->calorimeter.cpp:14->calorimeter.cpp:220]   --->   Operation 136 'zext' 'zext_ln191_4' <Predicate = true> <Delay = 0.00>
ST_4 : Operation 137 [1/1] (0.00ns) (grouped into LUT with out node objects_4_0_i)   --->   "%or_ln191_4 = bitconcatenate i89 @_ssdm_op_BitConcatenate.i89.i1.i88, i1 1, i88 %zext_ln191_4" [calorimeter.cpp:191->calorimeter.cpp:14->calorimeter.cpp:220]   --->   Operation 137 'bitconcatenate' 'or_ln191_4' <Predicate = true> <Delay = 0.00>
ST_4 : Operation 138 [1/1] (0.34ns) (out node of the LUT)   --->   "%objects_4_0_i = select i1 %top_clusters_valid_4, i89 %or_ln191_4, i89 0" [calorimeter.cpp:13->calorimeter.cpp:220]   --->   Operation 138 'select' 'objects_4_0_i' <Predicate = true> <Delay = 0.34> <CoreInst = "Sel">   --->   Core 73 'Sel' <Latency = 0> <II = 1> <Delay = 0.34> <FuncUnit> <Opcode : 'select'> <InPorts = 3> <OutPorts = 1>
ST_4 : Operation 139 [1/1] (0.70ns)   --->   "%icmp_ln185_5 = icmp_eq  i4 %top_clusters_window_size_5, i4 3" [calorimeter.cpp:185->calorimeter.cpp:14->calorimeter.cpp:220]   --->   Operation 139 'icmp' 'icmp_ln185_5' <Predicate = true> <Delay = 0.70> <CoreInst = "Cmp">   --->   Core 9 'Cmp' <Latency = 0> <II = 1> <Delay = 0.70> <FuncUnit> <Opcode : 'seteq' 'setne' 'setle' 'setge' 'setlt' 'setgt'> <InPorts = 2> <OutPorts = 1>
ST_4 : Operation 140 [1/1] (0.00ns) (grouped into LUT with out node objects_5_0_i)   --->   "%select_ln185_5 = select i1 %icmp_ln185_5, i2 1, i2 2" [calorimeter.cpp:185->calorimeter.cpp:14->calorimeter.cpp:220]   --->   Operation 140 'select' 'select_ln185_5' <Predicate = true> <Delay = 0.00> <CoreInst = "Sel">   --->   Core 73 'Sel' <Latency = 0> <II = 1> <Delay = 0.27> <FuncUnit> <Opcode : 'select'> <InPorts = 3> <OutPorts = 1>
ST_4 : Operation 141 [1/1] (0.00ns) (grouped into LUT with out node objects_5_0_i)   --->   "%or_ln191_i = bitconcatenate i58 @_ssdm_op_BitConcatenate.i58.i2.i4.i6.i6.i20.i20, i2 %select_ln185_5, i4 %top_clusters_window_size_5, i6 %top_clusters_phi_5, i6 %top_clusters_eta_5, i20 %top_clusters_isolation_et_5, i20 %top_clusters_et_5" [calorimeter.cpp:191->calorimeter.cpp:14->calorimeter.cpp:220]   --->   Operation 141 'bitconcatenate' 'or_ln191_i' <Predicate = true> <Delay = 0.00>
ST_4 : Operation 142 [1/1] (0.00ns) (grouped into LUT with out node objects_5_0_i)   --->   "%zext_ln191_5 = zext i58 %or_ln191_i" [calorimeter.cpp:191->calorimeter.cpp:14->calorimeter.cpp:220]   --->   Operation 142 'zext' 'zext_ln191_5' <Predicate = true> <Delay = 0.00>
ST_4 : Operation 143 [1/1] (0.00ns) (grouped into LUT with out node objects_5_0_i)   --->   "%or_ln191_5 = bitconcatenate i89 @_ssdm_op_BitConcatenate.i89.i1.i88, i1 1, i88 %zext_ln191_5" [calorimeter.cpp:191->calorimeter.cpp:14->calorimeter.cpp:220]   --->   Operation 143 'bitconcatenate' 'or_ln191_5' <Predicate = true> <Delay = 0.00>
ST_4 : Operation 144 [1/1] (0.34ns) (out node of the LUT)   --->   "%objects_5_0_i = select i1 %top_clusters_valid_5, i89 %or_ln191_5, i89 0" [calorimeter.cpp:13->calorimeter.cpp:220]   --->   Operation 144 'select' 'objects_5_0_i' <Predicate = true> <Delay = 0.34> <CoreInst = "Sel">   --->   Core 73 'Sel' <Latency = 0> <II = 1> <Delay = 0.34> <FuncUnit> <Opcode : 'select'> <InPorts = 3> <OutPorts = 1>
ST_4 : Operation 145 [1/1] (0.70ns)   --->   "%icmp_ln185_6 = icmp_eq  i4 %top_clusters_window_size_6, i4 3" [calorimeter.cpp:185->calorimeter.cpp:14->calorimeter.cpp:220]   --->   Operation 145 'icmp' 'icmp_ln185_6' <Predicate = true> <Delay = 0.70> <CoreInst = "Cmp">   --->   Core 9 'Cmp' <Latency = 0> <II = 1> <Delay = 0.70> <FuncUnit> <Opcode : 'seteq' 'setne' 'setle' 'setge' 'setlt' 'setgt'> <InPorts = 2> <OutPorts = 1>
ST_4 : Operation 146 [1/1] (0.00ns) (grouped into LUT with out node objects_6_0_i)   --->   "%select_ln185_6 = select i1 %icmp_ln185_6, i2 1, i2 2" [calorimeter.cpp:185->calorimeter.cpp:14->calorimeter.cpp:220]   --->   Operation 146 'select' 'select_ln185_6' <Predicate = true> <Delay = 0.00> <CoreInst = "Sel">   --->   Core 73 'Sel' <Latency = 0> <II = 1> <Delay = 0.27> <FuncUnit> <Opcode : 'select'> <InPorts = 3> <OutPorts = 1>
ST_4 : Operation 147 [1/1] (0.00ns) (grouped into LUT with out node objects_6_0_i)   --->   "%or_ln191_10_i = bitconcatenate i58 @_ssdm_op_BitConcatenate.i58.i2.i4.i6.i6.i20.i20, i2 %select_ln185_6, i4 %top_clusters_window_size_6, i6 %top_clusters_phi_6, i6 %top_clusters_eta_6, i20 %top_clusters_isolation_et_6, i20 %top_clusters_et_6" [calorimeter.cpp:191->calorimeter.cpp:14->calorimeter.cpp:220]   --->   Operation 147 'bitconcatenate' 'or_ln191_10_i' <Predicate = true> <Delay = 0.00>
ST_4 : Operation 148 [1/1] (0.00ns) (grouped into LUT with out node objects_6_0_i)   --->   "%zext_ln191_6 = zext i58 %or_ln191_10_i" [calorimeter.cpp:191->calorimeter.cpp:14->calorimeter.cpp:220]   --->   Operation 148 'zext' 'zext_ln191_6' <Predicate = true> <Delay = 0.00>
ST_4 : Operation 149 [1/1] (0.00ns) (grouped into LUT with out node objects_6_0_i)   --->   "%or_ln191_6 = bitconcatenate i89 @_ssdm_op_BitConcatenate.i89.i1.i88, i1 1, i88 %zext_ln191_6" [calorimeter.cpp:191->calorimeter.cpp:14->calorimeter.cpp:220]   --->   Operation 149 'bitconcatenate' 'or_ln191_6' <Predicate = true> <Delay = 0.00>
ST_4 : Operation 150 [1/1] (0.34ns) (out node of the LUT)   --->   "%objects_6_0_i = select i1 %top_clusters_valid_6, i89 %or_ln191_6, i89 0" [calorimeter.cpp:13->calorimeter.cpp:220]   --->   Operation 150 'select' 'objects_6_0_i' <Predicate = true> <Delay = 0.34> <CoreInst = "Sel">   --->   Core 73 'Sel' <Latency = 0> <II = 1> <Delay = 0.34> <FuncUnit> <Opcode : 'select'> <InPorts = 3> <OutPorts = 1>
ST_4 : Operation 151 [1/1] (0.70ns)   --->   "%icmp_ln185_7 = icmp_eq  i4 %top_clusters_window_size_7, i4 3" [calorimeter.cpp:185->calorimeter.cpp:14->calorimeter.cpp:220]   --->   Operation 151 'icmp' 'icmp_ln185_7' <Predicate = true> <Delay = 0.70> <CoreInst = "Cmp">   --->   Core 9 'Cmp' <Latency = 0> <II = 1> <Delay = 0.70> <FuncUnit> <Opcode : 'seteq' 'setne' 'setle' 'setge' 'setlt' 'setgt'> <InPorts = 2> <OutPorts = 1>
ST_4 : Operation 152 [1/1] (0.00ns) (grouped into LUT with out node objects_7_0_i)   --->   "%select_ln185_7 = select i1 %icmp_ln185_7, i2 1, i2 2" [calorimeter.cpp:185->calorimeter.cpp:14->calorimeter.cpp:220]   --->   Operation 152 'select' 'select_ln185_7' <Predicate = true> <Delay = 0.00> <CoreInst = "Sel">   --->   Core 73 'Sel' <Latency = 0> <II = 1> <Delay = 0.27> <FuncUnit> <Opcode : 'select'> <InPorts = 3> <OutPorts = 1>
ST_4 : Operation 153 [1/1] (0.00ns) (grouped into LUT with out node objects_7_0_i)   --->   "%or_ln191_12_i = bitconcatenate i58 @_ssdm_op_BitConcatenate.i58.i2.i4.i6.i6.i20.i20, i2 %select_ln185_7, i4 %top_clusters_window_size_7, i6 %top_clusters_phi_7, i6 %top_clusters_eta_7, i20 %top_clusters_isolation_et_7, i20 %top_clusters_et_7" [calorimeter.cpp:191->calorimeter.cpp:14->calorimeter.cpp:220]   --->   Operation 153 'bitconcatenate' 'or_ln191_12_i' <Predicate = true> <Delay = 0.00>
ST_4 : Operation 154 [1/1] (0.00ns) (grouped into LUT with out node objects_7_0_i)   --->   "%zext_ln191_7 = zext i58 %or_ln191_12_i" [calorimeter.cpp:191->calorimeter.cpp:14->calorimeter.cpp:220]   --->   Operation 154 'zext' 'zext_ln191_7' <Predicate = true> <Delay = 0.00>
ST_4 : Operation 155 [1/1] (0.00ns) (grouped into LUT with out node objects_7_0_i)   --->   "%or_ln191_7 = bitconcatenate i89 @_ssdm_op_BitConcatenate.i89.i1.i88, i1 1, i88 %zext_ln191_7" [calorimeter.cpp:191->calorimeter.cpp:14->calorimeter.cpp:220]   --->   Operation 155 'bitconcatenate' 'or_ln191_7' <Predicate = true> <Delay = 0.00>
ST_4 : Operation 156 [1/1] (0.34ns) (out node of the LUT)   --->   "%objects_7_0_i = select i1 %top_clusters_valid_7, i89 %or_ln191_7, i89 0" [calorimeter.cpp:13->calorimeter.cpp:220]   --->   Operation 156 'select' 'objects_7_0_i' <Predicate = true> <Delay = 0.34> <CoreInst = "Sel">   --->   Core 73 'Sel' <Latency = 0> <II = 1> <Delay = 0.34> <FuncUnit> <Opcode : 'select'> <InPorts = 3> <OutPorts = 1>
ST_4 : Operation 157 [1/1] (0.00ns)   --->   "%write_ln14 = write void @_ssdm_op_Write.ap_auto.i89P0A, i89 %objects_0, i89 %objects_0_0_i" [calorimeter.cpp:14->calorimeter.cpp:220]   --->   Operation 157 'write' 'write_ln14' <Predicate = true> <Delay = 0.00>
ST_4 : Operation 158 [1/1] (0.00ns)   --->   "%write_ln14 = write void @_ssdm_op_Write.ap_auto.i89P0A, i89 %objects_1, i89 %objects_1_0_i" [calorimeter.cpp:14->calorimeter.cpp:220]   --->   Operation 158 'write' 'write_ln14' <Predicate = true> <Delay = 0.00>
ST_4 : Operation 159 [1/1] (0.00ns)   --->   "%write_ln14 = write void @_ssdm_op_Write.ap_auto.i89P0A, i89 %objects_2, i89 %objects_2_0_i" [calorimeter.cpp:14->calorimeter.cpp:220]   --->   Operation 159 'write' 'write_ln14' <Predicate = true> <Delay = 0.00>
ST_4 : Operation 160 [1/1] (0.00ns)   --->   "%write_ln14 = write void @_ssdm_op_Write.ap_auto.i89P0A, i89 %objects_3, i89 %objects_3_0_i" [calorimeter.cpp:14->calorimeter.cpp:220]   --->   Operation 160 'write' 'write_ln14' <Predicate = true> <Delay = 0.00>
ST_4 : Operation 161 [1/1] (0.00ns)   --->   "%write_ln14 = write void @_ssdm_op_Write.ap_auto.i89P0A, i89 %objects_4, i89 %objects_4_0_i" [calorimeter.cpp:14->calorimeter.cpp:220]   --->   Operation 161 'write' 'write_ln14' <Predicate = true> <Delay = 0.00>
ST_4 : Operation 162 [1/1] (0.00ns)   --->   "%write_ln14 = write void @_ssdm_op_Write.ap_auto.i89P0A, i89 %objects_5, i89 %objects_5_0_i" [calorimeter.cpp:14->calorimeter.cpp:220]   --->   Operation 162 'write' 'write_ln14' <Predicate = true> <Delay = 0.00>
ST_4 : Operation 163 [1/1] (0.00ns)   --->   "%write_ln14 = write void @_ssdm_op_Write.ap_auto.i89P0A, i89 %objects_6, i89 %objects_6_0_i" [calorimeter.cpp:14->calorimeter.cpp:220]   --->   Operation 163 'write' 'write_ln14' <Predicate = true> <Delay = 0.00>
ST_4 : Operation 164 [1/1] (0.00ns)   --->   "%write_ln14 = write void @_ssdm_op_Write.ap_auto.i89P0A, i89 %objects_7, i89 %objects_7_0_i" [calorimeter.cpp:14->calorimeter.cpp:220]   --->   Operation 164 'write' 'write_ln14' <Predicate = true> <Delay = 0.00>
ST_4 : Operation 165 [1/1] (0.38ns)   --->   "%br_ln0 = br void %for.inc7.i.i"   --->   Operation 165 'br' 'br_ln0' <Predicate = true> <Delay = 0.38>

State 5 <SV = 4> <Delay = 2.96>
ST_5 : Operation 166 [1/1] (0.00ns)   --->   "%icmp_ln1507 = phi i1 0, void %entry, i1 %icmp_ln150, void %for.inc7.i.i" [calorimeter.cpp:150->calorimeter.cpp:15->calorimeter.cpp:220]   --->   Operation 166 'phi' 'icmp_ln1507' <Predicate = true> <Delay = 0.00>
ST_5 : Operation 167 [1/1] (0.00ns)   --->   "%indvar_flatten2_load = load i11 %indvar_flatten2" [calorimeter.cpp:149->calorimeter.cpp:15->calorimeter.cpp:220]   --->   Operation 167 'load' 'indvar_flatten2_load' <Predicate = true> <Delay = 0.00>
ST_5 : Operation 168 [1/1] (0.00ns)   --->   "%eta3_load = load i5 %eta3" [calorimeter.cpp:149->calorimeter.cpp:15->calorimeter.cpp:220]   --->   Operation 168 'load' 'eta3_load' <Predicate = true> <Delay = 0.00>
ST_5 : Operation 169 [1/1] (0.00ns)   --->   "%phi4_load = load i6 %phi4" [calorimeter.cpp:149->calorimeter.cpp:15->calorimeter.cpp:220]   --->   Operation 169 'load' 'phi4_load' <Predicate = true> <Delay = 0.00>
ST_5 : Operation 170 [1/1] (0.70ns)   --->   "%add_ln149 = add i5 %eta3_load, i5 1" [calorimeter.cpp:149->calorimeter.cpp:15->calorimeter.cpp:220]   --->   Operation 170 'add' 'add_ln149' <Predicate = true> <Delay = 0.70> <CoreInst = "Adder">   --->   Core 1 'Adder' <Latency = 0> <II = 1> <Delay = 0.70> <FuncUnit> <Opcode : 'add' 'sub'> <InPorts = 2> <OutPorts = 1>
ST_5 : Operation 171 [1/1] (0.29ns)   --->   "%select_ln149 = select i1 %icmp_ln1507, i6 0, i6 %phi4_load" [calorimeter.cpp:149->calorimeter.cpp:15->calorimeter.cpp:220]   --->   Operation 171 'select' 'select_ln149' <Predicate = true> <Delay = 0.29> <CoreInst = "Sel">   --->   Core 73 'Sel' <Latency = 0> <II = 1> <Delay = 0.29> <FuncUnit> <Opcode : 'select'> <InPorts = 3> <OutPorts = 1>
ST_5 : Operation 172 [1/1] (0.27ns)   --->   "%eta = select i1 %icmp_ln1507, i5 %add_ln149, i5 %eta3_load" [calorimeter.cpp:149->calorimeter.cpp:15->calorimeter.cpp:220]   --->   Operation 172 'select' 'eta' <Predicate = true> <Delay = 0.27> <CoreInst = "Sel">   --->   Core 73 'Sel' <Latency = 0> <II = 1> <Delay = 0.27> <FuncUnit> <Opcode : 'select'> <InPorts = 3> <OutPorts = 1>
ST_5 : Operation 173 [1/1] (0.00ns)   --->   "%p_shl = bitconcatenate i11 @_ssdm_op_BitConcatenate.i11.i5.i6, i5 %eta, i6 0" [calorimeter.cpp:152->calorimeter.cpp:15->calorimeter.cpp:220]   --->   Operation 173 'bitconcatenate' 'p_shl' <Predicate = true> <Delay = 0.00>
ST_5 : Operation 174 [1/1] (0.00ns)   --->   "%tmp = bitconcatenate i7 @_ssdm_op_BitConcatenate.i7.i5.i2, i5 %eta, i2 0" [calorimeter.cpp:152->calorimeter.cpp:15->calorimeter.cpp:220]   --->   Operation 174 'bitconcatenate' 'tmp' <Predicate = true> <Delay = 0.00>
ST_5 : Operation 175 [1/1] (0.00ns)   --->   "%zext_ln152 = zext i7 %tmp" [calorimeter.cpp:152->calorimeter.cpp:15->calorimeter.cpp:220]   --->   Operation 175 'zext' 'zext_ln152' <Predicate = true> <Delay = 0.00>
ST_5 : Operation 176 [1/1] (0.00ns) (grouped into TernaryAdder)   --->   "%sub_ln152 = sub i11 %p_shl, i11 %zext_ln152" [calorimeter.cpp:152->calorimeter.cpp:15->calorimeter.cpp:220]   --->   Operation 176 'sub' 'sub_ln152' <Predicate = true> <Delay = 0.00> <CoreInst = "TAddSub">   --->   Core 10 'TAddSub' <Latency = 0> <II = 1> <Delay = 0.38> <IPBlock> <Opcode : '' 'add' 'sub'> <InPorts = 3> <OutPorts = 1> <Sync> <CReg>
ST_5 : Operation 177 [1/1] (0.00ns)   --->   "%zext_ln152_1 = zext i6 %select_ln149" [calorimeter.cpp:152->calorimeter.cpp:15->calorimeter.cpp:220]   --->   Operation 177 'zext' 'zext_ln152_1' <Predicate = true> <Delay = 0.00>
ST_5 : Operation 178 [1/1] (0.77ns) (root node of TernaryAdder)   --->   "%add_ln152_1 = add i11 %sub_ln152, i11 %zext_ln152_1" [calorimeter.cpp:152->calorimeter.cpp:15->calorimeter.cpp:220]   --->   Operation 178 'add' 'add_ln152_1' <Predicate = true> <Delay = 0.77> <CoreInst = "TAddSub">   --->   Core 10 'TAddSub' <Latency = 0> <II = 1> <Delay = 0.38> <IPBlock> <Opcode : '' 'add' 'sub'> <InPorts = 3> <OutPorts = 1> <Sync> <CReg>
ST_5 : Operation 179 [1/1] (0.00ns)   --->   "%zext_ln152_2 = zext i11 %add_ln152_1" [calorimeter.cpp:152->calorimeter.cpp:15->calorimeter.cpp:220]   --->   Operation 179 'zext' 'zext_ln152_2' <Predicate = true> <Delay = 0.00>
ST_5 : Operation 180 [1/1] (0.00ns)   --->   "%grid_addr = getelementptr i12 %grid, i64 0, i64 %zext_ln152_2" [calorimeter.cpp:152->calorimeter.cpp:15->calorimeter.cpp:220]   --->   Operation 180 'getelementptr' 'grid_addr' <Predicate = true> <Delay = 0.00>
ST_5 : Operation 181 [2/2] (1.20ns)   --->   "%grid_load = load i11 %grid_addr" [calorimeter.cpp:152->calorimeter.cpp:15->calorimeter.cpp:220]   --->   Operation 181 'load' 'grid_load' <Predicate = true> <Delay = 1.20> <CoreInst = "RAM">   --->   Core 82 'RAM' <Latency = 1> <II = 1> <Delay = 1.20> <Storage> <Opcode : 'load' 'store'> <Ports = 2> <Width = 12> <Depth = 1800> <RAM>
ST_5 : Operation 182 [1/1] (0.70ns)   --->   "%phi = add i6 %select_ln149, i6 1" [calorimeter.cpp:150->calorimeter.cpp:15->calorimeter.cpp:220]   --->   Operation 182 'add' 'phi' <Predicate = true> <Delay = 0.70> <CoreInst = "Adder">   --->   Core 1 'Adder' <Latency = 0> <II = 1> <Delay = 0.70> <FuncUnit> <Opcode : 'add' 'sub'> <InPorts = 2> <OutPorts = 1>
ST_5 : Operation 183 [1/1] (0.73ns)   --->   "%add_ln149_1 = add i11 %indvar_flatten2_load, i11 1" [calorimeter.cpp:149->calorimeter.cpp:15->calorimeter.cpp:220]   --->   Operation 183 'add' 'add_ln149_1' <Predicate = true> <Delay = 0.73> <CoreInst = "Adder">   --->   Core 1 'Adder' <Latency = 0> <II = 1> <Delay = 0.73> <FuncUnit> <Opcode : 'add' 'sub'> <InPorts = 2> <OutPorts = 1>
ST_5 : Operation 184 [1/1] (0.70ns)   --->   "%icmp_ln150 = icmp_eq  i6 %phi, i6 60" [calorimeter.cpp:150->calorimeter.cpp:15->calorimeter.cpp:220]   --->   Operation 184 'icmp' 'icmp_ln150' <Predicate = true> <Delay = 0.70> <CoreInst = "Cmp">   --->   Core 9 'Cmp' <Latency = 0> <II = 1> <Delay = 0.70> <FuncUnit> <Opcode : 'seteq' 'setne' 'setle' 'setge' 'setlt' 'setgt'> <InPorts = 2> <OutPorts = 1>
ST_5 : Operation 185 [1/1] (0.73ns)   --->   "%icmp_ln149 = icmp_eq  i11 %indvar_flatten2_load, i11 1799" [calorimeter.cpp:149->calorimeter.cpp:15->calorimeter.cpp:220]   --->   Operation 185 'icmp' 'icmp_ln149' <Predicate = true> <Delay = 0.73> <CoreInst = "Cmp">   --->   Core 9 'Cmp' <Latency = 0> <II = 1> <Delay = 0.73> <FuncUnit> <Opcode : 'seteq' 'setne' 'setle' 'setge' 'setlt' 'setgt'> <InPorts = 2> <OutPorts = 1>
ST_5 : Operation 186 [1/1] (0.38ns)   --->   "%store_ln150 = store i6 %phi, i6 %phi4" [calorimeter.cpp:150->calorimeter.cpp:15->calorimeter.cpp:220]   --->   Operation 186 'store' 'store_ln150' <Predicate = true> <Delay = 0.38>
ST_5 : Operation 187 [1/1] (0.38ns)   --->   "%store_ln149 = store i5 %eta, i5 %eta3" [calorimeter.cpp:149->calorimeter.cpp:15->calorimeter.cpp:220]   --->   Operation 187 'store' 'store_ln149' <Predicate = true> <Delay = 0.38>
ST_5 : Operation 188 [1/1] (0.38ns)   --->   "%store_ln149 = store i11 %add_ln149_1, i11 %indvar_flatten2" [calorimeter.cpp:149->calorimeter.cpp:15->calorimeter.cpp:220]   --->   Operation 188 'store' 'store_ln149' <Predicate = true> <Delay = 0.38>
ST_5 : Operation 189 [1/1] (0.00ns)   --->   "%br_ln149 = br i1 %icmp_ln149, void %for.inc7.i.i, void %_Z30run_reference_trigger_3x3_iso5PA60_K7ap_uintILi12EES0_S_ILi20EEP7ClusterRiS6_P13TriggerObjectRS_ILi24EE.exit" [calorimeter.cpp:149->calorimeter.cpp:15->calorimeter.cpp:220]   --->   Operation 189 'br' 'br_ln149' <Predicate = true> <Delay = 0.00>

State 6 <SV = 5> <Delay = 2.41>
ST_6 : Operation 190 [1/1] (0.00ns)   --->   "%conv4_i4_i_i5_load = load i23 %conv4_i4_i_i5" [calorimeter.cpp:152->calorimeter.cpp:15->calorimeter.cpp:220]   --->   Operation 190 'load' 'conv4_i4_i_i5_load' <Predicate = true> <Delay = 0.00>
ST_6 : Operation 191 [1/1] (0.00ns)   --->   "%specloopname_ln0 = specloopname void @_ssdm_op_SpecLoopName, void @HT_ETA_HT_PHI_str"   --->   Operation 191 'specloopname' 'specloopname_ln0' <Predicate = true> <Delay = 0.00>
ST_6 : Operation 192 [1/1] (0.00ns)   --->   "%speclooptripcount_ln0 = speclooptripcount void @_ssdm_op_SpecLoopTripCount, i64 1800, i64 1800, i64 1800"   --->   Operation 192 'speclooptripcount' 'speclooptripcount_ln0' <Predicate = true> <Delay = 0.00>
ST_6 : Operation 193 [1/1] (0.00ns)   --->   "%specpipeline_ln151 = specpipeline void @_ssdm_op_SpecPipeline, i32 1, i32 0, i32 0, i32 0, void @empty" [calorimeter.cpp:151->calorimeter.cpp:15->calorimeter.cpp:220]   --->   Operation 193 'specpipeline' 'specpipeline_ln151' <Predicate = true> <Delay = 0.00>
ST_6 : Operation 194 [1/2] (1.20ns)   --->   "%grid_load = load i11 %grid_addr" [calorimeter.cpp:152->calorimeter.cpp:15->calorimeter.cpp:220]   --->   Operation 194 'load' 'grid_load' <Predicate = true> <Delay = 1.20> <CoreInst = "RAM">   --->   Core 82 'RAM' <Latency = 1> <II = 1> <Delay = 1.20> <Storage> <Opcode : 'load' 'store'> <Ports = 2> <Width = 12> <Depth = 1800> <RAM>
ST_6 : Operation 195 [1/1] (0.00ns)   --->   "%zext_ln152_3 = zext i12 %grid_load" [calorimeter.cpp:152->calorimeter.cpp:15->calorimeter.cpp:220]   --->   Operation 195 'zext' 'zext_ln152_3' <Predicate = true> <Delay = 0.00>
ST_6 : Operation 196 [1/1] (0.82ns)   --->   "%ht_2 = add i23 %conv4_i4_i_i5_load, i23 %zext_ln152_3" [calorimeter.cpp:152->calorimeter.cpp:15->calorimeter.cpp:220]   --->   Operation 196 'add' 'ht_2' <Predicate = true> <Delay = 0.82> <CoreInst = "Adder">   --->   Core 1 'Adder' <Latency = 0> <II = 1> <Delay = 0.82> <FuncUnit> <Opcode : 'add' 'sub'> <InPorts = 2> <OutPorts = 1>
ST_6 : Operation 197 [1/1] (0.00ns)   --->   "%zext_ln150 = zext i23 %ht_2" [calorimeter.cpp:150->calorimeter.cpp:15->calorimeter.cpp:220]   --->   Operation 197 'zext' 'zext_ln150' <Predicate = true> <Delay = 0.00>
ST_6 : Operation 198 [1/1] (0.38ns)   --->   "%store_ln152 = store i23 %ht_2, i23 %conv4_i4_i_i5" [calorimeter.cpp:152->calorimeter.cpp:15->calorimeter.cpp:220]   --->   Operation 198 'store' 'store_ln152' <Predicate = true> <Delay = 0.38>

State 7 <SV = 6> <Delay = 1.00>
ST_7 : Operation 199 [1/1] (1.00ns)   --->   "%write_ln229 = write void @_ssdm_op_Write.s_axilite.i24P0A, i24 %ht, i24 %zext_ln150" [calorimeter.cpp:229]   --->   Operation 199 'write' 'write_ln229' <Predicate = true> <Delay = 1.00> <CoreInst = "s_axilite">   --->   Core 120 's_axilite' <Latency = 0> <II = 1> <Delay = 1.00> <Adapter> <Opcode : 'read' 'write'>
ST_7 : Operation 200 [1/1] (1.00ns)   --->   "%write_ln230 = write void @_ssdm_op_Write.s_axilite.i32P0A, i32 %num_clusters, i32 %local_num_clusters" [calorimeter.cpp:230]   --->   Operation 200 'write' 'write_ln230' <Predicate = true> <Delay = 1.00> <CoreInst = "s_axilite">   --->   Core 120 's_axilite' <Latency = 0> <II = 1> <Delay = 1.00> <Adapter> <Opcode : 'read' 'write'>
ST_7 : Operation 201 [1/1] (0.38ns)   --->   "%ret_ln231 = ret" [calorimeter.cpp:231]   --->   Operation 201 'ret' 'ret_ln231' <Predicate = true> <Delay = 0.38>


============================================================
+ Verbose Summary: Timing violations
============================================================
Target clock period: 25.000ns, clock uncertainty: 6.750ns.

 <State 1>: 1.000ns
The critical path consists of the following:
	s_axi read operation ('cluster_threshold_read') on port 'cluster_threshold' [50]  (1.000 ns)

 <State 2>: 0.000ns
The critical path consists of the following:

 <State 3>: 0.000ns
The critical path consists of the following:

 <State 4>: 1.784ns
The critical path consists of the following:
	'call' operation 456 bit ('call_ret', calorimeter.cpp:13->calorimeter.cpp:220) to 'select_top_n' [60]  (0.735 ns)
	'icmp' operation 1 bit ('icmp_ln185', calorimeter.cpp:185->calorimeter.cpp:14->calorimeter.cpp:220) [109]  (0.708 ns)
	'select' operation 2 bit ('select_ln185', calorimeter.cpp:185->calorimeter.cpp:14->calorimeter.cpp:220) [110]  (0.000 ns)
	'select' operation 89 bit ('objects_0_0_i', calorimeter.cpp:13->calorimeter.cpp:220) [114]  (0.341 ns)

 <State 5>: 2.965ns
The critical path consists of the following:
	'load' operation 5 bit ('eta3_load', calorimeter.cpp:149->calorimeter.cpp:15->calorimeter.cpp:220) on local variable 'eta3' [173]  (0.000 ns)
	'add' operation 5 bit ('add_ln149', calorimeter.cpp:149->calorimeter.cpp:15->calorimeter.cpp:220) [176]  (0.707 ns)
	'select' operation 5 bit ('eta', calorimeter.cpp:149->calorimeter.cpp:15->calorimeter.cpp:220) [180]  (0.278 ns)
	'sub' operation 11 bit ('sub_ln152', calorimeter.cpp:152->calorimeter.cpp:15->calorimeter.cpp:220) [184]  (0.000 ns)
	'add' operation 11 bit ('add_ln152_1', calorimeter.cpp:152->calorimeter.cpp:15->calorimeter.cpp:220) [186]  (0.777 ns)
	'getelementptr' operation 11 bit ('grid_addr', calorimeter.cpp:152->calorimeter.cpp:15->calorimeter.cpp:220) [188]  (0.000 ns)
	'load' operation 12 bit ('grid_load', calorimeter.cpp:152->calorimeter.cpp:15->calorimeter.cpp:220) on array 'grid' [190]  (1.203 ns)

 <State 6>: 2.417ns
The critical path consists of the following:
	'load' operation 12 bit ('grid_load', calorimeter.cpp:152->calorimeter.cpp:15->calorimeter.cpp:220) on array 'grid' [190]  (1.203 ns)
	'add' operation 23 bit ('ht', calorimeter.cpp:152->calorimeter.cpp:15->calorimeter.cpp:220) [192]  (0.827 ns)
	'store' operation 0 bit ('store_ln152', calorimeter.cpp:152->calorimeter.cpp:15->calorimeter.cpp:220) of variable 'ht', calorimeter.cpp:152->calorimeter.cpp:15->calorimeter.cpp:220 on local variable 'conv4_i4_i_i5' [198]  (0.387 ns)

 <State 7>: 1.000ns
The critical path consists of the following:
	s_axi write operation ('write_ln229', calorimeter.cpp:229) on port 'ht' (calorimeter.cpp:229) [204]  (1.000 ns)


============================================================
+ Verbose Summary: Binding
============================================================
N/A
* FSMD analyzer results:
  - Output states:
 - Input state : 
  - Chain level:
	State 1
	State 2
	State 3
	State 4
	State 5
	State 6
	State 7


============================================================
+ Verbose Summary: Datapath Resource usage 
============================================================
N/A
