/scratch/emettner/tachep-fpga-project-26/calorimeter/solution1/.autopilot/db/calorimeter.pp.0.cpp:1315:7: warning: Added loop label VITIS_LOOP_1223_1:   [xilinx-label-all-loops]
      for (i = 0; i < __N - 1; ++i) {
      ^~~
      VITIS_LOOP_1223_1: 
/scratch/emettner/tachep-fpga-project-26/calorimeter/solution1/.autopilot/db/calorimeter.pp.0.cpp:1315:7: note: FIX-IT applied suggested code changes
/scratch/emettner/tachep-fpga-project-26/calorimeter/solution1/.autopilot/db/calorimeter.pp.0.cpp:2289:5: warning: Added loop label VITIS_LOOP_676_1:   [xilinx-label-all-loops]
    for (unsigned i = low; i != high; ++i) {
    ^~~
    VITIS_LOOP_676_1: 
/scratch/emettner/tachep-fpga-project-26/calorimeter/solution1/.autopilot/db/calorimeter.pp.0.cpp:2289:5: note: FIX-IT applied suggested code changes
/scratch/emettner/tachep-fpga-project-26/calorimeter/solution1/.autopilot/db/calorimeter.pp.0.cpp:2303:5: warning: Added loop label VITIS_LOOP_690_1:   [xilinx-label-all-loops]
    for (unsigned i = low; i != high; ++i) {
    ^~~
    VITIS_LOOP_690_1: 
/scratch/emettner/tachep-fpga-project-26/calorimeter/solution1/.autopilot/db/calorimeter.pp.0.cpp:2303:5: note: FIX-IT applied suggested code changes
/scratch/emettner/tachep-fpga-project-26/calorimeter/solution1/.autopilot/db/calorimeter.pp.0.cpp:2317:5: warning: Added loop label VITIS_LOOP_704_1:   [xilinx-label-all-loops]
    for (unsigned i = low; i != high; ++i) {
    ^~~
    VITIS_LOOP_704_1: 
/scratch/emettner/tachep-fpga-project-26/calorimeter/solution1/.autopilot/db/calorimeter.pp.0.cpp:2317:5: note: FIX-IT applied suggested code changes
/scratch/emettner/tachep-fpga-project-26/calorimeter/solution1/.autopilot/db/calorimeter.pp.0.cpp:3946:7: warning: Added loop label VITIS_LOOP_1247_1:   [xilinx-label-all-loops]
      for (i = 0; i < __N - 1; ++i) {
      ^~~
      VITIS_LOOP_1247_1: 
/scratch/emettner/tachep-fpga-project-26/calorimeter/solution1/.autopilot/db/calorimeter.pp.0.cpp:3946:7: note: FIX-IT applied suggested code changes
/scratch/emettner/tachep-fpga-project-26/calorimeter/solution1/.autopilot/db/calorimeter.pp.0.cpp:6103:9: warning: Added loop label VITIS_LOOP_132_1:   [xilinx-label-all-loops]
        for (int j = 0; j < 8; j++) {
        ^~~
        VITIS_LOOP_132_1: 
/scratch/emettner/tachep-fpga-project-26/calorimeter/solution1/.autopilot/db/calorimeter.pp.0.cpp:6103:9: note: FIX-IT applied suggested code changes
/scratch/emettner/tachep-fpga-project-26/calorimeter/solution1/.autopilot/db/calorimeter.pp.0.cpp:6106:17: warning: Added loop label VITIS_LOOP_135_2:   [xilinx-label-all-loops]
                for (int k = 8 - 1; k > j; k--) {
                ^~~
                VITIS_LOOP_135_2: 
/scratch/emettner/tachep-fpga-project-26/calorimeter/solution1/.autopilot/db/calorimeter.pp.0.cpp:6106:17: note: FIX-IT applied suggested code changes
/scratch/emettner/tachep-fpga-project-26/calorimeter/solution1/.autopilot/db/calorimeter.pp.0.cpp:6134:2: warning: Added loop label VITIS_LOOP_163_1:   [xilinx-label-all-loops]
 for (int i = 0; i < 8; ++i) {
 ^~~
 VITIS_LOOP_163_1: 
/scratch/emettner/tachep-fpga-project-26/calorimeter/solution1/.autopilot/db/calorimeter.pp.0.cpp:6134:2: note: FIX-IT applied suggested code changes
