

================================================================
== Vitis HLS Report for 'cluster_sort_build_em_jet_stream'
================================================================
* Date:           Tue May 12 22:45:34 2026

* Version:        2024.1 (Build 5069499 on May 21 2024)
* Project:        calorimeter
* Solution:       solution1 (Vivado IP Flow Target)
* Product family: virtexuplus
* Target device:  xcvu13p-fsga2577-2-e


================================================================
== Performance Estimates
================================================================
+ Timing: 
    * Summary: 
    +--------+----------+----------+------------+
    |  Clock |  Target  | Estimated| Uncertainty|
    +--------+----------+----------+------------+
    |ap_clk  |  25.00 ns|  7.274 ns|     6.75 ns|
    +--------+----------+----------+------------+

+ Latency: 
    * Summary: 
    +---------+---------+----------+----------+-------+-------+----------+
    |  Latency (cycles) |  Latency (absolute) |    Interval   | Pipeline |
    |   min   |   max   |    min   |    max   |  min  |  max  |   Type   |
    +---------+---------+----------+----------+-------+-------+----------+
    |    70562|    70575|  1.764 ms|  1.764 ms|  70561|  70561|  dataflow|
    +---------+---------+----------+----------+-------+-------+----------+

    + Detail: 
        * Instance: 
        N/A

        * Loop: 
        N/A

============================================================
+ Verbose Summary: Synthesis Manager
============================================================
InlineROM: 1
ExposeGlobal: 0
============================================================
+ Verbose Summary: CDFG Model
============================================================
IsTopModel: 0
ResetActiveHigh: 1
IsCombinational: 2
IsDatapathOnly: 0
HasWiredReturn: 1
HasMFsm: 0
HasVarLatency: 1
IsPipeline: 0
IsRtlPipelined: 0
IsInstanceOverlapped: 0
IsDontTouch: 0
HasImplIP: 0
IsGatedGlobalClock: 0


============================================================
+ Verbose Summary: Schedule
============================================================
* Number of FSM states : 6
* Pipeline : 0
* Dataflow Pipeline: 1
  DF-Pipeline-0: Size = 6, States = { 1 2 3 4 5 6 }

* FSM state transitions: 
1 --> 2 
2 --> 3 
3 --> 4 
4 --> 5 
5 --> 6 
6 --> 

* FSM state operations: 

State 1 <SV = 0> <Delay = 0.00>
ST_1 : Operation 7 [1/1] (0.00ns)   --->   "%em_cluster_threshold_read = read i20 @_ssdm_op_Read.ap_auto.i20, i20 %em_cluster_threshold"   --->   Operation 7 'read' 'em_cluster_threshold_read' <Predicate = true> <Delay = 0.00>
ST_1 : Operation 8 [1/1] (0.00ns)   --->   "%em_seed_threshold_read = read i12 @_ssdm_op_Read.ap_auto.i12, i12 %em_seed_threshold"   --->   Operation 8 'read' 'em_seed_threshold_read' <Predicate = true> <Delay = 0.00>
ST_1 : Operation 9 [1/1] (0.00ns)   --->   "%em_cluster_stream = alloca i64 1"   --->   Operation 9 'alloca' 'em_cluster_stream' <Predicate = true> <Delay = 0.00> <CoreInst = "FIFO">   --->   Core 77 'FIFO' <Latency = 0> <II = 1> <Delay = 1.13> <Storage> <Opcode : 'read' 'write' 'nbread' 'nbwrite'> <Ports = 0> <Width = 61> <Depth = 64> <FIFO>
ST_1 : Operation 10 [1/1] (0.00ns)   --->   "%jet_cluster_stream = alloca i64 1"   --->   Operation 10 'alloca' 'jet_cluster_stream' <Predicate = true> <Delay = 0.00> <CoreInst = "FIFO">   --->   Core 77 'FIFO' <Latency = 0> <II = 1> <Delay = 1.13> <Storage> <Opcode : 'read' 'write' 'nbread' 'nbwrite'> <Ports = 0> <Width = 61> <Depth = 64> <FIFO>
ST_1 : Operation 11 [2/2] (0.00ns)   --->   "%call_ln465 = call void @produce_em_cluster_stream, i12 %towers, i12 %em_seed_threshold_read, i20 %em_cluster_threshold_read, i61 %em_cluster_stream" [calorimeter.cpp:465]   --->   Operation 11 'call' 'call_ln465' <Predicate = true> <Delay = 0.00> <CoreType = "Generic">   --->   Core 0 '' <Latency = 0> <II = 1> <Delay = 1.00> <Generic> <Opcode : >

State 2 <SV = 1> <Delay = 1.50>
ST_2 : Operation 12 [1/2] (1.50ns)   --->   "%call_ln465 = call void @produce_em_cluster_stream, i12 %towers, i12 %em_seed_threshold_read, i20 %em_cluster_threshold_read, i61 %em_cluster_stream" [calorimeter.cpp:465]   --->   Operation 12 'call' 'call_ln465' <Predicate = true> <Delay = 1.50> <CoreType = "Generic">   --->   Core 0 '' <Latency = 0> <II = 1> <Delay = 1.00> <Generic> <Opcode : >

State 3 <SV = 2> <Delay = 0.00>
ST_3 : Operation 13 [1/1] (0.00ns)   --->   "%jet_cluster_threshold_read = read i20 @_ssdm_op_Read.ap_auto.i20, i20 %jet_cluster_threshold"   --->   Operation 13 'read' 'jet_cluster_threshold_read' <Predicate = true> <Delay = 0.00>
ST_3 : Operation 14 [1/1] (0.00ns)   --->   "%jet_seed_threshold_read = read i12 @_ssdm_op_Read.ap_auto.i12, i12 %jet_seed_threshold"   --->   Operation 14 'read' 'jet_seed_threshold_read' <Predicate = true> <Delay = 0.00>
ST_3 : Operation 15 [2/2] (0.00ns)   --->   "%call_ln470 = call void @produce_jet_cluster_stream, i12 %towers, i12 %jet_seed_threshold_read, i20 %jet_cluster_threshold_read, i61 %jet_cluster_stream" [calorimeter.cpp:470]   --->   Operation 15 'call' 'call_ln470' <Predicate = true> <Delay = 0.00> <CoreType = "Generic">   --->   Core 0 '' <Latency = 0> <II = 1> <Delay = 1.00> <Generic> <Opcode : >
ST_3 : Operation 16 [2/2] (0.00ns)   --->   "%call_ret1 = call i456 @select_top_n_from_stream_fixed<1440>, i61 %em_cluster_stream, i32 %num_em_clusters" [calorimeter.cpp:475]   --->   Operation 16 'call' 'call_ret1' <Predicate = true> <Delay = 0.00> <CoreType = "Generic">   --->   Core 0 '' <Latency = 0> <II = 1> <Delay = 1.00> <Generic> <Opcode : >

State 4 <SV = 3> <Delay = 3.21>
ST_4 : Operation 17 [1/2] (1.50ns)   --->   "%call_ln470 = call void @produce_jet_cluster_stream, i12 %towers, i12 %jet_seed_threshold_read, i20 %jet_cluster_threshold_read, i61 %jet_cluster_stream" [calorimeter.cpp:470]   --->   Operation 17 'call' 'call_ln470' <Predicate = true> <Delay = 1.50> <CoreType = "Generic">   --->   Core 0 '' <Latency = 0> <II = 1> <Delay = 1.00> <Generic> <Opcode : >
ST_4 : Operation 18 [1/2] (0.73ns)   --->   "%call_ret1 = call i456 @select_top_n_from_stream_fixed<1440>, i61 %em_cluster_stream, i32 %num_em_clusters" [calorimeter.cpp:475]   --->   Operation 18 'call' 'call_ret1' <Predicate = true> <Delay = 0.73> <CoreType = "Generic">   --->   Core 0 '' <Latency = 0> <II = 1> <Delay = 1.00> <Generic> <Opcode : >
ST_4 : Operation 19 [1/1] (0.00ns)   --->   "%em_top_clusters_et = extractvalue i456 %call_ret1" [calorimeter.cpp:475]   --->   Operation 19 'extractvalue' 'em_top_clusters_et' <Predicate = true> <Delay = 0.00> <CoreInst = "FIFO_SRL">   --->   Core 80 'FIFO_SRL' <Latency = 0> <II = 1> <Delay = 1.39> <Storage> <Opcode : 'read' 'write' 'nbread' 'nbwrite'> <Ports = 0> <Width = 20> <Depth = 2> <FIFO>
ST_4 : Operation 20 [1/1] (0.00ns)   --->   "%em_top_clusters_et_1 = extractvalue i456 %call_ret1" [calorimeter.cpp:475]   --->   Operation 20 'extractvalue' 'em_top_clusters_et_1' <Predicate = true> <Delay = 0.00> <CoreInst = "FIFO_SRL">   --->   Core 80 'FIFO_SRL' <Latency = 0> <II = 1> <Delay = 1.39> <Storage> <Opcode : 'read' 'write' 'nbread' 'nbwrite'> <Ports = 0> <Width = 20> <Depth = 2> <FIFO>
ST_4 : Operation 21 [1/1] (0.00ns)   --->   "%em_top_clusters_et_2 = extractvalue i456 %call_ret1" [calorimeter.cpp:475]   --->   Operation 21 'extractvalue' 'em_top_clusters_et_2' <Predicate = true> <Delay = 0.00> <CoreInst = "FIFO_SRL">   --->   Core 80 'FIFO_SRL' <Latency = 0> <II = 1> <Delay = 1.39> <Storage> <Opcode : 'read' 'write' 'nbread' 'nbwrite'> <Ports = 0> <Width = 20> <Depth = 2> <FIFO>
ST_4 : Operation 22 [1/1] (0.00ns)   --->   "%em_top_clusters_et_3 = extractvalue i456 %call_ret1" [calorimeter.cpp:475]   --->   Operation 22 'extractvalue' 'em_top_clusters_et_3' <Predicate = true> <Delay = 0.00> <CoreInst = "FIFO_SRL">   --->   Core 80 'FIFO_SRL' <Latency = 0> <II = 1> <Delay = 1.39> <Storage> <Opcode : 'read' 'write' 'nbread' 'nbwrite'> <Ports = 0> <Width = 20> <Depth = 2> <FIFO>
ST_4 : Operation 23 [1/1] (0.00ns)   --->   "%em_top_clusters_et_4 = extractvalue i456 %call_ret1" [calorimeter.cpp:475]   --->   Operation 23 'extractvalue' 'em_top_clusters_et_4' <Predicate = true> <Delay = 0.00> <CoreInst = "FIFO_SRL">   --->   Core 80 'FIFO_SRL' <Latency = 0> <II = 1> <Delay = 1.39> <Storage> <Opcode : 'read' 'write' 'nbread' 'nbwrite'> <Ports = 0> <Width = 20> <Depth = 2> <FIFO>
ST_4 : Operation 24 [1/1] (0.00ns)   --->   "%em_top_clusters_et_5 = extractvalue i456 %call_ret1" [calorimeter.cpp:475]   --->   Operation 24 'extractvalue' 'em_top_clusters_et_5' <Predicate = true> <Delay = 0.00> <CoreInst = "FIFO_SRL">   --->   Core 80 'FIFO_SRL' <Latency = 0> <II = 1> <Delay = 1.39> <Storage> <Opcode : 'read' 'write' 'nbread' 'nbwrite'> <Ports = 0> <Width = 20> <Depth = 2> <FIFO>
ST_4 : Operation 25 [1/1] (0.00ns)   --->   "%em_top_clusters_et_6 = extractvalue i456 %call_ret1" [calorimeter.cpp:475]   --->   Operation 25 'extractvalue' 'em_top_clusters_et_6' <Predicate = true> <Delay = 0.00> <CoreInst = "FIFO_SRL">   --->   Core 80 'FIFO_SRL' <Latency = 0> <II = 1> <Delay = 1.39> <Storage> <Opcode : 'read' 'write' 'nbread' 'nbwrite'> <Ports = 0> <Width = 20> <Depth = 2> <FIFO>
ST_4 : Operation 26 [1/1] (0.00ns)   --->   "%em_top_clusters_et_7 = extractvalue i456 %call_ret1" [calorimeter.cpp:475]   --->   Operation 26 'extractvalue' 'em_top_clusters_et_7' <Predicate = true> <Delay = 0.00> <CoreInst = "FIFO_SRL">   --->   Core 80 'FIFO_SRL' <Latency = 0> <II = 1> <Delay = 1.39> <Storage> <Opcode : 'read' 'write' 'nbread' 'nbwrite'> <Ports = 0> <Width = 20> <Depth = 2> <FIFO>
ST_4 : Operation 27 [1/1] (0.00ns)   --->   "%em_top_clusters_isolation_et = extractvalue i456 %call_ret1" [calorimeter.cpp:475]   --->   Operation 27 'extractvalue' 'em_top_clusters_isolation_et' <Predicate = true> <Delay = 0.00> <CoreInst = "FIFO_SRL">   --->   Core 80 'FIFO_SRL' <Latency = 0> <II = 1> <Delay = 1.39> <Storage> <Opcode : 'read' 'write' 'nbread' 'nbwrite'> <Ports = 0> <Width = 20> <Depth = 2> <FIFO>
ST_4 : Operation 28 [1/1] (0.00ns)   --->   "%em_top_clusters_isolation_et_1 = extractvalue i456 %call_ret1" [calorimeter.cpp:475]   --->   Operation 28 'extractvalue' 'em_top_clusters_isolation_et_1' <Predicate = true> <Delay = 0.00> <CoreInst = "FIFO_SRL">   --->   Core 80 'FIFO_SRL' <Latency = 0> <II = 1> <Delay = 1.39> <Storage> <Opcode : 'read' 'write' 'nbread' 'nbwrite'> <Ports = 0> <Width = 20> <Depth = 2> <FIFO>
ST_4 : Operation 29 [1/1] (0.00ns)   --->   "%em_top_clusters_isolation_et_2 = extractvalue i456 %call_ret1" [calorimeter.cpp:475]   --->   Operation 29 'extractvalue' 'em_top_clusters_isolation_et_2' <Predicate = true> <Delay = 0.00> <CoreInst = "FIFO_SRL">   --->   Core 80 'FIFO_SRL' <Latency = 0> <II = 1> <Delay = 1.39> <Storage> <Opcode : 'read' 'write' 'nbread' 'nbwrite'> <Ports = 0> <Width = 20> <Depth = 2> <FIFO>
ST_4 : Operation 30 [1/1] (0.00ns)   --->   "%em_top_clusters_isolation_et_3 = extractvalue i456 %call_ret1" [calorimeter.cpp:475]   --->   Operation 30 'extractvalue' 'em_top_clusters_isolation_et_3' <Predicate = true> <Delay = 0.00> <CoreInst = "FIFO_SRL">   --->   Core 80 'FIFO_SRL' <Latency = 0> <II = 1> <Delay = 1.39> <Storage> <Opcode : 'read' 'write' 'nbread' 'nbwrite'> <Ports = 0> <Width = 20> <Depth = 2> <FIFO>
ST_4 : Operation 31 [1/1] (0.00ns)   --->   "%em_top_clusters_isolation_et_4 = extractvalue i456 %call_ret1" [calorimeter.cpp:475]   --->   Operation 31 'extractvalue' 'em_top_clusters_isolation_et_4' <Predicate = true> <Delay = 0.00> <CoreInst = "FIFO_SRL">   --->   Core 80 'FIFO_SRL' <Latency = 0> <II = 1> <Delay = 1.39> <Storage> <Opcode : 'read' 'write' 'nbread' 'nbwrite'> <Ports = 0> <Width = 20> <Depth = 2> <FIFO>
ST_4 : Operation 32 [1/1] (0.00ns)   --->   "%em_top_clusters_isolation_et_5 = extractvalue i456 %call_ret1" [calorimeter.cpp:475]   --->   Operation 32 'extractvalue' 'em_top_clusters_isolation_et_5' <Predicate = true> <Delay = 0.00> <CoreInst = "FIFO_SRL">   --->   Core 80 'FIFO_SRL' <Latency = 0> <II = 1> <Delay = 1.39> <Storage> <Opcode : 'read' 'write' 'nbread' 'nbwrite'> <Ports = 0> <Width = 20> <Depth = 2> <FIFO>
ST_4 : Operation 33 [1/1] (0.00ns)   --->   "%em_top_clusters_isolation_et_6 = extractvalue i456 %call_ret1" [calorimeter.cpp:475]   --->   Operation 33 'extractvalue' 'em_top_clusters_isolation_et_6' <Predicate = true> <Delay = 0.00> <CoreInst = "FIFO_SRL">   --->   Core 80 'FIFO_SRL' <Latency = 0> <II = 1> <Delay = 1.39> <Storage> <Opcode : 'read' 'write' 'nbread' 'nbwrite'> <Ports = 0> <Width = 20> <Depth = 2> <FIFO>
ST_4 : Operation 34 [1/1] (0.00ns)   --->   "%em_top_clusters_isolation_et_7 = extractvalue i456 %call_ret1" [calorimeter.cpp:475]   --->   Operation 34 'extractvalue' 'em_top_clusters_isolation_et_7' <Predicate = true> <Delay = 0.00> <CoreInst = "FIFO_SRL">   --->   Core 80 'FIFO_SRL' <Latency = 0> <II = 1> <Delay = 1.39> <Storage> <Opcode : 'read' 'write' 'nbread' 'nbwrite'> <Ports = 0> <Width = 20> <Depth = 2> <FIFO>
ST_4 : Operation 35 [1/1] (0.00ns)   --->   "%em_top_clusters_eta = extractvalue i456 %call_ret1" [calorimeter.cpp:475]   --->   Operation 35 'extractvalue' 'em_top_clusters_eta' <Predicate = true> <Delay = 0.00> <CoreInst = "FIFO_SRL">   --->   Core 80 'FIFO_SRL' <Latency = 0> <II = 1> <Delay = 1.36> <Storage> <Opcode : 'read' 'write' 'nbread' 'nbwrite'> <Ports = 0> <Width = 6> <Depth = 2> <FIFO>
ST_4 : Operation 36 [1/1] (0.00ns)   --->   "%em_top_clusters_eta_1 = extractvalue i456 %call_ret1" [calorimeter.cpp:475]   --->   Operation 36 'extractvalue' 'em_top_clusters_eta_1' <Predicate = true> <Delay = 0.00> <CoreInst = "FIFO_SRL">   --->   Core 80 'FIFO_SRL' <Latency = 0> <II = 1> <Delay = 1.36> <Storage> <Opcode : 'read' 'write' 'nbread' 'nbwrite'> <Ports = 0> <Width = 6> <Depth = 2> <FIFO>
ST_4 : Operation 37 [1/1] (0.00ns)   --->   "%em_top_clusters_eta_2 = extractvalue i456 %call_ret1" [calorimeter.cpp:475]   --->   Operation 37 'extractvalue' 'em_top_clusters_eta_2' <Predicate = true> <Delay = 0.00> <CoreInst = "FIFO_SRL">   --->   Core 80 'FIFO_SRL' <Latency = 0> <II = 1> <Delay = 1.36> <Storage> <Opcode : 'read' 'write' 'nbread' 'nbwrite'> <Ports = 0> <Width = 6> <Depth = 2> <FIFO>
ST_4 : Operation 38 [1/1] (0.00ns)   --->   "%em_top_clusters_eta_3 = extractvalue i456 %call_ret1" [calorimeter.cpp:475]   --->   Operation 38 'extractvalue' 'em_top_clusters_eta_3' <Predicate = true> <Delay = 0.00> <CoreInst = "FIFO_SRL">   --->   Core 80 'FIFO_SRL' <Latency = 0> <II = 1> <Delay = 1.36> <Storage> <Opcode : 'read' 'write' 'nbread' 'nbwrite'> <Ports = 0> <Width = 6> <Depth = 2> <FIFO>
ST_4 : Operation 39 [1/1] (0.00ns)   --->   "%em_top_clusters_eta_4 = extractvalue i456 %call_ret1" [calorimeter.cpp:475]   --->   Operation 39 'extractvalue' 'em_top_clusters_eta_4' <Predicate = true> <Delay = 0.00> <CoreInst = "FIFO_SRL">   --->   Core 80 'FIFO_SRL' <Latency = 0> <II = 1> <Delay = 1.36> <Storage> <Opcode : 'read' 'write' 'nbread' 'nbwrite'> <Ports = 0> <Width = 6> <Depth = 2> <FIFO>
ST_4 : Operation 40 [1/1] (0.00ns)   --->   "%em_top_clusters_eta_5 = extractvalue i456 %call_ret1" [calorimeter.cpp:475]   --->   Operation 40 'extractvalue' 'em_top_clusters_eta_5' <Predicate = true> <Delay = 0.00> <CoreInst = "FIFO_SRL">   --->   Core 80 'FIFO_SRL' <Latency = 0> <II = 1> <Delay = 1.36> <Storage> <Opcode : 'read' 'write' 'nbread' 'nbwrite'> <Ports = 0> <Width = 6> <Depth = 2> <FIFO>
ST_4 : Operation 41 [1/1] (0.00ns)   --->   "%em_top_clusters_eta_6 = extractvalue i456 %call_ret1" [calorimeter.cpp:475]   --->   Operation 41 'extractvalue' 'em_top_clusters_eta_6' <Predicate = true> <Delay = 0.00> <CoreInst = "FIFO_SRL">   --->   Core 80 'FIFO_SRL' <Latency = 0> <II = 1> <Delay = 1.36> <Storage> <Opcode : 'read' 'write' 'nbread' 'nbwrite'> <Ports = 0> <Width = 6> <Depth = 2> <FIFO>
ST_4 : Operation 42 [1/1] (0.00ns)   --->   "%em_top_clusters_eta_7 = extractvalue i456 %call_ret1" [calorimeter.cpp:475]   --->   Operation 42 'extractvalue' 'em_top_clusters_eta_7' <Predicate = true> <Delay = 0.00> <CoreInst = "FIFO_SRL">   --->   Core 80 'FIFO_SRL' <Latency = 0> <II = 1> <Delay = 1.36> <Storage> <Opcode : 'read' 'write' 'nbread' 'nbwrite'> <Ports = 0> <Width = 6> <Depth = 2> <FIFO>
ST_4 : Operation 43 [1/1] (0.00ns)   --->   "%em_top_clusters_phi = extractvalue i456 %call_ret1" [calorimeter.cpp:475]   --->   Operation 43 'extractvalue' 'em_top_clusters_phi' <Predicate = true> <Delay = 0.00> <CoreInst = "FIFO_SRL">   --->   Core 80 'FIFO_SRL' <Latency = 0> <II = 1> <Delay = 1.36> <Storage> <Opcode : 'read' 'write' 'nbread' 'nbwrite'> <Ports = 0> <Width = 6> <Depth = 2> <FIFO>
ST_4 : Operation 44 [1/1] (0.00ns)   --->   "%em_top_clusters_phi_1 = extractvalue i456 %call_ret1" [calorimeter.cpp:475]   --->   Operation 44 'extractvalue' 'em_top_clusters_phi_1' <Predicate = true> <Delay = 0.00> <CoreInst = "FIFO_SRL">   --->   Core 80 'FIFO_SRL' <Latency = 0> <II = 1> <Delay = 1.36> <Storage> <Opcode : 'read' 'write' 'nbread' 'nbwrite'> <Ports = 0> <Width = 6> <Depth = 2> <FIFO>
ST_4 : Operation 45 [1/1] (0.00ns)   --->   "%em_top_clusters_phi_2 = extractvalue i456 %call_ret1" [calorimeter.cpp:475]   --->   Operation 45 'extractvalue' 'em_top_clusters_phi_2' <Predicate = true> <Delay = 0.00> <CoreInst = "FIFO_SRL">   --->   Core 80 'FIFO_SRL' <Latency = 0> <II = 1> <Delay = 1.36> <Storage> <Opcode : 'read' 'write' 'nbread' 'nbwrite'> <Ports = 0> <Width = 6> <Depth = 2> <FIFO>
ST_4 : Operation 46 [1/1] (0.00ns)   --->   "%em_top_clusters_phi_3 = extractvalue i456 %call_ret1" [calorimeter.cpp:475]   --->   Operation 46 'extractvalue' 'em_top_clusters_phi_3' <Predicate = true> <Delay = 0.00> <CoreInst = "FIFO_SRL">   --->   Core 80 'FIFO_SRL' <Latency = 0> <II = 1> <Delay = 1.36> <Storage> <Opcode : 'read' 'write' 'nbread' 'nbwrite'> <Ports = 0> <Width = 6> <Depth = 2> <FIFO>
ST_4 : Operation 47 [1/1] (0.00ns)   --->   "%em_top_clusters_phi_4 = extractvalue i456 %call_ret1" [calorimeter.cpp:475]   --->   Operation 47 'extractvalue' 'em_top_clusters_phi_4' <Predicate = true> <Delay = 0.00> <CoreInst = "FIFO_SRL">   --->   Core 80 'FIFO_SRL' <Latency = 0> <II = 1> <Delay = 1.36> <Storage> <Opcode : 'read' 'write' 'nbread' 'nbwrite'> <Ports = 0> <Width = 6> <Depth = 2> <FIFO>
ST_4 : Operation 48 [1/1] (0.00ns)   --->   "%em_top_clusters_phi_5 = extractvalue i456 %call_ret1" [calorimeter.cpp:475]   --->   Operation 48 'extractvalue' 'em_top_clusters_phi_5' <Predicate = true> <Delay = 0.00> <CoreInst = "FIFO_SRL">   --->   Core 80 'FIFO_SRL' <Latency = 0> <II = 1> <Delay = 1.36> <Storage> <Opcode : 'read' 'write' 'nbread' 'nbwrite'> <Ports = 0> <Width = 6> <Depth = 2> <FIFO>
ST_4 : Operation 49 [1/1] (0.00ns)   --->   "%em_top_clusters_phi_6 = extractvalue i456 %call_ret1" [calorimeter.cpp:475]   --->   Operation 49 'extractvalue' 'em_top_clusters_phi_6' <Predicate = true> <Delay = 0.00> <CoreInst = "FIFO_SRL">   --->   Core 80 'FIFO_SRL' <Latency = 0> <II = 1> <Delay = 1.36> <Storage> <Opcode : 'read' 'write' 'nbread' 'nbwrite'> <Ports = 0> <Width = 6> <Depth = 2> <FIFO>
ST_4 : Operation 50 [1/1] (0.00ns)   --->   "%em_top_clusters_phi_7 = extractvalue i456 %call_ret1" [calorimeter.cpp:475]   --->   Operation 50 'extractvalue' 'em_top_clusters_phi_7' <Predicate = true> <Delay = 0.00> <CoreInst = "FIFO_SRL">   --->   Core 80 'FIFO_SRL' <Latency = 0> <II = 1> <Delay = 1.36> <Storage> <Opcode : 'read' 'write' 'nbread' 'nbwrite'> <Ports = 0> <Width = 6> <Depth = 2> <FIFO>
ST_4 : Operation 51 [1/1] (0.00ns)   --->   "%em_top_clusters_window_size = extractvalue i456 %call_ret1" [calorimeter.cpp:475]   --->   Operation 51 'extractvalue' 'em_top_clusters_window_size' <Predicate = true> <Delay = 0.00> <CoreInst = "FIFO_SRL">   --->   Core 80 'FIFO_SRL' <Latency = 0> <II = 1> <Delay = 1.40> <Storage> <Opcode : 'read' 'write' 'nbread' 'nbwrite'> <Ports = 0> <Width = 4> <Depth = 2> <FIFO>
ST_4 : Operation 52 [1/1] (0.00ns)   --->   "%em_top_clusters_window_size_1 = extractvalue i456 %call_ret1" [calorimeter.cpp:475]   --->   Operation 52 'extractvalue' 'em_top_clusters_window_size_1' <Predicate = true> <Delay = 0.00> <CoreInst = "FIFO_SRL">   --->   Core 80 'FIFO_SRL' <Latency = 0> <II = 1> <Delay = 1.40> <Storage> <Opcode : 'read' 'write' 'nbread' 'nbwrite'> <Ports = 0> <Width = 4> <Depth = 2> <FIFO>
ST_4 : Operation 53 [1/1] (0.00ns)   --->   "%em_top_clusters_window_size_2 = extractvalue i456 %call_ret1" [calorimeter.cpp:475]   --->   Operation 53 'extractvalue' 'em_top_clusters_window_size_2' <Predicate = true> <Delay = 0.00> <CoreInst = "FIFO_SRL">   --->   Core 80 'FIFO_SRL' <Latency = 0> <II = 1> <Delay = 1.40> <Storage> <Opcode : 'read' 'write' 'nbread' 'nbwrite'> <Ports = 0> <Width = 4> <Depth = 2> <FIFO>
ST_4 : Operation 54 [1/1] (0.00ns)   --->   "%em_top_clusters_window_size_3 = extractvalue i456 %call_ret1" [calorimeter.cpp:475]   --->   Operation 54 'extractvalue' 'em_top_clusters_window_size_3' <Predicate = true> <Delay = 0.00> <CoreInst = "FIFO_SRL">   --->   Core 80 'FIFO_SRL' <Latency = 0> <II = 1> <Delay = 1.40> <Storage> <Opcode : 'read' 'write' 'nbread' 'nbwrite'> <Ports = 0> <Width = 4> <Depth = 2> <FIFO>
ST_4 : Operation 55 [1/1] (0.00ns)   --->   "%em_top_clusters_window_size_4 = extractvalue i456 %call_ret1" [calorimeter.cpp:475]   --->   Operation 55 'extractvalue' 'em_top_clusters_window_size_4' <Predicate = true> <Delay = 0.00> <CoreInst = "FIFO_SRL">   --->   Core 80 'FIFO_SRL' <Latency = 0> <II = 1> <Delay = 1.40> <Storage> <Opcode : 'read' 'write' 'nbread' 'nbwrite'> <Ports = 0> <Width = 4> <Depth = 2> <FIFO>
ST_4 : Operation 56 [1/1] (0.00ns)   --->   "%em_top_clusters_window_size_5 = extractvalue i456 %call_ret1" [calorimeter.cpp:475]   --->   Operation 56 'extractvalue' 'em_top_clusters_window_size_5' <Predicate = true> <Delay = 0.00> <CoreInst = "FIFO_SRL">   --->   Core 80 'FIFO_SRL' <Latency = 0> <II = 1> <Delay = 1.40> <Storage> <Opcode : 'read' 'write' 'nbread' 'nbwrite'> <Ports = 0> <Width = 4> <Depth = 2> <FIFO>
ST_4 : Operation 57 [1/1] (0.00ns)   --->   "%em_top_clusters_window_size_6 = extractvalue i456 %call_ret1" [calorimeter.cpp:475]   --->   Operation 57 'extractvalue' 'em_top_clusters_window_size_6' <Predicate = true> <Delay = 0.00> <CoreInst = "FIFO_SRL">   --->   Core 80 'FIFO_SRL' <Latency = 0> <II = 1> <Delay = 1.40> <Storage> <Opcode : 'read' 'write' 'nbread' 'nbwrite'> <Ports = 0> <Width = 4> <Depth = 2> <FIFO>
ST_4 : Operation 58 [1/1] (0.00ns)   --->   "%em_top_clusters_window_size_7 = extractvalue i456 %call_ret1" [calorimeter.cpp:475]   --->   Operation 58 'extractvalue' 'em_top_clusters_window_size_7' <Predicate = true> <Delay = 0.00> <CoreInst = "FIFO_SRL">   --->   Core 80 'FIFO_SRL' <Latency = 0> <II = 1> <Delay = 1.40> <Storage> <Opcode : 'read' 'write' 'nbread' 'nbwrite'> <Ports = 0> <Width = 4> <Depth = 2> <FIFO>
ST_4 : Operation 59 [1/1] (0.00ns)   --->   "%em_top_clusters_valid = extractvalue i456 %call_ret1" [calorimeter.cpp:475]   --->   Operation 59 'extractvalue' 'em_top_clusters_valid' <Predicate = true> <Delay = 0.00> <CoreInst = "FIFO_SRL">   --->   Core 80 'FIFO_SRL' <Latency = 0> <II = 1> <Delay = 1.42> <Storage> <Opcode : 'read' 'write' 'nbread' 'nbwrite'> <Ports = 0> <Width = 1> <Depth = 2> <FIFO>
ST_4 : Operation 60 [1/1] (0.00ns)   --->   "%em_top_clusters_valid_1 = extractvalue i456 %call_ret1" [calorimeter.cpp:475]   --->   Operation 60 'extractvalue' 'em_top_clusters_valid_1' <Predicate = true> <Delay = 0.00> <CoreInst = "FIFO_SRL">   --->   Core 80 'FIFO_SRL' <Latency = 0> <II = 1> <Delay = 1.42> <Storage> <Opcode : 'read' 'write' 'nbread' 'nbwrite'> <Ports = 0> <Width = 1> <Depth = 2> <FIFO>
ST_4 : Operation 61 [1/1] (0.00ns)   --->   "%em_top_clusters_valid_2 = extractvalue i456 %call_ret1" [calorimeter.cpp:475]   --->   Operation 61 'extractvalue' 'em_top_clusters_valid_2' <Predicate = true> <Delay = 0.00> <CoreInst = "FIFO_SRL">   --->   Core 80 'FIFO_SRL' <Latency = 0> <II = 1> <Delay = 1.42> <Storage> <Opcode : 'read' 'write' 'nbread' 'nbwrite'> <Ports = 0> <Width = 1> <Depth = 2> <FIFO>
ST_4 : Operation 62 [1/1] (0.00ns)   --->   "%em_top_clusters_valid_3 = extractvalue i456 %call_ret1" [calorimeter.cpp:475]   --->   Operation 62 'extractvalue' 'em_top_clusters_valid_3' <Predicate = true> <Delay = 0.00> <CoreInst = "FIFO_SRL">   --->   Core 80 'FIFO_SRL' <Latency = 0> <II = 1> <Delay = 1.42> <Storage> <Opcode : 'read' 'write' 'nbread' 'nbwrite'> <Ports = 0> <Width = 1> <Depth = 2> <FIFO>
ST_4 : Operation 63 [1/1] (0.00ns)   --->   "%em_top_clusters_valid_4 = extractvalue i456 %call_ret1" [calorimeter.cpp:475]   --->   Operation 63 'extractvalue' 'em_top_clusters_valid_4' <Predicate = true> <Delay = 0.00> <CoreInst = "FIFO_SRL">   --->   Core 80 'FIFO_SRL' <Latency = 0> <II = 1> <Delay = 1.42> <Storage> <Opcode : 'read' 'write' 'nbread' 'nbwrite'> <Ports = 0> <Width = 1> <Depth = 2> <FIFO>
ST_4 : Operation 64 [1/1] (0.00ns)   --->   "%em_top_clusters_valid_5 = extractvalue i456 %call_ret1" [calorimeter.cpp:475]   --->   Operation 64 'extractvalue' 'em_top_clusters_valid_5' <Predicate = true> <Delay = 0.00> <CoreInst = "FIFO_SRL">   --->   Core 80 'FIFO_SRL' <Latency = 0> <II = 1> <Delay = 1.42> <Storage> <Opcode : 'read' 'write' 'nbread' 'nbwrite'> <Ports = 0> <Width = 1> <Depth = 2> <FIFO>
ST_4 : Operation 65 [1/1] (0.00ns)   --->   "%em_top_clusters_valid_6 = extractvalue i456 %call_ret1" [calorimeter.cpp:475]   --->   Operation 65 'extractvalue' 'em_top_clusters_valid_6' <Predicate = true> <Delay = 0.00> <CoreInst = "FIFO_SRL">   --->   Core 80 'FIFO_SRL' <Latency = 0> <II = 1> <Delay = 1.42> <Storage> <Opcode : 'read' 'write' 'nbread' 'nbwrite'> <Ports = 0> <Width = 1> <Depth = 2> <FIFO>
ST_4 : Operation 66 [1/1] (0.00ns)   --->   "%em_top_clusters_valid_7 = extractvalue i456 %call_ret1" [calorimeter.cpp:475]   --->   Operation 66 'extractvalue' 'em_top_clusters_valid_7' <Predicate = true> <Delay = 0.00> <CoreInst = "FIFO_SRL">   --->   Core 80 'FIFO_SRL' <Latency = 0> <II = 1> <Delay = 1.42> <Storage> <Opcode : 'read' 'write' 'nbread' 'nbwrite'> <Ports = 0> <Width = 1> <Depth = 2> <FIFO>
ST_4 : Operation 67 [1/1] (2.47ns)   --->   "%call_ln478 = call void @build_trigger_objects, i20 %em_top_clusters_et, i20 %em_top_clusters_et_1, i20 %em_top_clusters_et_2, i20 %em_top_clusters_et_3, i20 %em_top_clusters_et_4, i20 %em_top_clusters_et_5, i20 %em_top_clusters_et_6, i20 %em_top_clusters_et_7, i20 %em_top_clusters_isolation_et, i20 %em_top_clusters_isolation_et_1, i20 %em_top_clusters_isolation_et_2, i20 %em_top_clusters_isolation_et_3, i20 %em_top_clusters_isolation_et_4, i20 %em_top_clusters_isolation_et_5, i20 %em_top_clusters_isolation_et_6, i20 %em_top_clusters_isolation_et_7, i6 %em_top_clusters_eta, i6 %em_top_clusters_eta_1, i6 %em_top_clusters_eta_2, i6 %em_top_clusters_eta_3, i6 %em_top_clusters_eta_4, i6 %em_top_clusters_eta_5, i6 %em_top_clusters_eta_6, i6 %em_top_clusters_eta_7, i6 %em_top_clusters_phi, i6 %em_top_clusters_phi_1, i6 %em_top_clusters_phi_2, i6 %em_top_clusters_phi_3, i6 %em_top_clusters_phi_4, i6 %em_top_clusters_phi_5, i6 %em_top_clusters_phi_6, i6 %em_top_clusters_phi_7, i4 %em_top_clusters_window_size, i4 %em_top_clusters_window_size_1, i4 %em_top_clusters_window_size_2, i4 %em_top_clusters_window_size_3, i4 %em_top_clusters_window_size_4, i4 %em_top_clusters_window_size_5, i4 %em_top_clusters_window_size_6, i4 %em_top_clusters_window_size_7, i1 %em_top_clusters_valid, i1 %em_top_clusters_valid_1, i1 %em_top_clusters_valid_2, i1 %em_top_clusters_valid_3, i1 %em_top_clusters_valid_4, i1 %em_top_clusters_valid_5, i1 %em_top_clusters_valid_6, i1 %em_top_clusters_valid_7, i89 %em_objects_0, i89 %em_objects_1, i89 %em_objects_2, i89 %em_objects_3, i89 %em_objects_4, i89 %em_objects_5, i89 %em_objects_6, i89 %em_objects_7" [calorimeter.cpp:478]   --->   Operation 67 'call' 'call_ln478' <Predicate = true> <Delay = 2.47> <CoreType = "Generic">   --->   Core 0 '' <Latency = 0> <II = 1> <Delay = 1.00> <Generic> <Opcode : >

State 5 <SV = 4> <Delay = 0.00>
ST_5 : Operation 68 [2/2] (0.00ns)   --->   "%call_ret = call i456 @select_top_n_from_stream_fixed<1440>.1, i61 %jet_cluster_stream, i32 %num_jet_clusters" [calorimeter.cpp:476]   --->   Operation 68 'call' 'call_ret' <Predicate = true> <Delay = 0.00> <CoreType = "Generic">   --->   Core 0 '' <Latency = 0> <II = 1> <Delay = 1.00> <Generic> <Opcode : >

State 6 <SV = 5> <Delay = 3.21>
ST_6 : Operation 69 [1/1] (0.00ns)   --->   "%specshared_ln0 = specshared void @_ssdm_op_SpecShared, i12 %towers, void @p_str"   --->   Operation 69 'specshared' 'specshared_ln0' <Predicate = true> <Delay = 0.00>
ST_6 : Operation 70 [1/1] (0.00ns)   --->   "%specdataflowpipeline_ln451 = specdataflowpipeline void @_ssdm_op_SpecDataflowPipeline, i32 4294967295, i32 0, void @empty_14" [calorimeter.cpp:451]   --->   Operation 70 'specdataflowpipeline' 'specdataflowpipeline_ln451' <Predicate = true> <Delay = 0.00>
ST_6 : Operation 71 [1/1] (0.00ns)   --->   "%specinterface_ln0 = specinterface void @_ssdm_op_SpecInterface, i12 %towers, void @empty_13, i32 0, i32 0, void @empty_14, i32 4294967295, i32 0, void @empty_14, void @empty_14, void @empty_14, i32 0, i32 0, i32 0, i32 0, void @empty_14, void @empty_14, i32 4294967295, i32 0, i32 0"   --->   Operation 71 'specinterface' 'specinterface_ln0' <Predicate = true> <Delay = 0.00>
ST_6 : Operation 72 [1/1] (0.00ns)   --->   "%empty = specchannel i32 @_ssdm_op_SpecChannel, void @em_cluster_stream_str, i32 1, void @p_str, void @p_str, i32 64, i32 64, i61 %em_cluster_stream, i61 %em_cluster_stream"   --->   Operation 72 'specchannel' 'empty' <Predicate = true> <Delay = 0.00>
ST_6 : Operation 73 [1/1] (0.00ns)   --->   "%specinterface_ln0 = specinterface void @_ssdm_op_SpecInterface, i61 %em_cluster_stream, void @empty_8, i32 0, i32 0, void @empty_14, i32 0, i32 0, void @empty_14, void @empty_14, void @empty_14, i32 0, i32 0, i32 0, i32 0, void @empty_14, void @empty_14, i32 4294967295, i32 0, i32 0"   --->   Operation 73 'specinterface' 'specinterface_ln0' <Predicate = true> <Delay = 0.00>
ST_6 : Operation 74 [1/1] (0.00ns)   --->   "%empty_107 = specchannel i32 @_ssdm_op_SpecChannel, void @jet_cluster_stream_str, i32 1, void @p_str, void @p_str, i32 64, i32 64, i61 %jet_cluster_stream, i61 %jet_cluster_stream"   --->   Operation 74 'specchannel' 'empty_107' <Predicate = true> <Delay = 0.00>
ST_6 : Operation 75 [1/1] (0.00ns)   --->   "%specinterface_ln0 = specinterface void @_ssdm_op_SpecInterface, i61 %jet_cluster_stream, void @empty_8, i32 0, i32 0, void @empty_14, i32 0, i32 0, void @empty_14, void @empty_14, void @empty_14, i32 0, i32 0, i32 0, i32 0, void @empty_14, void @empty_14, i32 4294967295, i32 0, i32 0"   --->   Operation 75 'specinterface' 'specinterface_ln0' <Predicate = true> <Delay = 0.00>
ST_6 : Operation 76 [1/2] (0.73ns)   --->   "%call_ret = call i456 @select_top_n_from_stream_fixed<1440>.1, i61 %jet_cluster_stream, i32 %num_jet_clusters" [calorimeter.cpp:476]   --->   Operation 76 'call' 'call_ret' <Predicate = true> <Delay = 0.73> <CoreType = "Generic">   --->   Core 0 '' <Latency = 0> <II = 1> <Delay = 1.00> <Generic> <Opcode : >
ST_6 : Operation 77 [1/1] (0.00ns)   --->   "%jet_top_clusters_et = extractvalue i456 %call_ret" [calorimeter.cpp:476]   --->   Operation 77 'extractvalue' 'jet_top_clusters_et' <Predicate = true> <Delay = 0.00> <CoreInst = "FIFO_SRL">   --->   Core 80 'FIFO_SRL' <Latency = 0> <II = 1> <Delay = 1.39> <Storage> <Opcode : 'read' 'write' 'nbread' 'nbwrite'> <Ports = 0> <Width = 20> <Depth = 2> <FIFO>
ST_6 : Operation 78 [1/1] (0.00ns)   --->   "%jet_top_clusters_et_1 = extractvalue i456 %call_ret" [calorimeter.cpp:476]   --->   Operation 78 'extractvalue' 'jet_top_clusters_et_1' <Predicate = true> <Delay = 0.00> <CoreInst = "FIFO_SRL">   --->   Core 80 'FIFO_SRL' <Latency = 0> <II = 1> <Delay = 1.39> <Storage> <Opcode : 'read' 'write' 'nbread' 'nbwrite'> <Ports = 0> <Width = 20> <Depth = 2> <FIFO>
ST_6 : Operation 79 [1/1] (0.00ns)   --->   "%jet_top_clusters_et_2 = extractvalue i456 %call_ret" [calorimeter.cpp:476]   --->   Operation 79 'extractvalue' 'jet_top_clusters_et_2' <Predicate = true> <Delay = 0.00> <CoreInst = "FIFO_SRL">   --->   Core 80 'FIFO_SRL' <Latency = 0> <II = 1> <Delay = 1.39> <Storage> <Opcode : 'read' 'write' 'nbread' 'nbwrite'> <Ports = 0> <Width = 20> <Depth = 2> <FIFO>
ST_6 : Operation 80 [1/1] (0.00ns)   --->   "%jet_top_clusters_et_3 = extractvalue i456 %call_ret" [calorimeter.cpp:476]   --->   Operation 80 'extractvalue' 'jet_top_clusters_et_3' <Predicate = true> <Delay = 0.00> <CoreInst = "FIFO_SRL">   --->   Core 80 'FIFO_SRL' <Latency = 0> <II = 1> <Delay = 1.39> <Storage> <Opcode : 'read' 'write' 'nbread' 'nbwrite'> <Ports = 0> <Width = 20> <Depth = 2> <FIFO>
ST_6 : Operation 81 [1/1] (0.00ns)   --->   "%jet_top_clusters_et_4 = extractvalue i456 %call_ret" [calorimeter.cpp:476]   --->   Operation 81 'extractvalue' 'jet_top_clusters_et_4' <Predicate = true> <Delay = 0.00> <CoreInst = "FIFO_SRL">   --->   Core 80 'FIFO_SRL' <Latency = 0> <II = 1> <Delay = 1.39> <Storage> <Opcode : 'read' 'write' 'nbread' 'nbwrite'> <Ports = 0> <Width = 20> <Depth = 2> <FIFO>
ST_6 : Operation 82 [1/1] (0.00ns)   --->   "%jet_top_clusters_et_5 = extractvalue i456 %call_ret" [calorimeter.cpp:476]   --->   Operation 82 'extractvalue' 'jet_top_clusters_et_5' <Predicate = true> <Delay = 0.00> <CoreInst = "FIFO_SRL">   --->   Core 80 'FIFO_SRL' <Latency = 0> <II = 1> <Delay = 1.39> <Storage> <Opcode : 'read' 'write' 'nbread' 'nbwrite'> <Ports = 0> <Width = 20> <Depth = 2> <FIFO>
ST_6 : Operation 83 [1/1] (0.00ns)   --->   "%jet_top_clusters_et_6 = extractvalue i456 %call_ret" [calorimeter.cpp:476]   --->   Operation 83 'extractvalue' 'jet_top_clusters_et_6' <Predicate = true> <Delay = 0.00> <CoreInst = "FIFO_SRL">   --->   Core 80 'FIFO_SRL' <Latency = 0> <II = 1> <Delay = 1.39> <Storage> <Opcode : 'read' 'write' 'nbread' 'nbwrite'> <Ports = 0> <Width = 20> <Depth = 2> <FIFO>
ST_6 : Operation 84 [1/1] (0.00ns)   --->   "%jet_top_clusters_et_7 = extractvalue i456 %call_ret" [calorimeter.cpp:476]   --->   Operation 84 'extractvalue' 'jet_top_clusters_et_7' <Predicate = true> <Delay = 0.00> <CoreInst = "FIFO_SRL">   --->   Core 80 'FIFO_SRL' <Latency = 0> <II = 1> <Delay = 1.39> <Storage> <Opcode : 'read' 'write' 'nbread' 'nbwrite'> <Ports = 0> <Width = 20> <Depth = 2> <FIFO>
ST_6 : Operation 85 [1/1] (0.00ns)   --->   "%jet_top_clusters_isolation_et = extractvalue i456 %call_ret" [calorimeter.cpp:476]   --->   Operation 85 'extractvalue' 'jet_top_clusters_isolation_et' <Predicate = true> <Delay = 0.00> <CoreInst = "FIFO_SRL">   --->   Core 80 'FIFO_SRL' <Latency = 0> <II = 1> <Delay = 1.39> <Storage> <Opcode : 'read' 'write' 'nbread' 'nbwrite'> <Ports = 0> <Width = 20> <Depth = 2> <FIFO>
ST_6 : Operation 86 [1/1] (0.00ns)   --->   "%jet_top_clusters_isolation_et_1 = extractvalue i456 %call_ret" [calorimeter.cpp:476]   --->   Operation 86 'extractvalue' 'jet_top_clusters_isolation_et_1' <Predicate = true> <Delay = 0.00> <CoreInst = "FIFO_SRL">   --->   Core 80 'FIFO_SRL' <Latency = 0> <II = 1> <Delay = 1.39> <Storage> <Opcode : 'read' 'write' 'nbread' 'nbwrite'> <Ports = 0> <Width = 20> <Depth = 2> <FIFO>
ST_6 : Operation 87 [1/1] (0.00ns)   --->   "%jet_top_clusters_isolation_et_2 = extractvalue i456 %call_ret" [calorimeter.cpp:476]   --->   Operation 87 'extractvalue' 'jet_top_clusters_isolation_et_2' <Predicate = true> <Delay = 0.00> <CoreInst = "FIFO_SRL">   --->   Core 80 'FIFO_SRL' <Latency = 0> <II = 1> <Delay = 1.39> <Storage> <Opcode : 'read' 'write' 'nbread' 'nbwrite'> <Ports = 0> <Width = 20> <Depth = 2> <FIFO>
ST_6 : Operation 88 [1/1] (0.00ns)   --->   "%jet_top_clusters_isolation_et_3 = extractvalue i456 %call_ret" [calorimeter.cpp:476]   --->   Operation 88 'extractvalue' 'jet_top_clusters_isolation_et_3' <Predicate = true> <Delay = 0.00> <CoreInst = "FIFO_SRL">   --->   Core 80 'FIFO_SRL' <Latency = 0> <II = 1> <Delay = 1.39> <Storage> <Opcode : 'read' 'write' 'nbread' 'nbwrite'> <Ports = 0> <Width = 20> <Depth = 2> <FIFO>
ST_6 : Operation 89 [1/1] (0.00ns)   --->   "%jet_top_clusters_isolation_et_4 = extractvalue i456 %call_ret" [calorimeter.cpp:476]   --->   Operation 89 'extractvalue' 'jet_top_clusters_isolation_et_4' <Predicate = true> <Delay = 0.00> <CoreInst = "FIFO_SRL">   --->   Core 80 'FIFO_SRL' <Latency = 0> <II = 1> <Delay = 1.39> <Storage> <Opcode : 'read' 'write' 'nbread' 'nbwrite'> <Ports = 0> <Width = 20> <Depth = 2> <FIFO>
ST_6 : Operation 90 [1/1] (0.00ns)   --->   "%jet_top_clusters_isolation_et_5 = extractvalue i456 %call_ret" [calorimeter.cpp:476]   --->   Operation 90 'extractvalue' 'jet_top_clusters_isolation_et_5' <Predicate = true> <Delay = 0.00> <CoreInst = "FIFO_SRL">   --->   Core 80 'FIFO_SRL' <Latency = 0> <II = 1> <Delay = 1.39> <Storage> <Opcode : 'read' 'write' 'nbread' 'nbwrite'> <Ports = 0> <Width = 20> <Depth = 2> <FIFO>
ST_6 : Operation 91 [1/1] (0.00ns)   --->   "%jet_top_clusters_isolation_et_6 = extractvalue i456 %call_ret" [calorimeter.cpp:476]   --->   Operation 91 'extractvalue' 'jet_top_clusters_isolation_et_6' <Predicate = true> <Delay = 0.00> <CoreInst = "FIFO_SRL">   --->   Core 80 'FIFO_SRL' <Latency = 0> <II = 1> <Delay = 1.39> <Storage> <Opcode : 'read' 'write' 'nbread' 'nbwrite'> <Ports = 0> <Width = 20> <Depth = 2> <FIFO>
ST_6 : Operation 92 [1/1] (0.00ns)   --->   "%jet_top_clusters_isolation_et_7 = extractvalue i456 %call_ret" [calorimeter.cpp:476]   --->   Operation 92 'extractvalue' 'jet_top_clusters_isolation_et_7' <Predicate = true> <Delay = 0.00> <CoreInst = "FIFO_SRL">   --->   Core 80 'FIFO_SRL' <Latency = 0> <II = 1> <Delay = 1.39> <Storage> <Opcode : 'read' 'write' 'nbread' 'nbwrite'> <Ports = 0> <Width = 20> <Depth = 2> <FIFO>
ST_6 : Operation 93 [1/1] (0.00ns)   --->   "%jet_top_clusters_eta = extractvalue i456 %call_ret" [calorimeter.cpp:476]   --->   Operation 93 'extractvalue' 'jet_top_clusters_eta' <Predicate = true> <Delay = 0.00> <CoreInst = "FIFO_SRL">   --->   Core 80 'FIFO_SRL' <Latency = 0> <II = 1> <Delay = 1.36> <Storage> <Opcode : 'read' 'write' 'nbread' 'nbwrite'> <Ports = 0> <Width = 6> <Depth = 2> <FIFO>
ST_6 : Operation 94 [1/1] (0.00ns)   --->   "%jet_top_clusters_eta_1 = extractvalue i456 %call_ret" [calorimeter.cpp:476]   --->   Operation 94 'extractvalue' 'jet_top_clusters_eta_1' <Predicate = true> <Delay = 0.00> <CoreInst = "FIFO_SRL">   --->   Core 80 'FIFO_SRL' <Latency = 0> <II = 1> <Delay = 1.36> <Storage> <Opcode : 'read' 'write' 'nbread' 'nbwrite'> <Ports = 0> <Width = 6> <Depth = 2> <FIFO>
ST_6 : Operation 95 [1/1] (0.00ns)   --->   "%jet_top_clusters_eta_2 = extractvalue i456 %call_ret" [calorimeter.cpp:476]   --->   Operation 95 'extractvalue' 'jet_top_clusters_eta_2' <Predicate = true> <Delay = 0.00> <CoreInst = "FIFO_SRL">   --->   Core 80 'FIFO_SRL' <Latency = 0> <II = 1> <Delay = 1.36> <Storage> <Opcode : 'read' 'write' 'nbread' 'nbwrite'> <Ports = 0> <Width = 6> <Depth = 2> <FIFO>
ST_6 : Operation 96 [1/1] (0.00ns)   --->   "%jet_top_clusters_eta_3 = extractvalue i456 %call_ret" [calorimeter.cpp:476]   --->   Operation 96 'extractvalue' 'jet_top_clusters_eta_3' <Predicate = true> <Delay = 0.00> <CoreInst = "FIFO_SRL">   --->   Core 80 'FIFO_SRL' <Latency = 0> <II = 1> <Delay = 1.36> <Storage> <Opcode : 'read' 'write' 'nbread' 'nbwrite'> <Ports = 0> <Width = 6> <Depth = 2> <FIFO>
ST_6 : Operation 97 [1/1] (0.00ns)   --->   "%jet_top_clusters_eta_4 = extractvalue i456 %call_ret" [calorimeter.cpp:476]   --->   Operation 97 'extractvalue' 'jet_top_clusters_eta_4' <Predicate = true> <Delay = 0.00> <CoreInst = "FIFO_SRL">   --->   Core 80 'FIFO_SRL' <Latency = 0> <II = 1> <Delay = 1.36> <Storage> <Opcode : 'read' 'write' 'nbread' 'nbwrite'> <Ports = 0> <Width = 6> <Depth = 2> <FIFO>
ST_6 : Operation 98 [1/1] (0.00ns)   --->   "%jet_top_clusters_eta_5 = extractvalue i456 %call_ret" [calorimeter.cpp:476]   --->   Operation 98 'extractvalue' 'jet_top_clusters_eta_5' <Predicate = true> <Delay = 0.00> <CoreInst = "FIFO_SRL">   --->   Core 80 'FIFO_SRL' <Latency = 0> <II = 1> <Delay = 1.36> <Storage> <Opcode : 'read' 'write' 'nbread' 'nbwrite'> <Ports = 0> <Width = 6> <Depth = 2> <FIFO>
ST_6 : Operation 99 [1/1] (0.00ns)   --->   "%jet_top_clusters_eta_6 = extractvalue i456 %call_ret" [calorimeter.cpp:476]   --->   Operation 99 'extractvalue' 'jet_top_clusters_eta_6' <Predicate = true> <Delay = 0.00> <CoreInst = "FIFO_SRL">   --->   Core 80 'FIFO_SRL' <Latency = 0> <II = 1> <Delay = 1.36> <Storage> <Opcode : 'read' 'write' 'nbread' 'nbwrite'> <Ports = 0> <Width = 6> <Depth = 2> <FIFO>
ST_6 : Operation 100 [1/1] (0.00ns)   --->   "%jet_top_clusters_eta_7 = extractvalue i456 %call_ret" [calorimeter.cpp:476]   --->   Operation 100 'extractvalue' 'jet_top_clusters_eta_7' <Predicate = true> <Delay = 0.00> <CoreInst = "FIFO_SRL">   --->   Core 80 'FIFO_SRL' <Latency = 0> <II = 1> <Delay = 1.36> <Storage> <Opcode : 'read' 'write' 'nbread' 'nbwrite'> <Ports = 0> <Width = 6> <Depth = 2> <FIFO>
ST_6 : Operation 101 [1/1] (0.00ns)   --->   "%jet_top_clusters_phi = extractvalue i456 %call_ret" [calorimeter.cpp:476]   --->   Operation 101 'extractvalue' 'jet_top_clusters_phi' <Predicate = true> <Delay = 0.00> <CoreInst = "FIFO_SRL">   --->   Core 80 'FIFO_SRL' <Latency = 0> <II = 1> <Delay = 1.36> <Storage> <Opcode : 'read' 'write' 'nbread' 'nbwrite'> <Ports = 0> <Width = 6> <Depth = 2> <FIFO>
ST_6 : Operation 102 [1/1] (0.00ns)   --->   "%jet_top_clusters_phi_1 = extractvalue i456 %call_ret" [calorimeter.cpp:476]   --->   Operation 102 'extractvalue' 'jet_top_clusters_phi_1' <Predicate = true> <Delay = 0.00> <CoreInst = "FIFO_SRL">   --->   Core 80 'FIFO_SRL' <Latency = 0> <II = 1> <Delay = 1.36> <Storage> <Opcode : 'read' 'write' 'nbread' 'nbwrite'> <Ports = 0> <Width = 6> <Depth = 2> <FIFO>
ST_6 : Operation 103 [1/1] (0.00ns)   --->   "%jet_top_clusters_phi_2 = extractvalue i456 %call_ret" [calorimeter.cpp:476]   --->   Operation 103 'extractvalue' 'jet_top_clusters_phi_2' <Predicate = true> <Delay = 0.00> <CoreInst = "FIFO_SRL">   --->   Core 80 'FIFO_SRL' <Latency = 0> <II = 1> <Delay = 1.36> <Storage> <Opcode : 'read' 'write' 'nbread' 'nbwrite'> <Ports = 0> <Width = 6> <Depth = 2> <FIFO>
ST_6 : Operation 104 [1/1] (0.00ns)   --->   "%jet_top_clusters_phi_3 = extractvalue i456 %call_ret" [calorimeter.cpp:476]   --->   Operation 104 'extractvalue' 'jet_top_clusters_phi_3' <Predicate = true> <Delay = 0.00> <CoreInst = "FIFO_SRL">   --->   Core 80 'FIFO_SRL' <Latency = 0> <II = 1> <Delay = 1.36> <Storage> <Opcode : 'read' 'write' 'nbread' 'nbwrite'> <Ports = 0> <Width = 6> <Depth = 2> <FIFO>
ST_6 : Operation 105 [1/1] (0.00ns)   --->   "%jet_top_clusters_phi_4 = extractvalue i456 %call_ret" [calorimeter.cpp:476]   --->   Operation 105 'extractvalue' 'jet_top_clusters_phi_4' <Predicate = true> <Delay = 0.00> <CoreInst = "FIFO_SRL">   --->   Core 80 'FIFO_SRL' <Latency = 0> <II = 1> <Delay = 1.36> <Storage> <Opcode : 'read' 'write' 'nbread' 'nbwrite'> <Ports = 0> <Width = 6> <Depth = 2> <FIFO>
ST_6 : Operation 106 [1/1] (0.00ns)   --->   "%jet_top_clusters_phi_5 = extractvalue i456 %call_ret" [calorimeter.cpp:476]   --->   Operation 106 'extractvalue' 'jet_top_clusters_phi_5' <Predicate = true> <Delay = 0.00> <CoreInst = "FIFO_SRL">   --->   Core 80 'FIFO_SRL' <Latency = 0> <II = 1> <Delay = 1.36> <Storage> <Opcode : 'read' 'write' 'nbread' 'nbwrite'> <Ports = 0> <Width = 6> <Depth = 2> <FIFO>
ST_6 : Operation 107 [1/1] (0.00ns)   --->   "%jet_top_clusters_phi_6 = extractvalue i456 %call_ret" [calorimeter.cpp:476]   --->   Operation 107 'extractvalue' 'jet_top_clusters_phi_6' <Predicate = true> <Delay = 0.00> <CoreInst = "FIFO_SRL">   --->   Core 80 'FIFO_SRL' <Latency = 0> <II = 1> <Delay = 1.36> <Storage> <Opcode : 'read' 'write' 'nbread' 'nbwrite'> <Ports = 0> <Width = 6> <Depth = 2> <FIFO>
ST_6 : Operation 108 [1/1] (0.00ns)   --->   "%jet_top_clusters_phi_7 = extractvalue i456 %call_ret" [calorimeter.cpp:476]   --->   Operation 108 'extractvalue' 'jet_top_clusters_phi_7' <Predicate = true> <Delay = 0.00> <CoreInst = "FIFO_SRL">   --->   Core 80 'FIFO_SRL' <Latency = 0> <II = 1> <Delay = 1.36> <Storage> <Opcode : 'read' 'write' 'nbread' 'nbwrite'> <Ports = 0> <Width = 6> <Depth = 2> <FIFO>
ST_6 : Operation 109 [1/1] (0.00ns)   --->   "%jet_top_clusters_window_size = extractvalue i456 %call_ret" [calorimeter.cpp:476]   --->   Operation 109 'extractvalue' 'jet_top_clusters_window_size' <Predicate = true> <Delay = 0.00> <CoreInst = "FIFO_SRL">   --->   Core 80 'FIFO_SRL' <Latency = 0> <II = 1> <Delay = 1.40> <Storage> <Opcode : 'read' 'write' 'nbread' 'nbwrite'> <Ports = 0> <Width = 4> <Depth = 2> <FIFO>
ST_6 : Operation 110 [1/1] (0.00ns)   --->   "%jet_top_clusters_window_size_1 = extractvalue i456 %call_ret" [calorimeter.cpp:476]   --->   Operation 110 'extractvalue' 'jet_top_clusters_window_size_1' <Predicate = true> <Delay = 0.00> <CoreInst = "FIFO_SRL">   --->   Core 80 'FIFO_SRL' <Latency = 0> <II = 1> <Delay = 1.40> <Storage> <Opcode : 'read' 'write' 'nbread' 'nbwrite'> <Ports = 0> <Width = 4> <Depth = 2> <FIFO>
ST_6 : Operation 111 [1/1] (0.00ns)   --->   "%jet_top_clusters_window_size_2 = extractvalue i456 %call_ret" [calorimeter.cpp:476]   --->   Operation 111 'extractvalue' 'jet_top_clusters_window_size_2' <Predicate = true> <Delay = 0.00> <CoreInst = "FIFO_SRL">   --->   Core 80 'FIFO_SRL' <Latency = 0> <II = 1> <Delay = 1.40> <Storage> <Opcode : 'read' 'write' 'nbread' 'nbwrite'> <Ports = 0> <Width = 4> <Depth = 2> <FIFO>
ST_6 : Operation 112 [1/1] (0.00ns)   --->   "%jet_top_clusters_window_size_3 = extractvalue i456 %call_ret" [calorimeter.cpp:476]   --->   Operation 112 'extractvalue' 'jet_top_clusters_window_size_3' <Predicate = true> <Delay = 0.00> <CoreInst = "FIFO_SRL">   --->   Core 80 'FIFO_SRL' <Latency = 0> <II = 1> <Delay = 1.40> <Storage> <Opcode : 'read' 'write' 'nbread' 'nbwrite'> <Ports = 0> <Width = 4> <Depth = 2> <FIFO>
ST_6 : Operation 113 [1/1] (0.00ns)   --->   "%jet_top_clusters_window_size_4 = extractvalue i456 %call_ret" [calorimeter.cpp:476]   --->   Operation 113 'extractvalue' 'jet_top_clusters_window_size_4' <Predicate = true> <Delay = 0.00> <CoreInst = "FIFO_SRL">   --->   Core 80 'FIFO_SRL' <Latency = 0> <II = 1> <Delay = 1.40> <Storage> <Opcode : 'read' 'write' 'nbread' 'nbwrite'> <Ports = 0> <Width = 4> <Depth = 2> <FIFO>
ST_6 : Operation 114 [1/1] (0.00ns)   --->   "%jet_top_clusters_window_size_5 = extractvalue i456 %call_ret" [calorimeter.cpp:476]   --->   Operation 114 'extractvalue' 'jet_top_clusters_window_size_5' <Predicate = true> <Delay = 0.00> <CoreInst = "FIFO_SRL">   --->   Core 80 'FIFO_SRL' <Latency = 0> <II = 1> <Delay = 1.40> <Storage> <Opcode : 'read' 'write' 'nbread' 'nbwrite'> <Ports = 0> <Width = 4> <Depth = 2> <FIFO>
ST_6 : Operation 115 [1/1] (0.00ns)   --->   "%jet_top_clusters_window_size_6 = extractvalue i456 %call_ret" [calorimeter.cpp:476]   --->   Operation 115 'extractvalue' 'jet_top_clusters_window_size_6' <Predicate = true> <Delay = 0.00> <CoreInst = "FIFO_SRL">   --->   Core 80 'FIFO_SRL' <Latency = 0> <II = 1> <Delay = 1.40> <Storage> <Opcode : 'read' 'write' 'nbread' 'nbwrite'> <Ports = 0> <Width = 4> <Depth = 2> <FIFO>
ST_6 : Operation 116 [1/1] (0.00ns)   --->   "%jet_top_clusters_window_size_7 = extractvalue i456 %call_ret" [calorimeter.cpp:476]   --->   Operation 116 'extractvalue' 'jet_top_clusters_window_size_7' <Predicate = true> <Delay = 0.00> <CoreInst = "FIFO_SRL">   --->   Core 80 'FIFO_SRL' <Latency = 0> <II = 1> <Delay = 1.40> <Storage> <Opcode : 'read' 'write' 'nbread' 'nbwrite'> <Ports = 0> <Width = 4> <Depth = 2> <FIFO>
ST_6 : Operation 117 [1/1] (0.00ns)   --->   "%jet_top_clusters_valid = extractvalue i456 %call_ret" [calorimeter.cpp:476]   --->   Operation 117 'extractvalue' 'jet_top_clusters_valid' <Predicate = true> <Delay = 0.00> <CoreInst = "FIFO_SRL">   --->   Core 80 'FIFO_SRL' <Latency = 0> <II = 1> <Delay = 1.42> <Storage> <Opcode : 'read' 'write' 'nbread' 'nbwrite'> <Ports = 0> <Width = 1> <Depth = 2> <FIFO>
ST_6 : Operation 118 [1/1] (0.00ns)   --->   "%jet_top_clusters_valid_1 = extractvalue i456 %call_ret" [calorimeter.cpp:476]   --->   Operation 118 'extractvalue' 'jet_top_clusters_valid_1' <Predicate = true> <Delay = 0.00> <CoreInst = "FIFO_SRL">   --->   Core 80 'FIFO_SRL' <Latency = 0> <II = 1> <Delay = 1.42> <Storage> <Opcode : 'read' 'write' 'nbread' 'nbwrite'> <Ports = 0> <Width = 1> <Depth = 2> <FIFO>
ST_6 : Operation 119 [1/1] (0.00ns)   --->   "%jet_top_clusters_valid_2 = extractvalue i456 %call_ret" [calorimeter.cpp:476]   --->   Operation 119 'extractvalue' 'jet_top_clusters_valid_2' <Predicate = true> <Delay = 0.00> <CoreInst = "FIFO_SRL">   --->   Core 80 'FIFO_SRL' <Latency = 0> <II = 1> <Delay = 1.42> <Storage> <Opcode : 'read' 'write' 'nbread' 'nbwrite'> <Ports = 0> <Width = 1> <Depth = 2> <FIFO>
ST_6 : Operation 120 [1/1] (0.00ns)   --->   "%jet_top_clusters_valid_3 = extractvalue i456 %call_ret" [calorimeter.cpp:476]   --->   Operation 120 'extractvalue' 'jet_top_clusters_valid_3' <Predicate = true> <Delay = 0.00> <CoreInst = "FIFO_SRL">   --->   Core 80 'FIFO_SRL' <Latency = 0> <II = 1> <Delay = 1.42> <Storage> <Opcode : 'read' 'write' 'nbread' 'nbwrite'> <Ports = 0> <Width = 1> <Depth = 2> <FIFO>
ST_6 : Operation 121 [1/1] (0.00ns)   --->   "%jet_top_clusters_valid_4 = extractvalue i456 %call_ret" [calorimeter.cpp:476]   --->   Operation 121 'extractvalue' 'jet_top_clusters_valid_4' <Predicate = true> <Delay = 0.00> <CoreInst = "FIFO_SRL">   --->   Core 80 'FIFO_SRL' <Latency = 0> <II = 1> <Delay = 1.42> <Storage> <Opcode : 'read' 'write' 'nbread' 'nbwrite'> <Ports = 0> <Width = 1> <Depth = 2> <FIFO>
ST_6 : Operation 122 [1/1] (0.00ns)   --->   "%jet_top_clusters_valid_5 = extractvalue i456 %call_ret" [calorimeter.cpp:476]   --->   Operation 122 'extractvalue' 'jet_top_clusters_valid_5' <Predicate = true> <Delay = 0.00> <CoreInst = "FIFO_SRL">   --->   Core 80 'FIFO_SRL' <Latency = 0> <II = 1> <Delay = 1.42> <Storage> <Opcode : 'read' 'write' 'nbread' 'nbwrite'> <Ports = 0> <Width = 1> <Depth = 2> <FIFO>
ST_6 : Operation 123 [1/1] (0.00ns)   --->   "%jet_top_clusters_valid_6 = extractvalue i456 %call_ret" [calorimeter.cpp:476]   --->   Operation 123 'extractvalue' 'jet_top_clusters_valid_6' <Predicate = true> <Delay = 0.00> <CoreInst = "FIFO_SRL">   --->   Core 80 'FIFO_SRL' <Latency = 0> <II = 1> <Delay = 1.42> <Storage> <Opcode : 'read' 'write' 'nbread' 'nbwrite'> <Ports = 0> <Width = 1> <Depth = 2> <FIFO>
ST_6 : Operation 124 [1/1] (0.00ns)   --->   "%jet_top_clusters_valid_7 = extractvalue i456 %call_ret" [calorimeter.cpp:476]   --->   Operation 124 'extractvalue' 'jet_top_clusters_valid_7' <Predicate = true> <Delay = 0.00> <CoreInst = "FIFO_SRL">   --->   Core 80 'FIFO_SRL' <Latency = 0> <II = 1> <Delay = 1.42> <Storage> <Opcode : 'read' 'write' 'nbread' 'nbwrite'> <Ports = 0> <Width = 1> <Depth = 2> <FIFO>
ST_6 : Operation 125 [1/1] (2.47ns)   --->   "%call_ln479 = call void @build_trigger_objects.2, i20 %jet_top_clusters_et, i20 %jet_top_clusters_et_1, i20 %jet_top_clusters_et_2, i20 %jet_top_clusters_et_3, i20 %jet_top_clusters_et_4, i20 %jet_top_clusters_et_5, i20 %jet_top_clusters_et_6, i20 %jet_top_clusters_et_7, i20 %jet_top_clusters_isolation_et, i20 %jet_top_clusters_isolation_et_1, i20 %jet_top_clusters_isolation_et_2, i20 %jet_top_clusters_isolation_et_3, i20 %jet_top_clusters_isolation_et_4, i20 %jet_top_clusters_isolation_et_5, i20 %jet_top_clusters_isolation_et_6, i20 %jet_top_clusters_isolation_et_7, i6 %jet_top_clusters_eta, i6 %jet_top_clusters_eta_1, i6 %jet_top_clusters_eta_2, i6 %jet_top_clusters_eta_3, i6 %jet_top_clusters_eta_4, i6 %jet_top_clusters_eta_5, i6 %jet_top_clusters_eta_6, i6 %jet_top_clusters_eta_7, i6 %jet_top_clusters_phi, i6 %jet_top_clusters_phi_1, i6 %jet_top_clusters_phi_2, i6 %jet_top_clusters_phi_3, i6 %jet_top_clusters_phi_4, i6 %jet_top_clusters_phi_5, i6 %jet_top_clusters_phi_6, i6 %jet_top_clusters_phi_7, i4 %jet_top_clusters_window_size, i4 %jet_top_clusters_window_size_1, i4 %jet_top_clusters_window_size_2, i4 %jet_top_clusters_window_size_3, i4 %jet_top_clusters_window_size_4, i4 %jet_top_clusters_window_size_5, i4 %jet_top_clusters_window_size_6, i4 %jet_top_clusters_window_size_7, i1 %jet_top_clusters_valid, i1 %jet_top_clusters_valid_1, i1 %jet_top_clusters_valid_2, i1 %jet_top_clusters_valid_3, i1 %jet_top_clusters_valid_4, i1 %jet_top_clusters_valid_5, i1 %jet_top_clusters_valid_6, i1 %jet_top_clusters_valid_7, i89 %jet_objects_0, i89 %jet_objects_1, i89 %jet_objects_2, i89 %jet_objects_3, i89 %jet_objects_4, i89 %jet_objects_5, i89 %jet_objects_6, i89 %jet_objects_7" [calorimeter.cpp:479]   --->   Operation 125 'call' 'call_ln479' <Predicate = true> <Delay = 2.47> <CoreType = "Generic">   --->   Core 0 '' <Latency = 0> <II = 1> <Delay = 1.00> <Generic> <Opcode : >
ST_6 : Operation 126 [1/1] (0.00ns)   --->   "%ret_ln484 = ret" [calorimeter.cpp:484]   --->   Operation 126 'ret' 'ret_ln484' <Predicate = true> <Delay = 0.00>


============================================================
+ Verbose Summary: Timing violations
============================================================
Target clock period: 25.000ns, clock uncertainty: 6.750ns.

 <State 1>: 0.000ns
The critical path consists of the following:

 <State 2>: 1.509ns
The critical path consists of the following:
	'call' operation 0 bit ('call_ln465', calorimeter.cpp:465) to 'produce_em_cluster_stream' [37]  (1.509 ns)

 <State 3>: 0.000ns
The critical path consists of the following:

 <State 4>: 3.213ns
The critical path consists of the following:
	'call' operation 456 bit ('call_ret1', calorimeter.cpp:475) to 'select_top_n_from_stream_fixed<1440>' [39]  (0.735 ns)
	'call' operation 0 bit ('call_ln478', calorimeter.cpp:478) to 'build_trigger_objects' [137]  (2.478 ns)

 <State 5>: 0.000ns
The critical path consists of the following:

 <State 6>: 3.213ns
The critical path consists of the following:
	'call' operation 456 bit ('call_ret', calorimeter.cpp:476) to 'select_top_n_from_stream_fixed<1440>.1' [88]  (0.735 ns)
	'call' operation 0 bit ('call_ln479', calorimeter.cpp:479) to 'build_trigger_objects.2' [138]  (2.478 ns)


============================================================
+ Verbose Summary: Binding
============================================================
N/A
* FSMD analyzer results:
  - Output states:
 - Input state : 
  - Chain level:
	State 1
	State 2
	State 3
	State 4
	State 5
	State 6


============================================================
+ Verbose Summary: Datapath Resource usage 
============================================================
N/A
