

================================================================
== Vitis HLS Report for 'calo_trigger_stream_ref'
================================================================
* Date:           Tue May 12 20:42:46 2026

* Version:        2024.1 (Build 5069499 on May 21 2024)
* Project:        calorimeter
* Solution:       solution1 (Vivado IP Flow Target)
* Product family: virtexuplus
* Target device:  xcvu13p-fsga2577-2-e


================================================================
== Performance Estimates
================================================================
+ Timing: 
    * Summary: 
    +--------+----------+----------+------------+
    |  Clock |  Target  | Estimated| Uncertainty|
    +--------+----------+----------+------------+
    |ap_clk  |  25.00 ns|  5.516 ns|     6.75 ns|
    +--------+----------+----------+------------+

+ Latency: 
    * Summary: 
    +---------+---------+----------+----------+-------+-------+---------+
    |  Latency (cycles) |  Latency (absolute) |    Interval   | Pipeline|
    |   min   |   max   |    min   |    max   |  min  |  max  |   Type  |
    +---------+---------+----------+----------+-------+-------+---------+
    |    22086|    22086|  0.552 ms|  0.552 ms|  22087|  22087|       no|
    +---------+---------+----------+----------+-------+-------+---------+

    + Detail: 
        * Instance: 
        +--------------------------------------+---------------------------+---------+---------+----------+----------+-------+-------+----------+
        |                                      |                           |  Latency (cycles) |  Latency (absolute) |    Interval   | Pipeline |
        |               Instance               |           Module          |   min   |   max   |    min   |    max   |  min  |  max  |   Type   |
        +--------------------------------------+---------------------------+---------+---------+----------+----------+-------+-------+----------+
        |grp_cluster_sort_build_stream_fu_165  |cluster_sort_build_stream  |    20283|    20283|  0.507 ms|  0.507 ms|  20284|  20284|  dataflow|
        +--------------------------------------+---------------------------+---------+---------+----------+----------+-------+-------+----------+

        * Loop: 
        +-----------------+---------+---------+----------+-----------+-----------+------+----------+
        |                 |  Latency (cycles) | Iteration|  Initiation Interval  | Trip |          |
        |    Loop Name    |   min   |   max   |  Latency |  achieved |   target  | Count| Pipelined|
        +-----------------+---------+---------+----------+-----------+-----------+------+----------+
        |- HT_ETA_HT_PHI  |     1800|     1800|         2|          1|          1|  1800|       yes|
        +-----------------+---------+---------+----------+-----------+-----------+------+----------+

============================================================
+ Verbose Summary: Synthesis Manager
============================================================
InlineROM: 1
ExposeGlobal: 0
============================================================
+ Verbose Summary: CDFG Model
============================================================
IsTopModel: 1
ResetActiveHigh: 1
IsCombinational: 0
IsDatapathOnly: 0
HasWiredReturn: 1
HasMFsm: 2
HasVarLatency: 1
IsPipeline: 0
IsRtlPipelined: 0
IsInstanceOverlapped: 0
IsDontTouch: 0
HasImplIP: 0
IsGatedGlobalClock: 0

+ Individual pipeline summary: 
  * Pipeline-0: initiation interval (II) = 1, depth = 2


============================================================
+ Verbose Summary: Schedule
============================================================
* Number of FSM states : 5
* Pipeline : 1
  Pipeline-0 : II = 1, D = 2, States = { 2 3 }
* Dataflow Pipeline: 0

* FSM state transitions: 
1 --> 2 
2 --> 3 
3 --> 4 2 
4 --> 5 
5 --> 

* FSM state operations: 

State 1 <SV = 0> <Delay = 1.00>
ST_1 : Operation 6 [1/1] (0.00ns)   --->   "%indvar_flatten1 = alloca i32 1"   --->   Operation 6 'alloca' 'indvar_flatten1' <Predicate = true> <Delay = 0.00>
ST_1 : Operation 7 [1/1] (0.00ns)   --->   "%eta2 = alloca i32 1"   --->   Operation 7 'alloca' 'eta2' <Predicate = true> <Delay = 0.00>
ST_1 : Operation 8 [1/1] (0.00ns)   --->   "%phi3 = alloca i32 1"   --->   Operation 8 'alloca' 'phi3' <Predicate = true> <Delay = 0.00>
ST_1 : Operation 9 [1/1] (0.00ns)   --->   "%conv4_i4_i4 = alloca i32 1"   --->   Operation 9 'alloca' 'conv4_i4_i4' <Predicate = true> <Delay = 0.00>
ST_1 : Operation 10 [1/1] (0.00ns)   --->   "%spectopmodule_ln248 = spectopmodule void @_ssdm_op_SpecTopModule, void @empty_10" [calorimeter.cpp:248]   --->   Operation 10 'spectopmodule' 'spectopmodule_ln248' <Predicate = true> <Delay = 0.00>
ST_1 : Operation 11 [1/1] (0.00ns)   --->   "%specinterface_ln0 = specinterface void @_ssdm_op_SpecInterface, i12 %towers, void @empty_6, i32 0, i32 0, void @empty_5, i32 4294967295, i32 0, void @empty_5, void @empty_5, void @empty_5, i32 0, i32 0, i32 0, i32 0, void @empty_5, void @empty_5, i32 4294967295, i32 0, i32 0"   --->   Operation 11 'specinterface' 'specinterface_ln0' <Predicate = true> <Delay = 0.00>
ST_1 : Operation 12 [1/1] (0.00ns)   --->   "%specbitsmap_ln0 = specbitsmap void @_ssdm_op_SpecBitsMap, i12 %towers"   --->   Operation 12 'specbitsmap' 'specbitsmap_ln0' <Predicate = true> <Delay = 0.00>
ST_1 : Operation 13 [1/1] (0.00ns)   --->   "%specbitsmap_ln0 = specbitsmap void @_ssdm_op_SpecBitsMap, i12 %seed_threshold"   --->   Operation 13 'specbitsmap' 'specbitsmap_ln0' <Predicate = true> <Delay = 0.00>
ST_1 : Operation 14 [1/1] (0.00ns)   --->   "%specinterface_ln0 = specinterface void @_ssdm_op_SpecInterface, i12 %seed_threshold, void @empty_4, i32 4294967295, i32 4294967295, void @empty_12, i32 0, i32 0, void @empty_11, void @empty_9, void @empty_5, i32 0, i32 0, i32 0, i32 0, void @empty_5, void @empty_5, i32 4294967295, i32 0, i32 0"   --->   Operation 14 'specinterface' 'specinterface_ln0' <Predicate = true> <Delay = 0.00>
ST_1 : Operation 15 [1/1] (0.00ns)   --->   "%specinterface_ln0 = specinterface void @_ssdm_op_SpecInterface, i12 %seed_threshold, void @empty_8, i32 4294967295, i32 4294967295, void @empty_5, i32 0, i32 0, void @empty_5, void @empty_5, void @empty_5, i32 0, i32 0, i32 0, i32 0, void @empty_5, void @empty_5, i32 4294967295, i32 0, i32 0"   --->   Operation 15 'specinterface' 'specinterface_ln0' <Predicate = true> <Delay = 0.00>
ST_1 : Operation 16 [1/1] (0.00ns)   --->   "%specbitsmap_ln0 = specbitsmap void @_ssdm_op_SpecBitsMap, i20 %cluster_threshold"   --->   Operation 16 'specbitsmap' 'specbitsmap_ln0' <Predicate = true> <Delay = 0.00>
ST_1 : Operation 17 [1/1] (0.00ns)   --->   "%specinterface_ln0 = specinterface void @_ssdm_op_SpecInterface, i20 %cluster_threshold, void @empty_4, i32 4294967295, i32 4294967295, void @empty_12, i32 0, i32 0, void @empty_11, void @empty, void @empty_5, i32 0, i32 0, i32 0, i32 0, void @empty_5, void @empty_5, i32 4294967295, i32 0, i32 0"   --->   Operation 17 'specinterface' 'specinterface_ln0' <Predicate = true> <Delay = 0.00>
ST_1 : Operation 18 [1/1] (0.00ns)   --->   "%specinterface_ln0 = specinterface void @_ssdm_op_SpecInterface, i20 %cluster_threshold, void @empty_8, i32 4294967295, i32 4294967295, void @empty_5, i32 0, i32 0, void @empty_5, void @empty_5, void @empty_5, i32 0, i32 0, i32 0, i32 0, void @empty_5, void @empty_5, i32 4294967295, i32 0, i32 0"   --->   Operation 18 'specinterface' 'specinterface_ln0' <Predicate = true> <Delay = 0.00>
ST_1 : Operation 19 [1/1] (0.00ns)   --->   "%specbitsmap_ln0 = specbitsmap void @_ssdm_op_SpecBitsMap, i89 %trigger_objects_0"   --->   Operation 19 'specbitsmap' 'specbitsmap_ln0' <Predicate = true> <Delay = 0.00>
ST_1 : Operation 20 [1/1] (0.00ns)   --->   "%specinterface_ln0 = specinterface void @_ssdm_op_SpecInterface, i89 %trigger_objects_0, void @empty_8, i32 0, i32 0, void @empty_5, i32 0, i32 0, void @empty_5, void @empty_5, void @empty_5, i32 0, i32 0, i32 0, i32 0, void @empty_5, void @empty_5, i32 4294967295, i32 0, i32 0"   --->   Operation 20 'specinterface' 'specinterface_ln0' <Predicate = true> <Delay = 0.00>
ST_1 : Operation 21 [1/1] (0.00ns)   --->   "%specbitsmap_ln0 = specbitsmap void @_ssdm_op_SpecBitsMap, i89 %trigger_objects_1"   --->   Operation 21 'specbitsmap' 'specbitsmap_ln0' <Predicate = true> <Delay = 0.00>
ST_1 : Operation 22 [1/1] (0.00ns)   --->   "%specinterface_ln0 = specinterface void @_ssdm_op_SpecInterface, i89 %trigger_objects_1, void @empty_8, i32 0, i32 0, void @empty_5, i32 0, i32 0, void @empty_5, void @empty_5, void @empty_5, i32 0, i32 0, i32 0, i32 0, void @empty_5, void @empty_5, i32 4294967295, i32 0, i32 0"   --->   Operation 22 'specinterface' 'specinterface_ln0' <Predicate = true> <Delay = 0.00>
ST_1 : Operation 23 [1/1] (0.00ns)   --->   "%specbitsmap_ln0 = specbitsmap void @_ssdm_op_SpecBitsMap, i89 %trigger_objects_2"   --->   Operation 23 'specbitsmap' 'specbitsmap_ln0' <Predicate = true> <Delay = 0.00>
ST_1 : Operation 24 [1/1] (0.00ns)   --->   "%specinterface_ln0 = specinterface void @_ssdm_op_SpecInterface, i89 %trigger_objects_2, void @empty_8, i32 0, i32 0, void @empty_5, i32 0, i32 0, void @empty_5, void @empty_5, void @empty_5, i32 0, i32 0, i32 0, i32 0, void @empty_5, void @empty_5, i32 4294967295, i32 0, i32 0"   --->   Operation 24 'specinterface' 'specinterface_ln0' <Predicate = true> <Delay = 0.00>
ST_1 : Operation 25 [1/1] (0.00ns)   --->   "%specbitsmap_ln0 = specbitsmap void @_ssdm_op_SpecBitsMap, i89 %trigger_objects_3"   --->   Operation 25 'specbitsmap' 'specbitsmap_ln0' <Predicate = true> <Delay = 0.00>
ST_1 : Operation 26 [1/1] (0.00ns)   --->   "%specinterface_ln0 = specinterface void @_ssdm_op_SpecInterface, i89 %trigger_objects_3, void @empty_8, i32 0, i32 0, void @empty_5, i32 0, i32 0, void @empty_5, void @empty_5, void @empty_5, i32 0, i32 0, i32 0, i32 0, void @empty_5, void @empty_5, i32 4294967295, i32 0, i32 0"   --->   Operation 26 'specinterface' 'specinterface_ln0' <Predicate = true> <Delay = 0.00>
ST_1 : Operation 27 [1/1] (0.00ns)   --->   "%specbitsmap_ln0 = specbitsmap void @_ssdm_op_SpecBitsMap, i89 %trigger_objects_4"   --->   Operation 27 'specbitsmap' 'specbitsmap_ln0' <Predicate = true> <Delay = 0.00>
ST_1 : Operation 28 [1/1] (0.00ns)   --->   "%specinterface_ln0 = specinterface void @_ssdm_op_SpecInterface, i89 %trigger_objects_4, void @empty_8, i32 0, i32 0, void @empty_5, i32 0, i32 0, void @empty_5, void @empty_5, void @empty_5, i32 0, i32 0, i32 0, i32 0, void @empty_5, void @empty_5, i32 4294967295, i32 0, i32 0"   --->   Operation 28 'specinterface' 'specinterface_ln0' <Predicate = true> <Delay = 0.00>
ST_1 : Operation 29 [1/1] (0.00ns)   --->   "%specbitsmap_ln0 = specbitsmap void @_ssdm_op_SpecBitsMap, i89 %trigger_objects_5"   --->   Operation 29 'specbitsmap' 'specbitsmap_ln0' <Predicate = true> <Delay = 0.00>
ST_1 : Operation 30 [1/1] (0.00ns)   --->   "%specinterface_ln0 = specinterface void @_ssdm_op_SpecInterface, i89 %trigger_objects_5, void @empty_8, i32 0, i32 0, void @empty_5, i32 0, i32 0, void @empty_5, void @empty_5, void @empty_5, i32 0, i32 0, i32 0, i32 0, void @empty_5, void @empty_5, i32 4294967295, i32 0, i32 0"   --->   Operation 30 'specinterface' 'specinterface_ln0' <Predicate = true> <Delay = 0.00>
ST_1 : Operation 31 [1/1] (0.00ns)   --->   "%specbitsmap_ln0 = specbitsmap void @_ssdm_op_SpecBitsMap, i89 %trigger_objects_6"   --->   Operation 31 'specbitsmap' 'specbitsmap_ln0' <Predicate = true> <Delay = 0.00>
ST_1 : Operation 32 [1/1] (0.00ns)   --->   "%specinterface_ln0 = specinterface void @_ssdm_op_SpecInterface, i89 %trigger_objects_6, void @empty_8, i32 0, i32 0, void @empty_5, i32 0, i32 0, void @empty_5, void @empty_5, void @empty_5, i32 0, i32 0, i32 0, i32 0, void @empty_5, void @empty_5, i32 4294967295, i32 0, i32 0"   --->   Operation 32 'specinterface' 'specinterface_ln0' <Predicate = true> <Delay = 0.00>
ST_1 : Operation 33 [1/1] (0.00ns)   --->   "%specbitsmap_ln0 = specbitsmap void @_ssdm_op_SpecBitsMap, i89 %trigger_objects_7"   --->   Operation 33 'specbitsmap' 'specbitsmap_ln0' <Predicate = true> <Delay = 0.00>
ST_1 : Operation 34 [1/1] (0.00ns)   --->   "%specinterface_ln0 = specinterface void @_ssdm_op_SpecInterface, i89 %trigger_objects_7, void @empty_8, i32 0, i32 0, void @empty_5, i32 0, i32 0, void @empty_5, void @empty_5, void @empty_5, i32 0, i32 0, i32 0, i32 0, void @empty_5, void @empty_5, i32 4294967295, i32 0, i32 0"   --->   Operation 34 'specinterface' 'specinterface_ln0' <Predicate = true> <Delay = 0.00>
ST_1 : Operation 35 [1/1] (0.00ns)   --->   "%specbitsmap_ln0 = specbitsmap void @_ssdm_op_SpecBitsMap, i24 %ht"   --->   Operation 35 'specbitsmap' 'specbitsmap_ln0' <Predicate = true> <Delay = 0.00>
ST_1 : Operation 36 [1/1] (0.00ns)   --->   "%specinterface_ln0 = specinterface void @_ssdm_op_SpecInterface, i24 %ht, void @empty_4, i32 4294967295, i32 4294967295, void @empty_12, i32 0, i32 0, void @empty_11, void @empty_7, void @empty_5, i32 0, i32 0, i32 0, i32 0, void @empty_5, void @empty_5, i32 4294967295, i32 0, i32 0"   --->   Operation 36 'specinterface' 'specinterface_ln0' <Predicate = true> <Delay = 0.00>
ST_1 : Operation 37 [1/1] (0.00ns)   --->   "%specinterface_ln0 = specinterface void @_ssdm_op_SpecInterface, i24 %ht, void @empty_8, i32 4294967295, i32 4294967295, void @empty_5, i32 0, i32 0, void @empty_5, void @empty_5, void @empty_5, i32 0, i32 0, i32 0, i32 0, void @empty_5, void @empty_5, i32 4294967295, i32 0, i32 0"   --->   Operation 37 'specinterface' 'specinterface_ln0' <Predicate = true> <Delay = 0.00>
ST_1 : Operation 38 [1/1] (0.00ns)   --->   "%specbitsmap_ln0 = specbitsmap void @_ssdm_op_SpecBitsMap, i32 %num_clusters"   --->   Operation 38 'specbitsmap' 'specbitsmap_ln0' <Predicate = true> <Delay = 0.00>
ST_1 : Operation 39 [1/1] (0.00ns)   --->   "%specinterface_ln0 = specinterface void @_ssdm_op_SpecInterface, i32 %num_clusters, void @empty_4, i32 4294967295, i32 4294967295, void @empty_12, i32 0, i32 0, void @empty_11, void @empty_3, void @empty_5, i32 0, i32 0, i32 0, i32 0, void @empty_5, void @empty_5, i32 4294967295, i32 0, i32 0"   --->   Operation 39 'specinterface' 'specinterface_ln0' <Predicate = true> <Delay = 0.00>
ST_1 : Operation 40 [1/1] (0.00ns)   --->   "%specinterface_ln0 = specinterface void @_ssdm_op_SpecInterface, i32 %num_clusters, void @empty_8, i32 4294967295, i32 4294967295, void @empty_5, i32 0, i32 0, void @empty_5, void @empty_5, void @empty_5, i32 0, i32 0, i32 0, i32 0, void @empty_5, void @empty_5, i32 4294967295, i32 0, i32 0"   --->   Operation 40 'specinterface' 'specinterface_ln0' <Predicate = true> <Delay = 0.00>
ST_1 : Operation 41 [1/1] (0.00ns)   --->   "%specinterface_ln0 = specinterface void @_ssdm_op_SpecInterface, i32 0, void @empty_4, i32 0, i32 0, void @empty_5, i32 0, i32 0, void @empty_11, void @empty_5, void @empty_5, i32 0, i32 0, i32 0, i32 0, void @empty_5, void @empty_5, i32 4294967295, i32 0, i32 0"   --->   Operation 41 'specinterface' 'specinterface_ln0' <Predicate = true> <Delay = 0.00>
ST_1 : Operation 42 [1/1] (1.00ns)   --->   "%cluster_threshold_read = read i20 @_ssdm_op_Read.s_axilite.i20, i20 %cluster_threshold" [calorimeter.cpp:249]   --->   Operation 42 'read' 'cluster_threshold_read' <Predicate = true> <Delay = 1.00> <CoreInst = "s_axilite">   --->   Core 120 's_axilite' <Latency = 0> <II = 1> <Delay = 1.00> <Adapter> <Opcode : 'read' 'write'>
ST_1 : Operation 43 [1/1] (1.00ns)   --->   "%seed_threshold_read = read i12 @_ssdm_op_Read.s_axilite.i12, i12 %seed_threshold" [calorimeter.cpp:249]   --->   Operation 43 'read' 'seed_threshold_read' <Predicate = true> <Delay = 1.00> <CoreInst = "s_axilite">   --->   Core 120 's_axilite' <Latency = 0> <II = 1> <Delay = 1.00> <Adapter> <Opcode : 'read' 'write'>
ST_1 : Operation 44 [1/1] (0.38ns)   --->   "%store_ln0 = store i23 0, i23 %conv4_i4_i4"   --->   Operation 44 'store' 'store_ln0' <Predicate = true> <Delay = 0.38>
ST_1 : Operation 45 [1/1] (0.38ns)   --->   "%store_ln0 = store i6 0, i6 %phi3"   --->   Operation 45 'store' 'store_ln0' <Predicate = true> <Delay = 0.38>
ST_1 : Operation 46 [1/1] (0.38ns)   --->   "%store_ln0 = store i5 0, i5 %eta2"   --->   Operation 46 'store' 'store_ln0' <Predicate = true> <Delay = 0.38>
ST_1 : Operation 47 [1/1] (0.38ns)   --->   "%store_ln0 = store i11 0, i11 %indvar_flatten1"   --->   Operation 47 'store' 'store_ln0' <Predicate = true> <Delay = 0.38>
ST_1 : Operation 48 [1/1] (0.38ns)   --->   "%br_ln0 = br void %for.inc7.i"   --->   Operation 48 'br' 'br_ln0' <Predicate = true> <Delay = 0.38>

State 2 <SV = 1> <Delay = 2.96>
ST_2 : Operation 49 [1/1] (0.00ns)   --->   "%icmp_ln1616 = phi i1 0, void %entry, i1 %icmp_ln161, void %for.inc7.i" [calorimeter.cpp:161->calorimeter.cpp:264]   --->   Operation 49 'phi' 'icmp_ln1616' <Predicate = true> <Delay = 0.00>
ST_2 : Operation 50 [1/1] (0.00ns)   --->   "%indvar_flatten1_load = load i11 %indvar_flatten1" [calorimeter.cpp:160->calorimeter.cpp:264]   --->   Operation 50 'load' 'indvar_flatten1_load' <Predicate = true> <Delay = 0.00>
ST_2 : Operation 51 [1/1] (0.00ns)   --->   "%eta2_load = load i5 %eta2" [calorimeter.cpp:160->calorimeter.cpp:264]   --->   Operation 51 'load' 'eta2_load' <Predicate = true> <Delay = 0.00>
ST_2 : Operation 52 [1/1] (0.00ns)   --->   "%phi3_load = load i6 %phi3" [calorimeter.cpp:160->calorimeter.cpp:264]   --->   Operation 52 'load' 'phi3_load' <Predicate = true> <Delay = 0.00>
ST_2 : Operation 53 [1/1] (0.70ns)   --->   "%add_ln160 = add i5 %eta2_load, i5 1" [calorimeter.cpp:160->calorimeter.cpp:264]   --->   Operation 53 'add' 'add_ln160' <Predicate = true> <Delay = 0.70> <CoreInst = "Adder">   --->   Core 1 'Adder' <Latency = 0> <II = 1> <Delay = 0.70> <FuncUnit> <Opcode : 'add' 'sub'> <InPorts = 2> <OutPorts = 1>
ST_2 : Operation 54 [1/1] (0.29ns)   --->   "%select_ln160 = select i1 %icmp_ln1616, i6 0, i6 %phi3_load" [calorimeter.cpp:160->calorimeter.cpp:264]   --->   Operation 54 'select' 'select_ln160' <Predicate = true> <Delay = 0.29> <CoreInst = "Sel">   --->   Core 73 'Sel' <Latency = 0> <II = 1> <Delay = 0.29> <FuncUnit> <Opcode : 'select'> <InPorts = 3> <OutPorts = 1>
ST_2 : Operation 55 [1/1] (0.27ns)   --->   "%eta = select i1 %icmp_ln1616, i5 %add_ln160, i5 %eta2_load" [calorimeter.cpp:160->calorimeter.cpp:264]   --->   Operation 55 'select' 'eta' <Predicate = true> <Delay = 0.27> <CoreInst = "Sel">   --->   Core 73 'Sel' <Latency = 0> <II = 1> <Delay = 0.27> <FuncUnit> <Opcode : 'select'> <InPorts = 3> <OutPorts = 1>
ST_2 : Operation 56 [1/1] (0.00ns)   --->   "%p_shl = bitconcatenate i11 @_ssdm_op_BitConcatenate.i11.i5.i6, i5 %eta, i6 0" [calorimeter.cpp:163->calorimeter.cpp:264]   --->   Operation 56 'bitconcatenate' 'p_shl' <Predicate = true> <Delay = 0.00>
ST_2 : Operation 57 [1/1] (0.00ns)   --->   "%tmp = bitconcatenate i7 @_ssdm_op_BitConcatenate.i7.i5.i2, i5 %eta, i2 0" [calorimeter.cpp:163->calorimeter.cpp:264]   --->   Operation 57 'bitconcatenate' 'tmp' <Predicate = true> <Delay = 0.00>
ST_2 : Operation 58 [1/1] (0.00ns)   --->   "%zext_ln163 = zext i7 %tmp" [calorimeter.cpp:163->calorimeter.cpp:264]   --->   Operation 58 'zext' 'zext_ln163' <Predicate = true> <Delay = 0.00>
ST_2 : Operation 59 [1/1] (0.00ns) (grouped into TernaryAdder)   --->   "%sub_ln163 = sub i11 %p_shl, i11 %zext_ln163" [calorimeter.cpp:163->calorimeter.cpp:264]   --->   Operation 59 'sub' 'sub_ln163' <Predicate = true> <Delay = 0.00> <CoreInst = "TAddSub">   --->   Core 10 'TAddSub' <Latency = 0> <II = 1> <Delay = 0.38> <IPBlock> <Opcode : '' 'add' 'sub'> <InPorts = 3> <OutPorts = 1> <Sync> <CReg>
ST_2 : Operation 60 [1/1] (0.00ns)   --->   "%zext_ln163_2 = zext i6 %select_ln160" [calorimeter.cpp:163->calorimeter.cpp:264]   --->   Operation 60 'zext' 'zext_ln163_2' <Predicate = true> <Delay = 0.00>
ST_2 : Operation 61 [1/1] (0.77ns) (root node of TernaryAdder)   --->   "%add_ln163_1 = add i11 %sub_ln163, i11 %zext_ln163_2" [calorimeter.cpp:163->calorimeter.cpp:264]   --->   Operation 61 'add' 'add_ln163_1' <Predicate = true> <Delay = 0.77> <CoreInst = "TAddSub">   --->   Core 10 'TAddSub' <Latency = 0> <II = 1> <Delay = 0.38> <IPBlock> <Opcode : '' 'add' 'sub'> <InPorts = 3> <OutPorts = 1> <Sync> <CReg>
ST_2 : Operation 62 [1/1] (0.00ns)   --->   "%zext_ln163_3 = zext i11 %add_ln163_1" [calorimeter.cpp:163->calorimeter.cpp:264]   --->   Operation 62 'zext' 'zext_ln163_3' <Predicate = true> <Delay = 0.00>
ST_2 : Operation 63 [1/1] (0.00ns)   --->   "%towers_addr = getelementptr i12 %towers, i64 0, i64 %zext_ln163_3" [calorimeter.cpp:163->calorimeter.cpp:264]   --->   Operation 63 'getelementptr' 'towers_addr' <Predicate = true> <Delay = 0.00>
ST_2 : Operation 64 [2/2] (1.20ns)   --->   "%towers_load = load i11 %towers_addr" [calorimeter.cpp:163->calorimeter.cpp:264]   --->   Operation 64 'load' 'towers_load' <Predicate = true> <Delay = 1.20> <CoreInst = "RAM">   --->   Core 82 'RAM' <Latency = 1> <II = 1> <Delay = 1.20> <Storage> <Opcode : 'load' 'store'> <Ports = 2> <Width = 12> <Depth = 1800> <RAM>
ST_2 : Operation 65 [1/1] (0.70ns)   --->   "%phi = add i6 %select_ln160, i6 1" [calorimeter.cpp:161->calorimeter.cpp:264]   --->   Operation 65 'add' 'phi' <Predicate = true> <Delay = 0.70> <CoreInst = "Adder">   --->   Core 1 'Adder' <Latency = 0> <II = 1> <Delay = 0.70> <FuncUnit> <Opcode : 'add' 'sub'> <InPorts = 2> <OutPorts = 1>
ST_2 : Operation 66 [1/1] (0.73ns)   --->   "%add_ln160_1 = add i11 %indvar_flatten1_load, i11 1" [calorimeter.cpp:160->calorimeter.cpp:264]   --->   Operation 66 'add' 'add_ln160_1' <Predicate = true> <Delay = 0.73> <CoreInst = "Adder">   --->   Core 1 'Adder' <Latency = 0> <II = 1> <Delay = 0.73> <FuncUnit> <Opcode : 'add' 'sub'> <InPorts = 2> <OutPorts = 1>
ST_2 : Operation 67 [1/1] (0.70ns)   --->   "%icmp_ln161 = icmp_eq  i6 %phi, i6 60" [calorimeter.cpp:161->calorimeter.cpp:264]   --->   Operation 67 'icmp' 'icmp_ln161' <Predicate = true> <Delay = 0.70> <CoreInst = "Cmp">   --->   Core 9 'Cmp' <Latency = 0> <II = 1> <Delay = 0.70> <FuncUnit> <Opcode : 'seteq' 'setne' 'setle' 'setge' 'setlt' 'setgt'> <InPorts = 2> <OutPorts = 1>
ST_2 : Operation 68 [1/1] (0.73ns)   --->   "%icmp_ln160 = icmp_eq  i11 %indvar_flatten1_load, i11 1799" [calorimeter.cpp:160->calorimeter.cpp:264]   --->   Operation 68 'icmp' 'icmp_ln160' <Predicate = true> <Delay = 0.73> <CoreInst = "Cmp">   --->   Core 9 'Cmp' <Latency = 0> <II = 1> <Delay = 0.73> <FuncUnit> <Opcode : 'seteq' 'setne' 'setle' 'setge' 'setlt' 'setgt'> <InPorts = 2> <OutPorts = 1>
ST_2 : Operation 69 [1/1] (0.38ns)   --->   "%store_ln161 = store i6 %phi, i6 %phi3" [calorimeter.cpp:161->calorimeter.cpp:264]   --->   Operation 69 'store' 'store_ln161' <Predicate = true> <Delay = 0.38>
ST_2 : Operation 70 [1/1] (0.38ns)   --->   "%store_ln160 = store i5 %eta, i5 %eta2" [calorimeter.cpp:160->calorimeter.cpp:264]   --->   Operation 70 'store' 'store_ln160' <Predicate = true> <Delay = 0.38>
ST_2 : Operation 71 [1/1] (0.38ns)   --->   "%store_ln160 = store i11 %add_ln160_1, i11 %indvar_flatten1" [calorimeter.cpp:160->calorimeter.cpp:264]   --->   Operation 71 'store' 'store_ln160' <Predicate = true> <Delay = 0.38>
ST_2 : Operation 72 [1/1] (0.00ns)   --->   "%br_ln160 = br i1 %icmp_ln160, void %for.inc7.i, void %_Z10compute_htPA60_K7ap_uintILi12EE.exit" [calorimeter.cpp:160->calorimeter.cpp:264]   --->   Operation 72 'br' 'br_ln160' <Predicate = true> <Delay = 0.00>

State 3 <SV = 2> <Delay = 2.41>
ST_3 : Operation 73 [1/1] (0.00ns)   --->   "%conv4_i4_i4_load = load i23 %conv4_i4_i4" [calorimeter.cpp:163->calorimeter.cpp:264]   --->   Operation 73 'load' 'conv4_i4_i4_load' <Predicate = true> <Delay = 0.00>
ST_3 : Operation 74 [1/1] (0.00ns)   --->   "%specloopname_ln0 = specloopname void @_ssdm_op_SpecLoopName, void @HT_ETA_HT_PHI_str"   --->   Operation 74 'specloopname' 'specloopname_ln0' <Predicate = true> <Delay = 0.00>
ST_3 : Operation 75 [1/1] (0.00ns)   --->   "%speclooptripcount_ln0 = speclooptripcount void @_ssdm_op_SpecLoopTripCount, i64 1800, i64 1800, i64 1800"   --->   Operation 75 'speclooptripcount' 'speclooptripcount_ln0' <Predicate = true> <Delay = 0.00>
ST_3 : Operation 76 [1/1] (0.00ns)   --->   "%specpipeline_ln162 = specpipeline void @_ssdm_op_SpecPipeline, i32 1, i32 0, i32 0, i32 0, void @empty_5" [calorimeter.cpp:162->calorimeter.cpp:264]   --->   Operation 76 'specpipeline' 'specpipeline_ln162' <Predicate = true> <Delay = 0.00>
ST_3 : Operation 77 [1/2] (1.20ns)   --->   "%towers_load = load i11 %towers_addr" [calorimeter.cpp:163->calorimeter.cpp:264]   --->   Operation 77 'load' 'towers_load' <Predicate = true> <Delay = 1.20> <CoreInst = "RAM">   --->   Core 82 'RAM' <Latency = 1> <II = 1> <Delay = 1.20> <Storage> <Opcode : 'load' 'store'> <Ports = 2> <Width = 12> <Depth = 1800> <RAM>
ST_3 : Operation 78 [1/1] (0.00ns)   --->   "%zext_ln163_4 = zext i12 %towers_load" [calorimeter.cpp:163->calorimeter.cpp:264]   --->   Operation 78 'zext' 'zext_ln163_4' <Predicate = true> <Delay = 0.00>
ST_3 : Operation 79 [1/1] (0.82ns)   --->   "%ht_2 = add i23 %conv4_i4_i4_load, i23 %zext_ln163_4" [calorimeter.cpp:163->calorimeter.cpp:264]   --->   Operation 79 'add' 'ht_2' <Predicate = true> <Delay = 0.82> <CoreInst = "Adder">   --->   Core 1 'Adder' <Latency = 0> <II = 1> <Delay = 0.82> <FuncUnit> <Opcode : 'add' 'sub'> <InPorts = 2> <OutPorts = 1>
ST_3 : Operation 80 [1/1] (0.00ns)   --->   "%zext_ln161 = zext i23 %ht_2" [calorimeter.cpp:161->calorimeter.cpp:264]   --->   Operation 80 'zext' 'zext_ln161' <Predicate = true> <Delay = 0.00>
ST_3 : Operation 81 [1/1] (0.38ns)   --->   "%store_ln163 = store i23 %ht_2, i23 %conv4_i4_i4" [calorimeter.cpp:163->calorimeter.cpp:264]   --->   Operation 81 'store' 'store_ln163' <Predicate = true> <Delay = 0.38>

State 4 <SV = 3> <Delay = 1.00>
ST_4 : Operation 82 [2/2] (0.00ns)   --->   "%call_ln266 = call void @cluster_sort_build_stream, i12 %towers, i12 %seed_threshold_read, i20 %cluster_threshold_read, i89 %trigger_objects_0, i89 %trigger_objects_1, i89 %trigger_objects_2, i89 %trigger_objects_3, i89 %trigger_objects_4, i89 %trigger_objects_5, i89 %trigger_objects_6, i89 %trigger_objects_7, i32 %num_clusters" [calorimeter.cpp:266]   --->   Operation 82 'call' 'call_ln266' <Predicate = true> <Delay = 0.00> <CoreType = "Generic">   --->   Core 0 '' <Latency = 0> <II = 1> <Delay = 1.00> <Generic> <Opcode : >
ST_4 : Operation 83 [1/1] (1.00ns)   --->   "%write_ln268 = write void @_ssdm_op_Write.s_axilite.i24P0A, i24 %ht, i24 %zext_ln161" [calorimeter.cpp:268]   --->   Operation 83 'write' 'write_ln268' <Predicate = true> <Delay = 1.00> <CoreInst = "s_axilite">   --->   Core 120 's_axilite' <Latency = 0> <II = 1> <Delay = 1.00> <Adapter> <Opcode : 'read' 'write'>

State 5 <SV = 4> <Delay = 0.38>
ST_5 : Operation 84 [1/2] (0.00ns)   --->   "%call_ln266 = call void @cluster_sort_build_stream, i12 %towers, i12 %seed_threshold_read, i20 %cluster_threshold_read, i89 %trigger_objects_0, i89 %trigger_objects_1, i89 %trigger_objects_2, i89 %trigger_objects_3, i89 %trigger_objects_4, i89 %trigger_objects_5, i89 %trigger_objects_6, i89 %trigger_objects_7, i32 %num_clusters" [calorimeter.cpp:266]   --->   Operation 84 'call' 'call_ln266' <Predicate = true> <Delay = 0.00> <CoreType = "Generic">   --->   Core 0 '' <Latency = 0> <II = 1> <Delay = 1.00> <Generic> <Opcode : >
ST_5 : Operation 85 [1/1] (0.38ns)   --->   "%ret_ln270 = ret" [calorimeter.cpp:270]   --->   Operation 85 'ret' 'ret_ln270' <Predicate = true> <Delay = 0.38>


============================================================
+ Verbose Summary: Binding
============================================================
STG Binding: 
---------------- STG Properties BEGIN ----------------
- Is combinational: 0
- Is one-state seq: 0
- Is datapath-only: 0
- Is pipelined: 0
- Is top level: 1
Port [ Return ] is wired: 1; IO mode=ap_ctrl_hs:ce=0
Port [ towers]:  wired=1; compound=1; hidden=0; nouse=0; global=0; static=0; extern=0; dir=0; type=1; pingpong=0; private_global=0; MemPort=[11]; IO mode=bram:ce=0
Port [ seed_threshold]:  wired=1; compound=0; hidden=0; nouse=0; global=0; static=0; extern=0; dir=0; type=0; pingpong=0; private_global=0; IO mode=ap_none:ce=0
Port [ cluster_threshold]:  wired=1; compound=0; hidden=0; nouse=0; global=0; static=0; extern=0; dir=0; type=0; pingpong=0; private_global=0; IO mode=ap_none:ce=0
Port [ trigger_objects_0]:  wired=1; compound=0; hidden=0; nouse=0; global=0; static=0; extern=0; dir=1; type=0; pingpong=0; private_global=0; IO mode=ap_vld:ce=0
Port [ trigger_objects_1]:  wired=1; compound=0; hidden=0; nouse=0; global=0; static=0; extern=0; dir=1; type=0; pingpong=0; private_global=0; IO mode=ap_vld:ce=0
Port [ trigger_objects_2]:  wired=1; compound=0; hidden=0; nouse=0; global=0; static=0; extern=0; dir=1; type=0; pingpong=0; private_global=0; IO mode=ap_vld:ce=0
Port [ trigger_objects_3]:  wired=1; compound=0; hidden=0; nouse=0; global=0; static=0; extern=0; dir=1; type=0; pingpong=0; private_global=0; IO mode=ap_vld:ce=0
Port [ trigger_objects_4]:  wired=1; compound=0; hidden=0; nouse=0; global=0; static=0; extern=0; dir=1; type=0; pingpong=0; private_global=0; IO mode=ap_vld:ce=0
Port [ trigger_objects_5]:  wired=1; compound=0; hidden=0; nouse=0; global=0; static=0; extern=0; dir=1; type=0; pingpong=0; private_global=0; IO mode=ap_vld:ce=0
Port [ trigger_objects_6]:  wired=1; compound=0; hidden=0; nouse=0; global=0; static=0; extern=0; dir=1; type=0; pingpong=0; private_global=0; IO mode=ap_vld:ce=0
Port [ trigger_objects_7]:  wired=1; compound=0; hidden=0; nouse=0; global=0; static=0; extern=0; dir=1; type=0; pingpong=0; private_global=0; IO mode=ap_vld:ce=0
Port [ ht]:  wired=1; compound=0; hidden=0; nouse=0; global=0; static=0; extern=0; dir=1; type=0; pingpong=0; private_global=0; IO mode=ap_vld:ce=0
Port [ num_clusters]:  wired=1; compound=0; hidden=0; nouse=0; global=0; static=0; extern=0; dir=1; type=0; pingpong=0; private_global=0; IO mode=ap_vld:ce=0
---------------- STG Properties END ------------------

---------------- Datapath Model BEGIN ----------------

<LifeTime>
<method=bitvector/>
indvar_flatten1        (alloca           ) [ 011100]
eta2                   (alloca           ) [ 011100]
phi3                   (alloca           ) [ 011100]
conv4_i4_i4            (alloca           ) [ 011100]
spectopmodule_ln248    (spectopmodule    ) [ 000000]
specinterface_ln0      (specinterface    ) [ 000000]
specbitsmap_ln0        (specbitsmap      ) [ 000000]
specbitsmap_ln0        (specbitsmap      ) [ 000000]
specinterface_ln0      (specinterface    ) [ 000000]
specinterface_ln0      (specinterface    ) [ 000000]
specbitsmap_ln0        (specbitsmap      ) [ 000000]
specinterface_ln0      (specinterface    ) [ 000000]
specinterface_ln0      (specinterface    ) [ 000000]
specbitsmap_ln0        (specbitsmap      ) [ 000000]
specinterface_ln0      (specinterface    ) [ 000000]
specbitsmap_ln0        (specbitsmap      ) [ 000000]
specinterface_ln0      (specinterface    ) [ 000000]
specbitsmap_ln0        (specbitsmap      ) [ 000000]
specinterface_ln0      (specinterface    ) [ 000000]
specbitsmap_ln0        (specbitsmap      ) [ 000000]
specinterface_ln0      (specinterface    ) [ 000000]
specbitsmap_ln0        (specbitsmap      ) [ 000000]
specinterface_ln0      (specinterface    ) [ 000000]
specbitsmap_ln0        (specbitsmap      ) [ 000000]
specinterface_ln0      (specinterface    ) [ 000000]
specbitsmap_ln0        (specbitsmap      ) [ 000000]
specinterface_ln0      (specinterface    ) [ 000000]
specbitsmap_ln0        (specbitsmap      ) [ 000000]
specinterface_ln0      (specinterface    ) [ 000000]
specbitsmap_ln0        (specbitsmap      ) [ 000000]
specinterface_ln0      (specinterface    ) [ 000000]
specinterface_ln0      (specinterface    ) [ 000000]
specbitsmap_ln0        (specbitsmap      ) [ 000000]
specinterface_ln0      (specinterface    ) [ 000000]
specinterface_ln0      (specinterface    ) [ 000000]
specinterface_ln0      (specinterface    ) [ 000000]
cluster_threshold_read (read             ) [ 001111]
seed_threshold_read    (read             ) [ 001111]
store_ln0              (store            ) [ 000000]
store_ln0              (store            ) [ 000000]
store_ln0              (store            ) [ 000000]
store_ln0              (store            ) [ 000000]
br_ln0                 (br               ) [ 011100]
icmp_ln1616            (phi              ) [ 001100]
indvar_flatten1_load   (load             ) [ 000000]
eta2_load              (load             ) [ 000000]
phi3_load              (load             ) [ 000000]
add_ln160              (add              ) [ 000000]
select_ln160           (select           ) [ 000000]
eta                    (select           ) [ 000000]
p_shl                  (bitconcatenate   ) [ 000000]
tmp                    (bitconcatenate   ) [ 000000]
zext_ln163             (zext             ) [ 000000]
sub_ln163              (sub              ) [ 000000]
zext_ln163_2           (zext             ) [ 000000]
add_ln163_1            (add              ) [ 000000]
zext_ln163_3           (zext             ) [ 000000]
towers_addr            (getelementptr    ) [ 001100]
phi                    (add              ) [ 000000]
add_ln160_1            (add              ) [ 000000]
icmp_ln161             (icmp             ) [ 011100]
icmp_ln160             (icmp             ) [ 001100]
store_ln161            (store            ) [ 000000]
store_ln160            (store            ) [ 000000]
store_ln160            (store            ) [ 000000]
br_ln160               (br               ) [ 011100]
conv4_i4_i4_load       (load             ) [ 000000]
specloopname_ln0       (specloopname     ) [ 000000]
speclooptripcount_ln0  (speclooptripcount) [ 000000]
specpipeline_ln162     (specpipeline     ) [ 000000]
towers_load            (load             ) [ 000000]
zext_ln163_4           (zext             ) [ 000000]
ht_2                   (add              ) [ 000000]
zext_ln161             (zext             ) [ 000010]
store_ln163            (store            ) [ 000000]
write_ln268            (write            ) [ 000000]
call_ln266             (call             ) [ 000000]
ret_ln270              (ret              ) [ 000000]
</LifeTime>

<model>

<comp_list>
<comp id="0" class="1000" name="towers">
<pin_list>
<pin id="1" dir="1" index="0" bw="1" slack="0"/>
</pin_list>
<bind>
<StgValue><ssdm name="towers"/><MemPortTyVec>1 1 </MemPortTyVec>
</StgValue>
</bind>
</comp>

<comp id="2" class="1000" name="seed_threshold">
<pin_list>
<pin id="3" dir="1" index="0" bw="1" slack="0"/>
</pin_list>
<bind>
<StgValue><ssdm name="seed_threshold"/></StgValue>
</bind>
</comp>

<comp id="4" class="1000" name="cluster_threshold">
<pin_list>
<pin id="5" dir="1" index="0" bw="1" slack="0"/>
</pin_list>
<bind>
<StgValue><ssdm name="cluster_threshold"/></StgValue>
</bind>
</comp>

<comp id="6" class="1000" name="trigger_objects_0">
<pin_list>
<pin id="7" dir="1" index="0" bw="1" slack="0"/>
</pin_list>
<bind>
<StgValue><ssdm name="trigger_objects_0"/></StgValue>
</bind>
</comp>

<comp id="8" class="1000" name="trigger_objects_1">
<pin_list>
<pin id="9" dir="1" index="0" bw="1" slack="0"/>
</pin_list>
<bind>
<StgValue><ssdm name="trigger_objects_1"/></StgValue>
</bind>
</comp>

<comp id="10" class="1000" name="trigger_objects_2">
<pin_list>
<pin id="11" dir="1" index="0" bw="1" slack="0"/>
</pin_list>
<bind>
<StgValue><ssdm name="trigger_objects_2"/></StgValue>
</bind>
</comp>

<comp id="12" class="1000" name="trigger_objects_3">
<pin_list>
<pin id="13" dir="1" index="0" bw="1" slack="0"/>
</pin_list>
<bind>
<StgValue><ssdm name="trigger_objects_3"/></StgValue>
</bind>
</comp>

<comp id="14" class="1000" name="trigger_objects_4">
<pin_list>
<pin id="15" dir="1" index="0" bw="1" slack="0"/>
</pin_list>
<bind>
<StgValue><ssdm name="trigger_objects_4"/></StgValue>
</bind>
</comp>

<comp id="16" class="1000" name="trigger_objects_5">
<pin_list>
<pin id="17" dir="1" index="0" bw="1" slack="0"/>
</pin_list>
<bind>
<StgValue><ssdm name="trigger_objects_5"/></StgValue>
</bind>
</comp>

<comp id="18" class="1000" name="trigger_objects_6">
<pin_list>
<pin id="19" dir="1" index="0" bw="1" slack="0"/>
</pin_list>
<bind>
<StgValue><ssdm name="trigger_objects_6"/></StgValue>
</bind>
</comp>

<comp id="20" class="1000" name="trigger_objects_7">
<pin_list>
<pin id="21" dir="1" index="0" bw="1" slack="0"/>
</pin_list>
<bind>
<StgValue><ssdm name="trigger_objects_7"/></StgValue>
</bind>
</comp>

<comp id="22" class="1000" name="ht">
<pin_list>
<pin id="23" dir="1" index="0" bw="1" slack="0"/>
</pin_list>
<bind>
<StgValue><ssdm name="ht"/></StgValue>
</bind>
</comp>

<comp id="24" class="1000" name="num_clusters">
<pin_list>
<pin id="25" dir="1" index="0" bw="1" slack="0"/>
</pin_list>
<bind>
<StgValue><ssdm name="num_clusters"/></StgValue>
</bind>
</comp>

<comp id="26" class="1001" name="const_26">
<pin_list>
<pin id="27" dir="1" index="0" bw="1" slack="0"/>
</pin_list>
<bind>
<StgValue><ssdm name=""/></StgValue>
</bind>
</comp>

<comp id="28" class="1001" name="const_28">
<pin_list>
<pin id="29" dir="1" index="0" bw="1" slack="2147483647"/>
</pin_list>
<bind>
<StgValue><ssdm name="_ssdm_op_SpecTopModule"/></StgValue>
</bind>
</comp>

<comp id="30" class="1001" name="const_30">
<pin_list>
<pin id="31" dir="1" index="0" bw="1" slack="2147483647"/>
</pin_list>
<bind>
<StgValue><ssdm name="empty_10"/></StgValue>
</bind>
</comp>

<comp id="32" class="1001" name="const_32">
<pin_list>
<pin id="33" dir="1" index="0" bw="1" slack="2147483647"/>
</pin_list>
<bind>
<StgValue><ssdm name="_ssdm_op_SpecInterface"/></StgValue>
</bind>
</comp>

<comp id="34" class="1001" name="const_34">
<pin_list>
<pin id="35" dir="1" index="0" bw="1" slack="2147483647"/>
</pin_list>
<bind>
<StgValue><ssdm name="empty_6"/></StgValue>
</bind>
</comp>

<comp id="36" class="1001" name="const_36">
<pin_list>
<pin id="37" dir="1" index="0" bw="1" slack="2147483647"/>
</pin_list>
<bind>
<StgValue><ssdm name=""/></StgValue>
</bind>
</comp>

<comp id="38" class="1001" name="const_38">
<pin_list>
<pin id="39" dir="1" index="0" bw="1" slack="2147483647"/>
</pin_list>
<bind>
<StgValue><ssdm name="empty_5"/></StgValue>
</bind>
</comp>

<comp id="40" class="1001" name="const_40">
<pin_list>
<pin id="41" dir="1" index="0" bw="1" slack="2147483647"/>
</pin_list>
<bind>
<StgValue><ssdm name=""/></StgValue>
</bind>
</comp>

<comp id="42" class="1001" name="const_42">
<pin_list>
<pin id="43" dir="1" index="0" bw="1" slack="2147483647"/>
</pin_list>
<bind>
<StgValue><ssdm name="_ssdm_op_SpecBitsMap"/></StgValue>
</bind>
</comp>

<comp id="44" class="1001" name="const_44">
<pin_list>
<pin id="45" dir="1" index="0" bw="1" slack="2147483647"/>
</pin_list>
<bind>
<StgValue><ssdm name="empty_4"/></StgValue>
</bind>
</comp>

<comp id="46" class="1001" name="const_46">
<pin_list>
<pin id="47" dir="1" index="0" bw="1" slack="2147483647"/>
</pin_list>
<bind>
<StgValue><ssdm name="empty_12"/></StgValue>
</bind>
</comp>

<comp id="48" class="1001" name="const_48">
<pin_list>
<pin id="49" dir="1" index="0" bw="1" slack="2147483647"/>
</pin_list>
<bind>
<StgValue><ssdm name="empty_11"/></StgValue>
</bind>
</comp>

<comp id="50" class="1001" name="const_50">
<pin_list>
<pin id="51" dir="1" index="0" bw="1" slack="2147483647"/>
</pin_list>
<bind>
<StgValue><ssdm name="empty_9"/></StgValue>
</bind>
</comp>

<comp id="52" class="1001" name="const_52">
<pin_list>
<pin id="53" dir="1" index="0" bw="1" slack="2147483647"/>
</pin_list>
<bind>
<StgValue><ssdm name="empty_8"/></StgValue>
</bind>
</comp>

<comp id="54" class="1001" name="const_54">
<pin_list>
<pin id="55" dir="1" index="0" bw="1" slack="2147483647"/>
</pin_list>
<bind>
<StgValue><ssdm name="empty"/></StgValue>
</bind>
</comp>

<comp id="56" class="1001" name="const_56">
<pin_list>
<pin id="57" dir="1" index="0" bw="1" slack="2147483647"/>
</pin_list>
<bind>
<StgValue><ssdm name="empty_7"/></StgValue>
</bind>
</comp>

<comp id="58" class="1001" name="const_58">
<pin_list>
<pin id="59" dir="1" index="0" bw="1" slack="2147483647"/>
</pin_list>
<bind>
<StgValue><ssdm name="empty_3"/></StgValue>
</bind>
</comp>

<comp id="60" class="1001" name="const_60">
<pin_list>
<pin id="61" dir="1" index="0" bw="1" slack="0"/>
</pin_list>
<bind>
<StgValue><ssdm name="_ssdm_op_Read.s_axilite.i20"/></StgValue>
</bind>
</comp>

<comp id="62" class="1001" name="const_62">
<pin_list>
<pin id="63" dir="1" index="0" bw="1" slack="0"/>
</pin_list>
<bind>
<StgValue><ssdm name="_ssdm_op_Read.s_axilite.i12"/></StgValue>
</bind>
</comp>

<comp id="64" class="1001" name="const_64">
<pin_list>
<pin id="65" dir="1" index="0" bw="1" slack="0"/>
</pin_list>
<bind>
<StgValue><ssdm name=""/></StgValue>
</bind>
</comp>

<comp id="66" class="1001" name="const_66">
<pin_list>
<pin id="67" dir="1" index="0" bw="1" slack="0"/>
</pin_list>
<bind>
<StgValue><ssdm name=""/></StgValue>
</bind>
</comp>

<comp id="68" class="1001" name="const_68">
<pin_list>
<pin id="69" dir="1" index="0" bw="1" slack="0"/>
</pin_list>
<bind>
<StgValue><ssdm name=""/></StgValue>
</bind>
</comp>

<comp id="70" class="1001" name="const_70">
<pin_list>
<pin id="71" dir="1" index="0" bw="1" slack="0"/>
</pin_list>
<bind>
<StgValue><ssdm name=""/></StgValue>
</bind>
</comp>

<comp id="72" class="1001" name="const_72">
<pin_list>
<pin id="73" dir="1" index="0" bw="1" slack="1"/>
</pin_list>
<bind>
<StgValue><ssdm name=""/></StgValue>
</bind>
</comp>

<comp id="74" class="1001" name="const_74">
<pin_list>
<pin id="75" dir="1" index="0" bw="1" slack="0"/>
</pin_list>
<bind>
<StgValue><ssdm name=""/></StgValue>
</bind>
</comp>

<comp id="76" class="1001" name="const_76">
<pin_list>
<pin id="77" dir="1" index="0" bw="1" slack="0"/>
</pin_list>
<bind>
<StgValue><ssdm name="_ssdm_op_BitConcatenate.i11.i5.i6"/></StgValue>
</bind>
</comp>

<comp id="78" class="1001" name="const_78">
<pin_list>
<pin id="79" dir="1" index="0" bw="1" slack="0"/>
</pin_list>
<bind>
<StgValue><ssdm name="_ssdm_op_BitConcatenate.i7.i5.i2"/></StgValue>
</bind>
</comp>

<comp id="80" class="1001" name="const_80">
<pin_list>
<pin id="81" dir="1" index="0" bw="1" slack="0"/>
</pin_list>
<bind>
<StgValue><ssdm name=""/></StgValue>
</bind>
</comp>

<comp id="82" class="1001" name="const_82">
<pin_list>
<pin id="83" dir="1" index="0" bw="1" slack="0"/>
</pin_list>
<bind>
<StgValue><ssdm name=""/></StgValue>
</bind>
</comp>

<comp id="84" class="1001" name="const_84">
<pin_list>
<pin id="85" dir="1" index="0" bw="1" slack="0"/>
</pin_list>
<bind>
<StgValue><ssdm name=""/></StgValue>
</bind>
</comp>

<comp id="86" class="1001" name="const_86">
<pin_list>
<pin id="87" dir="1" index="0" bw="1" slack="0"/>
</pin_list>
<bind>
<StgValue><ssdm name=""/></StgValue>
</bind>
</comp>

<comp id="88" class="1001" name="const_88">
<pin_list>
<pin id="89" dir="1" index="0" bw="1" slack="0"/>
</pin_list>
<bind>
<StgValue><ssdm name=""/></StgValue>
</bind>
</comp>

<comp id="90" class="1001" name="const_90">
<pin_list>
<pin id="91" dir="1" index="0" bw="1" slack="0"/>
</pin_list>
<bind>
<StgValue><ssdm name=""/></StgValue>
</bind>
</comp>

<comp id="92" class="1001" name="const_92">
<pin_list>
<pin id="93" dir="1" index="0" bw="1" slack="2147483647"/>
</pin_list>
<bind>
<StgValue><ssdm name="_ssdm_op_SpecLoopName"/></StgValue>
</bind>
</comp>

<comp id="94" class="1001" name="const_94">
<pin_list>
<pin id="95" dir="1" index="0" bw="1" slack="2147483647"/>
</pin_list>
<bind>
<StgValue><ssdm name="HT_ETA_HT_PHI_str"/></StgValue>
</bind>
</comp>

<comp id="96" class="1001" name="const_96">
<pin_list>
<pin id="97" dir="1" index="0" bw="1" slack="2147483647"/>
</pin_list>
<bind>
<StgValue><ssdm name="_ssdm_op_SpecLoopTripCount"/></StgValue>
</bind>
</comp>

<comp id="98" class="1001" name="const_98">
<pin_list>
<pin id="99" dir="1" index="0" bw="1" slack="2147483647"/>
</pin_list>
<bind>
<StgValue><ssdm name=""/></StgValue>
</bind>
</comp>

<comp id="100" class="1001" name="const_100">
<pin_list>
<pin id="101" dir="1" index="0" bw="1" slack="2147483647"/>
</pin_list>
<bind>
<StgValue><ssdm name="_ssdm_op_SpecPipeline"/></StgValue>
</bind>
</comp>

<comp id="102" class="1001" name="const_102">
<pin_list>
<pin id="103" dir="1" index="0" bw="1" slack="0"/>
</pin_list>
<bind>
<StgValue><ssdm name="cluster_sort_build_stream"/></StgValue>
</bind>
</comp>

<comp id="104" class="1001" name="const_104">
<pin_list>
<pin id="105" dir="1" index="0" bw="1" slack="0"/>
</pin_list>
<bind>
<StgValue><ssdm name="_ssdm_op_Write.s_axilite.i24P0A"/></StgValue>
</bind>
</comp>

<comp id="106" class="1004" name="indvar_flatten1_fu_106">
<pin_list>
<pin id="107" dir="0" index="0" bw="1" slack="0"/>
<pin id="108" dir="1" index="1" bw="11" slack="0"/>
</pin_list>
<bind>
<opcode="alloca(26) " fcode="alloca"/>
<opset="indvar_flatten1/1 "/>
</bind>
</comp>

<comp id="110" class="1004" name="eta2_fu_110">
<pin_list>
<pin id="111" dir="0" index="0" bw="1" slack="0"/>
<pin id="112" dir="1" index="1" bw="5" slack="0"/>
</pin_list>
<bind>
<opcode="alloca(26) " fcode="alloca"/>
<opset="eta2/1 "/>
</bind>
</comp>

<comp id="114" class="1004" name="phi3_fu_114">
<pin_list>
<pin id="115" dir="0" index="0" bw="1" slack="0"/>
<pin id="116" dir="1" index="1" bw="6" slack="0"/>
</pin_list>
<bind>
<opcode="alloca(26) " fcode="alloca"/>
<opset="phi3/1 "/>
</bind>
</comp>

<comp id="118" class="1004" name="conv4_i4_i4_fu_118">
<pin_list>
<pin id="119" dir="0" index="0" bw="1" slack="0"/>
<pin id="120" dir="1" index="1" bw="23" slack="0"/>
</pin_list>
<bind>
<opcode="alloca(26) " fcode="alloca"/>
<opset="conv4_i4_i4/1 "/>
</bind>
</comp>

<comp id="122" class="1004" name="cluster_threshold_read_read_fu_122">
<pin_list>
<pin id="123" dir="0" index="0" bw="20" slack="0"/>
<pin id="124" dir="0" index="1" bw="20" slack="0"/>
<pin id="125" dir="1" index="2" bw="20" slack="3"/>
</pin_list>
<bind>
<opcode="read(1150) " fcode="read"/>
<opset="cluster_threshold_read/1 "/>
</bind>
</comp>

<comp id="128" class="1004" name="seed_threshold_read_read_fu_128">
<pin_list>
<pin id="129" dir="0" index="0" bw="12" slack="0"/>
<pin id="130" dir="0" index="1" bw="12" slack="0"/>
<pin id="131" dir="1" index="2" bw="12" slack="3"/>
</pin_list>
<bind>
<opcode="read(1150) " fcode="read"/>
<opset="seed_threshold_read/1 "/>
</bind>
</comp>

<comp id="134" class="1004" name="write_ln268_write_fu_134">
<pin_list>
<pin id="135" dir="0" index="0" bw="0" slack="0"/>
<pin id="136" dir="0" index="1" bw="24" slack="0"/>
<pin id="137" dir="0" index="2" bw="23" slack="1"/>
<pin id="138" dir="1" index="3" bw="0" slack="2147483647"/>
</pin_list>
<bind>
<opcode="write(1151) " fcode="write"/>
<opset="write_ln268/4 "/>
</bind>
</comp>

<comp id="141" class="1004" name="towers_addr_gep_fu_141">
<pin_list>
<pin id="142" dir="0" index="0" bw="12" slack="0"/>
<pin id="143" dir="0" index="1" bw="1" slack="0"/>
<pin id="144" dir="0" index="2" bw="11" slack="0"/>
<pin id="145" dir="1" index="3" bw="11" slack="0"/>
</pin_list>
<bind>
<opcode="getelementptr(29) " fcode="getelementptr"/>
<opset="towers_addr/2 "/>
</bind>
</comp>

<comp id="148" class="1004" name="grp_access_fu_148">
<pin_list>
<pin id="149" dir="0" index="0" bw="11" slack="0"/>
<pin id="150" dir="0" index="1" bw="12" slack="2147483647"/>
<pin id="151" dir="0" index="2" bw="0" slack="2147483647"/>
<pin id="152" dir="1" index="3" bw="12" slack="0"/>
</pin_list>
<bind>
<opcode="load(27) " fcode="load"/>
<opset="towers_load/2 "/>
</bind>
</comp>

<comp id="154" class="1005" name="icmp_ln1616_reg_154">
<pin_list>
<pin id="155" dir="0" index="0" bw="1" slack="1"/>
<pin id="156" dir="1" index="1" bw="1" slack="1"/>
</pin_list>
<bind>
<opset="icmp_ln1616 (phireg) "/>
</bind>
</comp>

<comp id="158" class="1004" name="icmp_ln1616_phi_fu_158">
<pin_list>
<pin id="159" dir="0" index="0" bw="1" slack="1"/>
<pin id="160" dir="0" index="1" bw="0" slack="2147483647"/>
<pin id="161" dir="0" index="2" bw="1" slack="0"/>
<pin id="162" dir="0" index="3" bw="0" slack="2147483647"/>
<pin id="163" dir="1" index="4" bw="1" slack="0"/>
</pin_list>
<bind>
<opcode="phi(47) " fcode="phi"/>
<opset="icmp_ln1616/2 "/>
</bind>
</comp>

<comp id="165" class="1004" name="grp_cluster_sort_build_stream_fu_165">
<pin_list>
<pin id="166" dir="0" index="0" bw="0" slack="0"/>
<pin id="167" dir="0" index="1" bw="12" slack="0"/>
<pin id="168" dir="0" index="2" bw="12" slack="3"/>
<pin id="169" dir="0" index="3" bw="20" slack="3"/>
<pin id="170" dir="0" index="4" bw="89" slack="0"/>
<pin id="171" dir="0" index="5" bw="89" slack="0"/>
<pin id="172" dir="0" index="6" bw="89" slack="0"/>
<pin id="173" dir="0" index="7" bw="89" slack="0"/>
<pin id="174" dir="0" index="8" bw="89" slack="0"/>
<pin id="175" dir="0" index="9" bw="89" slack="0"/>
<pin id="176" dir="0" index="10" bw="89" slack="0"/>
<pin id="177" dir="0" index="11" bw="89" slack="0"/>
<pin id="178" dir="0" index="12" bw="32" slack="0"/>
<pin id="179" dir="1" index="13" bw="0" slack="2147483647"/>
</pin_list>
<bind>
<opcode="call(48) " fcode="call"/>
<opset="call_ln266/4 "/>
</bind>
</comp>

<comp id="191" class="1004" name="store_ln0_store_fu_191">
<pin_list>
<pin id="192" dir="0" index="0" bw="1" slack="0"/>
<pin id="193" dir="0" index="1" bw="23" slack="0"/>
<pin id="194" dir="1" index="2" bw="0" slack="2147483647"/>
</pin_list>
<bind>
<opcode="store(28) " fcode="store"/>
<opset="store_ln0/1 "/>
</bind>
</comp>

<comp id="196" class="1004" name="store_ln0_store_fu_196">
<pin_list>
<pin id="197" dir="0" index="0" bw="1" slack="0"/>
<pin id="198" dir="0" index="1" bw="6" slack="0"/>
<pin id="199" dir="1" index="2" bw="0" slack="2147483647"/>
</pin_list>
<bind>
<opcode="store(28) " fcode="store"/>
<opset="store_ln0/1 "/>
</bind>
</comp>

<comp id="201" class="1004" name="store_ln0_store_fu_201">
<pin_list>
<pin id="202" dir="0" index="0" bw="1" slack="0"/>
<pin id="203" dir="0" index="1" bw="5" slack="0"/>
<pin id="204" dir="1" index="2" bw="0" slack="2147483647"/>
</pin_list>
<bind>
<opcode="store(28) " fcode="store"/>
<opset="store_ln0/1 "/>
</bind>
</comp>

<comp id="206" class="1004" name="store_ln0_store_fu_206">
<pin_list>
<pin id="207" dir="0" index="0" bw="1" slack="0"/>
<pin id="208" dir="0" index="1" bw="11" slack="0"/>
<pin id="209" dir="1" index="2" bw="0" slack="2147483647"/>
</pin_list>
<bind>
<opcode="store(28) " fcode="store"/>
<opset="store_ln0/1 "/>
</bind>
</comp>

<comp id="211" class="1004" name="indvar_flatten1_load_load_fu_211">
<pin_list>
<pin id="212" dir="0" index="0" bw="11" slack="1"/>
<pin id="213" dir="1" index="1" bw="11" slack="0"/>
</pin_list>
<bind>
<opcode="load(27) " fcode="load"/>
<opset="indvar_flatten1_load/2 "/>
</bind>
</comp>

<comp id="214" class="1004" name="eta2_load_load_fu_214">
<pin_list>
<pin id="215" dir="0" index="0" bw="5" slack="1"/>
<pin id="216" dir="1" index="1" bw="5" slack="0"/>
</pin_list>
<bind>
<opcode="load(27) " fcode="load"/>
<opset="eta2_load/2 "/>
</bind>
</comp>

<comp id="217" class="1004" name="phi3_load_load_fu_217">
<pin_list>
<pin id="218" dir="0" index="0" bw="6" slack="1"/>
<pin id="219" dir="1" index="1" bw="6" slack="0"/>
</pin_list>
<bind>
<opcode="load(27) " fcode="load"/>
<opset="phi3_load/2 "/>
</bind>
</comp>

<comp id="220" class="1004" name="add_ln160_fu_220">
<pin_list>
<pin id="221" dir="0" index="0" bw="5" slack="0"/>
<pin id="222" dir="0" index="1" bw="1" slack="0"/>
<pin id="223" dir="1" index="2" bw="5" slack="0"/>
</pin_list>
<bind>
<opcode="add(8) " fcode="add"/>
<opset="add_ln160/2 "/>
</bind>
</comp>

<comp id="226" class="1004" name="select_ln160_fu_226">
<pin_list>
<pin id="227" dir="0" index="0" bw="1" slack="0"/>
<pin id="228" dir="0" index="1" bw="1" slack="0"/>
<pin id="229" dir="0" index="2" bw="6" slack="0"/>
<pin id="230" dir="1" index="3" bw="6" slack="0"/>
</pin_list>
<bind>
<opcode="select(49) " fcode="select"/>
<opset="select_ln160/2 "/>
</bind>
</comp>

<comp id="234" class="1004" name="eta_fu_234">
<pin_list>
<pin id="235" dir="0" index="0" bw="1" slack="0"/>
<pin id="236" dir="0" index="1" bw="5" slack="0"/>
<pin id="237" dir="0" index="2" bw="5" slack="0"/>
<pin id="238" dir="1" index="3" bw="5" slack="0"/>
</pin_list>
<bind>
<opcode="select(49) " fcode="select"/>
<opset="eta/2 "/>
</bind>
</comp>

<comp id="242" class="1004" name="p_shl_fu_242">
<pin_list>
<pin id="243" dir="0" index="0" bw="11" slack="0"/>
<pin id="244" dir="0" index="1" bw="5" slack="0"/>
<pin id="245" dir="0" index="2" bw="1" slack="0"/>
<pin id="246" dir="1" index="3" bw="11" slack="0"/>
</pin_list>
<bind>
<opcode="bitconcatenate(1004) " fcode="bitconcatenate"/>
<opset="p_shl/2 "/>
</bind>
</comp>

<comp id="250" class="1004" name="tmp_fu_250">
<pin_list>
<pin id="251" dir="0" index="0" bw="7" slack="0"/>
<pin id="252" dir="0" index="1" bw="5" slack="0"/>
<pin id="253" dir="0" index="2" bw="1" slack="0"/>
<pin id="254" dir="1" index="3" bw="7" slack="0"/>
</pin_list>
<bind>
<opcode="bitconcatenate(1004) " fcode="bitconcatenate"/>
<opset="tmp/2 "/>
</bind>
</comp>

<comp id="258" class="1004" name="zext_ln163_fu_258">
<pin_list>
<pin id="259" dir="0" index="0" bw="7" slack="0"/>
<pin id="260" dir="1" index="1" bw="11" slack="0"/>
</pin_list>
<bind>
<opcode="zext(34) " fcode="zext"/>
<opset="zext_ln163/2 "/>
</bind>
</comp>

<comp id="262" class="1004" name="sub_ln163_fu_262">
<pin_list>
<pin id="263" dir="0" index="0" bw="11" slack="0"/>
<pin id="264" dir="0" index="1" bw="7" slack="0"/>
<pin id="265" dir="1" index="2" bw="11" slack="0"/>
</pin_list>
<bind>
<opcode="sub(10) " fcode="sub"/>
<opset="sub_ln163/2 "/>
</bind>
</comp>

<comp id="268" class="1004" name="zext_ln163_2_fu_268">
<pin_list>
<pin id="269" dir="0" index="0" bw="6" slack="0"/>
<pin id="270" dir="1" index="1" bw="11" slack="0"/>
</pin_list>
<bind>
<opcode="zext(34) " fcode="zext"/>
<opset="zext_ln163_2/2 "/>
</bind>
</comp>

<comp id="272" class="1004" name="add_ln163_1_fu_272">
<pin_list>
<pin id="273" dir="0" index="0" bw="11" slack="0"/>
<pin id="274" dir="0" index="1" bw="6" slack="0"/>
<pin id="275" dir="1" index="2" bw="11" slack="0"/>
</pin_list>
<bind>
<opcode="add(8) " fcode="add"/>
<opset="add_ln163_1/2 "/>
</bind>
</comp>

<comp id="278" class="1004" name="zext_ln163_3_fu_278">
<pin_list>
<pin id="279" dir="0" index="0" bw="11" slack="0"/>
<pin id="280" dir="1" index="1" bw="64" slack="0"/>
</pin_list>
<bind>
<opcode="zext(34) " fcode="zext"/>
<opset="zext_ln163_3/2 "/>
</bind>
</comp>

<comp id="283" class="1004" name="phi_fu_283">
<pin_list>
<pin id="284" dir="0" index="0" bw="6" slack="0"/>
<pin id="285" dir="0" index="1" bw="1" slack="0"/>
<pin id="286" dir="1" index="2" bw="6" slack="0"/>
</pin_list>
<bind>
<opcode="add(8) " fcode="add"/>
<opset="phi/2 "/>
</bind>
</comp>

<comp id="289" class="1004" name="add_ln160_1_fu_289">
<pin_list>
<pin id="290" dir="0" index="0" bw="11" slack="0"/>
<pin id="291" dir="0" index="1" bw="1" slack="0"/>
<pin id="292" dir="1" index="2" bw="11" slack="0"/>
</pin_list>
<bind>
<opcode="add(8) " fcode="add"/>
<opset="add_ln160_1/2 "/>
</bind>
</comp>

<comp id="295" class="1004" name="icmp_ln161_fu_295">
<pin_list>
<pin id="296" dir="0" index="0" bw="6" slack="0"/>
<pin id="297" dir="0" index="1" bw="3" slack="0"/>
<pin id="298" dir="1" index="2" bw="1" slack="0"/>
</pin_list>
<bind>
<opcode="icmp(45) " fcode="icmp"/>
<opset="icmp_ln161/2 "/>
</bind>
</comp>

<comp id="301" class="1004" name="icmp_ln160_fu_301">
<pin_list>
<pin id="302" dir="0" index="0" bw="11" slack="0"/>
<pin id="303" dir="0" index="1" bw="9" slack="0"/>
<pin id="304" dir="1" index="2" bw="1" slack="1"/>
</pin_list>
<bind>
<opcode="icmp(45) " fcode="icmp"/>
<opset="icmp_ln160/2 "/>
</bind>
</comp>

<comp id="307" class="1004" name="store_ln161_store_fu_307">
<pin_list>
<pin id="308" dir="0" index="0" bw="6" slack="0"/>
<pin id="309" dir="0" index="1" bw="6" slack="1"/>
<pin id="310" dir="1" index="2" bw="0" slack="2147483647"/>
</pin_list>
<bind>
<opcode="store(28) " fcode="store"/>
<opset="store_ln161/2 "/>
</bind>
</comp>

<comp id="312" class="1004" name="store_ln160_store_fu_312">
<pin_list>
<pin id="313" dir="0" index="0" bw="5" slack="0"/>
<pin id="314" dir="0" index="1" bw="5" slack="1"/>
<pin id="315" dir="1" index="2" bw="0" slack="2147483647"/>
</pin_list>
<bind>
<opcode="store(28) " fcode="store"/>
<opset="store_ln160/2 "/>
</bind>
</comp>

<comp id="317" class="1004" name="store_ln160_store_fu_317">
<pin_list>
<pin id="318" dir="0" index="0" bw="11" slack="0"/>
<pin id="319" dir="0" index="1" bw="11" slack="1"/>
<pin id="320" dir="1" index="2" bw="0" slack="2147483647"/>
</pin_list>
<bind>
<opcode="store(28) " fcode="store"/>
<opset="store_ln160/2 "/>
</bind>
</comp>

<comp id="322" class="1004" name="conv4_i4_i4_load_load_fu_322">
<pin_list>
<pin id="323" dir="0" index="0" bw="23" slack="2"/>
<pin id="324" dir="1" index="1" bw="23" slack="0"/>
</pin_list>
<bind>
<opcode="load(27) " fcode="load"/>
<opset="conv4_i4_i4_load/3 "/>
</bind>
</comp>

<comp id="325" class="1004" name="zext_ln163_4_fu_325">
<pin_list>
<pin id="326" dir="0" index="0" bw="12" slack="0"/>
<pin id="327" dir="1" index="1" bw="23" slack="0"/>
</pin_list>
<bind>
<opcode="zext(34) " fcode="zext"/>
<opset="zext_ln163_4/3 "/>
</bind>
</comp>

<comp id="329" class="1004" name="ht_2_fu_329">
<pin_list>
<pin id="330" dir="0" index="0" bw="23" slack="0"/>
<pin id="331" dir="0" index="1" bw="12" slack="0"/>
<pin id="332" dir="1" index="2" bw="23" slack="0"/>
</pin_list>
<bind>
<opcode="add(8) " fcode="add"/>
<opset="ht_2/3 "/>
</bind>
</comp>

<comp id="335" class="1004" name="zext_ln161_fu_335">
<pin_list>
<pin id="336" dir="0" index="0" bw="23" slack="0"/>
<pin id="337" dir="1" index="1" bw="24" slack="1"/>
</pin_list>
<bind>
<opcode="zext(34) " fcode="zext"/>
<opset="zext_ln161/3 "/>
</bind>
</comp>

<comp id="339" class="1004" name="store_ln163_store_fu_339">
<pin_list>
<pin id="340" dir="0" index="0" bw="23" slack="0"/>
<pin id="341" dir="0" index="1" bw="23" slack="2"/>
<pin id="342" dir="1" index="2" bw="0" slack="2147483647"/>
</pin_list>
<bind>
<opcode="store(28) " fcode="store"/>
<opset="store_ln163/3 "/>
</bind>
</comp>

<comp id="344" class="1005" name="indvar_flatten1_reg_344">
<pin_list>
<pin id="345" dir="0" index="0" bw="11" slack="0"/>
<pin id="346" dir="1" index="1" bw="11" slack="0"/>
</pin_list>
<bind>
<opset="indvar_flatten1 "/>
</bind>
</comp>

<comp id="351" class="1005" name="eta2_reg_351">
<pin_list>
<pin id="352" dir="0" index="0" bw="5" slack="0"/>
<pin id="353" dir="1" index="1" bw="5" slack="0"/>
</pin_list>
<bind>
<opset="eta2 "/>
</bind>
</comp>

<comp id="358" class="1005" name="phi3_reg_358">
<pin_list>
<pin id="359" dir="0" index="0" bw="6" slack="0"/>
<pin id="360" dir="1" index="1" bw="6" slack="0"/>
</pin_list>
<bind>
<opset="phi3 "/>
</bind>
</comp>

<comp id="365" class="1005" name="conv4_i4_i4_reg_365">
<pin_list>
<pin id="366" dir="0" index="0" bw="23" slack="0"/>
<pin id="367" dir="1" index="1" bw="23" slack="0"/>
</pin_list>
<bind>
<opset="conv4_i4_i4 "/>
</bind>
</comp>

<comp id="372" class="1005" name="cluster_threshold_read_reg_372">
<pin_list>
<pin id="373" dir="0" index="0" bw="20" slack="3"/>
<pin id="374" dir="1" index="1" bw="20" slack="3"/>
</pin_list>
<bind>
<opset="cluster_threshold_read "/>
</bind>
</comp>

<comp id="377" class="1005" name="seed_threshold_read_reg_377">
<pin_list>
<pin id="378" dir="0" index="0" bw="12" slack="3"/>
<pin id="379" dir="1" index="1" bw="12" slack="3"/>
</pin_list>
<bind>
<opset="seed_threshold_read "/>
</bind>
</comp>

<comp id="382" class="1005" name="towers_addr_reg_382">
<pin_list>
<pin id="383" dir="0" index="0" bw="11" slack="1"/>
<pin id="384" dir="1" index="1" bw="11" slack="1"/>
</pin_list>
<bind>
<opset="towers_addr "/>
</bind>
</comp>

<comp id="387" class="1005" name="icmp_ln161_reg_387">
<pin_list>
<pin id="388" dir="0" index="0" bw="1" slack="0"/>
<pin id="389" dir="1" index="1" bw="1" slack="0"/>
</pin_list>
<bind>
<opset="icmp_ln161 "/>
</bind>
</comp>

<comp id="392" class="1005" name="icmp_ln160_reg_392">
<pin_list>
<pin id="393" dir="0" index="0" bw="1" slack="1"/>
<pin id="394" dir="1" index="1" bw="1" slack="2147483647"/>
</pin_list>
<bind>
<opset="icmp_ln160 "/>
</bind>
</comp>

<comp id="396" class="1005" name="zext_ln161_reg_396">
<pin_list>
<pin id="397" dir="0" index="0" bw="24" slack="1"/>
<pin id="398" dir="1" index="1" bw="24" slack="1"/>
</pin_list>
<bind>
<opset="zext_ln161 "/>
</bind>
</comp>

</comp_list>

<net_list>
<net id="109"><net_src comp="26" pin="0"/><net_sink comp="106" pin=0"/></net>

<net id="113"><net_src comp="26" pin="0"/><net_sink comp="110" pin=0"/></net>

<net id="117"><net_src comp="26" pin="0"/><net_sink comp="114" pin=0"/></net>

<net id="121"><net_src comp="26" pin="0"/><net_sink comp="118" pin=0"/></net>

<net id="126"><net_src comp="60" pin="0"/><net_sink comp="122" pin=0"/></net>

<net id="127"><net_src comp="4" pin="0"/><net_sink comp="122" pin=1"/></net>

<net id="132"><net_src comp="62" pin="0"/><net_sink comp="128" pin=0"/></net>

<net id="133"><net_src comp="2" pin="0"/><net_sink comp="128" pin=1"/></net>

<net id="139"><net_src comp="104" pin="0"/><net_sink comp="134" pin=0"/></net>

<net id="140"><net_src comp="22" pin="0"/><net_sink comp="134" pin=1"/></net>

<net id="146"><net_src comp="0" pin="0"/><net_sink comp="141" pin=0"/></net>

<net id="147"><net_src comp="82" pin="0"/><net_sink comp="141" pin=1"/></net>

<net id="153"><net_src comp="141" pin="3"/><net_sink comp="148" pin=0"/></net>

<net id="157"><net_src comp="72" pin="0"/><net_sink comp="154" pin=0"/></net>

<net id="164"><net_src comp="154" pin="1"/><net_sink comp="158" pin=0"/></net>

<net id="180"><net_src comp="102" pin="0"/><net_sink comp="165" pin=0"/></net>

<net id="181"><net_src comp="0" pin="0"/><net_sink comp="165" pin=1"/></net>

<net id="182"><net_src comp="6" pin="0"/><net_sink comp="165" pin=4"/></net>

<net id="183"><net_src comp="8" pin="0"/><net_sink comp="165" pin=5"/></net>

<net id="184"><net_src comp="10" pin="0"/><net_sink comp="165" pin=6"/></net>

<net id="185"><net_src comp="12" pin="0"/><net_sink comp="165" pin=7"/></net>

<net id="186"><net_src comp="14" pin="0"/><net_sink comp="165" pin=8"/></net>

<net id="187"><net_src comp="16" pin="0"/><net_sink comp="165" pin=9"/></net>

<net id="188"><net_src comp="18" pin="0"/><net_sink comp="165" pin=10"/></net>

<net id="189"><net_src comp="20" pin="0"/><net_sink comp="165" pin=11"/></net>

<net id="190"><net_src comp="24" pin="0"/><net_sink comp="165" pin=12"/></net>

<net id="195"><net_src comp="64" pin="0"/><net_sink comp="191" pin=0"/></net>

<net id="200"><net_src comp="66" pin="0"/><net_sink comp="196" pin=0"/></net>

<net id="205"><net_src comp="68" pin="0"/><net_sink comp="201" pin=0"/></net>

<net id="210"><net_src comp="70" pin="0"/><net_sink comp="206" pin=0"/></net>

<net id="224"><net_src comp="214" pin="1"/><net_sink comp="220" pin=0"/></net>

<net id="225"><net_src comp="74" pin="0"/><net_sink comp="220" pin=1"/></net>

<net id="231"><net_src comp="158" pin="4"/><net_sink comp="226" pin=0"/></net>

<net id="232"><net_src comp="66" pin="0"/><net_sink comp="226" pin=1"/></net>

<net id="233"><net_src comp="217" pin="1"/><net_sink comp="226" pin=2"/></net>

<net id="239"><net_src comp="158" pin="4"/><net_sink comp="234" pin=0"/></net>

<net id="240"><net_src comp="220" pin="2"/><net_sink comp="234" pin=1"/></net>

<net id="241"><net_src comp="214" pin="1"/><net_sink comp="234" pin=2"/></net>

<net id="247"><net_src comp="76" pin="0"/><net_sink comp="242" pin=0"/></net>

<net id="248"><net_src comp="234" pin="3"/><net_sink comp="242" pin=1"/></net>

<net id="249"><net_src comp="66" pin="0"/><net_sink comp="242" pin=2"/></net>

<net id="255"><net_src comp="78" pin="0"/><net_sink comp="250" pin=0"/></net>

<net id="256"><net_src comp="234" pin="3"/><net_sink comp="250" pin=1"/></net>

<net id="257"><net_src comp="80" pin="0"/><net_sink comp="250" pin=2"/></net>

<net id="261"><net_src comp="250" pin="3"/><net_sink comp="258" pin=0"/></net>

<net id="266"><net_src comp="242" pin="3"/><net_sink comp="262" pin=0"/></net>

<net id="267"><net_src comp="258" pin="1"/><net_sink comp="262" pin=1"/></net>

<net id="271"><net_src comp="226" pin="3"/><net_sink comp="268" pin=0"/></net>

<net id="276"><net_src comp="262" pin="2"/><net_sink comp="272" pin=0"/></net>

<net id="277"><net_src comp="268" pin="1"/><net_sink comp="272" pin=1"/></net>

<net id="281"><net_src comp="272" pin="2"/><net_sink comp="278" pin=0"/></net>

<net id="282"><net_src comp="278" pin="1"/><net_sink comp="141" pin=2"/></net>

<net id="287"><net_src comp="226" pin="3"/><net_sink comp="283" pin=0"/></net>

<net id="288"><net_src comp="84" pin="0"/><net_sink comp="283" pin=1"/></net>

<net id="293"><net_src comp="211" pin="1"/><net_sink comp="289" pin=0"/></net>

<net id="294"><net_src comp="86" pin="0"/><net_sink comp="289" pin=1"/></net>

<net id="299"><net_src comp="283" pin="2"/><net_sink comp="295" pin=0"/></net>

<net id="300"><net_src comp="88" pin="0"/><net_sink comp="295" pin=1"/></net>

<net id="305"><net_src comp="211" pin="1"/><net_sink comp="301" pin=0"/></net>

<net id="306"><net_src comp="90" pin="0"/><net_sink comp="301" pin=1"/></net>

<net id="311"><net_src comp="283" pin="2"/><net_sink comp="307" pin=0"/></net>

<net id="316"><net_src comp="234" pin="3"/><net_sink comp="312" pin=0"/></net>

<net id="321"><net_src comp="289" pin="2"/><net_sink comp="317" pin=0"/></net>

<net id="328"><net_src comp="148" pin="3"/><net_sink comp="325" pin=0"/></net>

<net id="333"><net_src comp="322" pin="1"/><net_sink comp="329" pin=0"/></net>

<net id="334"><net_src comp="325" pin="1"/><net_sink comp="329" pin=1"/></net>

<net id="338"><net_src comp="329" pin="2"/><net_sink comp="335" pin=0"/></net>

<net id="343"><net_src comp="329" pin="2"/><net_sink comp="339" pin=0"/></net>

<net id="347"><net_src comp="106" pin="1"/><net_sink comp="344" pin=0"/></net>

<net id="348"><net_src comp="344" pin="1"/><net_sink comp="206" pin=1"/></net>

<net id="349"><net_src comp="344" pin="1"/><net_sink comp="211" pin=0"/></net>

<net id="350"><net_src comp="344" pin="1"/><net_sink comp="317" pin=1"/></net>

<net id="354"><net_src comp="110" pin="1"/><net_sink comp="351" pin=0"/></net>

<net id="355"><net_src comp="351" pin="1"/><net_sink comp="201" pin=1"/></net>

<net id="356"><net_src comp="351" pin="1"/><net_sink comp="214" pin=0"/></net>

<net id="357"><net_src comp="351" pin="1"/><net_sink comp="312" pin=1"/></net>

<net id="361"><net_src comp="114" pin="1"/><net_sink comp="358" pin=0"/></net>

<net id="362"><net_src comp="358" pin="1"/><net_sink comp="196" pin=1"/></net>

<net id="363"><net_src comp="358" pin="1"/><net_sink comp="217" pin=0"/></net>

<net id="364"><net_src comp="358" pin="1"/><net_sink comp="307" pin=1"/></net>

<net id="368"><net_src comp="118" pin="1"/><net_sink comp="365" pin=0"/></net>

<net id="369"><net_src comp="365" pin="1"/><net_sink comp="191" pin=1"/></net>

<net id="370"><net_src comp="365" pin="1"/><net_sink comp="322" pin=0"/></net>

<net id="371"><net_src comp="365" pin="1"/><net_sink comp="339" pin=1"/></net>

<net id="375"><net_src comp="122" pin="2"/><net_sink comp="372" pin=0"/></net>

<net id="376"><net_src comp="372" pin="1"/><net_sink comp="165" pin=3"/></net>

<net id="380"><net_src comp="128" pin="2"/><net_sink comp="377" pin=0"/></net>

<net id="381"><net_src comp="377" pin="1"/><net_sink comp="165" pin=2"/></net>

<net id="385"><net_src comp="141" pin="3"/><net_sink comp="382" pin=0"/></net>

<net id="386"><net_src comp="382" pin="1"/><net_sink comp="148" pin=0"/></net>

<net id="390"><net_src comp="295" pin="2"/><net_sink comp="387" pin=0"/></net>

<net id="391"><net_src comp="387" pin="1"/><net_sink comp="158" pin=2"/></net>

<net id="395"><net_src comp="301" pin="2"/><net_sink comp="392" pin=0"/></net>

<net id="399"><net_src comp="335" pin="1"/><net_sink comp="396" pin=0"/></net>

<net id="400"><net_src comp="396" pin="1"/><net_sink comp="134" pin=2"/></net>

</net_list>

</model> 
---------------- Datapath Model END ------------------

* FSMD analyzer results:
  - Output states:
	Port: trigger_objects_0 | {4 5 }
	Port: trigger_objects_1 | {4 5 }
	Port: trigger_objects_2 | {4 5 }
	Port: trigger_objects_3 | {4 5 }
	Port: trigger_objects_4 | {4 5 }
	Port: trigger_objects_5 | {4 5 }
	Port: trigger_objects_6 | {4 5 }
	Port: trigger_objects_7 | {4 5 }
	Port: ht | {4 }
	Port: num_clusters | {4 5 }
 - Input state : 
	Port: calo_trigger_stream_ref : towers | {2 3 4 5 }
	Port: calo_trigger_stream_ref : seed_threshold | {1 }
	Port: calo_trigger_stream_ref : cluster_threshold | {1 }
  - Chain level:
	State 1
		store_ln0 : 1
		store_ln0 : 1
		store_ln0 : 1
		store_ln0 : 1
	State 2
		add_ln160 : 1
		select_ln160 : 1
		eta : 2
		p_shl : 3
		tmp : 3
		zext_ln163 : 4
		sub_ln163 : 5
		zext_ln163_2 : 2
		add_ln163_1 : 6
		zext_ln163_3 : 7
		towers_addr : 8
		towers_load : 9
		phi : 2
		add_ln160_1 : 1
		icmp_ln161 : 3
		icmp_ln160 : 1
		store_ln161 : 3
		store_ln160 : 3
		store_ln160 : 2
		br_ln160 : 2
	State 3
		zext_ln163_4 : 1
		ht_2 : 2
		zext_ln161 : 3
		store_ln163 : 3
	State 4
	State 5


============================================================
+ Verbose Summary: Datapath Resource usage 
============================================================

* Functional unit list:
|----------|--------------------------------------|---------|---------|---------|
| Operation|            Functional Unit           |  Delay  |    FF   |   LUT   |
|----------|--------------------------------------|---------|---------|---------|
|   call   | grp_cluster_sort_build_stream_fu_165 | 5.18481 |   1856  |   3804  |
|----------|--------------------------------------|---------|---------|---------|
|          |           add_ln160_fu_220           |    0    |    0    |    12   |
|          |          add_ln163_1_fu_272          |    0    |    0    |    17   |
|    add   |              phi_fu_283              |    0    |    0    |    13   |
|          |          add_ln160_1_fu_289          |    0    |    0    |    18   |
|          |              ht_2_fu_329             |    0    |    0    |    30   |
|----------|--------------------------------------|---------|---------|---------|
|   icmp   |           icmp_ln161_fu_295          |    0    |    0    |    13   |
|          |           icmp_ln160_fu_301          |    0    |    0    |    18   |
|----------|--------------------------------------|---------|---------|---------|
|    sub   |           sub_ln163_fu_262           |    0    |    0    |    17   |
|----------|--------------------------------------|---------|---------|---------|
|  select  |          select_ln160_fu_226         |    0    |    0    |    6    |
|          |              eta_fu_234              |    0    |    0    |    5    |
|----------|--------------------------------------|---------|---------|---------|
|   read   |  cluster_threshold_read_read_fu_122  |    0    |    0    |    0    |
|          |    seed_threshold_read_read_fu_128   |    0    |    0    |    0    |
|----------|--------------------------------------|---------|---------|---------|
|   write  |       write_ln268_write_fu_134       |    0    |    0    |    0    |
|----------|--------------------------------------|---------|---------|---------|
|bitconcatenate|             p_shl_fu_242             |    0    |    0    |    0    |
|          |              tmp_fu_250              |    0    |    0    |    0    |
|----------|--------------------------------------|---------|---------|---------|
|          |           zext_ln163_fu_258          |    0    |    0    |    0    |
|          |          zext_ln163_2_fu_268         |    0    |    0    |    0    |
|   zext   |          zext_ln163_3_fu_278         |    0    |    0    |    0    |
|          |          zext_ln163_4_fu_325         |    0    |    0    |    0    |
|          |           zext_ln161_fu_335          |    0    |    0    |    0    |
|----------|--------------------------------------|---------|---------|---------|
|   Total  |                                      | 5.18481 |   1856  |   3953  |
|----------|--------------------------------------|---------|---------|---------|

Memories:
N/A

* Register list:
+------------------------------+--------+
|                              |   FF   |
+------------------------------+--------+
|cluster_threshold_read_reg_372|   20   |
|      conv4_i4_i4_reg_365     |   23   |
|         eta2_reg_351         |    5   |
|      icmp_ln160_reg_392      |    1   |
|      icmp_ln1616_reg_154     |    1   |
|      icmp_ln161_reg_387      |    1   |
|    indvar_flatten1_reg_344   |   11   |
|         phi3_reg_358         |    6   |
|  seed_threshold_read_reg_377 |   12   |
|      towers_addr_reg_382     |   11   |
|      zext_ln161_reg_396      |   24   |
+------------------------------+--------+
|             Total            |   115  |
+------------------------------+--------+

* Multiplexer (MUX) list: 
|-------------------|------|------|------|--------||---------||---------||---------|
|        Comp       |  Pin | Size |  BW  | S x BW ||  Delay  ||    FF   ||   LUT   |
|-------------------|------|------|------|--------||---------||---------||---------|
| grp_access_fu_148 |  p0  |   2  |  11  |   22   ||    0    ||    9    |
|-------------------|------|------|------|--------||---------||---------||---------|
|       Total       |      |      |      |   22   ||  0.387  ||    0    ||    9    |
|-------------------|------|------|------|--------||---------||---------||---------|



* Summary:
+-----------+--------+--------+--------+
|           |  Delay |   FF   |   LUT  |
+-----------+--------+--------+--------+
|  Function |    5   |  1856  |  3953  |
|   Memory  |    -   |    -   |    -   |
|Multiplexer|    0   |    0   |    9   |
|  Register |    -   |   115  |    -   |
+-----------+--------+--------+--------+
|   Total   |    5   |  1971  |  3962  |
+-----------+--------+--------+--------+
