================================================================
== Design Size Report
================================================================

* Total Instructions per Compilation Phase
+---------------+-----------------------------+--------------+----------------------------------------------------------------------------------------+
| Phase         | Step                        | Instructions | Description                                                                            |
+---------------+-----------------------------+--------------+----------------------------------------------------------------------------------------+
| Compile/Link  |                             | 1,605        | After all functions are compiled and linked into a single design                       |
|               |                             |              |                                                                                        |
| Unroll/Inline |                             |              | After user unroll and inline pragmas are applied                                       |
|               | (1) unroll                  | 2,328        | user unroll pragmas are applied                                                        |
|               | (2) simplification          | 1,392        | simplification of applied user unroll pragmas                                          |
|               | (3) inline                  | 1,003        | user inline pragmas are applied                                                        |
|               | (4) simplification          |   998        | simplification of applied user inline pragmas                                          |
|               |                             |              |                                                                                        |
| Array/Struct  |                             |              | After user array partition and struct aggregate/disaggregate pragmas are applied       |
|               | (1) array partition         | 1,583        | user array partition pragmas are applied                                               |
|               | (2) simplification          | 1,277        | simplification of applied user array partition & struct aggregate/disaggregate pragmas |
|               | (3) aggregate/disaggregate  | 2,026        | user struct aggregate/disaggregate pragmas are applied                                 |
|               | (4) array reshape           | 1,804        | apply array reshape pragmas                                                            |
|               | (5) access patterns         | 2,087        | array access pattern optmizations                                                      |
|               |                             |              |                                                                                        |
| Performance   |                             |              | After transformations are applied to meet performance pragma targets                   |
|               | (1) loop simplification     | 1,740        | loop and instruction simplification                                                    |
|               | (2) parallelization         | 1,584        | loops are unrolled or pipelined to meet performance targets                            |
|               | (3) array partition         | 1,583        | arrays are partitioned to meet performance targets                                     |
|               | (4) simplification          | 1,583        | simplification of design after performance transformations                             |
|               |                             |              |                                                                                        |
| HW Transforms |                             |              | After hardware transfomations                                                          |
|               | (1) lowering                | 1,594        | initial conversion to HW specific instructions                                         |
|               | (2) optimizations           | 1,631        | high level synthesis optimizations                                                     |
+---------------+-----------------------------+--------------+----------------------------------------------------------------------------------------+

* Instructions per Function for each Compilation Phase
+-------------------------------------+---------------------+--------------+---------------+--------------+-------------+---------------+
| Function                            | Location            | Compile/Link | Unroll/Inline | Array/Struct | Performance | HW Transforms |
+-------------------------------------+---------------------+--------------+---------------+--------------+-------------+---------------+
| + calo_trigger_stream_ref           | calorimeter.cpp:248 | 1,605        | 998           | 2,087        | 1,583       | 1,631         |
|    compute_ht                       | calorimeter.cpp:158 |   93         |               |              |             |               |
|  + cluster_sort_build_stream        | calorimeter.cpp:317 | 1,491        | 968           | 2,050        | 1,552       | 1,566         |
|   + produce_cluster_stream_3x3_i... | calorimeter.cpp:275 |  845         | 300           |  397         |  345        |  350          |
|    + find_clusters_stream<3, 5>     | calorimeter.h:281   |  837         | 298           |  395         |  343        |  348          |
|     + is_local_maximum<3>           | calorimeter.h:177   |  107         |               |              |             |               |
|        wrap_phi                     | calorimeter.h:138   |   12         |               |              |             |               |
|     + window_sum<3>                 | calorimeter.h:151   |  115         |               |              |             |               |
|        wrap_phi                     | calorimeter.h:138   |   12         |               |              |             |               |
|     + isolation_sum<3, 5>           | calorimeter.h:217   |  365         |               |              |             |               |
|      + window_sum<5>                | calorimeter.h:151   |  115         |               |              |             |               |
|         wrap_phi                    | calorimeter.h:138   |   12         |               |              |             |               |
|      + window_sum<3>                | calorimeter.h:151   |  115         |               |              |             |               |
|         wrap_phi                    | calorimeter.h:138   |   12         |               |              |             |               |
|   + select_top_n_from_stream        | calorimeter.cpp:282 |  358         | 301           | 1,074        |  863        |  870          |
|    + insert_cluster_into_top_n      | calorimeter.cpp:102 |  141         |               |              |             |               |
|       cluster_is_better             | calorimeter.cpp:68  |   96         |               |              |             |               |
|     build_trigger_objects           | calorimeter.cpp:170 |  252         | 315           |  516         |  281        |  281          |
+-------------------------------------+---------------------+--------------+---------------+--------------+-------------+---------------+

* Design Size Message Settings
+---------------------------------------------+--------+------------------------------------------------------------------+
| Message Setting                             | Value  | Description                                                      |
+---------------------------------------------+--------+------------------------------------------------------------------+
| config_compile -design_size_maximum_warning | 100000 | Show a warning when total design instructions exceeds this value |
+---------------------------------------------+--------+------------------------------------------------------------------+


