

================================================================
== Synthesis Summary Report of 'calo_trigger_stream_ref'
================================================================
+ General Information: 
    * Date:           Tue May 12 20:42:56 2026
    * Version:        2024.1 (Build 5069499 on May 21 2024)
    * Project:        calorimeter
    * Solution:       solution1 (Vivado IP Flow Target)
    * Product family: virtexuplus
    * Target device:  xcvu13p-fsga2577-2-e
    

+ Performance & Resource Estimates: 
    
    PS: '+' for module; 'o' for loop; '*' for dataflow
    +-----------------------------------------+------+-------+---------+-----------+----------+---------+------+----------+------+----+------------+------------+-----+
    |                 Modules                 | Issue|       | Latency |  Latency  | Iteration|         | Trip |          |      |    |            |            |     |
    |                 & Loops                 | Type | Slack | (cycles)|    (ns)   |  Latency | Interval| Count| Pipelined| BRAM | DSP|     FF     |     LUT    | URAM|
    +-----------------------------------------+------+-------+---------+-----------+----------+---------+------+----------+------+----+------------+------------+-----+
    |+ calo_trigger_stream_ref                |     -|  12.73|    22086|  5.522e+05|         -|    22087|     -|        no|     -|   -|  4003 (~0%)|  7879 (~0%)|    -|
    | + cluster_sort_build_stream*            |     -|  12.73|    20283|  5.071e+05|         -|    20284|     -|  dataflow|     -|   -|  3743 (~0%)|  7394 (~0%)|    -|
    |  + produce_cluster_stream_3x3_iso5      |     -|  12.73|    20283|  5.071e+05|         -|    20283|     -|        no|     -|   -|   343 (~0%)|  1917 (~0%)|    -|
    |   + find_clusters_stream_3_5_s          |     -|  12.73|    20282|  5.070e+05|         -|    20282|     -|        no|     -|   -|   338 (~0%)|  1874 (~0%)|    -|
    |    o VITIS_LOOP_288_1_VITIS_LOOP_289_2  |    II|  18.25|    20280|  5.070e+05|        14|       13|  1560|       yes|     -|   -|           -|           -|    -|
    |  + select_top_n_from_stream             |     -|  14.85|    18721|  4.680e+05|         -|    18721|     -|        no|     -|   -|  1092 (~0%)|  2741 (~0%)|    -|
    |   o VITIS_LOOP_299_2                    |     -|  18.25|    18720|  4.680e+05|        12|        -|  1560|        no|     -|   -|           -|           -|    -|
    |    o VITIS_LOOP_113_1                   |     -|  18.25|        7|    175.000|         1|        -|     7|        no|     -|   -|           -|           -|    -|
    |  + build_trigger_objects                |     -|  15.77|        0|      0.000|         -|        0|     -|        no|     -|   -|   474 (~0%)|   867 (~0%)|    -|
    | o HT_ETA_HT_PHI                         |     -|  18.25|     1800|  4.500e+04|         2|        1|  1800|       yes|     -|   -|           -|           -|    -|
    +-----------------------------------------+------+-------+---------+-----------+----------+---------+------+----------+------+----+------------+------------+-----+


================================================================
== HW Interfaces
================================================================
* S_AXILITE Interfaces
+------------+------------+---------------+--------+----------+
| Interface  | Data Width | Address Width | Offset | Register |
+------------+------------+---------------+--------+----------+
| s_axi_CTRL | 32         | 6             | 16     | 0        |
+------------+------------+---------------+--------+----------+

* S_AXILITE Registers
+------------+-------------------+--------+-------+--------+----------------------------------+----------------------------------------------------------------------+
| Interface  | Register          | Offset | Width | Access | Description                      | Bit Fields                                                           |
+------------+-------------------+--------+-------+--------+----------------------------------+----------------------------------------------------------------------+
| s_axi_CTRL | CTRL              | 0x00   | 32    | RW     | Control signals                  | 0=AP_START 1=AP_DONE 2=AP_IDLE 3=AP_READY 7=AUTO_RESTART 9=INTERRUPT |
| s_axi_CTRL | GIER              | 0x04   | 32    | RW     | Global Interrupt Enable Register | 0=Enable                                                             |
| s_axi_CTRL | IP_IER            | 0x08   | 32    | RW     | IP Interrupt Enable Register     | 0=CHAN0_INT_EN 1=CHAN1_INT_EN                                        |
| s_axi_CTRL | IP_ISR            | 0x0c   | 32    | RW     | IP Interrupt Status Register     | 0=CHAN0_INT_ST 1=CHAN1_INT_ST                                        |
| s_axi_CTRL | seed_threshold    | 0x10   | 32    | W      | Data signal of seed_threshold    |                                                                      |
| s_axi_CTRL | cluster_threshold | 0x18   | 32    | W      | Data signal of cluster_threshold |                                                                      |
| s_axi_CTRL | ht                | 0x20   | 32    | R      | Data signal of ht                |                                                                      |
| s_axi_CTRL | ht_ctrl           | 0x24   | 32    | R      | Control signal of ht             | 0=ht_ap_vld                                                          |
| s_axi_CTRL | num_clusters      | 0x30   | 32    | R      | Data signal of num_clusters      |                                                                      |
| s_axi_CTRL | num_clusters_ctrl | 0x34   | 32    | R      | Control signal of num_clusters   | 0=num_clusters_ap_vld                                                |
+------------+-------------------+--------+-------+--------+----------------------------------+----------------------------------------------------------------------+

* BRAM
+--------------+------------+---------------+
| Interface    | Data Width | Address Width |
+--------------+------------+---------------+
| towers_PORTA | 12         | 32            |
| towers_PORTB | 12         | 32            |
+--------------+------------+---------------+

* Other Ports
+-------------------+--------+-----------+----------+
| Port              | Mode   | Direction | Bitwidth |
+-------------------+--------+-----------+----------+
| trigger_objects_0 | ap_vld | out       | 89       |
| trigger_objects_1 | ap_vld | out       | 89       |
| trigger_objects_2 | ap_vld | out       | 89       |
| trigger_objects_3 | ap_vld | out       | 89       |
| trigger_objects_4 | ap_vld | out       | 89       |
| trigger_objects_5 | ap_vld | out       | 89       |
| trigger_objects_6 | ap_vld | out       | 89       |
| trigger_objects_7 | ap_vld | out       | 89       |
+-------------------+--------+-----------+----------+

* TOP LEVEL CONTROL
+-----------+------------+-----------+
| Interface | Type       | Ports     |
+-----------+------------+-----------+
| ap_clk    | clock      | ap_clk    |
| ap_rst_n  | reset      | ap_rst_n  |
| interrupt | interrupt  | interrupt |
| ap_ctrl   | ap_ctrl_hs |           |
+-----------+------------+-----------+


================================================================
== SW I/O Information
================================================================
* Top Function Arguments
+-------------------+-----------+---------------------+
| Argument          | Direction | Datatype            |
+-------------------+-----------+---------------------+
| towers            | in        | ap_uint<12> const * |
| seed_threshold    | in        | ap_uint<12>         |
| cluster_threshold | in        | ap_uint<20>         |
| trigger_objects   | out       | TriggerObject*      |
| ht                | out       | ap_uint<24>*        |
| num_clusters      | out       | int*                |
+-------------------+-----------+---------------------+

* SW-to-HW Mapping
+-------------------+--------------------------+-----------+---------------------------------------------+
| Argument          | HW Interface             | HW Type   | HW Info                                     |
+-------------------+--------------------------+-----------+---------------------------------------------+
| towers            | towers_PORTA             | interface |                                             |
| towers            | towers_PORTB             | interface |                                             |
| seed_threshold    | s_axi_CTRL               | register  | name=seed_threshold offset=0x10 range=32    |
| cluster_threshold | s_axi_CTRL               | register  | name=cluster_threshold offset=0x18 range=32 |
| trigger_objects   | trigger_objects_0        | port      |                                             |
| trigger_objects   | trigger_objects_0_ap_vld | port      |                                             |
| trigger_objects   | trigger_objects_1        | port      |                                             |
| trigger_objects   | trigger_objects_1_ap_vld | port      |                                             |
| trigger_objects   | trigger_objects_2        | port      |                                             |
| trigger_objects   | trigger_objects_2_ap_vld | port      |                                             |
| trigger_objects   | trigger_objects_3        | port      |                                             |
| trigger_objects   | trigger_objects_3_ap_vld | port      |                                             |
| trigger_objects   | trigger_objects_4        | port      |                                             |
| trigger_objects   | trigger_objects_4_ap_vld | port      |                                             |
| trigger_objects   | trigger_objects_5        | port      |                                             |
| trigger_objects   | trigger_objects_5_ap_vld | port      |                                             |
| trigger_objects   | trigger_objects_6        | port      |                                             |
| trigger_objects   | trigger_objects_6_ap_vld | port      |                                             |
| trigger_objects   | trigger_objects_7        | port      |                                             |
| trigger_objects   | trigger_objects_7_ap_vld | port      |                                             |
| ht                | s_axi_CTRL               | register  | name=ht offset=0x20 range=32                |
| ht                | s_axi_CTRL               | register  | name=ht_ctrl offset=0x24 range=32           |
| num_clusters      | s_axi_CTRL               | register  | name=num_clusters offset=0x30 range=32      |
| num_clusters      | s_axi_CTRL               | register  | name=num_clusters_ctrl offset=0x34 range=32 |
+-------------------+--------------------------+-----------+---------------------------------------------+


================================================================
== Bind Op Report
================================================================
+---------------------------------------+-----+--------+-------------------------+-----------+----------+---------+
| Name                                  | DSP | Pragma | Variable                | Op        | Impl     | Latency |
+---------------------------------------+-----+--------+-------------------------+-----------+----------+---------+
| + calo_trigger_stream_ref             | 0   |        |                         |           |          |         |
|   add_ln160_fu_220_p2                 |     |        | add_ln160               | add       | fabric   | 0       |
|   select_ln160_fu_226_p3              |     |        | select_ln160            | select    | auto_sel | 0       |
|   eta_fu_234_p3                       |     |        | eta                     | select    | auto_sel | 0       |
|   ht_2_fu_329_p2                      |     |        | ht_2                    | add       | fabric   | 0       |
|   phi_fu_283_p2                       |     |        | phi                     | add       | fabric   | 0       |
|   add_ln160_1_fu_289_p2               |     |        | add_ln160_1             | add       | fabric   | 0       |
|   icmp_ln161_fu_295_p2                |     |        | icmp_ln161              | seteq     | auto     | 0       |
|   icmp_ln160_fu_301_p2                |     |        | icmp_ln160              | seteq     | auto     | 0       |
|  + cluster_sort_build_stream          | 0   |        |                         |           |          |         |
|   + produce_cluster_stream_3x3_iso5   | 0   |        |                         |           |          |         |
|    + find_clusters_stream_3_5_s       | 0   |        |                         |           |          |         |
|      icmp_ln288_fu_382_p2             |     |        | icmp_ln288              | seteq     | auto     | 0       |
|      add_ln288_1_fu_388_p2            |     |        | add_ln288_1             | add       | fabric   | 0       |
|      icmp_ln289_fu_400_p2             |     |        | icmp_ln289              | seteq     | auto     | 0       |
|      select_ln288_fu_406_p3           |     |        | select_ln288            | select    | auto_sel | 0       |
|      add_ln288_fu_414_p2              |     |        | add_ln288               | add       | fabric   | 0       |
|      add_ln288_2_fu_420_p2            |     |        | add_ln288_2             | add       | fabric   | 0       |
|      select_ln288_1_fu_426_p3         |     |        | select_ln288_1          | select    | auto_sel | 0       |
|      select_ln288_2_fu_434_p3         |     |        | select_ln288_2          | select    | auto_sel | 0       |
|      sub_ln301_fu_462_p2              |     |        | sub_ln301               | sub       | fabric   | 0       |
|      empty_fu_468_p2                  |     |        | empty                   | add       | fabric   | 0       |
|      sub_ln196_fu_494_p2              |     |        | sub_ln196               | sub       | fabric   | 0       |
|      sub_ln196_1_fu_669_p2            |     |        | sub_ln196_1             | sub       | fabric   | 0       |
|      empty_57_fu_755_p2               |     |        | empty_57                | add       | fabric   | 0       |
|      sub_ln167_fu_780_p2              |     |        | sub_ln167               | sub       | fabric   | 0       |
|      empty_58_fu_1246_p2              |     |        | empty_58                | add       | fabric   | 0       |
|      sub_ln167_1_fu_1271_p2           |     |        | sub_ln167_1             | sub       | fabric   | 0       |
|      add_ln301_fu_504_p2              |     |        | add_ln301               | add       | fabric   | 0       |
|      add_ln196_fu_572_p2              |     |        | add_ln196               | add       | fabric   | 0       |
|      add_ln196_1_fu_675_p2            |     |        | add_ln196_1             | add       | fabric   | 0       |
|      add_ln167_fu_927_p2              |     |        | add_ln167               | add       | fabric   | 0       |
|      add_ln167_2_fu_1277_p2           |     |        | add_ln167_2             | add       | fabric   | 0       |
|      icmp_ln303_fu_581_p2             |     |        | icmp_ln303              | setlt     | auto     | 0       |
|      add_ln193_fu_519_p2              |     |        | add_ln193               | add       | fabric   | 0       |
|      add_ln141_fu_533_p2              |     |        | add_ln141               | add       | fabric   | 0       |
|      phi_idx_fu_539_p3                |     |        | phi_idx                 | select    | auto_sel | 0       |
|      add_ln196_2_fu_551_p2            |     |        | add_ln196_2             | add       | fabric   | 0       |
|      is_max_fu_786_p2                 |     |        | is_max                  | setlt     | auto     | 0       |
|      icmp_ln200_fu_685_p2             |     |        | icmp_ln200              | setne     | auto     | 0       |
|      grp_fu_358_p2                    |     |        | icmp_ln198              | setlt     | auto     | 0       |
|      xor_ln198_1_fu_792_p2            |     |        | xor_ln198_1             | xor       | auto     | 0       |
|      phi_fu_586_p2                    |     |        | phi                     | add       | fabric   | 0       |
|      icmp_ln142_fu_591_p2             |     |        | icmp_ln142              | setgt     | auto     | 0       |
|      add_ln143_fu_597_p2              |     |        | add_ln143               | add       | fabric   | 0       |
|      phi_idx_2_fu_606_p3              |     |        | phi_idx_2               | select    | auto_sel | 0       |
|      add_ln196_3_fu_618_p2            |     |        | add_ln196_3             | add       | fabric   | 0       |
|      add_ln196_4_fu_633_p2            |     |        | add_ln196_4             | add       | fabric   | 0       |
|      add_ln196_5_fu_797_p2            |     |        | add_ln196_5             | add       | fabric   | 0       |
|      add_ln167_6_fu_1035_p2           |     |        | add_ln167_6             | add       | fabric   | 0       |
|      add_ln167_7_fu_1282_p2           |     |        | add_ln167_7             | add       | fabric   | 0       |
|      add_ln196_6_fu_642_p2            |     |        | add_ln196_6             | add       | fabric   | 0       |
|      add_ln196_7_fu_691_p2            |     |        | add_ln196_7             | add       | fabric   | 0       |
|      add_ln167_9_fu_936_p2            |     |        | add_ln167_9             | add       | fabric   | 0       |
|      add_ln167_13_fu_1287_p2          |     |        | add_ln167_13            | add       | fabric   | 0       |
|      grp_fu_358_p2                    |     |        | icmp_ln198_1            | setlt     | auto     | 0       |
|      xor_ln198_2_fu_806_p2            |     |        | xor_ln198_2             | xor       | auto     | 0       |
|      icmp_ln198_2_fu_812_p2           |     |        | icmp_ln198_2            | setlt     | auto     | 0       |
|      xor_ln198_3_fu_818_p2            |     |        | xor_ln198_3             | xor       | auto     | 0       |
|      icmp_ln198_3_fu_824_p2           |     |        | icmp_ln198_3            | setlt     | auto     | 0       |
|      xor_ln198_4_fu_830_p2            |     |        | xor_ln198_4             | xor       | auto     | 0       |
|      and_ln198_fu_836_p2              |     |        | and_ln198               | and       | auto     | 0       |
|      icmp_ln198_4_fu_701_p2           |     |        | icmp_ln198_4            | setlt     | auto     | 0       |
|      and_ln198_1_fu_841_p2            |     |        | and_ln198_1             | and       | auto     | 0       |
|      and_ln198_2_fu_846_p2            |     |        | and_ln198_2             | and       | auto     | 0       |
|      icmp_ln198_5_fu_707_p2           |     |        | icmp_ln198_5            | setlt     | auto     | 0       |
|      and_ln198_4_fu_852_p2            |     |        | and_ln198_4             | and       | auto     | 0       |
|      and_ln198_5_fu_858_p2            |     |        | and_ln198_5             | and       | auto     | 0       |
|      and_ln198_6_fu_864_p2            |     |        | and_ln198_6             | and       | auto     | 0       |
|      and_ln198_3_fu_869_p2            |     |        | and_ln198_3             | and       | auto     | 0       |
|      icmp_ln198_6_fu_945_p2           |     |        | icmp_ln198_6            | setgt     | auto     | 0       |
|      xor_ln198_fu_875_p2              |     |        | xor_ln198               | xor       | auto     | 0       |
|      cluster_et_fu_729_p2             |     |        | cluster_et              | add       | fabric   | 0       |
|      add_ln167_1_fu_739_p2            |     |        | add_ln167_1             | add       | fabric   | 0       |
|      cluster_et_1_fu_749_p2           |     |        | cluster_et_1            | add       | fabric   | 0       |
|      add_ln167_4_fu_979_p2            |     |        | add_ln167_4             | add       | fabric   | 0       |
|      add_ln167_5_fu_989_p2            |     |        | add_ln167_5             | add       | fabric   | 0       |
|      cluster_et_3_fu_1009_p2          |     |        | cluster_et_3            | add       | fabric   | 0       |
|      icmp_ln307_fu_1019_p2            |     |        | icmp_ln307              | setlt     | auto     | 0       |
|      add_ln164_1_fu_881_p2            |     |        | add_ln164_1             | add       | fabric   | 0       |
|      add_ln141_1_fu_894_p2            |     |        | add_ln141_1             | add       | fabric   | 0       |
|      phi_idx_3_fu_899_p3              |     |        | phi_idx_3               | select    | auto_sel | 0       |
|      add_ln167_18_fu_911_p2           |     |        | add_ln167_18            | add       | fabric   | 0       |
|      add_ln164_fu_1052_p2             |     |        | add_ln164               | add       | fabric   | 0       |
|      icmp_ln142_1_fu_1057_p2          |     |        | icmp_ln142_1            | setgt     | auto     | 0       |
|      add_ln143_1_fu_1063_p2           |     |        | add_ln143_1             | add       | fabric   | 0       |
|      phi_idx_4_fu_1072_p3             |     |        | phi_idx_4               | select    | auto_sel | 0       |
|      add_ln167_19_fu_1084_p2          |     |        | add_ln167_19            | add       | fabric   | 0       |
|      add_ln167_20_fu_1108_p2          |     |        | add_ln167_20            | add       | fabric   | 0       |
|      add_ln167_21_fu_1145_p2          |     |        | add_ln167_21            | add       | fabric   | 0       |
|      add_ln167_22_fu_1163_p2          |     |        | add_ln167_22            | add       | fabric   | 0       |
|      add_ln167_23_fu_1297_p2          |     |        | add_ln167_23            | add       | fabric   | 0       |
|      add_ln167_24_fu_1117_p2          |     |        | add_ln167_24            | add       | fabric   | 0       |
|      add_ln167_25_fu_1154_p2          |     |        | add_ln167_25            | add       | fabric   | 0       |
|      add_ln167_26_fu_1176_p2          |     |        | add_ln167_26            | add       | fabric   | 0       |
|      add_ln167_27_fu_1302_p2          |     |        | add_ln167_27            | add       | fabric   | 0       |
|      sum_fu_1094_p2                   |     |        | sum                     | add       | fabric   | 0       |
|      add_ln167_8_fu_1129_p2           |     |        | add_ln167_8             | add       | fabric   | 0       |
|      sum_11_fu_1139_p2                |     |        | sum_11                  | add       | fabric   | 0       |
|      add_ln167_11_fu_1210_p2          |     |        | add_ln167_11            | add       | fabric   | 0       |
|      add_ln167_12_fu_1220_p2          |     |        | add_ln167_12            | add       | fabric   | 0       |
|      add_ln219_fu_1240_p2             |     |        | add_ln219               | add       | fabric   | 0       |
|      add_ln219_1_fu_1320_p2           |     |        | add_ln219_1             | add       | fabric   | 0       |
|      add_ln219_3_fu_1342_p2           |     |        | add_ln219_3             | add       | fabric   | 0       |
|      add_ln219_4_fu_1375_p2           |     |        | add_ln219_4             | add       | fabric   | 0       |
|      add_ln219_5_fu_1385_p2           |     |        | add_ln219_5             | add       | fabric   | 0       |
|      add_ln219_6_fu_1395_p2           |     |        | add_ln219_6             | add       | fabric   | 0       |
|      or_ln307_fu_922_p2               |     |        | or_ln307                | or        | auto     | 0       |
|      or_ln307_1_fu_1024_p2            |     |        | or_ln307_1              | or        | auto     | 0       |
|      or_ln307_2_fu_1030_p2            |     |        | or_ln307_2              | or        | auto     | 0       |
|      candidate_et_fu_1411_p3          |     |        | candidate_et            | select    | auto_sel | 0       |
|      candidate_valid_fu_1417_p2       |     |        | candidate_valid         | xor       | auto     | 0       |
|      empty_59_fu_1426_p3              |     |        | empty_59                | select    | auto_sel | 0       |
|   + select_top_n_from_stream          | 0   |        |                         |           |          |         |
|     icmp_ln299_fu_1363_p2             |     |        | icmp_ln299              | seteq     | auto     | 0       |
|     i_2_fu_1369_p2                    |     |        | i_2                     | add       | fabric   | 0       |
|     local_num_clusters_1_fu_1436_p2   |     |        | local_num_clusters_1    | add       | fabric   | 0       |
|     xor_ln111_fu_1442_p2              |     |        | xor_ln111               | xor       | auto     | 0       |
|     icmp_ln79_fu_1448_p2              |     |        | icmp_ln79               | setgt     | auto     | 0       |
|     or_ln111_fu_1454_p2               |     |        | or_ln111                | or        | auto     | 0       |
|     icmp_ln83_fu_1460_p2              |     |        | icmp_ln83               | setlt     | auto     | 0       |
|     icmp_ln87_fu_1466_p2              |     |        | icmp_ln87               | setlt     | auto     | 0       |
|     icmp_ln91_fu_1472_p2              |     |        | icmp_ln91               | setlt     | auto     | 0       |
|     xor_ln91_7_fu_1478_p2             |     |        | xor_ln91_7              | xor       | auto     | 0       |
|     icmp_ln95_fu_1484_p2              |     |        | icmp_ln95               | setlt     | auto     | 0       |
|     and_ln91_fu_1490_p2               |     |        | and_ln91                | and       | auto     | 0       |
|     xor_ln91_fu_1496_p2               |     |        | xor_ln91                | xor       | auto     | 0       |
|     or_ln91_fu_1502_p2                |     |        | or_ln91                 | or        | auto     | 0       |
|     and_ln91_8_fu_1508_p2             |     |        | and_ln91_8              | and       | auto     | 0       |
|     xor_ln91_6_fu_1514_p2             |     |        | xor_ln91_6              | xor       | auto     | 0       |
|     grp_fu_746_p2                     |     |        | icmp_ln79_2             | setgt     | auto     | 0       |
|     xor_ln111_1_fu_1524_p2            |     |        | xor_ln111_1             | xor       | auto     | 0       |
|     grp_fu_746_p2                     |     |        | icmp_ln79_1             | setgt     | auto     | 0       |
|     or_ln111_1_fu_1530_p2             |     |        | or_ln111_1              | or        | auto     | 0       |
|     icmp_ln83_1_fu_1539_p2            |     |        | icmp_ln83_1             | setlt     | auto     | 0       |
|     icmp_ln87_1_fu_1545_p2            |     |        | icmp_ln87_1             | setlt     | auto     | 0       |
|     icmp_ln91_1_fu_1551_p2            |     |        | icmp_ln91_1             | setlt     | auto     | 0       |
|     xor_ln91_8_fu_1557_p2             |     |        | xor_ln91_8              | xor       | auto     | 0       |
|     icmp_ln95_1_fu_1563_p2            |     |        | icmp_ln95_1             | setlt     | auto     | 0       |
|     and_ln91_1_fu_1569_p2             |     |        | and_ln91_1              | and       | auto     | 0       |
|     xor_ln91_1_fu_1575_p2             |     |        | xor_ln91_1              | xor       | auto     | 0       |
|     or_ln91_1_fu_1581_p2              |     |        | or_ln91_1               | or        | auto     | 0       |
|     select_ln91_fu_1587_p3            |     |        | select_ln91             | select    | auto_sel | 0       |
|     grp_fu_763_p2                     |     |        | icmp_ln79_4             | setgt     | auto     | 0       |
|     xor_ln111_2_fu_1595_p2            |     |        | xor_ln111_2             | xor       | auto     | 0       |
|     grp_fu_763_p2                     |     |        | icmp_ln79_3             | setgt     | auto     | 0       |
|     or_ln111_2_fu_1601_p2             |     |        | or_ln111_2              | or        | auto     | 0       |
|     icmp_ln83_2_fu_1610_p2            |     |        | icmp_ln83_2             | setlt     | auto     | 0       |
|     icmp_ln87_2_fu_1616_p2            |     |        | icmp_ln87_2             | setlt     | auto     | 0       |
|     icmp_ln91_2_fu_1622_p2            |     |        | icmp_ln91_2             | setlt     | auto     | 0       |
|     xor_ln91_9_fu_1628_p2             |     |        | xor_ln91_9              | xor       | auto     | 0       |
|     icmp_ln95_2_fu_1634_p2            |     |        | icmp_ln95_2             | setlt     | auto     | 0       |
|     and_ln91_2_fu_1640_p2             |     |        | and_ln91_2              | and       | auto     | 0       |
|     xor_ln91_2_fu_1646_p2             |     |        | xor_ln91_2              | xor       | auto     | 0       |
|     or_ln91_2_fu_1652_p2              |     |        | or_ln91_2               | or        | auto     | 0       |
|     select_ln91_1_fu_1658_p3          |     |        | select_ln91_1           | select    | auto_sel | 0       |
|     grp_fu_780_p2                     |     |        | icmp_ln79_6             | setgt     | auto     | 0       |
|     xor_ln111_3_fu_1666_p2            |     |        | xor_ln111_3             | xor       | auto     | 0       |
|     grp_fu_780_p2                     |     |        | icmp_ln79_5             | setgt     | auto     | 0       |
|     or_ln111_3_fu_1672_p2             |     |        | or_ln111_3              | or        | auto     | 0       |
|     icmp_ln83_3_fu_1681_p2            |     |        | icmp_ln83_3             | setlt     | auto     | 0       |
|     icmp_ln87_3_fu_1687_p2            |     |        | icmp_ln87_3             | setlt     | auto     | 0       |
|     icmp_ln91_3_fu_1693_p2            |     |        | icmp_ln91_3             | setlt     | auto     | 0       |
|     xor_ln91_10_fu_1699_p2            |     |        | xor_ln91_10             | xor       | auto     | 0       |
|     icmp_ln95_3_fu_1705_p2            |     |        | icmp_ln95_3             | setlt     | auto     | 0       |
|     and_ln91_3_fu_1711_p2             |     |        | and_ln91_3              | and       | auto     | 0       |
|     xor_ln91_3_fu_1717_p2             |     |        | xor_ln91_3              | xor       | auto     | 0       |
|     or_ln91_3_fu_1723_p2              |     |        | or_ln91_3               | or        | auto     | 0       |
|     select_ln91_2_fu_1729_p3          |     |        | select_ln91_2           | select    | auto_sel | 0       |
|     grp_fu_797_p2                     |     |        | icmp_ln79_8             | setgt     | auto     | 0       |
|     xor_ln111_4_fu_1737_p2            |     |        | xor_ln111_4             | xor       | auto     | 0       |
|     grp_fu_797_p2                     |     |        | icmp_ln79_7             | setgt     | auto     | 0       |
|     or_ln111_4_fu_1743_p2             |     |        | or_ln111_4              | or        | auto     | 0       |
|     icmp_ln83_4_fu_1752_p2            |     |        | icmp_ln83_4             | setlt     | auto     | 0       |
|     icmp_ln87_4_fu_1758_p2            |     |        | icmp_ln87_4             | setlt     | auto     | 0       |
|     icmp_ln91_4_fu_1764_p2            |     |        | icmp_ln91_4             | setlt     | auto     | 0       |
|     xor_ln91_11_fu_1770_p2            |     |        | xor_ln91_11             | xor       | auto     | 0       |
|     icmp_ln95_4_fu_1776_p2            |     |        | icmp_ln95_4             | setlt     | auto     | 0       |
|     and_ln91_4_fu_1782_p2             |     |        | and_ln91_4              | and       | auto     | 0       |
|     xor_ln91_4_fu_1788_p2             |     |        | xor_ln91_4              | xor       | auto     | 0       |
|     or_ln91_4_fu_1794_p2              |     |        | or_ln91_4               | or        | auto     | 0       |
|     select_ln91_3_fu_1800_p3          |     |        | select_ln91_3           | select    | auto_sel | 0       |
|     grp_fu_814_p2                     |     |        | icmp_ln79_10            | setgt     | auto     | 0       |
|     xor_ln111_5_fu_1808_p2            |     |        | xor_ln111_5             | xor       | auto     | 0       |
|     grp_fu_814_p2                     |     |        | icmp_ln79_9             | setgt     | auto     | 0       |
|     or_ln111_5_fu_1814_p2             |     |        | or_ln111_5              | or        | auto     | 0       |
|     icmp_ln83_5_fu_1823_p2            |     |        | icmp_ln83_5             | setlt     | auto     | 0       |
|     icmp_ln87_5_fu_1829_p2            |     |        | icmp_ln87_5             | setlt     | auto     | 0       |
|     icmp_ln91_5_fu_1835_p2            |     |        | icmp_ln91_5             | setlt     | auto     | 0       |
|     xor_ln91_12_fu_1841_p2            |     |        | xor_ln91_12             | xor       | auto     | 0       |
|     icmp_ln95_5_fu_1847_p2            |     |        | icmp_ln95_5             | setlt     | auto     | 0       |
|     and_ln91_5_fu_1853_p2             |     |        | and_ln91_5              | and       | auto     | 0       |
|     xor_ln91_5_fu_1859_p2             |     |        | xor_ln91_5              | xor       | auto     | 0       |
|     or_ln91_5_fu_1865_p2              |     |        | or_ln91_5               | or        | auto     | 0       |
|     select_ln91_4_fu_1871_p3          |     |        | select_ln91_4           | select    | auto_sel | 0       |
|     grp_fu_831_p2                     |     |        | icmp_ln79_12            | setgt     | auto     | 0       |
|     xor_ln111_6_fu_1879_p2            |     |        | xor_ln111_6             | xor       | auto     | 0       |
|     grp_fu_831_p2                     |     |        | icmp_ln79_11            | setgt     | auto     | 0       |
|     or_ln111_6_fu_1885_p2             |     |        | or_ln111_6              | or        | auto     | 0       |
|     icmp_ln83_6_fu_1894_p2            |     |        | icmp_ln83_6             | setlt     | auto     | 0       |
|     icmp_ln87_6_fu_1900_p2            |     |        | icmp_ln87_6             | setlt     | auto     | 0       |
|     icmp_ln91_6_fu_1906_p2            |     |        | icmp_ln91_6             | setlt     | auto     | 0       |
|     xor_ln91_13_fu_1912_p2            |     |        | xor_ln91_13             | xor       | auto     | 0       |
|     icmp_ln95_6_fu_1918_p2            |     |        | icmp_ln95_6             | setlt     | auto     | 0       |
|     and_ln91_6_fu_1924_p2             |     |        | and_ln91_6              | and       | auto     | 0       |
|     xor_ln111_7_fu_1936_p2            |     |        | xor_ln111_7             | xor       | auto     | 0       |
|     icmp_ln79_13_fu_1942_p2           |     |        | icmp_ln79_13            | setgt     | auto     | 0       |
|     or_ln111_7_fu_1948_p2             |     |        | or_ln111_7              | or        | auto     | 0       |
|     icmp_ln83_7_fu_1954_p2            |     |        | icmp_ln83_7             | setlt     | auto     | 0       |
|     icmp_ln87_7_fu_1963_p2            |     |        | icmp_ln87_7             | setlt     | auto     | 0       |
|     icmp_ln91_7_fu_1972_p2            |     |        | icmp_ln91_7             | setlt     | auto     | 0       |
|     xor_ln91_14_fu_1978_p2            |     |        | xor_ln91_14             | xor       | auto     | 0       |
|     icmp_ln95_7_fu_1984_p2            |     |        | icmp_ln95_7             | setlt     | auto     | 0       |
|     and_ln91_7_fu_1990_p2             |     |        | and_ln91_7              | and       | auto     | 0       |
|     icmp_ln113_fu_2491_p2             |     |        | icmp_ln113              | setgt     | auto     | 0       |
|     add_ln114_fu_2539_p2              |     |        | add_ln114               | add       | fabric   | 0       |
|     sparsemux_15_3_20_1_1_U7          |     |        | tmp_6                   | sparsemux | auto     | 0       |
|     sparsemux_15_3_20_1_1_U8          |     |        | tmp_7                   | sparsemux | auto     | 0       |
|     sparsemux_15_3_6_1_1_U9           |     |        | tmp_8                   | sparsemux | auto     | 0       |
|     sparsemux_15_3_6_1_1_U10          |     |        | tmp_9                   | sparsemux | auto     | 0       |
|     sparsemux_15_3_4_1_1_U11          |     |        | tmp_s                   | sparsemux | auto     | 0       |
|     sparsemux_15_3_1_1_1_U12          |     |        | tmp_1                   | sparsemux | auto     | 0       |
|   + build_trigger_objects             | 0   |        |                         |           |          |         |
|     icmp_ln196_fu_480_p2              |     |        | icmp_ln196              | seteq     | auto     | 0       |
|     select_ln196_fu_486_p3            |     |        | select_ln196            | select    | auto_sel | 0       |
|     trigger_objects_0_new_0_fu_522_p3 |     |        | trigger_objects_0_new_0 | select    | auto_sel | 0       |
|     icmp_ln196_1_fu_531_p2            |     |        | icmp_ln196_1            | seteq     | auto     | 0       |
|     select_ln196_1_fu_537_p3          |     |        | select_ln196_1          | select    | auto_sel | 0       |
|     trigger_objects_1_new_0_fu_573_p3 |     |        | trigger_objects_1_new_0 | select    | auto_sel | 0       |
|     icmp_ln196_2_fu_582_p2            |     |        | icmp_ln196_2            | seteq     | auto     | 0       |
|     select_ln196_2_fu_588_p3          |     |        | select_ln196_2          | select    | auto_sel | 0       |
|     trigger_objects_2_new_0_fu_624_p3 |     |        | trigger_objects_2_new_0 | select    | auto_sel | 0       |
|     icmp_ln196_3_fu_633_p2            |     |        | icmp_ln196_3            | seteq     | auto     | 0       |
|     select_ln196_3_fu_639_p3          |     |        | select_ln196_3          | select    | auto_sel | 0       |
|     trigger_objects_3_new_0_fu_675_p3 |     |        | trigger_objects_3_new_0 | select    | auto_sel | 0       |
|     icmp_ln196_4_fu_684_p2            |     |        | icmp_ln196_4            | seteq     | auto     | 0       |
|     select_ln196_4_fu_690_p3          |     |        | select_ln196_4          | select    | auto_sel | 0       |
|     trigger_objects_4_new_0_fu_726_p3 |     |        | trigger_objects_4_new_0 | select    | auto_sel | 0       |
|     icmp_ln196_5_fu_735_p2            |     |        | icmp_ln196_5            | seteq     | auto     | 0       |
|     select_ln196_5_fu_741_p3          |     |        | select_ln196_5          | select    | auto_sel | 0       |
|     trigger_objects_5_new_0_fu_777_p3 |     |        | trigger_objects_5_new_0 | select    | auto_sel | 0       |
|     icmp_ln196_6_fu_786_p2            |     |        | icmp_ln196_6            | seteq     | auto     | 0       |
|     select_ln196_6_fu_792_p3          |     |        | select_ln196_6          | select    | auto_sel | 0       |
|     trigger_objects_6_new_0_fu_828_p3 |     |        | trigger_objects_6_new_0 | select    | auto_sel | 0       |
|     icmp_ln196_7_fu_837_p2            |     |        | icmp_ln196_7            | seteq     | auto     | 0       |
|     select_ln196_7_fu_843_p3          |     |        | select_ln196_7          | select    | auto_sel | 0       |
|     trigger_objects_7_new_0_fu_879_p3 |     |        | trigger_objects_7_new_0 | select    | auto_sel | 0       |
+---------------------------------------+-----+--------+-------------------------+-----------+----------+---------+


================================================================
== Storage Report
================================================================
+----------------------------------+--------------+------------+------+------+--------+-----------------------------+--------+---------+------------------+
| Name                             | Usage        | Type       | BRAM | URAM | Pragma | Variable                    | Impl   | Latency | Bitwidth, Depth, |
|                                  |              |            |      |      |        |                             |        |         | Banks            |
+----------------------------------+--------------+------------+------+------+--------+-----------------------------+--------+---------+------------------+
| + calo_trigger_stream_ref        |              |            | 0    | 0    |        |                             |        |         |                  |
|   CTRL_s_axi_U                   | interface    | s_axilite  |      |      |        |                             |        |         |                  |
|  + cluster_sort_build_stream     |              |            | 0    | 0    |        |                             |        |         |                  |
|    cluster_stream_U              | fifo channel | stream     |      |      |        | cluster_stream              | memory | 0       | 61, 64, 1        |
|    top_clusters_et_U             | fifo channel | task level |      |      |        | top_clusters_et             | srl    | 0       | 20, 2, 1         |
|    top_clusters_et_1_U           | fifo channel | task level |      |      |        | top_clusters_et_1           | srl    | 0       | 20, 2, 1         |
|    top_clusters_et_2_U           | fifo channel | task level |      |      |        | top_clusters_et_2           | srl    | 0       | 20, 2, 1         |
|    top_clusters_et_3_U           | fifo channel | task level |      |      |        | top_clusters_et_3           | srl    | 0       | 20, 2, 1         |
|    top_clusters_et_4_U           | fifo channel | task level |      |      |        | top_clusters_et_4           | srl    | 0       | 20, 2, 1         |
|    top_clusters_et_5_U           | fifo channel | task level |      |      |        | top_clusters_et_5           | srl    | 0       | 20, 2, 1         |
|    top_clusters_et_6_U           | fifo channel | task level |      |      |        | top_clusters_et_6           | srl    | 0       | 20, 2, 1         |
|    top_clusters_et_7_U           | fifo channel | task level |      |      |        | top_clusters_et_7           | srl    | 0       | 20, 2, 1         |
|    top_clusters_isolation_et_U   | fifo channel | task level |      |      |        | top_clusters_isolation_et   | srl    | 0       | 20, 2, 1         |
|    top_clusters_isolation_et_1_U | fifo channel | task level |      |      |        | top_clusters_isolation_et_1 | srl    | 0       | 20, 2, 1         |
|    top_clusters_isolation_et_2_U | fifo channel | task level |      |      |        | top_clusters_isolation_et_2 | srl    | 0       | 20, 2, 1         |
|    top_clusters_isolation_et_3_U | fifo channel | task level |      |      |        | top_clusters_isolation_et_3 | srl    | 0       | 20, 2, 1         |
|    top_clusters_isolation_et_4_U | fifo channel | task level |      |      |        | top_clusters_isolation_et_4 | srl    | 0       | 20, 2, 1         |
|    top_clusters_isolation_et_5_U | fifo channel | task level |      |      |        | top_clusters_isolation_et_5 | srl    | 0       | 20, 2, 1         |
|    top_clusters_isolation_et_6_U | fifo channel | task level |      |      |        | top_clusters_isolation_et_6 | srl    | 0       | 20, 2, 1         |
|    top_clusters_isolation_et_7_U | fifo channel | task level |      |      |        | top_clusters_isolation_et_7 | srl    | 0       | 20, 2, 1         |
|    top_clusters_eta_U            | fifo channel | task level |      |      |        | top_clusters_eta            | srl    | 0       | 6, 2, 1          |
|    top_clusters_eta_1_U          | fifo channel | task level |      |      |        | top_clusters_eta_1          | srl    | 0       | 6, 2, 1          |
|    top_clusters_eta_2_U          | fifo channel | task level |      |      |        | top_clusters_eta_2          | srl    | 0       | 6, 2, 1          |
|    top_clusters_eta_3_U          | fifo channel | task level |      |      |        | top_clusters_eta_3          | srl    | 0       | 6, 2, 1          |
|    top_clusters_eta_4_U          | fifo channel | task level |      |      |        | top_clusters_eta_4          | srl    | 0       | 6, 2, 1          |
|    top_clusters_eta_5_U          | fifo channel | task level |      |      |        | top_clusters_eta_5          | srl    | 0       | 6, 2, 1          |
|    top_clusters_eta_6_U          | fifo channel | task level |      |      |        | top_clusters_eta_6          | srl    | 0       | 6, 2, 1          |
|    top_clusters_eta_7_U          | fifo channel | task level |      |      |        | top_clusters_eta_7          | srl    | 0       | 6, 2, 1          |
|    top_clusters_phi_U            | fifo channel | task level |      |      |        | top_clusters_phi            | srl    | 0       | 6, 2, 1          |
|    top_clusters_phi_1_U          | fifo channel | task level |      |      |        | top_clusters_phi_1          | srl    | 0       | 6, 2, 1          |
|    top_clusters_phi_2_U          | fifo channel | task level |      |      |        | top_clusters_phi_2          | srl    | 0       | 6, 2, 1          |
|    top_clusters_phi_3_U          | fifo channel | task level |      |      |        | top_clusters_phi_3          | srl    | 0       | 6, 2, 1          |
|    top_clusters_phi_4_U          | fifo channel | task level |      |      |        | top_clusters_phi_4          | srl    | 0       | 6, 2, 1          |
|    top_clusters_phi_5_U          | fifo channel | task level |      |      |        | top_clusters_phi_5          | srl    | 0       | 6, 2, 1          |
|    top_clusters_phi_6_U          | fifo channel | task level |      |      |        | top_clusters_phi_6          | srl    | 0       | 6, 2, 1          |
|    top_clusters_phi_7_U          | fifo channel | task level |      |      |        | top_clusters_phi_7          | srl    | 0       | 6, 2, 1          |
|    top_clusters_window_size_U    | fifo channel | task level |      |      |        | top_clusters_window_size    | srl    | 0       | 4, 2, 1          |
|    top_clusters_window_size_1_U  | fifo channel | task level |      |      |        | top_clusters_window_size_1  | srl    | 0       | 4, 2, 1          |
|    top_clusters_window_size_2_U  | fifo channel | task level |      |      |        | top_clusters_window_size_2  | srl    | 0       | 4, 2, 1          |
|    top_clusters_window_size_3_U  | fifo channel | task level |      |      |        | top_clusters_window_size_3  | srl    | 0       | 4, 2, 1          |
|    top_clusters_window_size_4_U  | fifo channel | task level |      |      |        | top_clusters_window_size_4  | srl    | 0       | 4, 2, 1          |
|    top_clusters_window_size_5_U  | fifo channel | task level |      |      |        | top_clusters_window_size_5  | srl    | 0       | 4, 2, 1          |
|    top_clusters_window_size_6_U  | fifo channel | task level |      |      |        | top_clusters_window_size_6  | srl    | 0       | 4, 2, 1          |
|    top_clusters_window_size_7_U  | fifo channel | task level |      |      |        | top_clusters_window_size_7  | srl    | 0       | 4, 2, 1          |
|    top_clusters_valid_U          | fifo channel | task level |      |      |        | top_clusters_valid          | srl    | 0       | 1, 2, 1          |
|    top_clusters_valid_1_U        | fifo channel | task level |      |      |        | top_clusters_valid_1        | srl    | 0       | 1, 2, 1          |
|    top_clusters_valid_2_U        | fifo channel | task level |      |      |        | top_clusters_valid_2        | srl    | 0       | 1, 2, 1          |
|    top_clusters_valid_3_U        | fifo channel | task level |      |      |        | top_clusters_valid_3        | srl    | 0       | 1, 2, 1          |
|    top_clusters_valid_4_U        | fifo channel | task level |      |      |        | top_clusters_valid_4        | srl    | 0       | 1, 2, 1          |
|    top_clusters_valid_5_U        | fifo channel | task level |      |      |        | top_clusters_valid_5        | srl    | 0       | 1, 2, 1          |
|    top_clusters_valid_6_U        | fifo channel | task level |      |      |        | top_clusters_valid_6        | srl    | 0       | 1, 2, 1          |
|    top_clusters_valid_7_U        | fifo channel | task level |      |      |        | top_clusters_valid_7        | srl    | 0       | 1, 2, 1          |
+----------------------------------+--------------+------------+------+------+--------+-----------------------------+--------+---------+------------------+


================================================================
== Pragma Report
================================================================
* Valid Pragma Syntax
+-----------------+----------------------------------------------+-------------------------------------------------------------------+
| Type            | Options                                      | Location                                                          |
+-----------------+----------------------------------------------+-------------------------------------------------------------------+
| inline          |                                              | ./calorimeter.h:139 in wrap_phi                                   |
| inline          |                                              | ./calorimeter.h:152 in window_sum                                 |
| unroll          |                                              | ./calorimeter.h:157 in window_sum                                 |
| unroll          |                                              | ./calorimeter.h:159 in window_sum                                 |
| inline          |                                              | ./calorimeter.h:178 in is_local_maximum                           |
| unroll          |                                              | ./calorimeter.h:184 in is_local_maximum                           |
| unroll          |                                              | ./calorimeter.h:186 in is_local_maximum                           |
| inline          |                                              | ./calorimeter.h:218 in isolation_sum                              |
| pipeline        | II=1                                         | ./calorimeter.h:242 in find_clusters                              |
| pipeline        | II=1                                         | ./calorimeter.h:290 in find_clusters_stream                       |
| inline          |                                              | calorimeter.cpp:70 in cluster_is_better                           |
| inline          |                                              | calorimeter.cpp:104 in insert_cluster_into_top_n                  |
| array_partition | variable=top_clusters complete dim=1         | calorimeter.cpp:130 in select_top_n, top_clusters                 |
| unroll          |                                              | calorimeter.cpp:133 in select_top_n                               |
| pipeline        | II=1                                         | calorimeter.cpp:144 in select_top_n                               |
| pipeline        | II=1                                         | calorimeter.cpp:162 in compute_ht                                 |
| array_partition | variable=trigger_objects complete dim=1      | calorimeter.cpp:172 in build_trigger_objects, trigger_objects     |
| array_partition | variable=top_clusters complete dim=1         | calorimeter.cpp:173 in build_trigger_objects, top_clusters        |
| unroll          |                                              | calorimeter.cpp:175 in build_trigger_objects                      |
| interface       | bram port=grid                               | calorimeter.cpp:214 in calo_trigger_ref, grid                     |
| interface       | s_axilite port=seed_threshold bundle=CTRL    | calorimeter.cpp:216 in calo_trigger_ref, seed_threshold           |
| interface       | s_axilite port=cluster_threshold bundle=CTRL | calorimeter.cpp:217 in calo_trigger_ref, cluster_threshold        |
| interface       | s_axilite port=ht bundle=CTRL                | calorimeter.cpp:218 in calo_trigger_ref, ht                       |
| interface       | s_axilite port=num_clusters bundle=CTRL      | calorimeter.cpp:219 in calo_trigger_ref, num_clusters             |
| interface       | s_axilite port=return bundle=CTRL            | calorimeter.cpp:220 in calo_trigger_ref, return                   |
| array_partition | variable=objects complete dim=1              | calorimeter.cpp:222 in calo_trigger_ref, objects                  |
| array_partition | variable=top_clusters complete dim=1         | calorimeter.cpp:226 in calo_trigger_ref, top_clusters             |
| interface       | bram port=towers                             | calorimeter.cpp:254 in calo_trigger_stream_ref, towers            |
| interface       | s_axilite port=seed_threshold bundle=CTRL    | calorimeter.cpp:256 in calo_trigger_stream_ref, seed_threshold    |
| interface       | s_axilite port=cluster_threshold bundle=CTRL | calorimeter.cpp:257 in calo_trigger_stream_ref, cluster_threshold |
| interface       | s_axilite port=ht bundle=CTRL                | calorimeter.cpp:258 in calo_trigger_stream_ref, ht                |
| interface       | s_axilite port=num_clusters bundle=CTRL      | calorimeter.cpp:259 in calo_trigger_stream_ref, num_clusters      |
| interface       | s_axilite port=return bundle=CTRL            | calorimeter.cpp:260 in calo_trigger_stream_ref, return            |
| array_partition | variable=trigger_objects complete dim=1      | calorimeter.cpp:262 in calo_trigger_stream_ref, trigger_objects   |
| array_partition | variable=top_clusters complete dim=1         | calorimeter.cpp:285 in select_top_n_from_stream, top_clusters     |
| unroll          |                                              | calorimeter.cpp:289 in select_top_n_from_stream                   |
| pipeline        | II=1                                         | calorimeter.cpp:300 in select_top_n_from_stream                   |
| dataflow        |                                              | calorimeter.cpp:323 in cluster_sort_build_stream                  |
| stream          | variable=cluster_stream depth=64             | calorimeter.cpp:327 in cluster_sort_build_stream, cluster_stream  |
| array_partition | variable=top_clusters complete dim=1         | calorimeter.cpp:330 in cluster_sort_build_stream, top_clusters    |
+-----------------+----------------------------------------------+-------------------------------------------------------------------+


