

================================================================
== Vitis HLS Report for 'produce_cluster_stream_3x3_iso5'
================================================================
* Date:           Tue May 12 20:42:47 2026

* Version:        2024.1 (Build 5069499 on May 21 2024)
* Project:        calorimeter
* Solution:       solution1 (Vivado IP Flow Target)
* Product family: virtexuplus
* Target device:  xcvu13p-fsga2577-2-e


================================================================
== Performance Estimates
================================================================
+ Timing: 
    * Summary: 
    +--------+----------+----------+------------+
    |  Clock |  Target  | Estimated| Uncertainty|
    +--------+----------+----------+------------+
    |ap_clk  |  25.00 ns|  5.516 ns|     6.75 ns|
    +--------+----------+----------+------------+

+ Latency: 
    * Summary: 
    +---------+---------+----------+----------+-------+-------+---------+
    |  Latency (cycles) |  Latency (absolute) |    Interval   | Pipeline|
    |   min   |   max   |    min   |    max   |  min  |  max  |   Type  |
    +---------+---------+----------+----------+-------+-------+---------+
    |    20283|    20283|  0.507 ms|  0.507 ms|  20283|  20283|       no|
    +---------+---------+----------+----------+-------+-------+---------+

    + Detail: 
        * Instance: 
        +--------------------------------------+----------------------------+---------+---------+----------+----------+-------+-------+-----------------------------------------------+
        |                                      |                            |  Latency (cycles) |  Latency (absolute) |    Interval   |                    Pipeline                   |
        |               Instance               |           Module           |   min   |   max   |    min   |    max   |  min  |  max  |                      Type                     |
        +--------------------------------------+----------------------------+---------+---------+----------+----------+-------+-------+-----------------------------------------------+
        |grp_find_clusters_stream_3_5_s_fu_38  |find_clusters_stream_3_5_s  |    20282|    20282|  0.507 ms|  0.507 ms|  20281|  20281|  loop auto-rewind stp(delay=0 clock cycles(s))|
        +--------------------------------------+----------------------------+---------+---------+----------+----------+-------+-------+-----------------------------------------------+

        * Loop: 
        N/A



================================================================
== Utilization Estimates
================================================================
* Summary: 
+---------------------+---------+-------+---------+---------+------+
|         Name        | BRAM_18K|  DSP  |    FF   |   LUT   | URAM |
+---------------------+---------+-------+---------+---------+------+
|DSP                  |        -|      -|        -|        -|     -|
|Expression           |        -|      -|        0|        2|     -|
|FIFO                 |        -|      -|        -|        -|     -|
|Instance             |        -|      -|      338|     1874|     -|
|Memory               |        -|      -|        -|        -|     -|
|Multiplexer          |        -|      -|        0|       41|     -|
|Register             |        -|      -|        5|        -|     -|
+---------------------+---------+-------+---------+---------+------+
|Total                |        0|      0|      343|     1917|     0|
+---------------------+---------+-------+---------+---------+------+
|Available SLR        |     1344|   3072|   864000|   432000|   320|
+---------------------+---------+-------+---------+---------+------+
|Utilization SLR (%)  |        0|      0|       ~0|       ~0|     0|
+---------------------+---------+-------+---------+---------+------+
|Available            |     5376|  12288|  3456000|  1728000|  1280|
+---------------------+---------+-------+---------+---------+------+
|Utilization (%)      |        0|      0|       ~0|       ~0|     0|
+---------------------+---------+-------+---------+---------+------+

+ Detail: 
    * Instance: 
    +--------------------------------------+----------------------------+---------+----+-----+------+-----+
    |               Instance               |           Module           | BRAM_18K| DSP|  FF |  LUT | URAM|
    +--------------------------------------+----------------------------+---------+----+-----+------+-----+
    |grp_find_clusters_stream_3_5_s_fu_38  |find_clusters_stream_3_5_s  |        0|   0|  338|  1874|    0|
    +--------------------------------------+----------------------------+---------+----+-----+------+-----+
    |Total                                 |                            |        0|   0|  338|  1874|    0|
    +--------------------------------------+----------------------------+---------+----+-----+------+-----+

    * DSP: 
    N/A

    * Memory: 
    N/A

    * FIFO: 
    N/A

    * Expression: 
    +-----------------+----------+----+---+----+------------+------------+
    |  Variable Name  | Operation| DSP| FF| LUT| Bitwidth P0| Bitwidth P1|
    +-----------------+----------+----+---+----+------------+------------+
    |ap_block_state1  |        or|   0|  0|   2|           1|           1|
    +-----------------+----------+----+---+----+------------+------------+
    |Total            |          |   0|  0|   2|           1|           1|
    +-----------------+----------+----+---+----+------------+------------+

    * Multiplexer: 
    +----------------------+----+-----------+-----+-----------+
    |         Name         | LUT| Input Size| Bits| Total Bits|
    +----------------------+----+-----------+-----+-----------+
    |ap_NS_fsm             |  14|          3|    1|          3|
    |ap_done               |   9|          2|    1|          2|
    |cluster_stream_write  |   9|          2|    1|          2|
    |real_start            |   9|          2|    1|          2|
    +----------------------+----+-----------+-----+-----------+
    |Total                 |  41|          9|    4|          9|
    +----------------------+----+-----------+-----+-----------+

    * Register: 
    +---------------------------------------------------+---+----+-----+-----------+
    |                        Name                       | FF| LUT| Bits| Const Bits|
    +---------------------------------------------------+---+----+-----+-----------+
    |ap_CS_fsm                                          |  2|   0|    2|          0|
    |ap_done_reg                                        |  1|   0|    1|          0|
    |grp_find_clusters_stream_3_5_s_fu_38_ap_start_reg  |  1|   0|    1|          0|
    |start_once_reg                                     |  1|   0|    1|          0|
    +---------------------------------------------------+---+----+-----+-----------+
    |Total                                              |  5|   0|    5|          0|
    +---------------------------------------------------+---+----+-----+-----------+



================================================================
== Interface
================================================================
* Summary: 
+-------------------------------+-----+-----+------------+---------------------------------+--------------+
|           RTL Ports           | Dir | Bits|  Protocol  |          Source Object          |    C Type    |
+-------------------------------+-----+-----+------------+---------------------------------+--------------+
|ap_clk                         |   in|    1|  ap_ctrl_hs|  produce_cluster_stream_3x3_iso5|  return value|
|ap_rst                         |   in|    1|  ap_ctrl_hs|  produce_cluster_stream_3x3_iso5|  return value|
|ap_start                       |   in|    1|  ap_ctrl_hs|  produce_cluster_stream_3x3_iso5|  return value|
|start_full_n                   |   in|    1|  ap_ctrl_hs|  produce_cluster_stream_3x3_iso5|  return value|
|ap_done                        |  out|    1|  ap_ctrl_hs|  produce_cluster_stream_3x3_iso5|  return value|
|ap_continue                    |   in|    1|  ap_ctrl_hs|  produce_cluster_stream_3x3_iso5|  return value|
|ap_idle                        |  out|    1|  ap_ctrl_hs|  produce_cluster_stream_3x3_iso5|  return value|
|ap_ready                       |  out|    1|  ap_ctrl_hs|  produce_cluster_stream_3x3_iso5|  return value|
|start_out                      |  out|    1|  ap_ctrl_hs|  produce_cluster_stream_3x3_iso5|  return value|
|start_write                    |  out|    1|  ap_ctrl_hs|  produce_cluster_stream_3x3_iso5|  return value|
|towers_Addr_A                  |  out|   32|        bram|                           towers|         array|
|towers_EN_A                    |  out|    1|        bram|                           towers|         array|
|towers_WEN_A                   |  out|    2|        bram|                           towers|         array|
|towers_Din_A                   |  out|   16|        bram|                           towers|         array|
|towers_Dout_A                  |   in|   16|        bram|                           towers|         array|
|towers_Addr_B                  |  out|   32|        bram|                           towers|         array|
|towers_EN_B                    |  out|    1|        bram|                           towers|         array|
|towers_WEN_B                   |  out|    2|        bram|                           towers|         array|
|towers_Din_B                   |  out|   16|        bram|                           towers|         array|
|towers_Dout_B                  |   in|   16|        bram|                           towers|         array|
|seed_threshold                 |   in|   12|     ap_none|                   seed_threshold|        scalar|
|cluster_threshold              |   in|   20|     ap_none|                cluster_threshold|        scalar|
|cluster_stream_din             |  out|   61|     ap_fifo|                   cluster_stream|       pointer|
|cluster_stream_num_data_valid  |   in|    7|     ap_fifo|                   cluster_stream|       pointer|
|cluster_stream_fifo_cap        |   in|    7|     ap_fifo|                   cluster_stream|       pointer|
|cluster_stream_full_n          |   in|    1|     ap_fifo|                   cluster_stream|       pointer|
|cluster_stream_write           |  out|    1|     ap_fifo|                   cluster_stream|       pointer|
+-------------------------------+-----+-----+------------+---------------------------------+--------------+

