

================================================================
== Vitis HLS Report for 'calo_trigger_ref_Pipeline_VITIS_LOOP_156_1'
================================================================
* Date:           Tue May 12 15:59:08 2026

* Version:        2024.1 (Build 5069499 on May 21 2024)
* Project:        calorimeter
* Solution:       solution1 (Vivado IP Flow Target)
* Product family: virtexuplus
* Target device:  xcvu13p-fsga2577-2-e


================================================================
== Performance Estimates
================================================================
+ Timing: 
    * Summary: 
    +--------+----------+----------+------------+
    |  Clock |  Target  | Estimated| Uncertainty|
    +--------+----------+----------+------------+
    |ap_clk  |  25.00 ns|  2.083 ns|     6.75 ns|
    +--------+----------+----------+------------+

+ Latency: 
    * Summary: 
    +---------+---------+----------+----------+-----+-----+-----------------------------------------------+
    |  Latency (cycles) |  Latency (absolute) |  Interval |                    Pipeline                   |
    |   min   |   max   |    min   |    max   | min | max |                      Type                     |
    +---------+---------+----------+----------+-----+-----+-----------------------------------------------+
    |       11|       11|  0.275 us|  0.275 us|    9|    9|  loop auto-rewind stp(delay=0 clock cycles(s))|
    +---------+---------+----------+----------+-----+-----+-----------------------------------------------+

    + Detail: 
        * Instance: 
        N/A

        * Loop: 
        +--------------------+---------+---------+----------+-----------+-----------+------+----------+
        |                    |  Latency (cycles) | Iteration|  Initiation Interval  | Trip |          |
        |      Loop Name     |   min   |   max   |  Latency |  achieved |   target  | Count| Pipelined|
        +--------------------+---------+---------+----------+-----------+-----------+------+----------+
        |- VITIS_LOOP_156_1  |        9|        9|         3|          1|          1|     8|       yes|
        +--------------------+---------+---------+----------+-----------+-----------+------+----------+



================================================================
== Utilization Estimates
================================================================
* Summary: 
+---------------------+---------+-------+---------+---------+------+
|         Name        | BRAM_18K|  DSP  |    FF   |   LUT   | URAM |
+---------------------+---------+-------+---------+---------+------+
|DSP                  |        -|      -|        -|        -|     -|
|Expression           |        -|      -|        0|       38|     -|
|FIFO                 |        -|      -|        -|        -|     -|
|Instance             |        -|      -|        -|        -|     -|
|Memory               |        -|      -|        -|        -|     -|
|Multiplexer          |        -|      -|        0|       36|     -|
|Register             |        -|      -|       20|        -|     -|
+---------------------+---------+-------+---------+---------+------+
|Total                |        0|      0|       20|       74|     0|
+---------------------+---------+-------+---------+---------+------+
|Available SLR        |     1344|   3072|   864000|   432000|   320|
+---------------------+---------+-------+---------+---------+------+
|Utilization SLR (%)  |        0|      0|       ~0|       ~0|     0|
+---------------------+---------+-------+---------+---------+------+
|Available            |     5376|  12288|  3456000|  1728000|  1280|
+---------------------+---------+-------+---------+---------+------+
|Utilization (%)      |        0|      0|       ~0|       ~0|     0|
+---------------------+---------+-------+---------+---------+------+

+ Detail: 
    * Instance: 
    N/A

    * DSP: 
    N/A

    * Memory: 
    N/A

    * FIFO: 
    N/A

    * Expression: 
    +------------------------+----------+----+---+----+------------+------------+
    |      Variable Name     | Operation| DSP| FF| LUT| Bitwidth P0| Bitwidth P1|
    +------------------------+----------+----+---+----+------------+------------+
    |add_ln156_fu_172_p2     |         +|   0|  0|  12|           4|           1|
    |icmp_ln156_fu_166_p2    |      icmp|   0|  0|  12|           4|           5|
    |icmp_ln177_fu_205_p2    |      icmp|   0|  0|   9|           2|           2|
    |select_ln177_fu_211_p3  |    select|   0|  0|   3|           1|           1|
    |ap_enable_pp0           |       xor|   0|  0|   2|           1|           2|
    +------------------------+----------+----+---+----+------------+------------+
    |Total                   |          |   0|  0|  38|          12|          11|
    +------------------------+----------+----+---+----+------------+------------+

    * Multiplexer: 
    +-------------------------+----+-----------+-----+-----------+
    |           Name          | LUT| Input Size| Bits| Total Bits|
    +-------------------------+----+-----------+-----+-----------+
    |ap_done_int              |   9|          2|    1|          2|
    |ap_enable_reg_pp0_iter1  |   9|          2|    1|          2|
    |ap_sig_allocacmp_i_2     |   9|          2|    4|          8|
    |i_fu_58                  |   9|          2|    4|          8|
    +-------------------------+----+-----------+-----+-----------+
    |Total                    |  36|          8|   10|         20|
    +-------------------------+----+-----------+-----+-----------+

    * Register: 
    +------------------------------------+---+----+-----+-----------+
    |                Name                | FF| LUT| Bits| Const Bits|
    +------------------------------------+---+----+-----+-----------+
    |ap_CS_fsm                           |  1|   0|    1|          0|
    |ap_done_reg                         |  1|   0|    1|          0|
    |ap_enable_reg_pp0_iter1             |  1|   0|    1|          0|
    |ap_enable_reg_pp0_iter2             |  1|   0|    1|          0|
    |ap_loop_exit_ready_pp0_iter1_reg    |  1|   0|    1|          0|
    |i_fu_58                             |  4|   0|    4|          0|
    |objects_addr_reg_268                |  3|   0|    3|          0|
    |objects_addr_reg_268_pp0_iter1_reg  |  3|   0|    3|          0|
    |top_clusters_valid_load_reg_278     |  1|   0|    1|          0|
    |zext_ln156_reg_259                  |  4|   0|   64|         60|
    +------------------------------------+---+----+-----+-----------+
    |Total                               | 20|   0|   80|         60|
    +------------------------------------+---+----+-----+-----------+



================================================================
== Interface
================================================================
* Summary: 
+------------------------------------+-----+-----+------------+--------------------------------------------+--------------+
|              RTL Ports             | Dir | Bits|  Protocol  |                Source Object               |    C Type    |
+------------------------------------+-----+-----+------------+--------------------------------------------+--------------+
|ap_clk                              |   in|    1|  ap_ctrl_hs|  calo_trigger_ref_Pipeline_VITIS_LOOP_156_1|  return value|
|ap_rst                              |   in|    1|  ap_ctrl_hs|  calo_trigger_ref_Pipeline_VITIS_LOOP_156_1|  return value|
|ap_start                            |   in|    1|  ap_ctrl_hs|  calo_trigger_ref_Pipeline_VITIS_LOOP_156_1|  return value|
|ap_done                             |  out|    1|  ap_ctrl_hs|  calo_trigger_ref_Pipeline_VITIS_LOOP_156_1|  return value|
|ap_idle                             |  out|    1|  ap_ctrl_hs|  calo_trigger_ref_Pipeline_VITIS_LOOP_156_1|  return value|
|ap_ready                            |  out|    1|  ap_ctrl_hs|  calo_trigger_ref_Pipeline_VITIS_LOOP_156_1|  return value|
|objects_address0                    |  out|    3|   ap_memory|                                     objects|         array|
|objects_ce0                         |  out|    1|   ap_memory|                                     objects|         array|
|objects_we0                         |  out|    1|   ap_memory|                                     objects|         array|
|objects_d0                          |  out|   89|   ap_memory|                                     objects|         array|
|objects_address1                    |  out|    3|   ap_memory|                                     objects|         array|
|objects_ce1                         |  out|    1|   ap_memory|                                     objects|         array|
|objects_we1                         |  out|    1|   ap_memory|                                     objects|         array|
|objects_d1                          |  out|   89|   ap_memory|                                     objects|         array|
|top_clusters_valid_address0         |  out|    3|   ap_memory|                          top_clusters_valid|         array|
|top_clusters_valid_ce0              |  out|    1|   ap_memory|                          top_clusters_valid|         array|
|top_clusters_valid_q0               |   in|    1|   ap_memory|                          top_clusters_valid|         array|
|top_clusters_et_address0            |  out|    3|   ap_memory|                             top_clusters_et|         array|
|top_clusters_et_ce0                 |  out|    1|   ap_memory|                             top_clusters_et|         array|
|top_clusters_et_q0                  |   in|   16|   ap_memory|                             top_clusters_et|         array|
|top_clusters_isolation_et_address0  |  out|    3|   ap_memory|                   top_clusters_isolation_et|         array|
|top_clusters_isolation_et_ce0       |  out|    1|   ap_memory|                   top_clusters_isolation_et|         array|
|top_clusters_isolation_et_q0        |   in|   18|   ap_memory|                   top_clusters_isolation_et|         array|
|top_clusters_eta_address0           |  out|    3|   ap_memory|                            top_clusters_eta|         array|
|top_clusters_eta_ce0                |  out|    1|   ap_memory|                            top_clusters_eta|         array|
|top_clusters_eta_q0                 |   in|    5|   ap_memory|                            top_clusters_eta|         array|
|top_clusters_phi_address0           |  out|    3|   ap_memory|                            top_clusters_phi|         array|
|top_clusters_phi_ce0                |  out|    1|   ap_memory|                            top_clusters_phi|         array|
|top_clusters_phi_q0                 |   in|    6|   ap_memory|                            top_clusters_phi|         array|
|top_clusters_window_size_address0   |  out|    3|   ap_memory|                    top_clusters_window_size|         array|
|top_clusters_window_size_ce0        |  out|    1|   ap_memory|                    top_clusters_window_size|         array|
|top_clusters_window_size_q0         |   in|    2|   ap_memory|                    top_clusters_window_size|         array|
+------------------------------------+-----+-----+------------+--------------------------------------------+--------------+

