

================================================================
== Vitis HLS Report for 'calo_trigger_ref'
================================================================
* Date:           Tue May 12 15:59:09 2026

* Version:        2024.1 (Build 5069499 on May 21 2024)
* Project:        calorimeter
* Solution:       solution1 (Vivado IP Flow Target)
* Product family: virtexuplus
* Target device:  xcvu13p-fsga2577-2-e


================================================================
== Performance Estimates
================================================================
+ Timing: 
    * Summary: 
    +--------+----------+----------+------------+
    |  Clock |  Target  | Estimated| Uncertainty|
    +--------+----------+----------+------------+
    |ap_clk  |  25.00 ns|  9.750 ns|     6.75 ns|
    +--------+----------+----------+------------+

+ Latency: 
    * Summary: 
    +---------+---------+----------+----------+-------+--------+---------+
    |  Latency (cycles) |  Latency (absolute) |    Interval    | Pipeline|
    |   min   |   max   |    min   |    max   |  min  |   max  |   Type  |
    +---------+---------+----------+----------+-------+--------+---------+
    |    22567|   132367|  0.564 ms|  3.309 ms|  22568|  132368|       no|
    +---------+---------+----------+----------+-------+--------+---------+

    + Detail: 
        * Instance: 
        +------------------------------------------------------------------------+-------------------------------------------------------------+---------+---------+-----------+-----------+-------+--------+-----------------------------------------------+
        |                                                                        |                                                             |  Latency (cycles) |   Latency (absolute)  |    Interval    |                    Pipeline                   |
        |                                Instance                                |                            Module                           |   min   |   max   |    min    |    max    |  min  |   max  |                      Type                     |
        +------------------------------------------------------------------------+-------------------------------------------------------------+---------+---------+-----------+-----------+-------+--------+-----------------------------------------------+
        |grp_find_clusters_3_5_s_fu_134                                          |find_clusters_3_5_s                                          |    18939|    18939|   0.473 ms|   0.473 ms|  18938|   18938|  loop auto-rewind stp(delay=0 clock cycles(s))|
        |grp_select_top_n_fu_159                                                 |select_top_n                                                 |     3612|   113412|  90.300 us|   2.835 ms|   3612|  113412|                                             no|
        |grp_calo_trigger_ref_Pipeline_VITIS_LOOP_145_1_VITIS_LOOP_146_2_fu_178  |calo_trigger_ref_Pipeline_VITIS_LOOP_145_1_VITIS_LOOP_146_2  |     1802|     1802|  45.050 us|  45.050 us|   1801|    1801|  loop auto-rewind stp(delay=0 clock cycles(s))|
        |grp_calo_trigger_ref_Pipeline_VITIS_LOOP_156_1_fu_185                   |calo_trigger_ref_Pipeline_VITIS_LOOP_156_1                   |       11|       11|   0.275 us|   0.275 us|      9|       9|  loop auto-rewind stp(delay=0 clock cycles(s))|
        +------------------------------------------------------------------------+-------------------------------------------------------------+---------+---------+-----------+-----------+-------+--------+-----------------------------------------------+

        * Loop: 
        N/A



================================================================
== Utilization Estimates
================================================================
* Summary: 
+---------------------+---------+-------+---------+---------+------+
|         Name        | BRAM_18K|  DSP  |    FF   |   LUT   | URAM |
+---------------------+---------+-------+---------+---------+------+
|DSP                  |        -|      -|        -|        -|     -|
|Expression           |        -|      -|        0|        2|     -|
|FIFO                 |        -|      -|        -|        -|     -|
|Instance             |        -|      -|      895|     3337|     -|
|Memory               |       11|      -|       72|       79|     0|
|Multiplexer          |        -|      -|        0|      609|     -|
|Register             |        -|      -|       42|        -|     -|
+---------------------+---------+-------+---------+---------+------+
|Total                |       11|      0|     1009|     4027|     0|
+---------------------+---------+-------+---------+---------+------+
|Available SLR        |     1344|   3072|   864000|   432000|   320|
+---------------------+---------+-------+---------+---------+------+
|Utilization SLR (%)  |       ~0|      0|       ~0|       ~0|     0|
+---------------------+---------+-------+---------+---------+------+
|Available            |     5376|  12288|  3456000|  1728000|  1280|
+---------------------+---------+-------+---------+---------+------+
|Utilization (%)      |       ~0|      0|       ~0|       ~0|     0|
+---------------------+---------+-------+---------+---------+------+

+ Detail: 
    * Instance: 
    +------------------------------------------------------------------------+-------------------------------------------------------------+---------+----+-----+------+-----+
    |                                Instance                                |                            Module                           | BRAM_18K| DSP|  FF |  LUT | URAM|
    +------------------------------------------------------------------------+-------------------------------------------------------------+---------+----+-----+------+-----+
    |grp_calo_trigger_ref_Pipeline_VITIS_LOOP_145_1_VITIS_LOOP_146_2_fu_178  |calo_trigger_ref_Pipeline_VITIS_LOOP_145_1_VITIS_LOOP_146_2  |        0|   0|   48|   232|    0|
    |grp_calo_trigger_ref_Pipeline_VITIS_LOOP_156_1_fu_185                   |calo_trigger_ref_Pipeline_VITIS_LOOP_156_1                   |        0|   0|   20|    74|    0|
    |grp_find_clusters_3_5_s_fu_134                                          |find_clusters_3_5_s                                          |        0|   0|  660|  2044|    0|
    |grp_select_top_n_fu_159                                                 |select_top_n                                                 |        0|   0|  167|   987|    0|
    +------------------------------------------------------------------------+-------------------------------------------------------------+---------+----+-----+------+-----+
    |Total                                                                   |                                                             |        0|   0|  895|  3337|    0|
    +------------------------------------------------------------------------+-------------------------------------------------------------+---------+----+-----+------+-----+

    * DSP: 
    N/A

    * Memory: 
    +-------------------------------+-------------------------------------------+---------+----+----+-----+------+-----+------+-------------+
    |             Memory            |                   Module                  | BRAM_18K| FF | LUT| URAM| Words| Bits| Banks| W*Bits*Banks|
    +-------------------------------+-------------------------------------------+---------+----+----+-----+------+-----+------+-------------+
    |clusters_et_U                  |clusters_et_RAM_AUTO_1R1W                  |        2|   0|   0|    0|  1800|   16|     1|        28800|
    |clusters_eta_U                 |clusters_eta_RAM_AUTO_1R1W                 |        1|   0|   0|    0|  1800|    5|     1|         9000|
    |clusters_iso_outer_size_U      |clusters_iso_outer_size_RAM_AUTO_1R1W      |        1|   0|   0|    0|  1800|    3|     1|         5400|
    |clusters_isolation_et_U        |clusters_isolation_et_RAM_AUTO_1R1W        |        4|   0|   0|    0|  1800|   18|     1|        32400|
    |clusters_phi_U                 |clusters_phi_RAM_AUTO_1R1W                 |        1|   0|   0|    0|  1800|    6|     1|        10800|
    |clusters_window_size_U         |clusters_window_size_RAM_AUTO_1R1W         |        1|   0|   0|    0|  1800|    1|     1|         1800|
    |clusters_valid_U               |clusters_window_size_RAM_AUTO_1R1W         |        1|   0|   0|    0|  1800|    1|     1|         1800|
    |top_clusters_et_U              |top_clusters_et_RAM_AUTO_1R1W              |        0|  16|  17|    0|     8|   16|     1|          128|
    |top_clusters_eta_U             |top_clusters_eta_RAM_AUTO_1R1W             |        0|   8|   9|    0|     8|    5|     1|           40|
    |top_clusters_iso_outer_size_U  |top_clusters_iso_outer_size_RAM_AUTO_1R1W  |        0|   4|   5|    0|     8|    3|     1|           24|
    |top_clusters_isolation_et_U    |top_clusters_isolation_et_RAM_AUTO_1R1W    |        0|  32|  33|    0|     8|   18|     1|          144|
    |top_clusters_phi_U             |top_clusters_phi_RAM_AUTO_1R1W             |        0|   8|   9|    0|     8|    6|     1|           48|
    |top_clusters_valid_U           |top_clusters_valid_RAM_AUTO_1R1W           |        0|   2|   3|    0|     8|    1|     1|            8|
    |top_clusters_window_size_U     |top_clusters_window_size_RAM_AUTO_1R1W     |        0|   2|   3|    0|     8|    2|     1|           16|
    +-------------------------------+-------------------------------------------+---------+----+----+-----+------+-----+------+-------------+
    |Total                          |                                           |       11|  72|  79|    0| 12656|  101|    14|        90408|
    +-------------------------------+-------------------------------------------+---------+----+----+-----+------+-----+------+-------------+

    * FIFO: 
    N/A

    * Expression: 
    +---------------------------------+----------+----+---+----+------------+------------+
    |          Variable Name          | Operation| DSP| FF| LUT| Bitwidth P0| Bitwidth P1|
    +---------------------------------+----------+----+---+----+------------+------------+
    |ap_block_state4_on_subcall_done  |        or|   0|  0|   2|           1|           1|
    +---------------------------------+----------+----+---+----+------------+------------+
    |Total                            |          |   0|  0|   2|           1|           1|
    +---------------------------------+----------+----+---+----+------------+------------+

    * Multiplexer: 
    +------------------------------------+----+-----------+-----+-----------+
    |                Name                | LUT| Input Size| Bits| Total Bits|
    +------------------------------------+----+-----------+-----+-----------+
    |ap_NS_fsm                           |  37|          7|    1|          7|
    |clusters_et_address0                |  14|          3|   11|         33|
    |clusters_et_ce0                     |  14|          3|    1|          3|
    |clusters_et_we0                     |   9|          2|    1|          2|
    |clusters_eta_address0               |  14|          3|   11|         33|
    |clusters_eta_ce0                    |  14|          3|    1|          3|
    |clusters_eta_we0                    |   9|          2|    1|          2|
    |clusters_iso_outer_size_address0    |  14|          3|   11|         33|
    |clusters_iso_outer_size_ce0         |  14|          3|    1|          3|
    |clusters_iso_outer_size_we0         |   9|          2|    1|          2|
    |clusters_isolation_et_address0      |  14|          3|   11|         33|
    |clusters_isolation_et_ce0           |  14|          3|    1|          3|
    |clusters_isolation_et_we0           |   9|          2|    1|          2|
    |clusters_phi_address0               |  14|          3|   11|         33|
    |clusters_phi_ce0                    |  14|          3|    1|          3|
    |clusters_phi_we0                    |   9|          2|    1|          2|
    |clusters_valid_address0             |  14|          3|   11|         33|
    |clusters_valid_ce0                  |  14|          3|    1|          3|
    |clusters_valid_we0                  |   9|          2|    1|          2|
    |clusters_window_size_address0       |  14|          3|   11|         33|
    |clusters_window_size_ce0            |  14|          3|    1|          3|
    |clusters_window_size_we0            |   9|          2|    1|          2|
    |grid_address0                       |  14|          3|   11|         33|
    |grid_ce0                            |  14|          3|    1|          3|
    |grid_ce1                            |   9|          2|    1|          2|
    |top_clusters_et_address0            |  14|          3|    3|          9|
    |top_clusters_et_ce0                 |  14|          3|    1|          3|
    |top_clusters_et_ce1                 |   9|          2|    1|          2|
    |top_clusters_et_we0                 |   9|          2|    1|          2|
    |top_clusters_eta_address0           |  14|          3|    3|          9|
    |top_clusters_eta_ce0                |  14|          3|    1|          3|
    |top_clusters_eta_ce1                |   9|          2|    1|          2|
    |top_clusters_eta_we0                |   9|          2|    1|          2|
    |top_clusters_isolation_et_address0  |  14|          3|    3|          9|
    |top_clusters_isolation_et_ce0       |  14|          3|    1|          3|
    |top_clusters_isolation_et_ce1       |   9|          2|    1|          2|
    |top_clusters_isolation_et_we0       |   9|          2|    1|          2|
    |top_clusters_phi_address0           |  14|          3|    3|          9|
    |top_clusters_phi_ce0                |  14|          3|    1|          3|
    |top_clusters_phi_ce1                |   9|          2|    1|          2|
    |top_clusters_phi_we0                |   9|          2|    1|          2|
    |top_clusters_valid_address0         |  14|          3|    3|          9|
    |top_clusters_valid_ce0              |  14|          3|    1|          3|
    |top_clusters_valid_ce1              |   9|          2|    1|          2|
    |top_clusters_valid_we0              |   9|          2|    1|          2|
    |top_clusters_window_size_address0   |  14|          3|    3|          9|
    |top_clusters_window_size_ce0        |  14|          3|    1|          3|
    |top_clusters_window_size_ce1        |   9|          2|    1|          2|
    |top_clusters_window_size_we0        |   9|          2|    1|          2|
    +------------------------------------+----+-----------+-----+-----------+
    |Total                               | 609|        131|  141|        407|
    +------------------------------------+----+-----------+-----+-----------+

    * Register: 
    +-------------------------------------------------------------------------------------+----+----+-----+-----------+
    |                                         Name                                        | FF | LUT| Bits| Const Bits|
    +-------------------------------------------------------------------------------------+----+----+-----+-----------+
    |ap_CS_fsm                                                                            |   6|   0|    6|          0|
    |grp_calo_trigger_ref_Pipeline_VITIS_LOOP_145_1_VITIS_LOOP_146_2_fu_178_ap_start_reg  |   1|   0|    1|          0|
    |grp_calo_trigger_ref_Pipeline_VITIS_LOOP_156_1_fu_185_ap_start_reg                   |   1|   0|    1|          0|
    |grp_find_clusters_3_5_s_fu_134_ap_start_reg                                          |   1|   0|    1|          0|
    |grp_select_top_n_fu_159_ap_start_reg                                                 |   1|   0|    1|          0|
    |local_num_clusters_reg_221                                                           |  32|   0|   32|          0|
    +-------------------------------------------------------------------------------------+----+----+-----+-----------+
    |Total                                                                                |  42|   0|   42|          0|
    +-------------------------------------------------------------------------------------+----+----+-----+-----------+



================================================================
== Interface
================================================================
* Summary: 
+---------------------+-----+-----+------------+-------------------+--------------+
|      RTL Ports      | Dir | Bits|  Protocol  |   Source Object   |    C Type    |
+---------------------+-----+-----+------------+-------------------+--------------+
|ap_clk               |   in|    1|  ap_ctrl_hs|   calo_trigger_ref|  return value|
|ap_rst               |   in|    1|  ap_ctrl_hs|   calo_trigger_ref|  return value|
|ap_start             |   in|    1|  ap_ctrl_hs|   calo_trigger_ref|  return value|
|ap_done              |  out|    1|  ap_ctrl_hs|   calo_trigger_ref|  return value|
|ap_idle              |  out|    1|  ap_ctrl_hs|   calo_trigger_ref|  return value|
|ap_ready             |  out|    1|  ap_ctrl_hs|   calo_trigger_ref|  return value|
|grid_address0        |  out|   11|   ap_memory|               grid|         array|
|grid_ce0             |  out|    1|   ap_memory|               grid|         array|
|grid_q0              |   in|   12|   ap_memory|               grid|         array|
|grid_address1        |  out|   11|   ap_memory|               grid|         array|
|grid_ce1             |  out|    1|   ap_memory|               grid|         array|
|grid_q1              |   in|   12|   ap_memory|               grid|         array|
|seed_threshold       |   in|   12|     ap_none|     seed_threshold|        scalar|
|cluster_threshold    |   in|   20|     ap_none|  cluster_threshold|        scalar|
|objects_address0     |  out|    3|   ap_memory|            objects|         array|
|objects_ce0          |  out|    1|   ap_memory|            objects|         array|
|objects_we0          |  out|    1|   ap_memory|            objects|         array|
|objects_d0           |  out|   89|   ap_memory|            objects|         array|
|objects_address1     |  out|    3|   ap_memory|            objects|         array|
|objects_ce1          |  out|    1|   ap_memory|            objects|         array|
|objects_we1          |  out|    1|   ap_memory|            objects|         array|
|objects_d1           |  out|   89|   ap_memory|            objects|         array|
|ht                   |  out|   24|      ap_vld|                 ht|       pointer|
|ht_ap_vld            |  out|    1|      ap_vld|                 ht|       pointer|
|num_clusters         |  out|   32|      ap_vld|       num_clusters|       pointer|
|num_clusters_ap_vld  |  out|    1|      ap_vld|       num_clusters|       pointer|
+---------------------+-----+-----+------------+-------------------+--------------+

