

================================================================
== Vitis HLS Report for 'select_top_n_Pipeline_VITIS_LOOP_108_1'
================================================================
* Date:           Tue May 12 15:59:08 2026

* Version:        2024.1 (Build 5069499 on May 21 2024)
* Project:        calorimeter
* Solution:       solution1 (Vivado IP Flow Target)
* Product family: virtexuplus
* Target device:  xcvu13p-fsga2577-2-e


================================================================
== Performance Estimates
================================================================
+ Timing: 
    * Summary: 
    +--------+----------+----------+------------+
    |  Clock |  Target  | Estimated| Uncertainty|
    +--------+----------+----------+------------+
    |ap_clk  |  25.00 ns|  1.794 ns|     6.75 ns|
    +--------+----------+----------+------------+

+ Latency: 
    * Summary: 
    +---------+---------+----------+----------+-----+-----+-----------------------------------------------+
    |  Latency (cycles) |  Latency (absolute) |  Interval |                    Pipeline                   |
    |   min   |   max   |    min   |    max   | min | max |                      Type                     |
    +---------+---------+----------+----------+-----+-----+-----------------------------------------------+
    |       10|       10|  0.250 us|  0.250 us|    9|    9|  loop auto-rewind stp(delay=0 clock cycles(s))|
    +---------+---------+----------+----------+-----+-----+-----------------------------------------------+

    + Detail: 
        * Instance: 
        N/A

        * Loop: 
        +--------------------+---------+---------+----------+-----------+-----------+------+----------+
        |                    |  Latency (cycles) | Iteration|  Initiation Interval  | Trip |          |
        |      Loop Name     |   min   |   max   |  Latency |  achieved |   target  | Count| Pipelined|
        +--------------------+---------+---------+----------+-----------+-----------+------+----------+
        |- VITIS_LOOP_108_1  |        8|        8|         1|          1|          1|     8|       yes|
        +--------------------+---------+---------+----------+-----------+-----------+------+----------+



================================================================
== Utilization Estimates
================================================================
* Summary: 
+---------------------+---------+-------+---------+---------+------+
|         Name        | BRAM_18K|  DSP  |    FF   |   LUT   | URAM |
+---------------------+---------+-------+---------+---------+------+
|DSP                  |        -|      -|        -|        -|     -|
|Expression           |        -|      -|        0|       24|     -|
|FIFO                 |        -|      -|        -|        -|     -|
|Instance             |        -|      -|        -|        -|     -|
|Memory               |        -|      -|        -|        -|     -|
|Multiplexer          |        -|      -|        0|       27|     -|
|Register             |        -|      -|        6|        -|     -|
+---------------------+---------+-------+---------+---------+------+
|Total                |        0|      0|        6|       51|     0|
+---------------------+---------+-------+---------+---------+------+
|Available SLR        |     1344|   3072|   864000|   432000|   320|
+---------------------+---------+-------+---------+---------+------+
|Utilization SLR (%)  |        0|      0|       ~0|       ~0|     0|
+---------------------+---------+-------+---------+---------+------+
|Available            |     5376|  12288|  3456000|  1728000|  1280|
+---------------------+---------+-------+---------+---------+------+
|Utilization (%)      |        0|      0|       ~0|       ~0|     0|
+---------------------+---------+-------+---------+---------+------+

+ Detail: 
    * Instance: 
    N/A

    * DSP: 
    N/A

    * Memory: 
    N/A

    * FIFO: 
    N/A

    * Expression: 
    +----------------------+----------+----+---+----+------------+------------+
    |     Variable Name    | Operation| DSP| FF| LUT| Bitwidth P0| Bitwidth P1|
    +----------------------+----------+----+---+----+------------+------------+
    |add_ln108_fu_170_p2   |         +|   0|  0|  12|           4|           1|
    |icmp_ln108_fu_164_p2  |      icmp|   0|  0|  12|           4|           5|
    +----------------------+----------+----+---+----+------------+------------+
    |Total                 |          |   0|  0|  24|           8|           6|
    +----------------------+----------+----+---+----+------------+------------+

    * Multiplexer: 
    +----------------------+----+-----------+-----+-----------+
    |         Name         | LUT| Input Size| Bits| Total Bits|
    +----------------------+----+-----------+-----+-----------+
    |ap_done_int           |   9|          2|    1|          2|
    |ap_sig_allocacmp_i_1  |   9|          2|    4|          8|
    |i_fu_54               |   9|          2|    4|          8|
    +----------------------+----+-----------+-----+-----------+
    |Total                 |  27|          6|    9|         18|
    +----------------------+----+-----------+-----+-----------+

    * Register: 
    +-------------+---+----+-----+-----------+
    |     Name    | FF| LUT| Bits| Const Bits|
    +-------------+---+----+-----+-----------+
    |ap_CS_fsm    |  1|   0|    1|          0|
    |ap_done_reg  |  1|   0|    1|          0|
    |i_fu_54      |  4|   0|    4|          0|
    +-------------+---+----+-----+-----------+
    |Total        |  6|   0|    6|          0|
    +-------------+---+----+-----+-----------+



================================================================
== Interface
================================================================
* Summary: 
+--------------------------------------+-----+-----+------------+----------------------------------------+--------------+
|               RTL Ports              | Dir | Bits|  Protocol  |              Source Object             |    C Type    |
+--------------------------------------+-----+-----+------------+----------------------------------------+--------------+
|ap_clk                                |   in|    1|  ap_ctrl_hs|  select_top_n_Pipeline_VITIS_LOOP_108_1|  return value|
|ap_rst                                |   in|    1|  ap_ctrl_hs|  select_top_n_Pipeline_VITIS_LOOP_108_1|  return value|
|ap_start                              |   in|    1|  ap_ctrl_hs|  select_top_n_Pipeline_VITIS_LOOP_108_1|  return value|
|ap_done                               |  out|    1|  ap_ctrl_hs|  select_top_n_Pipeline_VITIS_LOOP_108_1|  return value|
|ap_idle                               |  out|    1|  ap_ctrl_hs|  select_top_n_Pipeline_VITIS_LOOP_108_1|  return value|
|ap_ready                              |  out|    1|  ap_ctrl_hs|  select_top_n_Pipeline_VITIS_LOOP_108_1|  return value|
|top_clusters_et_address0              |  out|    3|   ap_memory|                         top_clusters_et|         array|
|top_clusters_et_ce0                   |  out|    1|   ap_memory|                         top_clusters_et|         array|
|top_clusters_et_we0                   |  out|    1|   ap_memory|                         top_clusters_et|         array|
|top_clusters_et_d0                    |  out|   16|   ap_memory|                         top_clusters_et|         array|
|top_clusters_isolation_et_address0    |  out|    3|   ap_memory|               top_clusters_isolation_et|         array|
|top_clusters_isolation_et_ce0         |  out|    1|   ap_memory|               top_clusters_isolation_et|         array|
|top_clusters_isolation_et_we0         |  out|    1|   ap_memory|               top_clusters_isolation_et|         array|
|top_clusters_isolation_et_d0          |  out|   18|   ap_memory|               top_clusters_isolation_et|         array|
|top_clusters_eta_address0             |  out|    3|   ap_memory|                        top_clusters_eta|         array|
|top_clusters_eta_ce0                  |  out|    1|   ap_memory|                        top_clusters_eta|         array|
|top_clusters_eta_we0                  |  out|    1|   ap_memory|                        top_clusters_eta|         array|
|top_clusters_eta_d0                   |  out|    5|   ap_memory|                        top_clusters_eta|         array|
|top_clusters_phi_address0             |  out|    3|   ap_memory|                        top_clusters_phi|         array|
|top_clusters_phi_ce0                  |  out|    1|   ap_memory|                        top_clusters_phi|         array|
|top_clusters_phi_we0                  |  out|    1|   ap_memory|                        top_clusters_phi|         array|
|top_clusters_phi_d0                   |  out|    6|   ap_memory|                        top_clusters_phi|         array|
|top_clusters_window_size_address0     |  out|    3|   ap_memory|                top_clusters_window_size|         array|
|top_clusters_window_size_ce0          |  out|    1|   ap_memory|                top_clusters_window_size|         array|
|top_clusters_window_size_we0          |  out|    1|   ap_memory|                top_clusters_window_size|         array|
|top_clusters_window_size_d0           |  out|    2|   ap_memory|                top_clusters_window_size|         array|
|top_clusters_iso_outer_size_address0  |  out|    3|   ap_memory|             top_clusters_iso_outer_size|         array|
|top_clusters_iso_outer_size_ce0       |  out|    1|   ap_memory|             top_clusters_iso_outer_size|         array|
|top_clusters_iso_outer_size_we0       |  out|    1|   ap_memory|             top_clusters_iso_outer_size|         array|
|top_clusters_iso_outer_size_d0        |  out|    3|   ap_memory|             top_clusters_iso_outer_size|         array|
|top_clusters_valid_address0           |  out|    3|   ap_memory|                      top_clusters_valid|         array|
|top_clusters_valid_ce0                |  out|    1|   ap_memory|                      top_clusters_valid|         array|
|top_clusters_valid_we0                |  out|    1|   ap_memory|                      top_clusters_valid|         array|
|top_clusters_valid_d0                 |  out|    1|   ap_memory|                      top_clusters_valid|         array|
+--------------------------------------+-----+-----+------------+----------------------------------------+--------------+

