
****** Vitis HLS - High-Level Synthesis from C, C++ and OpenCL v2024.1 (64-bit)
  **** SW Build 5069499 on May 21 2024
  **** IP Build 5075265 on Wed May 22 21:45:21 MDT 2024
  **** SharedData Build 5076995 on Wed May 22 18:29:18 MDT 2024
  **** Start of session at: Tue May 12 22:44:38 2026
    ** Copyright 1986-2022 Xilinx, Inc. All Rights Reserved.
    ** Copyright 2022-2024 Advanced Micro Devices, Inc. All Rights Reserved.

source /opt/Xilinx/Vitis_HLS/2024.1/scripts/vitis_hls/hls.tcl -notrace
INFO: [HLS 200-10] For user 'emettner' on host 'cmstrigger02.hep.wisc.edu' (Linux_x86_64 version 6.1.166-1.el9.elrepo.x86_64) on Tue May 12 22:44:43 CDT 2026
INFO: [HLS 200-10] In directory '/scratch/emettner/tachep-fpga-project-26'
WARNING: [HLS 200-2053] The vitis_hls executable is deprecated. Consider using vitis-run --mode hls --tcl
Sourcing Tcl script 'run_calorimeter_streaming.tcl'
INFO: [HLS 200-1510] Running: open_project calorimeter 
INFO: [HLS 200-10] Creating and opening project '/scratch/emettner/tachep-fpga-project-26/calorimeter'.
INFO: [HLS 200-1510] Running: set_top calo_trigger_em_jet_stream_ref 
INFO: [HLS 200-1510] Running: add_files calorimeter.cpp 
INFO: [HLS 200-10] Adding design file 'calorimeter.cpp' to the project
INFO: [HLS 200-1510] Running: add_files -tb tb_calorimeter_stream.cpp 
INFO: [HLS 200-10] Adding test bench file 'tb_calorimeter_stream.cpp' to the project
INFO: [HLS 200-1510] Running: open_solution solution1 
INFO: [HLS 200-10] Creating and opening solution '/scratch/emettner/tachep-fpga-project-26/calorimeter/solution1'.
INFO: [HLS 200-1505] Using default flow_target 'vivado'
Resolution: For help on HLS 200-1505 see docs.xilinx.com/access/sources/dita/topic?Doc_Version=2024.1%20English&url=ug1448-hls-guidance&resourceid=200-1505.html
INFO: [HLS 200-1510] Running: set_part xcvu13p-fsga2577-2-e 
INFO: [HLS 200-1611] Setting target device to 'xcvu13p-fsga2577-2-e'
INFO: [HLS 200-1510] Running: create_clock -period 25 -name default 
INFO: [SYN 201-201] Setting up clock 'default' with a period of 25ns.
============================================================
Running C simulation...
============================================================
INFO: [HLS 200-1510] Running: csim_design 
INFO: [SIM 211-2] *************** CSIM start ***************
INFO: [SIM 211-4] CSIM will launch CLANG as the compiler.
INFO: [HLS 200-2036] Building debug C Simulation binaries
   Compiling ../../../../tb_calorimeter_stream.cpp in debug mode
   Compiling ../../../../calorimeter.cpp in debug mode
   Generating csim.exe
HT = 1028
Number of EM clusters found = 4
Number of jet clusters found = 1

EM trigger objects:
EM Object 0 | ET = 221 | iso = 26 | eta = 5 | phi = 10 | window = 3 | type = 1
EM Object 1 | ET = 139 | iso = 22 | eta = 10 | phi = 20 | window = 3 | type = 1
EM Object 2 | ET = 133 | iso = 21 | eta = 18 | phi = 40 | window = 3 | type = 1
EM Object 3 | ET = 120 | iso = 0 | eta = 12 | phi = 31 | window = 3 | type = 1

Jet trigger objects:
Jet Object 0 | ET = 336 | iso = 50 | eta = 22 | phi = 15 | window = 7 | type = 2
Test PASSED
INFO [HLS SIM]: The maximum depth reached by any hls::stream() instance in the design is 1440
INFO: [SIM 211-1] CSim done with 0 errors.
INFO: [SIM 211-3] *************** CSIM finish ***************
INFO: [HLS 200-2161] Finished Command csim_design Elapsed time: 00:00:09; Allocated memory: 0.195 MB.
============================================================
Running C synthesis...
============================================================
INFO: [HLS 200-1510] Running: csynth_design 
INFO: [HLS 200-111] Finished File checks and directory preparation: CPU user time: 0.16 seconds. CPU system time: 0.02 seconds. Elapsed time: 0.19 seconds; current allocated memory: 325.219 MB.
INFO: [HLS 200-10] Analyzing design file 'calorimeter.cpp' ... 
INFO: [HLS 200-111] Finished Source Code Analysis and Preprocessing: CPU user time: 6.78 seconds. CPU system time: 1.09 seconds. Elapsed time: 8.03 seconds; current allocated memory: 328.066 MB.
INFO: [HLS 200-777] Using interface defaults for 'Vivado' flow target.
INFO: [HLS 200-1995] There were 3,840 instructions in the design after the 'Compile/Link' phase of compilation. See the Design Size Report for more details: /scratch/emettner/tachep-fpga-project-26/calorimeter/solution1/syn/report/csynth_design_size.rpt
INFO: [HLS 200-1995] There were 7,166 instructions in the design after the 'Unroll/Inline (step 1)' phase of compilation. See the Design Size Report for more details: /scratch/emettner/tachep-fpga-project-26/calorimeter/solution1/syn/report/csynth_design_size.rpt
INFO: [HLS 200-1995] There were 3,931 instructions in the design after the 'Unroll/Inline (step 2)' phase of compilation. See the Design Size Report for more details: /scratch/emettner/tachep-fpga-project-26/calorimeter/solution1/syn/report/csynth_design_size.rpt
INFO: [HLS 200-1995] There were 2,571 instructions in the design after the 'Unroll/Inline (step 3)' phase of compilation. See the Design Size Report for more details: /scratch/emettner/tachep-fpga-project-26/calorimeter/solution1/syn/report/csynth_design_size.rpt
INFO: [HLS 200-1995] There were 2,563 instructions in the design after the 'Unroll/Inline (step 4)' phase of compilation. See the Design Size Report for more details: /scratch/emettner/tachep-fpga-project-26/calorimeter/solution1/syn/report/csynth_design_size.rpt
INFO: [HLS 200-1995] There were 3,728 instructions in the design after the 'Array/Struct (step 1)' phase of compilation. See the Design Size Report for more details: /scratch/emettner/tachep-fpga-project-26/calorimeter/solution1/syn/report/csynth_design_size.rpt
INFO: [HLS 200-1995] There were 3,116 instructions in the design after the 'Array/Struct (step 2)' phase of compilation. See the Design Size Report for more details: /scratch/emettner/tachep-fpga-project-26/calorimeter/solution1/syn/report/csynth_design_size.rpt
INFO: [HLS 200-1995] There were 4,664 instructions in the design after the 'Array/Struct (step 3)' phase of compilation. See the Design Size Report for more details: /scratch/emettner/tachep-fpga-project-26/calorimeter/solution1/syn/report/csynth_design_size.rpt
INFO: [HLS 200-1995] There were 4,270 instructions in the design after the 'Array/Struct (step 4)' phase of compilation. See the Design Size Report for more details: /scratch/emettner/tachep-fpga-project-26/calorimeter/solution1/syn/report/csynth_design_size.rpt
INFO: [HLS 200-1995] There were 4,832 instructions in the design after the 'Array/Struct (step 5)' phase of compilation. See the Design Size Report for more details: /scratch/emettner/tachep-fpga-project-26/calorimeter/solution1/syn/report/csynth_design_size.rpt
INFO: [HLS 200-1995] There were 4,038 instructions in the design after the 'Performance (step 1)' phase of compilation. See the Design Size Report for more details: /scratch/emettner/tachep-fpga-project-26/calorimeter/solution1/syn/report/csynth_design_size.rpt
INFO: [HLS 200-1995] There were 3,730 instructions in the design after the 'Performance (step 2)' phase of compilation. See the Design Size Report for more details: /scratch/emettner/tachep-fpga-project-26/calorimeter/solution1/syn/report/csynth_design_size.rpt
INFO: [HLS 200-1995] There were 3,728 instructions in the design after the 'Performance (step 3)' phase of compilation. See the Design Size Report for more details: /scratch/emettner/tachep-fpga-project-26/calorimeter/solution1/syn/report/csynth_design_size.rpt
INFO: [HLS 200-1995] There were 3,728 instructions in the design after the 'Performance (step 4)' phase of compilation. See the Design Size Report for more details: /scratch/emettner/tachep-fpga-project-26/calorimeter/solution1/syn/report/csynth_design_size.rpt
INFO: [HLS 200-1995] There were 3,748 instructions in the design after the 'HW Transforms (step 1)' phase of compilation. See the Design Size Report for more details: /scratch/emettner/tachep-fpga-project-26/calorimeter/solution1/syn/report/csynth_design_size.rpt
INFO: [HLS 200-1995] There were 3,808 instructions in the design after the 'HW Transforms (step 2)' phase of compilation. See the Design Size Report for more details: /scratch/emettner/tachep-fpga-project-26/calorimeter/solution1/syn/report/csynth_design_size.rpt
INFO: [HLS 214-131] Inlining function 'wrap_phi(int)' into 'bool is_local_maximum<3>(ap_uint<12> const (*) [60], int, int)' (./calorimeter.h:213:31)
INFO: [HLS 214-131] Inlining function 'wrap_phi(int)' into 'ap_uint<20> window_sum<3>(ap_uint<12> const (*) [60], int, int)' (./calorimeter.h:184:27)
INFO: [HLS 214-131] Inlining function 'wrap_phi(int)' into 'ap_uint<20> window_sum<5>(ap_uint<12> const (*) [60], int, int)' (./calorimeter.h:184:27)
INFO: [HLS 214-131] Inlining function 'wrap_phi(int)' into 'ap_uint<20> window_sum<7>(ap_uint<12> const (*) [60], int, int)' (./calorimeter.h:184:27)
INFO: [HLS 214-131] Inlining function 'is_em_like(ap_uint<20>, ap_uint<20>, ap_uint<20>)' into 'produce_em_cluster_stream(ap_uint<12> const (*) [60], ap_uint<12>, ap_uint<20>, hls::stream<Cluster, 0>&)' (calorimeter.cpp:355:21)
INFO: [HLS 214-131] Inlining function 'ap_uint<20> window_sum<7>(ap_uint<12> const (*) [60], int, int)' into 'produce_em_cluster_stream(ap_uint<12> const (*) [60], ap_uint<12>, ap_uint<20>, hls::stream<Cluster, 0>&)' (calorimeter.cpp:349:40)
INFO: [HLS 214-131] Inlining function 'ap_uint<20> window_sum<5>(ap_uint<12> const (*) [60], int, int)' into 'produce_em_cluster_stream(ap_uint<12> const (*) [60], ap_uint<12>, ap_uint<20>, hls::stream<Cluster, 0>&)' (calorimeter.cpp:348:40)
INFO: [HLS 214-131] Inlining function 'ap_uint<20> window_sum<3>(ap_uint<12> const (*) [60], int, int)' into 'produce_em_cluster_stream(ap_uint<12> const (*) [60], ap_uint<12>, ap_uint<20>, hls::stream<Cluster, 0>&)' (calorimeter.cpp:347:41)
INFO: [HLS 214-131] Inlining function 'bool is_local_maximum<3>(ap_uint<12> const (*) [60], int, int)' into 'produce_em_cluster_stream(ap_uint<12> const (*) [60], ap_uint<12>, ap_uint<20>, hls::stream<Cluster, 0>&)' (calorimeter.cpp:345:17)
INFO: [HLS 214-131] Inlining function 'wrap_phi(int)' into 'bool is_local_maximum<7>(ap_uint<12> const (*) [60], int, int)' (./calorimeter.h:213:31)
INFO: [HLS 214-131] Inlining function 'is_jet_like(ap_uint<20>, ap_uint<20>)' into 'produce_jet_cluster_stream(ap_uint<12> const (*) [60], ap_uint<12>, ap_uint<20>, hls::stream<Cluster, 0>&)' (calorimeter.cpp:399:21)
INFO: [HLS 214-131] Inlining function 'ap_uint<20> window_sum<7>(ap_uint<12> const (*) [60], int, int)' into 'produce_jet_cluster_stream(ap_uint<12> const (*) [60], ap_uint<12>, ap_uint<20>, hls::stream<Cluster, 0>&)' (calorimeter.cpp:395:40)
INFO: [HLS 214-131] Inlining function 'ap_uint<20> window_sum<3>(ap_uint<12> const (*) [60], int, int)' into 'produce_jet_cluster_stream(ap_uint<12> const (*) [60], ap_uint<12>, ap_uint<20>, hls::stream<Cluster, 0>&)' (calorimeter.cpp:394:41)
INFO: [HLS 214-131] Inlining function 'bool is_local_maximum<7>(ap_uint<12> const (*) [60], int, int)' into 'produce_jet_cluster_stream(ap_uint<12> const (*) [60], ap_uint<12>, ap_uint<20>, hls::stream<Cluster, 0>&)' (calorimeter.cpp:392:17)
INFO: [HLS 214-131] Inlining function 'cluster_is_better(Cluster const&, Cluster const&)' into 'insert_cluster_into_top_n(Cluster const&, Cluster*)' (calorimeter.cpp:111:39)
INFO: [HLS 214-131] Inlining function 'insert_cluster_into_top_n(Cluster const&, Cluster*)' into 'void select_top_n_from_stream_fixed<1440>(hls::stream<Cluster, 0>&, Cluster*, int*)' (./calorimeter.h:476:9)
INFO: [HLS 214-291] Loop 'INSERT_POSITION' is marked as complete unroll implied by the pipeline pragma (calorimeter.cpp:110:22)
INFO: [HLS 214-291] Loop 'VITIS_LOOP_113_1' is marked as complete unroll implied by the pipeline pragma (calorimeter.cpp:113:31)
INFO: [HLS 214-291] Loop 'LOCAL_ETA' is marked as complete unroll implied by the pipeline pragma (./calorimeter.h:203:16)
INFO: [HLS 214-291] Loop 'LOCAL_PHI' is marked as complete unroll implied by the pipeline pragma (./calorimeter.h:205:13)
INFO: [HLS 214-291] Loop 'WIN_ETA' is marked as complete unroll implied by the pipeline pragma (./calorimeter.h:176:14)
INFO: [HLS 214-291] Loop 'WIN_PHI' is marked as complete unroll implied by the pipeline pragma (./calorimeter.h:178:11)
INFO: [HLS 214-186] Unrolling loop 'VITIS_LOOP_174_1' (calorimeter.cpp:174:20) in function 'build_trigger_objects' completely with a factor of 8 (calorimeter.cpp:171:0)
INFO: [HLS 214-186] Unrolling loop 'INSERT_POSITION' (calorimeter.cpp:110:22) in function 'select_top_n_from_stream_fixed<1440>' completely with a factor of 8 (./calorimeter.h:452:0)
INFO: [HLS 214-186] Unrolling loop 'VITIS_LOOP_456_1' (./calorimeter.h:456:23) in function 'select_top_n_from_stream_fixed<1440>' completely with a factor of 8 (./calorimeter.h:452:0)
INFO: [HLS 214-186] Unrolling loop 'LOCAL_ETA' (./calorimeter.h:203:16) in function 'produce_jet_cluster_stream' completely with a factor of 7 (calorimeter.cpp:372:0)
INFO: [HLS 214-186] Unrolling loop 'LOCAL_PHI' (./calorimeter.h:205:13) in function 'produce_jet_cluster_stream' completely with a factor of 7 (calorimeter.cpp:372:0)
INFO: [HLS 214-186] Unrolling loop 'WIN_ETA' (./calorimeter.h:176:14) in function 'produce_jet_cluster_stream' completely with a factor of 3 (calorimeter.cpp:372:0)
INFO: [HLS 214-186] Unrolling loop 'WIN_PHI' (./calorimeter.h:178:11) in function 'produce_jet_cluster_stream' completely with a factor of 3 (calorimeter.cpp:372:0)
INFO: [HLS 214-186] Unrolling loop 'WIN_ETA' (./calorimeter.h:176:14) in function 'produce_jet_cluster_stream' completely with a factor of 7 (calorimeter.cpp:372:0)
INFO: [HLS 214-186] Unrolling loop 'WIN_PHI' (./calorimeter.h:178:11) in function 'produce_jet_cluster_stream' completely with a factor of 7 (calorimeter.cpp:372:0)
INFO: [HLS 214-186] Unrolling loop 'LOCAL_ETA' (./calorimeter.h:203:16) in function 'produce_em_cluster_stream' completely with a factor of 3 (calorimeter.cpp:325:0)
INFO: [HLS 214-186] Unrolling loop 'LOCAL_PHI' (./calorimeter.h:205:13) in function 'produce_em_cluster_stream' completely with a factor of 3 (calorimeter.cpp:325:0)
INFO: [HLS 214-186] Unrolling loop 'WIN_ETA' (./calorimeter.h:176:14) in function 'produce_em_cluster_stream' completely with a factor of 3 (calorimeter.cpp:325:0)
INFO: [HLS 214-186] Unrolling loop 'WIN_PHI' (./calorimeter.h:178:11) in function 'produce_em_cluster_stream' completely with a factor of 3 (calorimeter.cpp:325:0)
INFO: [HLS 214-186] Unrolling loop 'WIN_ETA' (./calorimeter.h:176:14) in function 'produce_em_cluster_stream' completely with a factor of 5 (calorimeter.cpp:325:0)
INFO: [HLS 214-186] Unrolling loop 'WIN_PHI' (./calorimeter.h:178:11) in function 'produce_em_cluster_stream' completely with a factor of 5 (calorimeter.cpp:325:0)
INFO: [HLS 214-186] Unrolling loop 'WIN_ETA' (./calorimeter.h:176:14) in function 'produce_em_cluster_stream' completely with a factor of 7 (calorimeter.cpp:325:0)
INFO: [HLS 214-186] Unrolling loop 'WIN_PHI' (./calorimeter.h:178:11) in function 'produce_em_cluster_stream' completely with a factor of 7 (calorimeter.cpp:325:0)
INFO: [HLS 214-178] Inlining function 'compute_ht(ap_uint<12> const (*) [60])' into 'calo_trigger_em_jet_stream_ref(ap_uint<12> const (*) [60], ap_uint<12>, ap_uint<20>, ap_uint<12>, ap_uint<20>, TriggerObject*, TriggerObject*, ap_uint<24>*, int*, int*)' (calorimeter.cpp:281:0)
INFO: [HLS 214-248] Applying array_partition to 'em_top_clusters.et': Complete partitioning on dimension 1. (calorimeter.cpp:459:10)
INFO: [HLS 214-248] Applying array_partition to 'em_top_clusters.isolation_et': Complete partitioning on dimension 1. (calorimeter.cpp:459:10)
INFO: [HLS 214-248] Applying array_partition to 'em_top_clusters.eta': Complete partitioning on dimension 1. (calorimeter.cpp:459:10)
INFO: [HLS 214-248] Applying array_partition to 'em_top_clusters.phi': Complete partitioning on dimension 1. (calorimeter.cpp:459:10)
INFO: [HLS 214-248] Applying array_partition to 'em_top_clusters.window_size': Complete partitioning on dimension 1. (calorimeter.cpp:459:10)
INFO: [HLS 214-248] Applying array_partition to 'em_top_clusters.iso_outer_size': Complete partitioning on dimension 1. (calorimeter.cpp:459:10)
INFO: [HLS 214-248] Applying array_partition to 'em_top_clusters.valid': Complete partitioning on dimension 1. (calorimeter.cpp:459:10)
INFO: [HLS 214-248] Applying array_partition to 'jet_top_clusters.et': Complete partitioning on dimension 1. (calorimeter.cpp:460:13)
INFO: [HLS 214-248] Applying array_partition to 'jet_top_clusters.isolation_et': Complete partitioning on dimension 1. (calorimeter.cpp:460:13)
INFO: [HLS 214-248] Applying array_partition to 'jet_top_clusters.eta': Complete partitioning on dimension 1. (calorimeter.cpp:460:13)
INFO: [HLS 214-248] Applying array_partition to 'jet_top_clusters.phi': Complete partitioning on dimension 1. (calorimeter.cpp:460:13)
INFO: [HLS 214-248] Applying array_partition to 'jet_top_clusters.window_size': Complete partitioning on dimension 1. (calorimeter.cpp:460:13)
INFO: [HLS 214-248] Applying array_partition to 'jet_top_clusters.iso_outer_size': Complete partitioning on dimension 1. (calorimeter.cpp:460:13)
INFO: [HLS 214-248] Applying array_partition to 'jet_top_clusters.valid': Complete partitioning on dimension 1. (calorimeter.cpp:460:13)
INFO: [HLS 214-248] Applying array_partition to 'em_objects': Complete partitioning on dimension 1. (calorimeter.cpp:281:0)
INFO: [HLS 214-248] Applying array_partition to 'jet_objects': Complete partitioning on dimension 1. (calorimeter.cpp:281:0)
INFO: [HLS 214-241] Aggregating fifo (hls::stream) variable 'em_cluster_stream' with compact=bit mode in 61-bits (calorimeter.cpp:452:23)
INFO: [HLS 214-241] Aggregating fifo (hls::stream) variable 'jet_cluster_stream' with compact=bit mode in 61-bits (calorimeter.cpp:453:26)
INFO: [HLS 214-241] Aggregating scalar variable 'jet_objects_7' with compact=bit mode in 89-bits (calorimeter.cpp:281:0)
INFO: [HLS 214-241] Aggregating scalar variable 'jet_objects_6' with compact=bit mode in 89-bits (calorimeter.cpp:281:0)
INFO: [HLS 214-241] Aggregating scalar variable 'jet_objects_5' with compact=bit mode in 89-bits (calorimeter.cpp:281:0)
INFO: [HLS 214-241] Aggregating scalar variable 'jet_objects_4' with compact=bit mode in 89-bits (calorimeter.cpp:281:0)
INFO: [HLS 214-241] Aggregating scalar variable 'jet_objects_3' with compact=bit mode in 89-bits (calorimeter.cpp:281:0)
INFO: [HLS 214-241] Aggregating scalar variable 'jet_objects_2' with compact=bit mode in 89-bits (calorimeter.cpp:281:0)
INFO: [HLS 214-241] Aggregating scalar variable 'jet_objects_1' with compact=bit mode in 89-bits (calorimeter.cpp:281:0)
INFO: [HLS 214-241] Aggregating scalar variable 'jet_objects_0' with compact=bit mode in 89-bits (calorimeter.cpp:281:0)
INFO: [HLS 214-241] Aggregating scalar variable 'em_objects_7' with compact=bit mode in 89-bits (calorimeter.cpp:281:0)
INFO: [HLS 214-241] Aggregating scalar variable 'em_objects_6' with compact=bit mode in 89-bits (calorimeter.cpp:281:0)
INFO: [HLS 214-241] Aggregating scalar variable 'em_objects_5' with compact=bit mode in 89-bits (calorimeter.cpp:281:0)
INFO: [HLS 214-241] Aggregating scalar variable 'em_objects_4' with compact=bit mode in 89-bits (calorimeter.cpp:281:0)
INFO: [HLS 214-241] Aggregating scalar variable 'em_objects_3' with compact=bit mode in 89-bits (calorimeter.cpp:281:0)
INFO: [HLS 214-241] Aggregating scalar variable 'em_objects_2' with compact=bit mode in 89-bits (calorimeter.cpp:281:0)
INFO: [HLS 214-241] Aggregating scalar variable 'em_objects_1' with compact=bit mode in 89-bits (calorimeter.cpp:281:0)
INFO: [HLS 214-241] Aggregating scalar variable 'em_objects_0' with compact=bit mode in 89-bits (calorimeter.cpp:281:0)
INFO: [HLS 214-241] Aggregating bram variable 'towers' with compact=bit mode in 12-bits (calorimeter.cpp:281:0)
WARNING: [HLS 214-187] Cannot unroll loop 'VITIS_LOOP_113_1' (calorimeter.cpp:113:31) in function 'select_top_n_from_stream_fixed<1440>' as it has a variable trip count (calorimeter.cpp:113:31)
INFO: [HLS 200-111] Finished Compiling Optimization and Transform: CPU user time: 12.95 seconds. CPU system time: 1.18 seconds. Elapsed time: 16.24 seconds; current allocated memory: 338.664 MB.
INFO: [HLS 200-111] Finished Checking Pragmas: CPU user time: 0 seconds. CPU system time: 0.01 seconds. Elapsed time: 0 seconds; current allocated memory: 338.664 MB.
INFO: [HLS 200-10] Starting code transformations ...
INFO: [HLS 200-111] Finished Standard Transforms: CPU user time: 0.28 seconds. CPU system time: 0.01 seconds. Elapsed time: 0.3 seconds; current allocated memory: 341.629 MB.
INFO: [HLS 200-10] Checking synthesizability ...
INFO: [HLS 200-111] Finished Checking Synthesizability: CPU user time: 0.34 seconds. CPU system time: 0 seconds. Elapsed time: 0.35 seconds; current allocated memory: 346.352 MB.
WARNING: [XFORM 203-561] Updating loop lower bound from 0 to 1440 for loop 'VITIS_LOOP_467_2' (./calorimeter.h:454:6) in function 'select_top_n_from_stream_fixed<1440>.1'.
WARNING: [XFORM 203-561] Updating loop lower bound from 0 to 1440 for loop 'VITIS_LOOP_467_2' (./calorimeter.h:454:6) in function 'select_top_n_from_stream_fixed<1440>'.
INFO: [HLS 200-778] Automatically marking array 'towers' as shared between two reader processes.
INFO: [HLS 200-755] Binding port 0 of memory 'towers' to function 'produce_em_cluster_stream' (calorimeter.cpp:158:21) 
INFO: [HLS 200-755] Binding port 1 of memory 'towers' to function 'produce_jet_cluster_stream' (calorimeter.cpp:158:21) 
INFO: [XFORM 203-712] Applying dataflow to function 'cluster_sort_build_em_jet_stream' (calorimeter.cpp:451:1), detected/extracted 6 process function(s): 
	 'produce_em_cluster_stream'
	 'produce_jet_cluster_stream'
	 'select_top_n_from_stream_fixed<1440>'
	 'select_top_n_from_stream_fixed<1440>.1'
	 'build_trigger_objects'
	 'build_trigger_objects.2'.
INFO: [XFORM 203-401] Performing if-conversion on hyperblock from (calorimeter.cpp:377:9) to (calorimeter.cpp:376:27) in function 'produce_jet_cluster_stream'... converting 5 basic blocks.
INFO: [XFORM 203-401] Performing if-conversion on hyperblock from (calorimeter.cpp:330:9) to (calorimeter.cpp:329:27) in function 'produce_em_cluster_stream'... converting 7 basic blocks.
INFO: [XFORM 203-401] Performing if-conversion on hyperblock from (calorimeter.cpp:184:30) to (calorimeter.cpp:204:1) in function 'build_trigger_objects.2'... converting 17 basic blocks.
INFO: [XFORM 203-401] Performing if-conversion on hyperblock from (calorimeter.cpp:184:30) to (calorimeter.cpp:204:1) in function 'build_trigger_objects'... converting 17 basic blocks.
INFO: [XFORM 203-11] Balancing expressions in function 'produce_jet_cluster_stream' (./calorimeter.h:158:21)...137 expression(s) balanced.
INFO: [XFORM 203-11] Balancing expressions in function 'produce_em_cluster_stream' (calorimeter.cpp:158:27)...77 expression(s) balanced.
INFO: [HLS 200-111] Finished Loop, function and other optimizations: CPU user time: 1.9 seconds. CPU system time: 0.04 seconds. Elapsed time: 2.05 seconds; current allocated memory: 376.277 MB.
INFO: [HLS 200-2061] Successfully converted nested loops 'VITIS_LOOP_375_1'(calorimeter.cpp:375:23) and 'VITIS_LOOP_376_2'(calorimeter.cpp:376:27) in function 'produce_jet_cluster_stream' into perfectly nested loops.
INFO: [HLS 200-2061] Successfully converted nested loops 'VITIS_LOOP_328_1'(calorimeter.cpp:328:23) and 'VITIS_LOOP_329_2'(calorimeter.cpp:329:27) in function 'produce_em_cluster_stream' into perfectly nested loops.
INFO: [HLS 200-2061] Successfully converted nested loops 'HT_ETA'(calorimeter.cpp:160:13) and 'HT_PHI'(calorimeter.cpp:161:17) in function 'calo_trigger_em_jet_stream_ref' into perfectly nested loops.
INFO: [XFORM 203-541] Flattening a loop nest 'VITIS_LOOP_375_1' (calorimeter.cpp:375:23) in function 'produce_jet_cluster_stream'.
INFO: [XFORM 203-541] Flattening a loop nest 'VITIS_LOOP_328_1' (calorimeter.cpp:328:23) in function 'produce_em_cluster_stream'.
INFO: [XFORM 203-541] Flattening a loop nest 'HT_ETA' (calorimeter.cpp:160:13) in function 'calo_trigger_em_jet_stream_ref'.
INFO: [HLS 200-634] Sharing array towers among processes produce_em_cluster_stream and produce_jet_cluster_stream
WARNING: [HLS 200-1450] Process select_top_n_from_stream_fixed<1440> has both a successor and writes an output to its caller (see the GUI dataflow viewer). This may lead to lower throughput. Consider copying this output via a successor process.
Resolution: For help on HLS 200-1450 see docs.xilinx.com/access/sources/dita/topic?Doc_Version=2024.1%20English&url=ug1448-hls-guidance&resourceid=200-1450.html
WARNING: [HLS 200-1450] Process select_top_n_from_stream_fixed<1440>.1 has both a successor and writes an output to its caller (see the GUI dataflow viewer). This may lead to lower throughput. Consider copying this output via a successor process.
Resolution: For help on HLS 200-1450 see docs.xilinx.com/access/sources/dita/topic?Doc_Version=2024.1%20English&url=ug1448-hls-guidance&resourceid=200-1450.html
INFO: [HLS 200-111] Finished Architecture Synthesis: CPU user time: 1.14 seconds. CPU system time: 0.06 seconds. Elapsed time: 1.25 seconds; current allocated memory: 446.355 MB.
INFO: [HLS 200-10] Starting hardware synthesis ...
INFO: [HLS 200-10] Synthesizing 'calo_trigger_em_jet_stream_ref' ...
WARNING: [SYN 201-103] Legalizing function name 'select_top_n_from_stream_fixed<1440>' to 'select_top_n_from_stream_fixed_1440_s'.
WARNING: [SYN 201-103] Legalizing function name 'select_top_n_from_stream_fixed<1440>.1' to 'select_top_n_from_stream_fixed_1440_1'.
WARNING: [SYN 201-103] Legalizing function name 'build_trigger_objects.2' to 'build_trigger_objects_2'.
INFO: [HLS 200-10] ----------------------------------------------------------------
INFO: [HLS 200-42] -- Implementing module 'produce_em_cluster_stream' 
INFO: [HLS 200-10] ----------------------------------------------------------------
INFO: [SCHED 204-11] Starting scheduling ...
INFO: [SCHED 204-61] Pipelining loop 'VITIS_LOOP_328_1_VITIS_LOOP_329_2'.
WARNING: [HLS 200-885] The II Violation in module 'produce_em_cluster_stream' (loop 'VITIS_LOOP_328_1_VITIS_LOOP_329_2'): Unable to schedule 'load' operation 12 bit ('seed_et', calorimeter.cpp:342) on array 'towers' due to limited memory ports (II = 1). Please consider using a memory core with more ports or partitioning the array 'towers'.
Resolution: For help on HLS 200-885 see docs.xilinx.com/access/sources/dita/topic?Doc_Version=2024.1%20English&url=ug1448-hls-guidance&resourceid=200-885.html
WARNING: [HLS 200-885] The II Violation in module 'produce_em_cluster_stream' (loop 'VITIS_LOOP_328_1_VITIS_LOOP_329_2'): Unable to schedule 'load' operation 12 bit ('neighbor', ./calorimeter.h:216->calorimeter.cpp:345) on array 'towers' due to limited memory ports (II = 2). Please consider using a memory core with more ports or partitioning the array 'towers'.
Resolution: For help on HLS 200-885 see docs.xilinx.com/access/sources/dita/topic?Doc_Version=2024.1%20English&url=ug1448-hls-guidance&resourceid=200-885.html
WARNING: [HLS 200-885] The II Violation in module 'produce_em_cluster_stream' (loop 'VITIS_LOOP_328_1_VITIS_LOOP_329_2'): Unable to schedule 'load' operation 12 bit ('neighbor', ./calorimeter.h:216->calorimeter.cpp:345) on array 'towers' due to limited memory ports (II = 3). Please consider using a memory core with more ports or partitioning the array 'towers'.
Resolution: For help on HLS 200-885 see docs.xilinx.com/access/sources/dita/topic?Doc_Version=2024.1%20English&url=ug1448-hls-guidance&resourceid=200-885.html
WARNING: [HLS 200-885] The II Violation in module 'produce_em_cluster_stream' (loop 'VITIS_LOOP_328_1_VITIS_LOOP_329_2'): Unable to schedule 'load' operation 12 bit ('neighbor', ./calorimeter.h:216->calorimeter.cpp:345) on array 'towers' due to limited memory ports (II = 4). Please consider using a memory core with more ports or partitioning the array 'towers'.
Resolution: For help on HLS 200-885 see docs.xilinx.com/access/sources/dita/topic?Doc_Version=2024.1%20English&url=ug1448-hls-guidance&resourceid=200-885.html
WARNING: [HLS 200-885] The II Violation in module 'produce_em_cluster_stream' (loop 'VITIS_LOOP_328_1_VITIS_LOOP_329_2'): Unable to schedule 'load' operation 12 bit ('towers_load_24', ./calorimeter.h:187->calorimeter.cpp:349) on array 'towers' due to limited memory ports (II = 35). Please consider using a memory core with more ports or partitioning the array 'towers'.
Resolution: For help on HLS 200-885 see docs.xilinx.com/access/sources/dita/topic?Doc_Version=2024.1%20English&url=ug1448-hls-guidance&resourceid=200-885.html
WARNING: [HLS 200-885] The II Violation in module 'produce_em_cluster_stream' (loop 'VITIS_LOOP_328_1_VITIS_LOOP_329_2'): Unable to schedule 'load' operation 12 bit ('towers_load_32', ./calorimeter.h:187->calorimeter.cpp:349) on array 'towers' due to limited memory ports (II = 43). Please consider using a memory core with more ports or partitioning the array 'towers'.
Resolution: For help on HLS 200-885 see docs.xilinx.com/access/sources/dita/topic?Doc_Version=2024.1%20English&url=ug1448-hls-guidance&resourceid=200-885.html
WARNING: [HLS 200-885] The II Violation in module 'produce_em_cluster_stream' (loop 'VITIS_LOOP_328_1_VITIS_LOOP_329_2'): Unable to schedule 'load' operation 12 bit ('towers_load_36', ./calorimeter.h:187->calorimeter.cpp:349) on array 'towers' due to limited memory ports (II = 47). Please consider using a memory core with more ports or partitioning the array 'towers'.
Resolution: For help on HLS 200-885 see docs.xilinx.com/access/sources/dita/topic?Doc_Version=2024.1%20English&url=ug1448-hls-guidance&resourceid=200-885.html
WARNING: [HLS 200-885] The II Violation in module 'produce_em_cluster_stream' (loop 'VITIS_LOOP_328_1_VITIS_LOOP_329_2'): Unable to schedule 'load' operation 12 bit ('towers_load_37', ./calorimeter.h:187->calorimeter.cpp:349) on array 'towers' due to limited memory ports (II = 48). Please consider using a memory core with more ports or partitioning the array 'towers'.
Resolution: For help on HLS 200-885 see docs.xilinx.com/access/sources/dita/topic?Doc_Version=2024.1%20English&url=ug1448-hls-guidance&resourceid=200-885.html
INFO: [HLS 200-1470] Pipelining result : Target II = 1, Final II = 49, Depth = 50, loop 'VITIS_LOOP_328_1_VITIS_LOOP_329_2'
INFO: [SCHED 204-11] Finished scheduling.
INFO: [HLS 200-111] Finished Scheduling: CPU user time: 2.57 seconds. CPU system time: 0.07 seconds. Elapsed time: 2.74 seconds; current allocated memory: 452.980 MB.
INFO: [BIND 205-100] Starting micro-architecture generation ...
INFO: [BIND 205-101] Performing variable lifetime analysis.
INFO: [BIND 205-101] Exploring resource sharing.
INFO: [BIND 205-101] Binding ...
INFO: [BIND 205-100] Finished micro-architecture generation.
INFO: [HLS 200-111] Finished Binding: CPU user time: 0.22 seconds. CPU system time: 0.01 seconds. Elapsed time: 0.25 seconds; current allocated memory: 452.980 MB.
INFO: [HLS 200-10] ----------------------------------------------------------------
INFO: [HLS 200-42] -- Implementing module 'produce_jet_cluster_stream' 
INFO: [HLS 200-10] ----------------------------------------------------------------
INFO: [SCHED 204-11] Starting scheduling ...
INFO: [SCHED 204-61] Pipelining loop 'VITIS_LOOP_375_1_VITIS_LOOP_376_2'.
WARNING: [HLS 200-885] The II Violation in module 'produce_jet_cluster_stream' (loop 'VITIS_LOOP_375_1_VITIS_LOOP_376_2'): Unable to schedule 'load' operation 12 bit ('seed_et', calorimeter.cpp:389) on array 'towers' due to limited memory ports (II = 1). Please consider using a memory core with more ports or partitioning the array 'towers'.
Resolution: For help on HLS 200-885 see docs.xilinx.com/access/sources/dita/topic?Doc_Version=2024.1%20English&url=ug1448-hls-guidance&resourceid=200-885.html
WARNING: [HLS 200-885] The II Violation in module 'produce_jet_cluster_stream' (loop 'VITIS_LOOP_375_1_VITIS_LOOP_376_2'): Unable to schedule 'load' operation 12 bit ('neighbor', ./calorimeter.h:216->calorimeter.cpp:392) on array 'towers' due to limited memory ports (II = 2). Please consider using a memory core with more ports or partitioning the array 'towers'.
Resolution: For help on HLS 200-885 see docs.xilinx.com/access/sources/dita/topic?Doc_Version=2024.1%20English&url=ug1448-hls-guidance&resourceid=200-885.html
WARNING: [HLS 200-885] The II Violation in module 'produce_jet_cluster_stream' (loop 'VITIS_LOOP_375_1_VITIS_LOOP_376_2'): Unable to schedule 'load' operation 12 bit ('neighbor', ./calorimeter.h:216->calorimeter.cpp:392) on array 'towers' due to limited memory ports (II = 3). Please consider using a memory core with more ports or partitioning the array 'towers'.
Resolution: For help on HLS 200-885 see docs.xilinx.com/access/sources/dita/topic?Doc_Version=2024.1%20English&url=ug1448-hls-guidance&resourceid=200-885.html
WARNING: [HLS 200-885] The II Violation in module 'produce_jet_cluster_stream' (loop 'VITIS_LOOP_375_1_VITIS_LOOP_376_2'): Unable to schedule 'load' operation 12 bit ('neighbor', ./calorimeter.h:216->calorimeter.cpp:392) on array 'towers' due to limited memory ports (II = 4). Please consider using a memory core with more ports or partitioning the array 'towers'.
Resolution: For help on HLS 200-885 see docs.xilinx.com/access/sources/dita/topic?Doc_Version=2024.1%20English&url=ug1448-hls-guidance&resourceid=200-885.html
WARNING: [HLS 200-885] The II Violation in module 'produce_jet_cluster_stream' (loop 'VITIS_LOOP_375_1_VITIS_LOOP_376_2'): Unable to schedule 'load' operation 12 bit ('neighbor', ./calorimeter.h:216->calorimeter.cpp:392) on array 'towers' due to limited memory ports (II = 35). Please consider using a memory core with more ports or partitioning the array 'towers'.
Resolution: For help on HLS 200-885 see docs.xilinx.com/access/sources/dita/topic?Doc_Version=2024.1%20English&url=ug1448-hls-guidance&resourceid=200-885.html
WARNING: [HLS 200-885] The II Violation in module 'produce_jet_cluster_stream' (loop 'VITIS_LOOP_375_1_VITIS_LOOP_376_2'): Unable to schedule 'load' operation 12 bit ('neighbor', ./calorimeter.h:216->calorimeter.cpp:392) on array 'towers' due to limited memory ports (II = 43). Please consider using a memory core with more ports or partitioning the array 'towers'.
Resolution: For help on HLS 200-885 see docs.xilinx.com/access/sources/dita/topic?Doc_Version=2024.1%20English&url=ug1448-hls-guidance&resourceid=200-885.html
WARNING: [HLS 200-885] The II Violation in module 'produce_jet_cluster_stream' (loop 'VITIS_LOOP_375_1_VITIS_LOOP_376_2'): Unable to schedule 'load' operation 12 bit ('neighbor', ./calorimeter.h:216->calorimeter.cpp:392) on array 'towers' due to limited memory ports (II = 47). Please consider using a memory core with more ports or partitioning the array 'towers'.
Resolution: For help on HLS 200-885 see docs.xilinx.com/access/sources/dita/topic?Doc_Version=2024.1%20English&url=ug1448-hls-guidance&resourceid=200-885.html
WARNING: [HLS 200-885] The II Violation in module 'produce_jet_cluster_stream' (loop 'VITIS_LOOP_375_1_VITIS_LOOP_376_2'): Unable to schedule 'load' operation 12 bit ('neighbor', ./calorimeter.h:216->calorimeter.cpp:392) on array 'towers' due to limited memory ports (II = 48). Please consider using a memory core with more ports or partitioning the array 'towers'.
Resolution: For help on HLS 200-885 see docs.xilinx.com/access/sources/dita/topic?Doc_Version=2024.1%20English&url=ug1448-hls-guidance&resourceid=200-885.html
INFO: [HLS 200-1470] Pipelining result : Target II = 1, Final II = 49, Depth = 50, loop 'VITIS_LOOP_375_1_VITIS_LOOP_376_2'
INFO: [SCHED 204-11] Finished scheduling.
INFO: [HLS 200-111] Finished Scheduling: CPU user time: 2.48 seconds. CPU system time: 0.03 seconds. Elapsed time: 2.6 seconds; current allocated memory: 458.117 MB.
INFO: [BIND 205-100] Starting micro-architecture generation ...
INFO: [BIND 205-101] Performing variable lifetime analysis.
INFO: [BIND 205-101] Exploring resource sharing.
INFO: [BIND 205-101] Binding ...
INFO: [BIND 205-100] Finished micro-architecture generation.
INFO: [HLS 200-111] Finished Binding: CPU user time: 0.24 seconds. CPU system time: 0.02 seconds. Elapsed time: 0.31 seconds; current allocated memory: 458.117 MB.
INFO: [HLS 200-10] ----------------------------------------------------------------
INFO: [HLS 200-42] -- Implementing module 'select_top_n_from_stream_fixed_1440_s' 
INFO: [HLS 200-10] ----------------------------------------------------------------
INFO: [SCHED 204-11] Starting scheduling ...
WARNING: [SCHED 204-65] Unable to satisfy pipeline directive for loop 'VITIS_LOOP_467_2': contains subloop(s) that are not unrolled or flattened.
INFO: [SCHED 204-11] Finished scheduling.
INFO: [HLS 200-111] Finished Scheduling: CPU user time: 1.22 seconds. CPU system time: 0.04 seconds. Elapsed time: 1.29 seconds; current allocated memory: 473.129 MB.
INFO: [BIND 205-100] Starting micro-architecture generation ...
INFO: [BIND 205-101] Performing variable lifetime analysis.
INFO: [BIND 205-101] Exploring resource sharing.
INFO: [BIND 205-101] Binding ...
INFO: [BIND 205-100] Finished micro-architecture generation.
INFO: [HLS 200-111] Finished Binding: CPU user time: 0.4 seconds. CPU system time: 0.04 seconds. Elapsed time: 0.45 seconds; current allocated memory: 473.129 MB.
INFO: [HLS 200-10] ----------------------------------------------------------------
INFO: [HLS 200-42] -- Implementing module 'select_top_n_from_stream_fixed_1440_1' 
INFO: [HLS 200-10] ----------------------------------------------------------------
INFO: [SCHED 204-11] Starting scheduling ...
WARNING: [SCHED 204-65] Unable to satisfy pipeline directive for loop 'VITIS_LOOP_467_2': contains subloop(s) that are not unrolled or flattened.
INFO: [SCHED 204-11] Finished scheduling.
INFO: [HLS 200-111] Finished Scheduling: CPU user time: 1.35 seconds. CPU system time: 0.05 seconds. Elapsed time: 1.44 seconds; current allocated memory: 479.797 MB.
INFO: [BIND 205-100] Starting micro-architecture generation ...
INFO: [BIND 205-101] Performing variable lifetime analysis.
INFO: [BIND 205-101] Exploring resource sharing.
INFO: [BIND 205-101] Binding ...
INFO: [BIND 205-100] Finished micro-architecture generation.
INFO: [HLS 200-111] Finished Binding: CPU user time: 0.41 seconds. CPU system time: 0.02 seconds. Elapsed time: 0.44 seconds; current allocated memory: 479.797 MB.
INFO: [HLS 200-10] ----------------------------------------------------------------
INFO: [HLS 200-42] -- Implementing module 'build_trigger_objects' 
INFO: [HLS 200-10] ----------------------------------------------------------------
INFO: [SCHED 204-11] Starting scheduling ...
INFO: [SCHED 204-11] Finished scheduling.
INFO: [HLS 200-111] Finished Scheduling: CPU user time: 0.41 seconds. CPU system time: 0.05 seconds. Elapsed time: 0.5 seconds; current allocated memory: 479.797 MB.
INFO: [BIND 205-100] Starting micro-architecture generation ...
INFO: [BIND 205-101] Performing variable lifetime analysis.
INFO: [BIND 205-101] Exploring resource sharing.
INFO: [BIND 205-101] Binding ...
INFO: [BIND 205-100] Finished micro-architecture generation.
INFO: [HLS 200-111] Finished Binding: CPU user time: 0.05 seconds. CPU system time: 0 seconds. Elapsed time: 0.07 seconds; current allocated memory: 479.797 MB.
INFO: [HLS 200-10] ----------------------------------------------------------------
INFO: [HLS 200-42] -- Implementing module 'build_trigger_objects_2' 
INFO: [HLS 200-10] ----------------------------------------------------------------
INFO: [SCHED 204-11] Starting scheduling ...
INFO: [SCHED 204-11] Finished scheduling.
INFO: [HLS 200-111] Finished Scheduling: CPU user time: 0.11 seconds. CPU system time: 0.01 seconds. Elapsed time: 0.14 seconds; current allocated memory: 479.797 MB.
INFO: [BIND 205-100] Starting micro-architecture generation ...
INFO: [BIND 205-101] Performing variable lifetime analysis.
INFO: [BIND 205-101] Exploring resource sharing.
INFO: [BIND 205-101] Binding ...
INFO: [BIND 205-100] Finished micro-architecture generation.
INFO: [HLS 200-111] Finished Binding: CPU user time: 0.04 seconds. CPU system time: 0 seconds. Elapsed time: 0.06 seconds; current allocated memory: 479.797 MB.
INFO: [HLS 200-10] ----------------------------------------------------------------
INFO: [HLS 200-42] -- Implementing module 'cluster_sort_build_em_jet_stream' 
INFO: [HLS 200-10] ----------------------------------------------------------------
INFO: [SCHED 204-11] Starting scheduling ...
INFO: [SCHED 204-11] Finished scheduling.
INFO: [HLS 200-111] Finished Scheduling: CPU user time: 0.12 seconds. CPU system time: 0.01 seconds. Elapsed time: 0.14 seconds; current allocated memory: 479.797 MB.
INFO: [BIND 205-100] Starting micro-architecture generation ...
INFO: [BIND 205-101] Performing variable lifetime analysis.
INFO: [BIND 205-101] Exploring resource sharing.
INFO: [BIND 205-101] Binding ...
INFO: [BIND 205-100] Finished micro-architecture generation.
INFO: [HLS 200-111] Finished Binding: CPU user time: 0.06 seconds. CPU system time: 0 seconds. Elapsed time: 0.08 seconds; current allocated memory: 479.797 MB.
INFO: [HLS 200-10] ----------------------------------------------------------------
INFO: [HLS 200-42] -- Implementing module 'calo_trigger_em_jet_stream_ref' 
INFO: [HLS 200-10] ----------------------------------------------------------------
INFO: [SCHED 204-11] Starting scheduling ...
INFO: [SCHED 204-61] Pipelining loop 'HT_ETA_HT_PHI'.
INFO: [HLS 200-1470] Pipelining result : Target II = 1, Final II = 1, Depth = 2, loop 'HT_ETA_HT_PHI'
INFO: [SCHED 204-11] Finished scheduling.
INFO: [HLS 200-111] Finished Scheduling: CPU user time: 0.16 seconds. CPU system time: 0 seconds. Elapsed time: 0.19 seconds; current allocated memory: 479.797 MB.
INFO: [BIND 205-100] Starting micro-architecture generation ...
INFO: [BIND 205-101] Performing variable lifetime analysis.
INFO: [BIND 205-101] Exploring resource sharing.
INFO: [BIND 205-101] Binding ...
INFO: [BIND 205-100] Finished micro-architecture generation.
INFO: [HLS 200-111] Finished Binding: CPU user time: 0.05 seconds. CPU system time: 0.01 seconds. Elapsed time: 0.07 seconds; current allocated memory: 479.797 MB.
INFO: [HLS 200-10] ----------------------------------------------------------------
INFO: [HLS 200-10] -- Generating RTL for module 'produce_em_cluster_stream' 
INFO: [HLS 200-10] ----------------------------------------------------------------
INFO: [HLS 200-1030] Apply Unified Pipeline Control on module 'produce_em_cluster_stream' pipeline 'VITIS_LOOP_328_1_VITIS_LOOP_329_2' pipeline type 'loop pipeline'
WARNING: [RTGEN 206-101] Setting dangling out port 'produce_em_cluster_stream/towers_WEN_A' to 0.
WARNING: [RTGEN 206-101] Setting dangling out port 'produce_em_cluster_stream/towers_Din_A' to 0.
INFO: [RTGEN 206-100] Finished creating RTL model for 'produce_em_cluster_stream'.
INFO: [HLS 200-111] Finished Creating RTL model: CPU user time: 0.29 seconds. CPU system time: 0.01 seconds. Elapsed time: 0.3 seconds; current allocated memory: 479.797 MB.
INFO: [HLS 200-10] ----------------------------------------------------------------
INFO: [HLS 200-10] -- Generating RTL for module 'produce_jet_cluster_stream' 
INFO: [HLS 200-10] ----------------------------------------------------------------
INFO: [HLS 200-1030] Apply Unified Pipeline Control on module 'produce_jet_cluster_stream' pipeline 'VITIS_LOOP_375_1_VITIS_LOOP_376_2' pipeline type 'loop pipeline'
WARNING: [RTGEN 206-101] Setting dangling out port 'produce_jet_cluster_stream/towers_WEN_B' to 0.
WARNING: [RTGEN 206-101] Setting dangling out port 'produce_jet_cluster_stream/towers_Din_B' to 0.
INFO: [RTGEN 206-100] Finished creating RTL model for 'produce_jet_cluster_stream'.
INFO: [HLS 200-111] Finished Creating RTL model: CPU user time: 0.69 seconds. CPU system time: 0.04 seconds. Elapsed time: 0.82 seconds; current allocated memory: 490.617 MB.
INFO: [HLS 200-10] ----------------------------------------------------------------
INFO: [HLS 200-10] -- Generating RTL for module 'select_top_n_from_stream_fixed_1440_s' 
INFO: [HLS 200-10] ----------------------------------------------------------------
INFO: [RTGEN 206-100] Generating core module 'sparsemux_15_3_1_1_1': 1 instance(s).
INFO: [RTGEN 206-100] Generating core module 'sparsemux_15_3_20_1_1': 2 instance(s).
INFO: [RTGEN 206-100] Generating core module 'sparsemux_15_3_4_1_1': 1 instance(s).
INFO: [RTGEN 206-100] Generating core module 'sparsemux_15_3_6_1_1': 2 instance(s).
INFO: [RTGEN 206-100] Finished creating RTL model for 'select_top_n_from_stream_fixed_1440_s'.
INFO: [HLS 200-111] Finished Creating RTL model: CPU user time: 5.87 seconds. CPU system time: 0.09 seconds. Elapsed time: 6.08 seconds; current allocated memory: 524.230 MB.
INFO: [HLS 200-10] ----------------------------------------------------------------
INFO: [HLS 200-10] -- Generating RTL for module 'select_top_n_from_stream_fixed_1440_1' 
INFO: [HLS 200-10] ----------------------------------------------------------------
INFO: [RTGEN 206-100] Generating core module 'sparsemux_15_3_1_1_1': 1 instance(s).
INFO: [RTGEN 206-100] Generating core module 'sparsemux_15_3_20_1_1': 2 instance(s).
INFO: [RTGEN 206-100] Generating core module 'sparsemux_15_3_4_1_1': 1 instance(s).
INFO: [RTGEN 206-100] Generating core module 'sparsemux_15_3_6_1_1': 2 instance(s).
INFO: [RTGEN 206-100] Finished creating RTL model for 'select_top_n_from_stream_fixed_1440_1'.
INFO: [HLS 200-111] Finished Creating RTL model: CPU user time: 7.35 seconds. CPU system time: 0.17 seconds. Elapsed time: 7.81 seconds; current allocated memory: 562.379 MB.
INFO: [HLS 200-10] ----------------------------------------------------------------
INFO: [HLS 200-10] -- Generating RTL for module 'build_trigger_objects' 
INFO: [HLS 200-10] ----------------------------------------------------------------
INFO: [RTGEN 206-100] Finished creating RTL model for 'build_trigger_objects'.
INFO: [HLS 200-111] Finished Creating RTL model: CPU user time: 2.02 seconds. CPU system time: 0.12 seconds. Elapsed time: 2.27 seconds; current allocated memory: 584.160 MB.
INFO: [HLS 200-10] ----------------------------------------------------------------
INFO: [HLS 200-10] -- Generating RTL for module 'build_trigger_objects_2' 
INFO: [HLS 200-10] ----------------------------------------------------------------
INFO: [RTGEN 206-100] Finished creating RTL model for 'build_trigger_objects_2'.
INFO: [HLS 200-111] Finished Creating RTL model: CPU user time: 0.18 seconds. CPU system time: 0.02 seconds. Elapsed time: 0.2 seconds; current allocated memory: 584.160 MB.
INFO: [HLS 200-10] ----------------------------------------------------------------
INFO: [HLS 200-10] -- Generating RTL for module 'cluster_sort_build_em_jet_stream' 
INFO: [HLS 200-10] ----------------------------------------------------------------
WARNING: [HLS 200-656] Deadlocks can occur since process produce_em_cluster_stream is instantiated in a dataflow region with ap_ctrl_none or without start propagation and contains an auto-rewind pipeline.
Resolution: For help on HLS 200-656 see docs.xilinx.com/access/sources/dita/topic?Doc_Version=2024.1%20English&url=ug1448-hls-guidance&resourceid=200-656.html
WARNING: [HLS 200-656] Deadlocks can occur since process produce_jet_cluster_stream is instantiated in a dataflow region with ap_ctrl_none or without start propagation and contains an auto-rewind pipeline.
Resolution: For help on HLS 200-656 see docs.xilinx.com/access/sources/dita/topic?Doc_Version=2024.1%20English&url=ug1448-hls-guidance&resourceid=200-656.html
INFO: [RTGEN 206-100] Finished creating RTL model for 'cluster_sort_build_em_jet_stream'.
INFO: [RTMG 210-285] Implementing FIFO 'em_cluster_stream_U(calo_trigger_em_jet_stream_ref_fifo_w61_d64_A)' using Vivado Default RAMs.
INFO: [RTMG 210-285] Implementing FIFO 'jet_cluster_stream_U(calo_trigger_em_jet_stream_ref_fifo_w61_d64_A)' using Vivado Default RAMs.
INFO: [RTMG 210-285] Implementing FIFO 'em_top_clusters_et_U(calo_trigger_em_jet_stream_ref_fifo_w20_d2_S)' using Shift Registers.
INFO: [RTMG 210-285] Implementing FIFO 'em_top_clusters_et_1_U(calo_trigger_em_jet_stream_ref_fifo_w20_d2_S)' using Shift Registers.
INFO: [RTMG 210-285] Implementing FIFO 'em_top_clusters_et_2_U(calo_trigger_em_jet_stream_ref_fifo_w20_d2_S)' using Shift Registers.
INFO: [RTMG 210-285] Implementing FIFO 'em_top_clusters_et_3_U(calo_trigger_em_jet_stream_ref_fifo_w20_d2_S)' using Shift Registers.
INFO: [RTMG 210-285] Implementing FIFO 'em_top_clusters_et_4_U(calo_trigger_em_jet_stream_ref_fifo_w20_d2_S)' using Shift Registers.
INFO: [RTMG 210-285] Implementing FIFO 'em_top_clusters_et_5_U(calo_trigger_em_jet_stream_ref_fifo_w20_d2_S)' using Shift Registers.
INFO: [RTMG 210-285] Implementing FIFO 'em_top_clusters_et_6_U(calo_trigger_em_jet_stream_ref_fifo_w20_d2_S)' using Shift Registers.
INFO: [RTMG 210-285] Implementing FIFO 'em_top_clusters_et_7_U(calo_trigger_em_jet_stream_ref_fifo_w20_d2_S)' using Shift Registers.
INFO: [RTMG 210-285] Implementing FIFO 'em_top_clusters_isolation_et_U(calo_trigger_em_jet_stream_ref_fifo_w20_d2_S)' using Shift Registers.
INFO: [RTMG 210-285] Implementing FIFO 'em_top_clusters_isolation_et_1_U(calo_trigger_em_jet_stream_ref_fifo_w20_d2_S)' using Shift Registers.
INFO: [RTMG 210-285] Implementing FIFO 'em_top_clusters_isolation_et_2_U(calo_trigger_em_jet_stream_ref_fifo_w20_d2_S)' using Shift Registers.
INFO: [RTMG 210-285] Implementing FIFO 'em_top_clusters_isolation_et_3_U(calo_trigger_em_jet_stream_ref_fifo_w20_d2_S)' using Shift Registers.
INFO: [RTMG 210-285] Implementing FIFO 'em_top_clusters_isolation_et_4_U(calo_trigger_em_jet_stream_ref_fifo_w20_d2_S)' using Shift Registers.
INFO: [RTMG 210-285] Implementing FIFO 'em_top_clusters_isolation_et_5_U(calo_trigger_em_jet_stream_ref_fifo_w20_d2_S)' using Shift Registers.
INFO: [RTMG 210-285] Implementing FIFO 'em_top_clusters_isolation_et_6_U(calo_trigger_em_jet_stream_ref_fifo_w20_d2_S)' using Shift Registers.
INFO: [RTMG 210-285] Implementing FIFO 'em_top_clusters_isolation_et_7_U(calo_trigger_em_jet_stream_ref_fifo_w20_d2_S)' using Shift Registers.
INFO: [RTMG 210-285] Implementing FIFO 'em_top_clusters_eta_U(calo_trigger_em_jet_stream_ref_fifo_w6_d2_S)' using Shift Registers.
INFO: [RTMG 210-285] Implementing FIFO 'em_top_clusters_eta_1_U(calo_trigger_em_jet_stream_ref_fifo_w6_d2_S)' using Shift Registers.
INFO: [RTMG 210-285] Implementing FIFO 'em_top_clusters_eta_2_U(calo_trigger_em_jet_stream_ref_fifo_w6_d2_S)' using Shift Registers.
INFO: [RTMG 210-285] Implementing FIFO 'em_top_clusters_eta_3_U(calo_trigger_em_jet_stream_ref_fifo_w6_d2_S)' using Shift Registers.
INFO: [RTMG 210-285] Implementing FIFO 'em_top_clusters_eta_4_U(calo_trigger_em_jet_stream_ref_fifo_w6_d2_S)' using Shift Registers.
INFO: [RTMG 210-285] Implementing FIFO 'em_top_clusters_eta_5_U(calo_trigger_em_jet_stream_ref_fifo_w6_d2_S)' using Shift Registers.
INFO: [RTMG 210-285] Implementing FIFO 'em_top_clusters_eta_6_U(calo_trigger_em_jet_stream_ref_fifo_w6_d2_S)' using Shift Registers.
INFO: [RTMG 210-285] Implementing FIFO 'em_top_clusters_eta_7_U(calo_trigger_em_jet_stream_ref_fifo_w6_d2_S)' using Shift Registers.
INFO: [RTMG 210-285] Implementing FIFO 'em_top_clusters_phi_U(calo_trigger_em_jet_stream_ref_fifo_w6_d2_S)' using Shift Registers.
INFO: [RTMG 210-285] Implementing FIFO 'em_top_clusters_phi_1_U(calo_trigger_em_jet_stream_ref_fifo_w6_d2_S)' using Shift Registers.
INFO: [RTMG 210-285] Implementing FIFO 'em_top_clusters_phi_2_U(calo_trigger_em_jet_stream_ref_fifo_w6_d2_S)' using Shift Registers.
INFO: [RTMG 210-285] Implementing FIFO 'em_top_clusters_phi_3_U(calo_trigger_em_jet_stream_ref_fifo_w6_d2_S)' using Shift Registers.
INFO: [RTMG 210-285] Implementing FIFO 'em_top_clusters_phi_4_U(calo_trigger_em_jet_stream_ref_fifo_w6_d2_S)' using Shift Registers.
INFO: [RTMG 210-285] Implementing FIFO 'em_top_clusters_phi_5_U(calo_trigger_em_jet_stream_ref_fifo_w6_d2_S)' using Shift Registers.
INFO: [RTMG 210-285] Implementing FIFO 'em_top_clusters_phi_6_U(calo_trigger_em_jet_stream_ref_fifo_w6_d2_S)' using Shift Registers.
INFO: [RTMG 210-285] Implementing FIFO 'em_top_clusters_phi_7_U(calo_trigger_em_jet_stream_ref_fifo_w6_d2_S)' using Shift Registers.
INFO: [RTMG 210-285] Implementing FIFO 'em_top_clusters_window_size_U(calo_trigger_em_jet_stream_ref_fifo_w4_d2_S)' using Shift Registers.
INFO: [RTMG 210-285] Implementing FIFO 'em_top_clusters_window_size_1_U(calo_trigger_em_jet_stream_ref_fifo_w4_d2_S)' using Shift Registers.
INFO: [RTMG 210-285] Implementing FIFO 'em_top_clusters_window_size_2_U(calo_trigger_em_jet_stream_ref_fifo_w4_d2_S)' using Shift Registers.
INFO: [RTMG 210-285] Implementing FIFO 'em_top_clusters_window_size_3_U(calo_trigger_em_jet_stream_ref_fifo_w4_d2_S)' using Shift Registers.
INFO: [RTMG 210-285] Implementing FIFO 'em_top_clusters_window_size_4_U(calo_trigger_em_jet_stream_ref_fifo_w4_d2_S)' using Shift Registers.
INFO: [RTMG 210-285] Implementing FIFO 'em_top_clusters_window_size_5_U(calo_trigger_em_jet_stream_ref_fifo_w4_d2_S)' using Shift Registers.
INFO: [RTMG 210-285] Implementing FIFO 'em_top_clusters_window_size_6_U(calo_trigger_em_jet_stream_ref_fifo_w4_d2_S)' using Shift Registers.
INFO: [RTMG 210-285] Implementing FIFO 'em_top_clusters_window_size_7_U(calo_trigger_em_jet_stream_ref_fifo_w4_d2_S)' using Shift Registers.
INFO: [RTMG 210-285] Implementing FIFO 'em_top_clusters_valid_U(calo_trigger_em_jet_stream_ref_fifo_w1_d2_S)' using Shift Registers.
INFO: [RTMG 210-285] Implementing FIFO 'em_top_clusters_valid_1_U(calo_trigger_em_jet_stream_ref_fifo_w1_d2_S)' using Shift Registers.
INFO: [RTMG 210-285] Implementing FIFO 'em_top_clusters_valid_2_U(calo_trigger_em_jet_stream_ref_fifo_w1_d2_S)' using Shift Registers.
INFO: [RTMG 210-285] Implementing FIFO 'em_top_clusters_valid_3_U(calo_trigger_em_jet_stream_ref_fifo_w1_d2_S)' using Shift Registers.
INFO: [RTMG 210-285] Implementing FIFO 'em_top_clusters_valid_4_U(calo_trigger_em_jet_stream_ref_fifo_w1_d2_S)' using Shift Registers.
INFO: [RTMG 210-285] Implementing FIFO 'em_top_clusters_valid_5_U(calo_trigger_em_jet_stream_ref_fifo_w1_d2_S)' using Shift Registers.
INFO: [RTMG 210-285] Implementing FIFO 'em_top_clusters_valid_6_U(calo_trigger_em_jet_stream_ref_fifo_w1_d2_S)' using Shift Registers.
INFO: [RTMG 210-285] Implementing FIFO 'em_top_clusters_valid_7_U(calo_trigger_em_jet_stream_ref_fifo_w1_d2_S)' using Shift Registers.
INFO: [RTMG 210-285] Implementing FIFO 'jet_top_clusters_et_U(calo_trigger_em_jet_stream_ref_fifo_w20_d2_S)' using Shift Registers.
INFO: [RTMG 210-285] Implementing FIFO 'jet_top_clusters_et_1_U(calo_trigger_em_jet_stream_ref_fifo_w20_d2_S)' using Shift Registers.
INFO: [RTMG 210-285] Implementing FIFO 'jet_top_clusters_et_2_U(calo_trigger_em_jet_stream_ref_fifo_w20_d2_S)' using Shift Registers.
INFO: [RTMG 210-285] Implementing FIFO 'jet_top_clusters_et_3_U(calo_trigger_em_jet_stream_ref_fifo_w20_d2_S)' using Shift Registers.
INFO: [RTMG 210-285] Implementing FIFO 'jet_top_clusters_et_4_U(calo_trigger_em_jet_stream_ref_fifo_w20_d2_S)' using Shift Registers.
INFO: [RTMG 210-285] Implementing FIFO 'jet_top_clusters_et_5_U(calo_trigger_em_jet_stream_ref_fifo_w20_d2_S)' using Shift Registers.
INFO: [RTMG 210-285] Implementing FIFO 'jet_top_clusters_et_6_U(calo_trigger_em_jet_stream_ref_fifo_w20_d2_S)' using Shift Registers.
INFO: [RTMG 210-285] Implementing FIFO 'jet_top_clusters_et_7_U(calo_trigger_em_jet_stream_ref_fifo_w20_d2_S)' using Shift Registers.
INFO: [RTMG 210-285] Implementing FIFO 'jet_top_clusters_isolation_et_U(calo_trigger_em_jet_stream_ref_fifo_w20_d2_S)' using Shift Registers.
INFO: [RTMG 210-285] Implementing FIFO 'jet_top_clusters_isolation_et_1_U(calo_trigger_em_jet_stream_ref_fifo_w20_d2_S)' using Shift Registers.
INFO: [RTMG 210-285] Implementing FIFO 'jet_top_clusters_isolation_et_2_U(calo_trigger_em_jet_stream_ref_fifo_w20_d2_S)' using Shift Registers.
INFO: [RTMG 210-285] Implementing FIFO 'jet_top_clusters_isolation_et_3_U(calo_trigger_em_jet_stream_ref_fifo_w20_d2_S)' using Shift Registers.
INFO: [RTMG 210-285] Implementing FIFO 'jet_top_clusters_isolation_et_4_U(calo_trigger_em_jet_stream_ref_fifo_w20_d2_S)' using Shift Registers.
INFO: [RTMG 210-285] Implementing FIFO 'jet_top_clusters_isolation_et_5_U(calo_trigger_em_jet_stream_ref_fifo_w20_d2_S)' using Shift Registers.
INFO: [RTMG 210-285] Implementing FIFO 'jet_top_clusters_isolation_et_6_U(calo_trigger_em_jet_stream_ref_fifo_w20_d2_S)' using Shift Registers.
INFO: [RTMG 210-285] Implementing FIFO 'jet_top_clusters_isolation_et_7_U(calo_trigger_em_jet_stream_ref_fifo_w20_d2_S)' using Shift Registers.
INFO: [RTMG 210-285] Implementing FIFO 'jet_top_clusters_eta_U(calo_trigger_em_jet_stream_ref_fifo_w6_d2_S)' using Shift Registers.
INFO: [RTMG 210-285] Implementing FIFO 'jet_top_clusters_eta_1_U(calo_trigger_em_jet_stream_ref_fifo_w6_d2_S)' using Shift Registers.
INFO: [RTMG 210-285] Implementing FIFO 'jet_top_clusters_eta_2_U(calo_trigger_em_jet_stream_ref_fifo_w6_d2_S)' using Shift Registers.
INFO: [RTMG 210-285] Implementing FIFO 'jet_top_clusters_eta_3_U(calo_trigger_em_jet_stream_ref_fifo_w6_d2_S)' using Shift Registers.
INFO: [RTMG 210-285] Implementing FIFO 'jet_top_clusters_eta_4_U(calo_trigger_em_jet_stream_ref_fifo_w6_d2_S)' using Shift Registers.
INFO: [RTMG 210-285] Implementing FIFO 'jet_top_clusters_eta_5_U(calo_trigger_em_jet_stream_ref_fifo_w6_d2_S)' using Shift Registers.
INFO: [RTMG 210-285] Implementing FIFO 'jet_top_clusters_eta_6_U(calo_trigger_em_jet_stream_ref_fifo_w6_d2_S)' using Shift Registers.
INFO: [RTMG 210-285] Implementing FIFO 'jet_top_clusters_eta_7_U(calo_trigger_em_jet_stream_ref_fifo_w6_d2_S)' using Shift Registers.
INFO: [RTMG 210-285] Implementing FIFO 'jet_top_clusters_phi_U(calo_trigger_em_jet_stream_ref_fifo_w6_d2_S)' using Shift Registers.
INFO: [RTMG 210-285] Implementing FIFO 'jet_top_clusters_phi_1_U(calo_trigger_em_jet_stream_ref_fifo_w6_d2_S)' using Shift Registers.
INFO: [RTMG 210-285] Implementing FIFO 'jet_top_clusters_phi_2_U(calo_trigger_em_jet_stream_ref_fifo_w6_d2_S)' using Shift Registers.
INFO: [RTMG 210-285] Implementing FIFO 'jet_top_clusters_phi_3_U(calo_trigger_em_jet_stream_ref_fifo_w6_d2_S)' using Shift Registers.
INFO: [RTMG 210-285] Implementing FIFO 'jet_top_clusters_phi_4_U(calo_trigger_em_jet_stream_ref_fifo_w6_d2_S)' using Shift Registers.
INFO: [RTMG 210-285] Implementing FIFO 'jet_top_clusters_phi_5_U(calo_trigger_em_jet_stream_ref_fifo_w6_d2_S)' using Shift Registers.
INFO: [RTMG 210-285] Implementing FIFO 'jet_top_clusters_phi_6_U(calo_trigger_em_jet_stream_ref_fifo_w6_d2_S)' using Shift Registers.
INFO: [RTMG 210-285] Implementing FIFO 'jet_top_clusters_phi_7_U(calo_trigger_em_jet_stream_ref_fifo_w6_d2_S)' using Shift Registers.
INFO: [RTMG 210-285] Implementing FIFO 'jet_top_clusters_window_size_U(calo_trigger_em_jet_stream_ref_fifo_w4_d2_S)' using Shift Registers.
INFO: [RTMG 210-285] Implementing FIFO 'jet_top_clusters_window_size_1_U(calo_trigger_em_jet_stream_ref_fifo_w4_d2_S)' using Shift Registers.
INFO: [RTMG 210-285] Implementing FIFO 'jet_top_clusters_window_size_2_U(calo_trigger_em_jet_stream_ref_fifo_w4_d2_S)' using Shift Registers.
INFO: [RTMG 210-285] Implementing FIFO 'jet_top_clusters_window_size_3_U(calo_trigger_em_jet_stream_ref_fifo_w4_d2_S)' using Shift Registers.
INFO: [RTMG 210-285] Implementing FIFO 'jet_top_clusters_window_size_4_U(calo_trigger_em_jet_stream_ref_fifo_w4_d2_S)' using Shift Registers.
INFO: [RTMG 210-285] Implementing FIFO 'jet_top_clusters_window_size_5_U(calo_trigger_em_jet_stream_ref_fifo_w4_d2_S)' using Shift Registers.
INFO: [RTMG 210-285] Implementing FIFO 'jet_top_clusters_window_size_6_U(calo_trigger_em_jet_stream_ref_fifo_w4_d2_S)' using Shift Registers.
INFO: [RTMG 210-285] Implementing FIFO 'jet_top_clusters_window_size_7_U(calo_trigger_em_jet_stream_ref_fifo_w4_d2_S)' using Shift Registers.
INFO: [RTMG 210-285] Implementing FIFO 'jet_top_clusters_valid_U(calo_trigger_em_jet_stream_ref_fifo_w1_d2_S)' using Shift Registers.
INFO: [RTMG 210-285] Implementing FIFO 'jet_top_clusters_valid_1_U(calo_trigger_em_jet_stream_ref_fifo_w1_d2_S)' using Shift Registers.
INFO: [RTMG 210-285] Implementing FIFO 'jet_top_clusters_valid_2_U(calo_trigger_em_jet_stream_ref_fifo_w1_d2_S)' using Shift Registers.
INFO: [RTMG 210-285] Implementing FIFO 'jet_top_clusters_valid_3_U(calo_trigger_em_jet_stream_ref_fifo_w1_d2_S)' using Shift Registers.
INFO: [RTMG 210-285] Implementing FIFO 'jet_top_clusters_valid_4_U(calo_trigger_em_jet_stream_ref_fifo_w1_d2_S)' using Shift Registers.
INFO: [RTMG 210-285] Implementing FIFO 'jet_top_clusters_valid_5_U(calo_trigger_em_jet_stream_ref_fifo_w1_d2_S)' using Shift Registers.
INFO: [RTMG 210-285] Implementing FIFO 'jet_top_clusters_valid_6_U(calo_trigger_em_jet_stream_ref_fifo_w1_d2_S)' using Shift Registers.
INFO: [RTMG 210-285] Implementing FIFO 'jet_top_clusters_valid_7_U(calo_trigger_em_jet_stream_ref_fifo_w1_d2_S)' using Shift Registers.
INFO: [RTMG 210-285] Implementing FIFO 'start_for_select_top_n_from_stream_fixed_1440_U0_U(calo_trigger_em_jet_stream_ref_start_for_select_top_n_from_stream_fixed_1440_U0)' using Shift Registers.
INFO: [RTMG 210-285] Implementing FIFO 'start_for_select_top_n_from_stream_fixed_1440_1_U0_U(calo_trigger_em_jet_stream_ref_start_for_select_top_n_from_stream_fixed_1440_1_U0)' using Shift Registers.
INFO: [HLS 200-111] Finished Creating RTL model: CPU user time: 1.05 seconds. CPU system time: 0.13 seconds. Elapsed time: 2.11 seconds; current allocated memory: 587.574 MB.
INFO: [HLS 200-10] ----------------------------------------------------------------
INFO: [HLS 200-10] -- Generating RTL for module 'calo_trigger_em_jet_stream_ref' 
INFO: [HLS 200-10] ----------------------------------------------------------------
WARNING: [RTGEN 206-101] Design contains AXI ports. Reset is fixed to synchronous and active low.
INFO: [RTGEN 206-500] Setting interface mode on port 'calo_trigger_em_jet_stream_ref/towers' to 'bram'.
INFO: [RTGEN 206-500] Setting interface mode on port 'calo_trigger_em_jet_stream_ref/em_seed_threshold' to 's_axilite & ap_none'.
INFO: [RTGEN 206-500] Setting interface mode on port 'calo_trigger_em_jet_stream_ref/em_cluster_threshold' to 's_axilite & ap_none'.
INFO: [RTGEN 206-500] Setting interface mode on port 'calo_trigger_em_jet_stream_ref/jet_seed_threshold' to 's_axilite & ap_none'.
INFO: [RTGEN 206-500] Setting interface mode on port 'calo_trigger_em_jet_stream_ref/jet_cluster_threshold' to 's_axilite & ap_none'.
INFO: [RTGEN 206-500] Setting interface mode on port 'calo_trigger_em_jet_stream_ref/em_objects_0' to 'ap_vld'.
INFO: [RTGEN 206-500] Setting interface mode on port 'calo_trigger_em_jet_stream_ref/em_objects_1' to 'ap_vld'.
INFO: [RTGEN 206-500] Setting interface mode on port 'calo_trigger_em_jet_stream_ref/em_objects_2' to 'ap_vld'.
INFO: [RTGEN 206-500] Setting interface mode on port 'calo_trigger_em_jet_stream_ref/em_objects_3' to 'ap_vld'.
INFO: [RTGEN 206-500] Setting interface mode on port 'calo_trigger_em_jet_stream_ref/em_objects_4' to 'ap_vld'.
INFO: [RTGEN 206-500] Setting interface mode on port 'calo_trigger_em_jet_stream_ref/em_objects_5' to 'ap_vld'.
INFO: [RTGEN 206-500] Setting interface mode on port 'calo_trigger_em_jet_stream_ref/em_objects_6' to 'ap_vld'.
INFO: [RTGEN 206-500] Setting interface mode on port 'calo_trigger_em_jet_stream_ref/em_objects_7' to 'ap_vld'.
INFO: [RTGEN 206-500] Setting interface mode on port 'calo_trigger_em_jet_stream_ref/jet_objects_0' to 'ap_vld'.
INFO: [RTGEN 206-500] Setting interface mode on port 'calo_trigger_em_jet_stream_ref/jet_objects_1' to 'ap_vld'.
INFO: [RTGEN 206-500] Setting interface mode on port 'calo_trigger_em_jet_stream_ref/jet_objects_2' to 'ap_vld'.
INFO: [RTGEN 206-500] Setting interface mode on port 'calo_trigger_em_jet_stream_ref/jet_objects_3' to 'ap_vld'.
INFO: [RTGEN 206-500] Setting interface mode on port 'calo_trigger_em_jet_stream_ref/jet_objects_4' to 'ap_vld'.
INFO: [RTGEN 206-500] Setting interface mode on port 'calo_trigger_em_jet_stream_ref/jet_objects_5' to 'ap_vld'.
INFO: [RTGEN 206-500] Setting interface mode on port 'calo_trigger_em_jet_stream_ref/jet_objects_6' to 'ap_vld'.
INFO: [RTGEN 206-500] Setting interface mode on port 'calo_trigger_em_jet_stream_ref/jet_objects_7' to 'ap_vld'.
INFO: [RTGEN 206-500] Setting interface mode on port 'calo_trigger_em_jet_stream_ref/ht' to 's_axilite & ap_vld'.
INFO: [RTGEN 206-500] Setting interface mode on port 'calo_trigger_em_jet_stream_ref/num_em_clusters' to 's_axilite & ap_vld'.
INFO: [RTGEN 206-500] Setting interface mode on port 'calo_trigger_em_jet_stream_ref/num_jet_clusters' to 's_axilite & ap_vld'.
INFO: [RTGEN 206-500] Setting interface mode on function 'calo_trigger_em_jet_stream_ref' to 's_axilite & ap_ctrl_hs'.
INFO: [RTGEN 206-100] Bundling port 'em_seed_threshold', 'em_cluster_threshold', 'jet_seed_threshold', 'jet_cluster_threshold', 'ht', 'num_em_clusters', 'num_jet_clusters' and 'return' to AXI-Lite port CTRL.
WARNING: [RTGEN 206-101] Setting dangling out port 'calo_trigger_em_jet_stream_ref/towers_WEN_A' to 0.
WARNING: [RTGEN 206-101] Setting dangling out port 'calo_trigger_em_jet_stream_ref/towers_Din_A' to 0.
WARNING: [RTGEN 206-101] Setting dangling out port 'calo_trigger_em_jet_stream_ref/towers_WEN_B' to 0.
WARNING: [RTGEN 206-101] Setting dangling out port 'calo_trigger_em_jet_stream_ref/towers_Din_B' to 0.
INFO: [RTGEN 206-100] Finished creating RTL model for 'calo_trigger_em_jet_stream_ref'.
INFO: [HLS 200-111] Finished Creating RTL model: CPU user time: 0.51 seconds. CPU system time: 0.05 seconds. Elapsed time: 0.71 seconds; current allocated memory: 592.547 MB.
INFO: [HLS 200-111] Finished Generating all RTL models: CPU user time: 0.67 seconds. CPU system time: 0.14 seconds. Elapsed time: 0.83 seconds; current allocated memory: 597.961 MB.
INFO: [HLS 200-111] Finished Updating report files: CPU user time: 2.9 seconds. CPU system time: 0.06 seconds. Elapsed time: 2.97 seconds; current allocated memory: 616.918 MB.
INFO: [VHDL 208-304] Generating VHDL RTL for calo_trigger_em_jet_stream_ref.
INFO: [VLOG 209-307] Generating Verilog RTL for calo_trigger_em_jet_stream_ref.
INFO: [HLS 200-790] **** Loop Constraint Status: All loop constraints were satisfied.
INFO: [HLS 200-789] **** Estimated Fmax: 137.47 MHz
INFO: [HLS 200-2161] Finished Command csynth_design Elapsed time: 00:01:03; Allocated memory: 292.191 MB.
============================================================
HLS run complete.
Main synthesis report:
  calorimeter/solution1/syn/report/calo_trigger_em_jet_stream_ref_csynth.rpt
C simulation output:
  calorimeter/solution1/csim/report
============================================================
INFO: [HLS 200-112] Total CPU user time: 71.14 seconds. Total CPU system time: 4.82 seconds. Total elapsed time: 80.88 seconds; peak allocated memory: 616.941 MB.
