

================================================================
== Vitis HLS Report for 'produce_em_jet_cluster_stream_from_towers'
================================================================
* Date:           Tue May 12 23:42:00 2026

* Version:        2024.1 (Build 5069499 on May 21 2024)
* Project:        calorimeter
* Solution:       solution1 (Vivado IP Flow Target)
* Product family: virtexuplus
* Target device:  xcvu13p-fsga2577-2-e


================================================================
== Performance Estimates
================================================================
+ Timing: 
    * Summary: 
    +--------+----------+-----------+------------+
    |  Clock |  Target  | Estimated | Uncertainty|
    +--------+----------+-----------+------------+
    |ap_clk  |  25.00 ns|  12.510 ns|     6.75 ns|
    +--------+----------+-----------+------------+

+ Latency: 
    * Summary: 
    +---------+---------+-----------+----------+------+------+---------+
    |  Latency (cycles) |  Latency (absolute)  |   Interval  | Pipeline|
    |   min   |   max   |    min    |    max   |  min |  max |   Type  |
    +---------+---------+-----------+----------+------+------+---------+
    |     1981|     4081|  49.525 us|  0.102 ms|  1981|  4081|       no|
    +---------+---------+-----------+----------+------+------+---------+

    + Detail: 
        * Instance: 
        +--------------------------------------------------------------------------------+---------------------------------------------------------------------+---------+---------+----------+----------+-----+-----+-----------------------------------------------+
        |                                                                                |                                                                     |  Latency (cycles) |  Latency (absolute) |  Interval |                    Pipeline                   |
        |                                    Instance                                    |                                Module                               |   min   |   max   |    min   |    max   | min | max |                      Type                     |
        +--------------------------------------------------------------------------------+---------------------------------------------------------------------+---------+---------+----------+----------+-----+-----+-----------------------------------------------+
        |grp_produce_em_jet_cluster_stream_from_towers_Pipeline_VITIS_LOOP_486_2_fu_153  |produce_em_jet_cluster_stream_from_towers_Pipeline_VITIS_LOOP_486_2  |       62|       62|  1.550 us|  1.550 us|   61|   61|  loop auto-rewind stp(delay=0 clock cycles(s))|
        |grp_produce_em_jet_cluster_stream_from_towers_Pipeline_VITIS_LOOP_500_3_fu_170  |produce_em_jet_cluster_stream_from_towers_Pipeline_VITIS_LOOP_500_3  |       62|       62|  1.550 us|  1.550 us|   61|   61|  loop auto-rewind stp(delay=0 clock cycles(s))|
        +--------------------------------------------------------------------------------+---------------------------------------------------------------------+---------+---------+----------+----------+-----+-----+-----------------------------------------------+

        * Loop: 
        +--------------------+---------+---------+----------+-----------+-----------+------+----------+
        |                    |  Latency (cycles) | Iteration|  Initiation Interval  | Trip |          |
        |      Loop Name     |   min   |   max   |  Latency |  achieved |   target  | Count| Pipelined|
        +--------------------+---------+---------+----------+-----------+-----------+------+----------+
        |- VITIS_LOOP_481_1  |     1980|     4080|  66 ~ 136|          -|          -|    30|        no|
        +--------------------+---------+---------+----------+-----------+-----------+------+----------+



================================================================
== Utilization Estimates
================================================================
* Summary: 
+---------------------+---------+-------+---------+---------+------+
|         Name        | BRAM_18K|  DSP  |    FF   |   LUT   | URAM |
+---------------------+---------+-------+---------+---------+------+
|DSP                  |        -|      -|        -|        -|     -|
|Expression           |        -|      -|        0|      151|     -|
|FIFO                 |        -|      -|        -|        -|     -|
|Instance             |        -|      -|      467|     6141|     -|
|Memory               |        0|      -|      112|      119|     0|
|Multiplexer          |        -|      -|        0|      972|     -|
|Register             |        -|      -|      132|        -|     -|
+---------------------+---------+-------+---------+---------+------+
|Total                |        0|      0|      711|     7383|     0|
+---------------------+---------+-------+---------+---------+------+
|Available SLR        |     1344|   3072|   864000|   432000|   320|
+---------------------+---------+-------+---------+---------+------+
|Utilization SLR (%)  |        0|      0|       ~0|        1|     0|
+---------------------+---------+-------+---------+---------+------+
|Available            |     5376|  12288|  3456000|  1728000|  1280|
+---------------------+---------+-------+---------+---------+------+
|Utilization (%)      |        0|      0|       ~0|       ~0|     0|
+---------------------+---------+-------+---------+---------+------+

+ Detail: 
    * Instance: 
    +--------------------------------------------------------------------------------+---------------------------------------------------------------------+---------+----+----+------+-----+
    |                                    Instance                                    |                                Module                               | BRAM_18K| DSP| FF |  LUT | URAM|
    +--------------------------------------------------------------------------------+---------------------------------------------------------------------+---------+----+----+------+-----+
    |grp_produce_em_jet_cluster_stream_from_towers_Pipeline_VITIS_LOOP_486_2_fu_153  |produce_em_jet_cluster_stream_from_towers_Pipeline_VITIS_LOOP_486_2  |        0|   0|  32|   113|    0|
    |grp_produce_em_jet_cluster_stream_from_towers_Pipeline_VITIS_LOOP_500_3_fu_170  |produce_em_jet_cluster_stream_from_towers_Pipeline_VITIS_LOOP_500_3  |        0|   0|  15|  5866|    0|
    |urem_5ns_4ns_3_9_seq_1_U84                                                      |urem_5ns_4ns_3_9_seq_1                                               |        0|   0|  70|    27|    0|
    |urem_5ns_4ns_3_9_seq_1_U85                                                      |urem_5ns_4ns_3_9_seq_1                                               |        0|   0|  70|    27|    0|
    |urem_5ns_4ns_3_9_seq_1_U86                                                      |urem_5ns_4ns_3_9_seq_1                                               |        0|   0|  70|    27|    0|
    |urem_5ns_4ns_3_9_seq_1_U87                                                      |urem_5ns_4ns_3_9_seq_1                                               |        0|   0|  70|    27|    0|
    |urem_5ns_4ns_3_9_seq_1_U88                                                      |urem_5ns_4ns_3_9_seq_1                                               |        0|   0|  70|    27|    0|
    |urem_5ns_4ns_3_9_seq_1_U89                                                      |urem_5ns_4ns_3_9_seq_1                                               |        0|   0|  70|    27|    0|
    +--------------------------------------------------------------------------------+---------------------------------------------------------------------+---------+----+----+------+-----+
    |Total                                                                           |                                                                     |        0|   0| 467|  6141|    0|
    +--------------------------------------------------------------------------------+---------------------------------------------------------------------+---------+----+----+------+-----+

    * DSP: 
    N/A

    * Memory: 
    +-------------+----------------------------------------------------------------------+---------+----+----+-----+------+-----+------+-------------+
    |    Memory   |                                Module                                | BRAM_18K| FF | LUT| URAM| Words| Bits| Banks| W*Bits*Banks|
    +-------------+----------------------------------------------------------------------+---------+----+----+-----+------+-----+------+-------------+
    |linebuf_U    |produce_em_jet_cluster_stream_from_towers_linebuf_RAM_1WNR_AUTO_1R1W  |        0|  16|  17|    0|    60|   12|     1|          720|
    |linebuf_1_U  |produce_em_jet_cluster_stream_from_towers_linebuf_RAM_1WNR_AUTO_1R1W  |        0|  16|  17|    0|    60|   12|     1|          720|
    |linebuf_2_U  |produce_em_jet_cluster_stream_from_towers_linebuf_RAM_1WNR_AUTO_1R1W  |        0|  16|  17|    0|    60|   12|     1|          720|
    |linebuf_3_U  |produce_em_jet_cluster_stream_from_towers_linebuf_RAM_1WNR_AUTO_1R1W  |        0|  16|  17|    0|    60|   12|     1|          720|
    |linebuf_4_U  |produce_em_jet_cluster_stream_from_towers_linebuf_RAM_1WNR_AUTO_1R1W  |        0|  16|  17|    0|    60|   12|     1|          720|
    |linebuf_5_U  |produce_em_jet_cluster_stream_from_towers_linebuf_RAM_1WNR_AUTO_1R1W  |        0|  16|  17|    0|    60|   12|     1|          720|
    |linebuf_6_U  |produce_em_jet_cluster_stream_from_towers_linebuf_RAM_1WNR_AUTO_1R1W  |        0|  16|  17|    0|    60|   12|     1|          720|
    +-------------+----------------------------------------------------------------------+---------+----+----+-----+------+-----+------+-------------+
    |Total        |                                                                      |        0| 112| 119|    0|   420|   84|     7|         5040|
    +-------------+----------------------------------------------------------------------+---------+----+----+-----+------+-----+------+-------------+

    * FIFO: 
    N/A

    * Expression: 
    +----------------------------------+----------+----+---+----+------------+------------+
    |           Variable Name          | Operation| DSP| FF| LUT| Bitwidth P0| Bitwidth P1|
    +----------------------------------+----------+----+---+----+------------+------------+
    |add_ln479_fu_351_p2               |         +|   0|  0|  12|           5|           1|
    |center_eta_fu_255_p2              |         +|   0|  0|  12|           5|           3|
    |eta_2_fu_229_p2                   |         +|   0|  0|  12|           5|           1|
    |grp_fu_265_p0                     |         +|   0|  0|  12|           5|           4|
    |grp_fu_276_p0                     |         +|   0|  0|  12|           5|           4|
    |grp_fu_287_p0                     |         +|   0|  0|  12|           5|           4|
    |grp_fu_304_p0                     |         +|   0|  0|  12|           5|           3|
    |grp_fu_315_p0                     |         +|   0|  0|  12|           5|           2|
    |ap_block_state13_on_subcall_done  |       and|   0|  0|   2|           1|           1|
    |empty_108_fu_240_p2               |      icmp|   0|  0|  10|           3|           3|
    |icmp_ln479_fu_357_p2              |      icmp|   0|  0|  12|           5|           3|
    |icmp_ln481_fu_223_p2              |      icmp|   0|  0|  12|           5|           3|
    |icmp_ln496_fu_250_p2              |      icmp|   0|  0|  12|           5|           3|
    |ap_block_state1                   |        or|   0|  0|   2|           1|           1|
    |select_ln479_fu_363_p3            |    select|   0|  0|   5|           1|           5|
    +----------------------------------+----------+----+---+----+------------+------------+
    |Total                             |          |   0|  0| 151|          61|          41|
    +----------------------------------+----------+----+---+----+------------+------------+

    * Multiplexer: 
    +--------------------------+----+-----------+-----+-----------+
    |           Name           | LUT| Input Size| Bits| Total Bits|
    +--------------------------+----+-----------+-----+-----------+
    |ap_NS_fsm                 |  65|         14|    1|         14|
    |ap_done                   |   9|          2|    1|          2|
    |em_cluster_stream_write   |   9|          2|    1|          2|
    |eta_1_fu_86               |   9|          2|    5|         10|
    |ht                        |   9|          2|   24|         48|
    |jet_cluster_stream_write  |   9|          2|    1|          2|
    |linebuf_1_address0        |  14|          3|    6|         18|
    |linebuf_1_ce0             |  14|          3|    1|          3|
    |linebuf_1_ce1             |   9|          2|    1|          2|
    |linebuf_1_ce2             |   9|          2|    1|          2|
    |linebuf_1_ce3             |   9|          2|    1|          2|
    |linebuf_1_ce4             |   9|          2|    1|          2|
    |linebuf_1_ce5             |   9|          2|    1|          2|
    |linebuf_1_ce6             |   9|          2|    1|          2|
    |linebuf_1_ce7             |   9|          2|    1|          2|
    |linebuf_1_ce8             |   9|          2|    1|          2|
    |linebuf_1_ce9             |   9|          2|    1|          2|
    |linebuf_1_we0             |   9|          2|    1|          2|
    |linebuf_2_address0        |  14|          3|    6|         18|
    |linebuf_2_ce0             |  14|          3|    1|          3|
    |linebuf_2_ce1             |   9|          2|    1|          2|
    |linebuf_2_ce2             |   9|          2|    1|          2|
    |linebuf_2_ce3             |   9|          2|    1|          2|
    |linebuf_2_ce4             |   9|          2|    1|          2|
    |linebuf_2_ce5             |   9|          2|    1|          2|
    |linebuf_2_ce6             |   9|          2|    1|          2|
    |linebuf_2_ce7             |   9|          2|    1|          2|
    |linebuf_2_ce8             |   9|          2|    1|          2|
    |linebuf_2_ce9             |   9|          2|    1|          2|
    |linebuf_2_we0             |   9|          2|    1|          2|
    |linebuf_3_address0        |  14|          3|    6|         18|
    |linebuf_3_ce0             |  14|          3|    1|          3|
    |linebuf_3_ce1             |   9|          2|    1|          2|
    |linebuf_3_ce2             |   9|          2|    1|          2|
    |linebuf_3_ce3             |   9|          2|    1|          2|
    |linebuf_3_ce4             |   9|          2|    1|          2|
    |linebuf_3_ce5             |   9|          2|    1|          2|
    |linebuf_3_ce6             |   9|          2|    1|          2|
    |linebuf_3_ce7             |   9|          2|    1|          2|
    |linebuf_3_ce8             |   9|          2|    1|          2|
    |linebuf_3_ce9             |   9|          2|    1|          2|
    |linebuf_3_we0             |   9|          2|    1|          2|
    |linebuf_4_address0        |  14|          3|    6|         18|
    |linebuf_4_ce0             |  14|          3|    1|          3|
    |linebuf_4_ce1             |   9|          2|    1|          2|
    |linebuf_4_ce2             |   9|          2|    1|          2|
    |linebuf_4_ce3             |   9|          2|    1|          2|
    |linebuf_4_ce4             |   9|          2|    1|          2|
    |linebuf_4_ce5             |   9|          2|    1|          2|
    |linebuf_4_ce6             |   9|          2|    1|          2|
    |linebuf_4_ce7             |   9|          2|    1|          2|
    |linebuf_4_ce8             |   9|          2|    1|          2|
    |linebuf_4_ce9             |   9|          2|    1|          2|
    |linebuf_4_we0             |   9|          2|    1|          2|
    |linebuf_5_address0        |  14|          3|    6|         18|
    |linebuf_5_ce0             |  14|          3|    1|          3|
    |linebuf_5_ce1             |   9|          2|    1|          2|
    |linebuf_5_ce2             |   9|          2|    1|          2|
    |linebuf_5_ce3             |   9|          2|    1|          2|
    |linebuf_5_ce4             |   9|          2|    1|          2|
    |linebuf_5_ce5             |   9|          2|    1|          2|
    |linebuf_5_ce6             |   9|          2|    1|          2|
    |linebuf_5_ce7             |   9|          2|    1|          2|
    |linebuf_5_ce8             |   9|          2|    1|          2|
    |linebuf_5_ce9             |   9|          2|    1|          2|
    |linebuf_5_we0             |   9|          2|    1|          2|
    |linebuf_6_address0        |  14|          3|    6|         18|
    |linebuf_6_ce0             |  14|          3|    1|          3|
    |linebuf_6_ce1             |   9|          2|    1|          2|
    |linebuf_6_ce2             |   9|          2|    1|          2|
    |linebuf_6_ce3             |   9|          2|    1|          2|
    |linebuf_6_ce4             |   9|          2|    1|          2|
    |linebuf_6_ce5             |   9|          2|    1|          2|
    |linebuf_6_ce6             |   9|          2|    1|          2|
    |linebuf_6_ce7             |   9|          2|    1|          2|
    |linebuf_6_ce8             |   9|          2|    1|          2|
    |linebuf_6_ce9             |   9|          2|    1|          2|
    |linebuf_6_we0             |   9|          2|    1|          2|
    |linebuf_address0          |  14|          3|    6|         18|
    |linebuf_ce0               |  14|          3|    1|          3|
    |linebuf_ce1               |   9|          2|    1|          2|
    |linebuf_ce2               |   9|          2|    1|          2|
    |linebuf_ce3               |   9|          2|    1|          2|
    |linebuf_ce4               |   9|          2|    1|          2|
    |linebuf_ce5               |   9|          2|    1|          2|
    |linebuf_ce6               |   9|          2|    1|          2|
    |linebuf_ce7               |   9|          2|    1|          2|
    |linebuf_ce8               |   9|          2|    1|          2|
    |linebuf_ce9               |   9|          2|    1|          2|
    |linebuf_we0               |   9|          2|    1|          2|
    |local_ht_fu_82            |   9|          2|   24|         48|
    |phi_urem_fu_78            |   9|          2|    5|         10|
    |real_start                |   9|          2|    1|          2|
    |tower_in_TREADY           |   9|          2|    1|          2|
    +--------------------------+----+-----------+-----+-----------+
    |Total                     | 972|        214|  183|        427|
    +--------------------------+----+-----------+-----+-----------+

    * Register: 
    +---------------------------------------------------------------------------------------------+----+----+-----+-----------+
    |                                             Name                                            | FF | LUT| Bits| Const Bits|
    +---------------------------------------------------------------------------------------------+----+----+-----+-----------+
    |ap_CS_fsm                                                                                    |  13|   0|   13|          0|
    |ap_done_reg                                                                                  |   1|   0|    1|          0|
    |center_eta_reg_465                                                                           |   5|   0|    5|          0|
    |empty_108_reg_453                                                                            |   1|   0|    1|          0|
    |empty_111_reg_496                                                                            |   3|   0|    3|          0|
    |empty_112_reg_501                                                                            |   3|   0|    3|          0|
    |empty_113_reg_506                                                                            |   3|   0|    3|          0|
    |empty_114_reg_511                                                                            |   3|   0|    3|          0|
    |empty_115_reg_516                                                                            |   3|   0|    3|          0|
    |empty_reg_447                                                                                |   3|   0|    3|          0|
    |eta_1_fu_86                                                                                  |   5|   0|    5|          0|
    |eta_2_reg_437                                                                                |   5|   0|    5|          0|
    |grp_produce_em_jet_cluster_stream_from_towers_Pipeline_VITIS_LOOP_486_2_fu_153_ap_start_reg  |   1|   0|    1|          0|
    |grp_produce_em_jet_cluster_stream_from_towers_Pipeline_VITIS_LOOP_500_3_fu_170_ap_start_reg  |   1|   0|    1|          0|
    |ht_preg                                                                                      |  24|   0|   24|          0|
    |icmp_ln496_reg_461                                                                           |   1|   0|    1|          0|
    |local_ht_fu_82                                                                               |  24|   0|   24|          0|
    |local_ht_load_1_reg_442                                                                      |  24|   0|   24|          0|
    |phi_urem_fu_78                                                                               |   5|   0|    5|          0|
    |start_once_reg                                                                               |   1|   0|    1|          0|
    |trunc_ln529_reg_521                                                                          |   3|   0|    3|          0|
    +---------------------------------------------------------------------------------------------+----+----+-----+-----------+
    |Total                                                                                        | 132|   0|  132|          0|
    +---------------------------------------------------------------------------------------------+----+----+-----+-----------+



================================================================
== Interface
================================================================
* Summary: 
+-----------------------------------+-----+-----+------------+-------------------------------------------+--------------+
|             RTL Ports             | Dir | Bits|  Protocol  |               Source Object               |    C Type    |
+-----------------------------------+-----+-----+------------+-------------------------------------------+--------------+
|ap_clk                             |   in|    1|  ap_ctrl_hs|  produce_em_jet_cluster_stream_from_towers|  return value|
|ap_rst                             |   in|    1|  ap_ctrl_hs|  produce_em_jet_cluster_stream_from_towers|  return value|
|ap_start                           |   in|    1|  ap_ctrl_hs|  produce_em_jet_cluster_stream_from_towers|  return value|
|start_full_n                       |   in|    1|  ap_ctrl_hs|  produce_em_jet_cluster_stream_from_towers|  return value|
|ap_done                            |  out|    1|  ap_ctrl_hs|  produce_em_jet_cluster_stream_from_towers|  return value|
|ap_continue                        |   in|    1|  ap_ctrl_hs|  produce_em_jet_cluster_stream_from_towers|  return value|
|ap_idle                            |  out|    1|  ap_ctrl_hs|  produce_em_jet_cluster_stream_from_towers|  return value|
|ap_ready                           |  out|    1|  ap_ctrl_hs|  produce_em_jet_cluster_stream_from_towers|  return value|
|start_out                          |  out|    1|  ap_ctrl_hs|  produce_em_jet_cluster_stream_from_towers|  return value|
|start_write                        |  out|    1|  ap_ctrl_hs|  produce_em_jet_cluster_stream_from_towers|  return value|
|tower_in_TDATA                     |   in|   16|        axis|                                   tower_in|       pointer|
|tower_in_TVALID                    |   in|    1|        axis|                                   tower_in|       pointer|
|tower_in_TREADY                    |  out|    1|        axis|                                   tower_in|       pointer|
|em_seed_threshold                  |   in|   12|     ap_none|                          em_seed_threshold|        scalar|
|em_cluster_threshold               |   in|   20|     ap_none|                       em_cluster_threshold|        scalar|
|jet_seed_threshold                 |   in|   12|     ap_none|                         jet_seed_threshold|        scalar|
|jet_cluster_threshold              |   in|   20|     ap_none|                      jet_cluster_threshold|        scalar|
|em_cluster_stream_din              |  out|   61|     ap_fifo|                          em_cluster_stream|       pointer|
|em_cluster_stream_num_data_valid   |   in|    7|     ap_fifo|                          em_cluster_stream|       pointer|
|em_cluster_stream_fifo_cap         |   in|    7|     ap_fifo|                          em_cluster_stream|       pointer|
|em_cluster_stream_full_n           |   in|    1|     ap_fifo|                          em_cluster_stream|       pointer|
|em_cluster_stream_write            |  out|    1|     ap_fifo|                          em_cluster_stream|       pointer|
|jet_cluster_stream_din             |  out|   61|     ap_fifo|                         jet_cluster_stream|       pointer|
|jet_cluster_stream_num_data_valid  |   in|    7|     ap_fifo|                         jet_cluster_stream|       pointer|
|jet_cluster_stream_fifo_cap        |   in|    7|     ap_fifo|                         jet_cluster_stream|       pointer|
|jet_cluster_stream_full_n          |   in|    1|     ap_fifo|                         jet_cluster_stream|       pointer|
|jet_cluster_stream_write           |  out|    1|     ap_fifo|                         jet_cluster_stream|       pointer|
|ht                                 |  out|   24|      ap_vld|                                         ht|       pointer|
|ht_ap_vld                          |  out|    1|      ap_vld|                                         ht|       pointer|
+-----------------------------------+-----+-----+------------+-------------------------------------------+--------------+

