

================================================================
== Vitis HLS Report for 'produce_em_jet_cluster_stream_from_towers_Pipeline_VITIS_LOOP_500_3'
================================================================
* Date:           Tue May 12 23:41:59 2026

* Version:        2024.1 (Build 5069499 on May 21 2024)
* Project:        calorimeter
* Solution:       solution1 (Vivado IP Flow Target)
* Product family: virtexuplus
* Target device:  xcvu13p-fsga2577-2-e


================================================================
== Performance Estimates
================================================================
+ Timing: 
    * Summary: 
    +--------+----------+-----------+------------+
    |  Clock |  Target  | Estimated | Uncertainty|
    +--------+----------+-----------+------------+
    |ap_clk  |  25.00 ns|  12.510 ns|     6.75 ns|
    +--------+----------+-----------+------------+

+ Latency: 
    * Summary: 
    +---------+---------+----------+----------+-----+-----+-----------------------------------------------+
    |  Latency (cycles) |  Latency (absolute) |  Interval |                    Pipeline                   |
    |   min   |   max   |    min   |    max   | min | max |                      Type                     |
    +---------+---------+----------+----------+-----+-----+-----------------------------------------------+
    |       62|       62|  1.550 us|  1.550 us|   61|   61|  loop auto-rewind stp(delay=0 clock cycles(s))|
    +---------+---------+----------+----------+-----+-----+-----------------------------------------------+

    + Detail: 
        * Instance: 
        N/A

        * Loop: 
        +--------------------+---------+---------+----------+-----------+-----------+------+----------+
        |                    |  Latency (cycles) | Iteration|  Initiation Interval  | Trip |          |
        |      Loop Name     |   min   |   max   |  Latency |  achieved |   target  | Count| Pipelined|
        +--------------------+---------+---------+----------+-----------+-----------+------+----------+
        |- VITIS_LOOP_500_3  |       60|       60|         2|          1|          1|    60|       yes|
        +--------------------+---------+---------+----------+-----------+-----------+------+----------+



================================================================
== Utilization Estimates
================================================================
* Summary: 
+---------------------+---------+-------+---------+---------+------+
|         Name        | BRAM_18K|  DSP  |    FF   |   LUT   | URAM |
+---------------------+---------+-------+---------+---------+------+
|DSP                  |        -|      -|        -|        -|     -|
|Expression           |        -|      -|        0|     3999|     -|
|FIFO                 |        -|      -|        -|        -|     -|
|Instance             |        -|      -|        0|     1813|     -|
|Memory               |        -|      -|        -|        -|     -|
|Multiplexer          |        -|      -|        0|       54|     -|
|Register             |        -|      -|       15|        -|     -|
+---------------------+---------+-------+---------+---------+------+
|Total                |        0|      0|       15|     5866|     0|
+---------------------+---------+-------+---------+---------+------+
|Available SLR        |     1344|   3072|   864000|   432000|   320|
+---------------------+---------+-------+---------+---------+------+
|Utilization SLR (%)  |        0|      0|       ~0|        1|     0|
+---------------------+---------+-------+---------+---------+------+
|Available            |     5376|  12288|  3456000|  1728000|  1280|
+---------------------+---------+-------+---------+---------+------+
|Utilization (%)      |        0|      0|       ~0|       ~0|     0|
+---------------------+---------+-------+---------+---------+------+

+ Detail: 
    * Instance: 
    +---------------------------+-----------------------+---------+----+---+----+-----+
    |          Instance         |         Module        | BRAM_18K| DSP| FF| LUT| URAM|
    +---------------------------+-----------------------+---------+----+---+----+-----+
    |sparsemux_15_3_12_1_1_U13  |sparsemux_15_3_12_1_1  |        0|   0|  0|  37|    0|
    |sparsemux_15_3_12_1_1_U14  |sparsemux_15_3_12_1_1  |        0|   0|  0|  37|    0|
    |sparsemux_15_3_12_1_1_U15  |sparsemux_15_3_12_1_1  |        0|   0|  0|  37|    0|
    |sparsemux_15_3_12_1_1_U16  |sparsemux_15_3_12_1_1  |        0|   0|  0|  37|    0|
    |sparsemux_15_3_12_1_1_U17  |sparsemux_15_3_12_1_1  |        0|   0|  0|  37|    0|
    |sparsemux_15_3_12_1_1_U18  |sparsemux_15_3_12_1_1  |        0|   0|  0|  37|    0|
    |sparsemux_15_3_12_1_1_U19  |sparsemux_15_3_12_1_1  |        0|   0|  0|  37|    0|
    |sparsemux_15_3_12_1_1_U20  |sparsemux_15_3_12_1_1  |        0|   0|  0|  37|    0|
    |sparsemux_15_3_12_1_1_U21  |sparsemux_15_3_12_1_1  |        0|   0|  0|  37|    0|
    |sparsemux_15_3_12_1_1_U22  |sparsemux_15_3_12_1_1  |        0|   0|  0|  37|    0|
    |sparsemux_15_3_12_1_1_U23  |sparsemux_15_3_12_1_1  |        0|   0|  0|  37|    0|
    |sparsemux_15_3_12_1_1_U24  |sparsemux_15_3_12_1_1  |        0|   0|  0|  37|    0|
    |sparsemux_15_3_12_1_1_U25  |sparsemux_15_3_12_1_1  |        0|   0|  0|  37|    0|
    |sparsemux_15_3_12_1_1_U26  |sparsemux_15_3_12_1_1  |        0|   0|  0|  37|    0|
    |sparsemux_15_3_12_1_1_U27  |sparsemux_15_3_12_1_1  |        0|   0|  0|  37|    0|
    |sparsemux_15_3_12_1_1_U28  |sparsemux_15_3_12_1_1  |        0|   0|  0|  37|    0|
    |sparsemux_15_3_12_1_1_U29  |sparsemux_15_3_12_1_1  |        0|   0|  0|  37|    0|
    |sparsemux_15_3_12_1_1_U30  |sparsemux_15_3_12_1_1  |        0|   0|  0|  37|    0|
    |sparsemux_15_3_12_1_1_U31  |sparsemux_15_3_12_1_1  |        0|   0|  0|  37|    0|
    |sparsemux_15_3_12_1_1_U32  |sparsemux_15_3_12_1_1  |        0|   0|  0|  37|    0|
    |sparsemux_15_3_12_1_1_U33  |sparsemux_15_3_12_1_1  |        0|   0|  0|  37|    0|
    |sparsemux_15_3_12_1_1_U34  |sparsemux_15_3_12_1_1  |        0|   0|  0|  37|    0|
    |sparsemux_15_3_12_1_1_U35  |sparsemux_15_3_12_1_1  |        0|   0|  0|  37|    0|
    |sparsemux_15_3_12_1_1_U36  |sparsemux_15_3_12_1_1  |        0|   0|  0|  37|    0|
    |sparsemux_15_3_12_1_1_U37  |sparsemux_15_3_12_1_1  |        0|   0|  0|  37|    0|
    |sparsemux_15_3_12_1_1_U38  |sparsemux_15_3_12_1_1  |        0|   0|  0|  37|    0|
    |sparsemux_15_3_12_1_1_U39  |sparsemux_15_3_12_1_1  |        0|   0|  0|  37|    0|
    |sparsemux_15_3_12_1_1_U40  |sparsemux_15_3_12_1_1  |        0|   0|  0|  37|    0|
    |sparsemux_15_3_12_1_1_U41  |sparsemux_15_3_12_1_1  |        0|   0|  0|  37|    0|
    |sparsemux_15_3_12_1_1_U42  |sparsemux_15_3_12_1_1  |        0|   0|  0|  37|    0|
    |sparsemux_15_3_12_1_1_U43  |sparsemux_15_3_12_1_1  |        0|   0|  0|  37|    0|
    |sparsemux_15_3_12_1_1_U44  |sparsemux_15_3_12_1_1  |        0|   0|  0|  37|    0|
    |sparsemux_15_3_12_1_1_U45  |sparsemux_15_3_12_1_1  |        0|   0|  0|  37|    0|
    |sparsemux_15_3_12_1_1_U46  |sparsemux_15_3_12_1_1  |        0|   0|  0|  37|    0|
    |sparsemux_15_3_12_1_1_U47  |sparsemux_15_3_12_1_1  |        0|   0|  0|  37|    0|
    |sparsemux_15_3_12_1_1_U48  |sparsemux_15_3_12_1_1  |        0|   0|  0|  37|    0|
    |sparsemux_15_3_12_1_1_U49  |sparsemux_15_3_12_1_1  |        0|   0|  0|  37|    0|
    |sparsemux_15_3_12_1_1_U50  |sparsemux_15_3_12_1_1  |        0|   0|  0|  37|    0|
    |sparsemux_15_3_12_1_1_U51  |sparsemux_15_3_12_1_1  |        0|   0|  0|  37|    0|
    |sparsemux_15_3_12_1_1_U52  |sparsemux_15_3_12_1_1  |        0|   0|  0|  37|    0|
    |sparsemux_15_3_12_1_1_U53  |sparsemux_15_3_12_1_1  |        0|   0|  0|  37|    0|
    |sparsemux_15_3_12_1_1_U54  |sparsemux_15_3_12_1_1  |        0|   0|  0|  37|    0|
    |sparsemux_15_3_12_1_1_U55  |sparsemux_15_3_12_1_1  |        0|   0|  0|  37|    0|
    |sparsemux_15_3_12_1_1_U56  |sparsemux_15_3_12_1_1  |        0|   0|  0|  37|    0|
    |sparsemux_15_3_12_1_1_U57  |sparsemux_15_3_12_1_1  |        0|   0|  0|  37|    0|
    |sparsemux_15_3_12_1_1_U58  |sparsemux_15_3_12_1_1  |        0|   0|  0|  37|    0|
    |sparsemux_15_3_12_1_1_U59  |sparsemux_15_3_12_1_1  |        0|   0|  0|  37|    0|
    |sparsemux_15_3_12_1_1_U60  |sparsemux_15_3_12_1_1  |        0|   0|  0|  37|    0|
    |sparsemux_15_3_12_1_1_U61  |sparsemux_15_3_12_1_1  |        0|   0|  0|  37|    0|
    +---------------------------+-----------------------+---------+----+---+----+-----+
    |Total                      |                       |        0|   0|  0|1813|    0|
    +---------------------------+-----------------------+---------+----+---+----+-----+

    * DSP: 
    N/A

    * Memory: 
    N/A

    * FIFO: 
    N/A

    * Expression: 
    +---------------------------------------+----------+----+---+----+------------+------------+
    |             Variable Name             | Operation| DSP| FF| LUT| Bitwidth P0| Bitwidth P1|
    +---------------------------------------+----------+----+---+----+------------+------------+
    |add_ln166_1_fu_1185_p2                 |         +|   0|  0|  13|           6|           4|
    |add_ln166_2_fu_1228_p2                 |         +|   0|  0|  13|           6|           4|
    |add_ln166_fu_1142_p2                   |         +|   0|  0|  13|           6|           4|
    |add_ln168_1_fu_1300_p2                 |         +|   0|  0|  13|           6|           3|
    |add_ln168_2_fu_1337_p2                 |         +|   0|  0|  13|           6|           3|
    |add_ln168_fu_1263_p2                   |         +|   0|  0|  13|           6|           3|
    |add_ln278_10_fu_3636_p2                |         +|   0|  0|  21|          14|          14|
    |add_ln278_11_fu_3646_p2                |         +|   0|  0|  16|          15|          15|
    |add_ln278_12_fu_3652_p2                |         +|   0|  0|  21|          14|          14|
    |add_ln278_13_fu_3662_p2                |         +|   0|  0|  16|          15|          15|
    |add_ln278_14_fu_3672_p2                |         +|   0|  0|  23|          16|          16|
    |add_ln278_15_fu_3678_p2                |         +|   0|  0|  20|          13|          13|
    |add_ln278_16_fu_3688_p2                |         +|   0|  0|  16|          16|          16|
    |add_ln278_17_fu_3694_p2                |         +|   0|  0|  20|          13|          13|
    |add_ln278_18_fu_3704_p2                |         +|   0|  0|  20|          13|          13|
    |add_ln278_19_fu_3714_p2                |         +|   0|  0|  21|          14|          14|
    |add_ln278_1_fu_3354_p2                 |         +|   0|  0|  20|          13|          13|
    |add_ln278_20_fu_3724_p2                |         +|   0|  0|  22|          15|          15|
    |add_ln278_21_fu_3734_p2                |         +|   0|  0|  16|          16|          16|
    |add_ln278_22_fu_3744_p2                |         +|   0|  0|  17|          17|          17|
    |add_ln278_23_fu_3750_p2                |         +|   0|  0|  20|          13|          13|
    |add_ln278_24_fu_3760_p2                |         +|   0|  0|  21|          14|          14|
    |add_ln278_25_fu_3770_p2                |         +|   0|  0|  17|          17|          17|
    |add_ln278_26_fu_3828_p2                |         +|   0|  0|  20|          13|          13|
    |add_ln278_27_fu_3838_p2                |         +|   0|  0|  20|          13|          13|
    |add_ln278_28_fu_3848_p2                |         +|   0|  0|  21|          14|          14|
    |add_ln278_29_fu_3858_p2                |         +|   0|  0|  16|          15|          15|
    |add_ln278_2_fu_3364_p2                 |         +|   0|  0|  21|          14|          14|
    |add_ln278_30_fu_3864_p2                |         +|   0|  0|  20|          13|          13|
    |add_ln278_31_fu_3874_p2                |         +|   0|  0|  21|          14|          14|
    |add_ln278_32_fu_3884_p2                |         +|   0|  0|  16|          15|          15|
    |add_ln278_33_fu_3894_p2                |         +|   0|  0|  23|          16|          16|
    |add_ln278_34_fu_3900_p2                |         +|   0|  0|  20|          13|          13|
    |add_ln278_35_fu_3910_p2                |         +|   0|  0|  16|          16|          16|
    |add_ln278_36_fu_3916_p2                |         +|   0|  0|  20|          13|          13|
    |add_ln278_37_fu_3926_p2                |         +|   0|  0|  20|          13|          13|
    |add_ln278_38_fu_3936_p2                |         +|   0|  0|  21|          14|          14|
    |add_ln278_39_fu_3946_p2                |         +|   0|  0|  22|          15|          15|
    |add_ln278_3_fu_3374_p2                 |         +|   0|  0|  16|          15|          15|
    |add_ln278_40_fu_3956_p2                |         +|   0|  0|  16|          16|          16|
    |add_ln278_41_fu_3966_p2                |         +|   0|  0|  17|          17|          17|
    |add_ln278_42_fu_3972_p2                |         +|   0|  0|  20|          13|          13|
    |add_ln278_43_fu_3982_p2                |         +|   0|  0|  17|          17|          17|
    |add_ln278_44_fu_3988_p2                |         +|   0|  0|  20|          13|          13|
    |add_ln278_45_fu_3998_p2                |         +|   0|  0|  20|          13|          13|
    |add_ln278_46_fu_4008_p2                |         +|   0|  0|  21|          14|          14|
    |add_ln278_47_fu_4018_p2                |         +|   0|  0|  17|          17|          17|
    |add_ln278_48_fu_4028_p2                |         +|   0|  0|  20|          13|          13|
    |add_ln278_49_fu_4038_p2                |         +|   0|  0|  21|          14|          14|
    |add_ln278_4_fu_3380_p2                 |         +|   0|  0|  20|          13|          13|
    |add_ln278_50_fu_4048_p2                |         +|   0|  0|  20|          13|          13|
    |add_ln278_51_fu_4058_p2                |         +|   0|  0|  21|          14|          14|
    |add_ln278_52_fu_4068_p2                |         +|   0|  0|  22|          15|          15|
    |add_ln278_53_fu_4078_p2                |         +|   0|  0|  23|          16|          16|
    |add_ln278_54_fu_4088_p2                |         +|   0|  0|  17|          17|          17|
    |add_ln278_55_fu_4102_p2                |         +|   0|  0|  25|          18|          18|
    |add_ln278_56_fu_5292_p2                |         +|   0|  0|  18|          18|          18|
    |add_ln278_57_fu_5298_p2                |         +|   0|  0|  20|          13|          13|
    |add_ln278_58_fu_5308_p2                |         +|   0|  0|  18|          18|          18|
    |add_ln278_59_fu_5314_p2                |         +|   0|  0|  20|          13|          13|
    |add_ln278_5_fu_3390_p2                 |         +|   0|  0|  21|          14|          14|
    |add_ln278_60_fu_5324_p2                |         +|   0|  0|  20|          13|          13|
    |add_ln278_61_fu_5334_p2                |         +|   0|  0|  21|          14|          14|
    |add_ln278_62_fu_5344_p2                |         +|   0|  0|  18|          18|          18|
    |add_ln278_63_fu_5350_p2                |         +|   0|  0|  20|          13|          13|
    |add_ln278_64_fu_5360_p2                |         +|   0|  0|  20|          13|          13|
    |add_ln278_65_fu_5370_p2                |         +|   0|  0|  21|          14|          14|
    |add_ln278_66_fu_5380_p2                |         +|   0|  0|  20|          13|          13|
    |add_ln278_67_fu_5390_p2                |         +|   0|  0|  20|          13|          13|
    |add_ln278_68_fu_5400_p2                |         +|   0|  0|  21|          14|          14|
    |add_ln278_69_fu_5410_p2                |         +|   0|  0|  22|          15|          15|
    |add_ln278_8_fu_3616_p2                 |         +|   0|  0|  20|          13|          13|
    |add_ln278_9_fu_3626_p2                 |         +|   0|  0|  20|          13|          13|
    |add_ln278_fu_3344_p2                   |         +|   0|  0|  20|          13|          13|
    |add_ln434_1_fu_3796_p2                 |         +|   0|  0|  18|          18|          18|
    |add_ln434_2_fu_3802_p2                 |         +|   0|  0|  20|          13|          13|
    |add_ln434_3_fu_3812_p2                 |         +|   0|  0|  21|          14|          14|
    |add_ln434_fu_3786_p2                   |         +|   0|  0|  20|          13|          13|
    |add_ln435_10_fu_4206_p2                |         +|   0|  0|  20|          13|          13|
    |add_ln435_11_fu_4216_p2                |         +|   0|  0|  20|          13|          13|
    |add_ln435_12_fu_4226_p2                |         +|   0|  0|  21|          14|          14|
    |add_ln435_13_fu_4236_p2                |         +|   0|  0|  22|          15|          15|
    |add_ln435_1_fu_4124_p2                 |         +|   0|  0|  20|          13|          13|
    |add_ln435_2_fu_4134_p2                 |         +|   0|  0|  19|          19|          19|
    |add_ln435_3_fu_4140_p2                 |         +|   0|  0|  20|          13|          13|
    |add_ln435_4_fu_4150_p2                 |         +|   0|  0|  20|          13|          13|
    |add_ln435_5_fu_4160_p2                 |         +|   0|  0|  21|          14|          14|
    |add_ln435_6_fu_4170_p2                 |         +|   0|  0|  19|          19|          19|
    |add_ln435_7_fu_4176_p2                 |         +|   0|  0|  20|          13|          13|
    |add_ln435_8_fu_4186_p2                 |         +|   0|  0|  20|          13|          13|
    |add_ln435_9_fu_4196_p2                 |         +|   0|  0|  21|          14|          14|
    |add_ln435_fu_4118_p2                   |         +|   0|  0|  19|          19|          19|
    |add_ln517_1_fu_1171_p2                 |         +|   0|  0|  14|           7|           3|
    |add_ln517_2_fu_1214_p2                 |         +|   0|  0|  14|           7|           2|
    |add_ln517_4_fu_1288_p2                 |         +|   0|  0|  13|           6|           2|
    |add_ln517_5_fu_1325_p2                 |         +|   0|  0|  13|           6|           2|
    |add_ln517_fu_1128_p2                   |         +|   0|  0|  14|           7|           3|
    |center_phi_fu_1107_p2                  |         +|   0|  0|  13|           6|           1|
    |core3_et_3_fu_3418_p2                  |         +|   0|  0|  23|          16|          16|
    |core3_et_fu_3400_p2                    |         +|   0|  0|  16|          15|          15|
    |iso5_et_fu_3822_p2                     |         +|   0|  0|  18|          18|          18|
    |ring7_et_fu_4246_p2                    |         +|   0|  0|  19|          19|          19|
    |src_phi_7_fu_1370_p2                   |         +|   0|  0|  13|           6|           6|
    |src_phi_8_fu_1395_p2                   |         +|   0|  0|  13|           6|           6|
    |src_phi_9_fu_1420_p2                   |         +|   0|  0|  13|           6|           6|
    |sum7_et_2_fu_5420_p2                   |         +|   0|  0|  18|          18|          18|
    |iso_lhs_fu_4285_p2                     |         -|   0|  0|  30|          23|          23|
    |ring7_et_1_fu_5434_p2                  |         -|   0|  0|  26|          19|          19|
    |ring_lhs_1_fu_5473_p2                  |         -|   0|  0|  30|          23|          23|
    |ring_lhs_fu_4323_p2                    |         -|   0|  0|  30|          23|          23|
    |sub_ln278_1_fu_4112_p2                 |         -|   0|  0|  26|          19|          19|
    |sub_ln278_fu_3780_p2                   |         -|   0|  0|  25|          18|          18|
    |and_ln346_10_fu_4894_p2                |       and|   0|  0|   2|           1|           1|
    |and_ln346_11_fu_4900_p2                |       and|   0|  0|   2|           1|           1|
    |and_ln346_12_fu_4906_p2                |       and|   0|  0|   2|           1|           1|
    |and_ln346_13_fu_4912_p2                |       and|   0|  0|   2|           1|           1|
    |and_ln346_14_fu_4918_p2                |       and|   0|  0|   2|           1|           1|
    |and_ln346_15_fu_4924_p2                |       and|   0|  0|   2|           1|           1|
    |and_ln346_16_fu_4930_p2                |       and|   0|  0|   2|           1|           1|
    |and_ln346_17_fu_4936_p2                |       and|   0|  0|   2|           1|           1|
    |and_ln346_18_fu_4948_p2                |       and|   0|  0|   2|           1|           1|
    |and_ln346_19_fu_4954_p2                |       and|   0|  0|   2|           1|           1|
    |and_ln346_1_fu_3234_p2                 |       and|   0|  0|   2|           1|           1|
    |and_ln346_20_fu_4960_p2                |       and|   0|  0|   2|           1|           1|
    |and_ln346_21_fu_4966_p2                |       and|   0|  0|   2|           1|           1|
    |and_ln346_22_fu_4984_p2                |       and|   0|  0|   2|           1|           1|
    |and_ln346_23_fu_4996_p2                |       and|   0|  0|   2|           1|           1|
    |and_ln346_24_fu_5002_p2                |       and|   0|  0|   2|           1|           1|
    |and_ln346_25_fu_5008_p2                |       and|   0|  0|   2|           1|           1|
    |and_ln346_26_fu_5014_p2                |       and|   0|  0|   2|           1|           1|
    |and_ln346_27_fu_5020_p2                |       and|   0|  0|   2|           1|           1|
    |and_ln346_28_fu_5026_p2                |       and|   0|  0|   2|           1|           1|
    |and_ln346_29_fu_5032_p2                |       and|   0|  0|   2|           1|           1|
    |and_ln346_2_fu_3240_p2                 |       and|   0|  0|   2|           1|           1|
    |and_ln346_30_fu_5038_p2                |       and|   0|  0|   2|           1|           1|
    |and_ln346_31_fu_5050_p2                |       and|   0|  0|   2|           1|           1|
    |and_ln346_32_fu_5056_p2                |       and|   0|  0|   2|           1|           1|
    |and_ln346_33_fu_5062_p2                |       and|   0|  0|   2|           1|           1|
    |and_ln346_34_fu_5068_p2                |       and|   0|  0|   2|           1|           1|
    |and_ln346_35_fu_5074_p2                |       and|   0|  0|   2|           1|           1|
    |and_ln346_36_fu_5086_p2                |       and|   0|  0|   2|           1|           1|
    |and_ln346_37_fu_5104_p2                |       and|   0|  0|   2|           1|           1|
    |and_ln346_38_fu_5110_p2                |       and|   0|  0|   2|           1|           1|
    |and_ln346_39_fu_5122_p2                |       and|   0|  0|   2|           1|           1|
    |and_ln346_3_fu_3270_p2                 |       and|   0|  0|   2|           1|           1|
    |and_ln346_40_fu_5128_p2                |       and|   0|  0|   2|           1|           1|
    |and_ln346_41_fu_5134_p2                |       and|   0|  0|   2|           1|           1|
    |and_ln346_42_fu_5140_p2                |       and|   0|  0|   2|           1|           1|
    |and_ln346_43_fu_5146_p2                |       and|   0|  0|   2|           1|           1|
    |and_ln346_44_fu_5152_p2                |       and|   0|  0|   2|           1|           1|
    |and_ln346_45_fu_5158_p2                |       and|   0|  0|   2|           1|           1|
    |and_ln346_46_fu_5164_p2                |       and|   0|  0|   2|           1|           1|
    |and_ln346_47_fu_5170_p2                |       and|   0|  0|   2|           1|           1|
    |and_ln346_48_fu_5176_p2                |       and|   0|  0|   2|           1|           1|
    |and_ln346_49_fu_5266_p2                |       and|   0|  0|   2|           1|           1|
    |and_ln346_4_fu_3252_p2                 |       and|   0|  0|   2|           1|           1|
    |and_ln346_50_fu_5182_p2                |       and|   0|  0|   2|           1|           1|
    |and_ln346_51_fu_5188_p2                |       and|   0|  0|   2|           1|           1|
    |and_ln346_52_fu_5194_p2                |       and|   0|  0|   2|           1|           1|
    |and_ln346_53_fu_5200_p2                |       and|   0|  0|   2|           1|           1|
    |and_ln346_54_fu_5206_p2                |       and|   0|  0|   2|           1|           1|
    |and_ln346_55_fu_5212_p2                |       and|   0|  0|   2|           1|           1|
    |and_ln346_56_fu_5218_p2                |       and|   0|  0|   2|           1|           1|
    |and_ln346_57_fu_5224_p2                |       and|   0|  0|   2|           1|           1|
    |and_ln346_58_fu_5230_p2                |       and|   0|  0|   2|           1|           1|
    |and_ln346_59_fu_5236_p2                |       and|   0|  0|   2|           1|           1|
    |and_ln346_5_fu_3258_p2                 |       and|   0|  0|   2|           1|           1|
    |and_ln346_60_fu_5242_p2                |       and|   0|  0|   2|           1|           1|
    |and_ln346_61_fu_5248_p2                |       and|   0|  0|   2|           1|           1|
    |and_ln346_62_fu_5254_p2                |       and|   0|  0|   2|           1|           1|
    |and_ln346_63_fu_5260_p2                |       and|   0|  0|   2|           1|           1|
    |and_ln346_6_fu_3264_p2                 |       and|   0|  0|   2|           1|           1|
    |and_ln346_7_fu_4876_p2                 |       and|   0|  0|   2|           1|           1|
    |and_ln346_8_fu_4882_p2                 |       and|   0|  0|   2|           1|           1|
    |and_ln346_9_fu_4888_p2                 |       and|   0|  0|   2|           1|           1|
    |and_ln346_fu_3222_p2                   |       and|   0|  0|   2|           1|           1|
    |ap_block_pp0_stage0_01001              |       and|   0|  0|   2|           1|           1|
    |candidate_valid_1_fu_5541_p2           |       and|   0|  0|   2|           1|           1|
    |icmp_ln167_1_fu_1294_p2                |      icmp|   0|  0|  13|           6|           4|
    |icmp_ln167_2_fu_1331_p2                |      icmp|   0|  0|  13|           6|           4|
    |icmp_ln167_fu_1257_p2                  |      icmp|   0|  0|  13|           6|           4|
    |icmp_ln346_10_fu_4462_p2               |      icmp|   0|  0|  19|          12|          12|
    |icmp_ln346_11_fu_4480_p2               |      icmp|   0|  0|  19|          12|          12|
    |icmp_ln346_12_fu_4498_p2               |      icmp|   0|  0|  19|          12|          12|
    |icmp_ln346_13_fu_4516_p2               |      icmp|   0|  0|  19|          12|          12|
    |icmp_ln346_14_fu_4534_p2               |      icmp|   0|  0|  19|          12|          12|
    |icmp_ln346_15_fu_4552_p2               |      icmp|   0|  0|  19|          12|          12|
    |icmp_ln346_16_fu_4570_p2               |      icmp|   0|  0|  19|          12|          12|
    |icmp_ln346_17_fu_4588_p2               |      icmp|   0|  0|  19|          12|          12|
    |icmp_ln346_18_fu_4606_p2               |      icmp|   0|  0|  19|          12|          12|
    |icmp_ln346_19_fu_4624_p2               |      icmp|   0|  0|  19|          12|          12|
    |icmp_ln346_1_fu_3186_p2                |      icmp|   0|  0|  19|          12|          12|
    |icmp_ln346_20_fu_4636_p2               |      icmp|   0|  0|  19|          12|          12|
    |icmp_ln346_21_fu_4648_p2               |      icmp|   0|  0|  19|          12|          12|
    |icmp_ln346_22_fu_4660_p2               |      icmp|   0|  0|  19|          12|          12|
    |icmp_ln346_23_fu_4672_p2               |      icmp|   0|  0|  19|          12|          12|
    |icmp_ln346_24_fu_4684_p2               |      icmp|   0|  0|  19|          12|          12|
    |icmp_ln346_25_fu_4696_p2               |      icmp|   0|  0|  19|          12|          12|
    |icmp_ln346_26_fu_4708_p2               |      icmp|   0|  0|  19|          12|          12|
    |icmp_ln346_27_fu_4720_p2               |      icmp|   0|  0|  19|          12|          12|
    |icmp_ln346_28_fu_4732_p2               |      icmp|   0|  0|  19|          12|          12|
    |icmp_ln346_29_fu_4744_p2               |      icmp|   0|  0|  19|          12|          12|
    |icmp_ln346_2_fu_3198_p2                |      icmp|   0|  0|  19|          12|          12|
    |icmp_ln346_30_fu_4756_p2               |      icmp|   0|  0|  19|          12|          12|
    |icmp_ln346_31_fu_4768_p2               |      icmp|   0|  0|  19|          12|          12|
    |icmp_ln346_32_fu_4780_p2               |      icmp|   0|  0|  19|          12|          12|
    |icmp_ln346_33_fu_4792_p2               |      icmp|   0|  0|  19|          12|          12|
    |icmp_ln346_34_fu_4804_p2               |      icmp|   0|  0|  19|          12|          12|
    |icmp_ln346_35_fu_4816_p2               |      icmp|   0|  0|  19|          12|          12|
    |icmp_ln346_36_fu_4828_p2               |      icmp|   0|  0|  19|          12|          12|
    |icmp_ln346_37_fu_4840_p2               |      icmp|   0|  0|  19|          12|          12|
    |icmp_ln346_38_fu_4852_p2               |      icmp|   0|  0|  19|          12|          12|
    |icmp_ln346_39_fu_4864_p2               |      icmp|   0|  0|  19|          12|          12|
    |icmp_ln346_3_fu_3210_p2                |      icmp|   0|  0|  19|          12|          12|
    |icmp_ln346_40_fu_4942_p2               |      icmp|   0|  0|  19|          12|          12|
    |icmp_ln346_41_fu_4972_p2               |      icmp|   0|  0|  19|          12|          12|
    |icmp_ln346_42_fu_4978_p2               |      icmp|   0|  0|  19|          12|          12|
    |icmp_ln346_43_fu_4990_p2               |      icmp|   0|  0|  19|          12|          12|
    |icmp_ln346_44_fu_5044_p2               |      icmp|   0|  0|  19|          12|          12|
    |icmp_ln346_45_fu_5080_p2               |      icmp|   0|  0|  19|          12|          12|
    |icmp_ln346_46_fu_5092_p2               |      icmp|   0|  0|  19|          12|          12|
    |icmp_ln346_47_fu_5098_p2               |      icmp|   0|  0|  19|          12|          12|
    |icmp_ln346_48_fu_5116_p2               |      icmp|   0|  0|  19|          12|          12|
    |icmp_ln346_49_fu_5272_p2               |      icmp|   0|  0|  19|          12|          12|
    |icmp_ln346_4_fu_3228_p2                |      icmp|   0|  0|  19|          12|          12|
    |icmp_ln346_5_fu_3246_p2                |      icmp|   0|  0|  19|          12|          12|
    |icmp_ln346_6_fu_3276_p2                |      icmp|   0|  0|  19|          12|          12|
    |icmp_ln346_8_fu_4426_p2                |      icmp|   0|  0|  19|          12|          12|
    |icmp_ln346_9_fu_4444_p2                |      icmp|   0|  0|  19|          12|          12|
    |icmp_ln346_fu_3174_p2                  |      icmp|   0|  0|  19|          12|          12|
    |icmp_ln348_10_fu_4582_p2               |      icmp|   0|  0|  19|          12|          12|
    |icmp_ln348_11_fu_4600_p2               |      icmp|   0|  0|  19|          12|          12|
    |icmp_ln348_12_fu_4618_p2               |      icmp|   0|  0|  19|          12|          12|
    |icmp_ln348_1_fu_4420_p2                |      icmp|   0|  0|  19|          12|          12|
    |icmp_ln348_2_fu_4438_p2                |      icmp|   0|  0|  19|          12|          12|
    |icmp_ln348_3_fu_4456_p2                |      icmp|   0|  0|  19|          12|          12|
    |icmp_ln348_4_fu_4474_p2                |      icmp|   0|  0|  19|          12|          12|
    |icmp_ln348_5_fu_4492_p2                |      icmp|   0|  0|  19|          12|          12|
    |icmp_ln348_6_fu_4510_p2                |      icmp|   0|  0|  19|          12|          12|
    |icmp_ln348_7_fu_4528_p2                |      icmp|   0|  0|  19|          12|          12|
    |icmp_ln348_8_fu_4546_p2                |      icmp|   0|  0|  19|          12|          12|
    |icmp_ln348_9_fu_4564_p2                |      icmp|   0|  0|  19|          12|          12|
    |icmp_ln348_fu_3168_p2                  |      icmp|   0|  0|  19|          12|          12|
    |icmp_ln380_fu_4329_p2                  |      icmp|   0|  0|  30|          23|          23|
    |icmp_ln390_fu_4341_p2                  |      icmp|   0|  0|  30|          23|          23|
    |icmp_ln407_fu_5479_p2                  |      icmp|   0|  0|  30|          23|          23|
    |icmp_ln427_fu_3157_p2                  |      icmp|   0|  0|  19|          12|          12|
    |icmp_ln437_fu_4252_p2                  |      icmp|   0|  0|  27|          20|          20|
    |icmp_ln459_fu_4409_p2                  |      icmp|   0|  0|  19|          12|          12|
    |icmp_ln466_fu_5440_p2                  |      icmp|   0|  0|  27|          20|          20|
    |icmp_ln500_fu_1101_p2                  |      icmp|   0|  0|  13|           6|           4|
    |is_max_1_fu_4414_p2                    |      icmp|   0|  0|  19|          12|          12|
    |is_max_fu_3162_p2                      |      icmp|   0|  0|  19|          12|          12|
    |ap_block_state2_pp0_stage0_iter1       |        or|   0|  0|   2|           1|           1|
    |or_ln390_1_fu_4359_p2                  |        or|   0|  0|   2|           1|           1|
    |or_ln390_2_fu_4365_p2                  |        or|   0|  0|   2|           1|           1|
    |or_ln390_3_fu_4371_p2                  |        or|   0|  0|   2|           1|           1|
    |or_ln390_4_fu_4377_p2                  |        or|   0|  0|   2|           1|           1|
    |or_ln390_fu_4353_p2                    |        or|   0|  0|   2|           1|           1|
    |or_ln466_1_fu_5507_p2                  |        or|   0|  0|   2|           1|           1|
    |or_ln466_2_fu_5513_p2                  |        or|   0|  0|   2|           1|           1|
    |or_ln466_fu_5501_p2                    |        or|   0|  0|   2|           1|           1|
    |em_candidate_et_fu_4383_p3             |    select|   0|  0|  16|           1|           1|
    |em_candidate_isolation_et_fu_4391_p3   |    select|   0|  0|  18|           1|           1|
    |jet_candidate_et_fu_5519_p3            |    select|   0|  0|  18|           1|           1|
    |jet_candidate_isolation_et_fu_5527_p3  |    select|   0|  0|  19|           1|           1|
    |select_ln165_1_fu_1387_p3              |    select|   0|  0|   4|           1|           4|
    |select_ln165_2_fu_1412_p3              |    select|   0|  0|   4|           1|           4|
    |select_ln165_fu_1362_p3                |    select|   0|  0|   4|           1|           4|
    |select_ln466_1_fu_5493_p3              |    select|   0|  0|  19|           1|          19|
    |select_ln466_fu_5485_p3                |    select|   0|  0|  18|           1|          18|
    |src_phi_1_fu_1195_p3                   |    select|   0|  0|   6|           1|           6|
    |src_phi_2_fu_1238_p3                   |    select|   0|  0|   6|           1|           6|
    |src_phi_4_fu_1269_p3                   |    select|   0|  0|   6|           1|           6|
    |src_phi_5_fu_1306_p3                   |    select|   0|  0|   6|           1|           6|
    |src_phi_6_fu_1343_p3                   |    select|   0|  0|   6|           1|           6|
    |src_phi_fu_1152_p3                     |    select|   0|  0|   6|           1|           6|
    |ap_enable_pp0                          |       xor|   0|  0|   2|           1|           2|
    |candidate_valid_fu_4399_p2             |       xor|   0|  0|   2|           1|           2|
    |not_sel_tmp22_fu_5535_p2               |       xor|   0|  0|   2|           1|           2|
    |xor_ln346_10_fu_4504_p2                |       xor|   0|  0|   2|           1|           2|
    |xor_ln346_11_fu_4522_p2                |       xor|   0|  0|   2|           1|           2|
    |xor_ln346_12_fu_4540_p2                |       xor|   0|  0|   2|           1|           2|
    |xor_ln346_13_fu_4558_p2                |       xor|   0|  0|   2|           1|           2|
    |xor_ln346_14_fu_4576_p2                |       xor|   0|  0|   2|           1|           2|
    |xor_ln346_15_fu_4594_p2                |       xor|   0|  0|   2|           1|           2|
    |xor_ln346_16_fu_4612_p2                |       xor|   0|  0|   2|           1|           2|
    |xor_ln346_17_fu_4630_p2                |       xor|   0|  0|   2|           1|           2|
    |xor_ln346_18_fu_4642_p2                |       xor|   0|  0|   2|           1|           2|
    |xor_ln346_19_fu_4654_p2                |       xor|   0|  0|   2|           1|           2|
    |xor_ln346_1_fu_5278_p2                 |       xor|   0|  0|   2|           2|           1|
    |xor_ln346_20_fu_4666_p2                |       xor|   0|  0|   2|           1|           2|
    |xor_ln346_21_fu_4678_p2                |       xor|   0|  0|   2|           1|           2|
    |xor_ln346_22_fu_4690_p2                |       xor|   0|  0|   2|           1|           2|
    |xor_ln346_23_fu_4702_p2                |       xor|   0|  0|   2|           1|           2|
    |xor_ln346_24_fu_4714_p2                |       xor|   0|  0|   2|           1|           2|
    |xor_ln346_25_fu_4726_p2                |       xor|   0|  0|   2|           1|           2|
    |xor_ln346_26_fu_4738_p2                |       xor|   0|  0|   2|           1|           2|
    |xor_ln346_27_fu_4750_p2                |       xor|   0|  0|   2|           1|           2|
    |xor_ln346_28_fu_4762_p2                |       xor|   0|  0|   2|           1|           2|
    |xor_ln346_29_fu_4774_p2                |       xor|   0|  0|   2|           1|           2|
    |xor_ln346_2_fu_3180_p2                 |       xor|   0|  0|   2|           1|           2|
    |xor_ln346_30_fu_4786_p2                |       xor|   0|  0|   2|           1|           2|
    |xor_ln346_31_fu_4798_p2                |       xor|   0|  0|   2|           1|           2|
    |xor_ln346_32_fu_4810_p2                |       xor|   0|  0|   2|           1|           2|
    |xor_ln346_33_fu_4822_p2                |       xor|   0|  0|   2|           1|           2|
    |xor_ln346_34_fu_4834_p2                |       xor|   0|  0|   2|           1|           2|
    |xor_ln346_35_fu_4846_p2                |       xor|   0|  0|   2|           1|           2|
    |xor_ln346_36_fu_4858_p2                |       xor|   0|  0|   2|           1|           2|
    |xor_ln346_37_fu_4870_p2                |       xor|   0|  0|   2|           1|           2|
    |xor_ln346_3_fu_3192_p2                 |       xor|   0|  0|   2|           1|           2|
    |xor_ln346_4_fu_3204_p2                 |       xor|   0|  0|   2|           1|           2|
    |xor_ln346_5_fu_3216_p2                 |       xor|   0|  0|   2|           1|           2|
    |xor_ln346_6_fu_4432_p2                 |       xor|   0|  0|   2|           1|           2|
    |xor_ln346_7_fu_4450_p2                 |       xor|   0|  0|   2|           1|           2|
    |xor_ln346_8_fu_4468_p2                 |       xor|   0|  0|   2|           1|           2|
    |xor_ln346_9_fu_4486_p2                 |       xor|   0|  0|   2|           1|           2|
    |xor_ln346_fu_3282_p2                   |       xor|   0|  0|   2|           2|           1|
    |xor_ln380_fu_4335_p2                   |       xor|   0|  0|   2|           1|           2|
    |xor_ln390_fu_4347_p2                   |       xor|   0|  0|   2|           1|           2|
    +---------------------------------------+----------+----+---+----+------------+------------+
    |Total                                  |          |   0|  0|3999|        2609|        2673|
    +---------------------------------------+----------+----+---+----+------------+------------+

    * Multiplexer: 
    +-------------------------------+----+-----------+-----+-----------+
    |              Name             | LUT| Input Size| Bits| Total Bits|
    +-------------------------------+----+-----------+-----+-----------+
    |ap_done_int                    |   9|          2|    1|          2|
    |ap_enable_reg_pp0_iter1        |   9|          2|    1|          2|
    |ap_sig_allocacmp_center_phi_1  |   9|          2|    6|         12|
    |em_cluster_stream_blk_n        |   9|          2|    1|          2|
    |jet_candidate_phi_fu_156       |   9|          2|    6|         12|
    |jet_cluster_stream_blk_n       |   9|          2|    1|          2|
    +-------------------------------+----+-----------+-----+-----------+
    |Total                          |  54|         12|   16|         32|
    +-------------------------------+----+-----------+-----+-----------+

    * Register: 
    +--------------------------+---+----+-----+-----------+
    |           Name           | FF| LUT| Bits| Const Bits|
    +--------------------------+---+----+-----+-----------+
    |ap_CS_fsm                 |  1|   0|    1|          0|
    |ap_done_reg               |  1|   0|    1|          0|
    |ap_enable_reg_pp0_iter1   |  1|   0|    1|          0|
    |center_phi_1_reg_5703     |  6|   0|    6|          0|
    |jet_candidate_phi_fu_156  |  6|   0|    6|          0|
    +--------------------------+---+----+-----+-----------+
    |Total                     | 15|   0|   15|          0|
    +--------------------------+---+----+-----+-----------+



================================================================
== Interface
================================================================
* Summary: 
+-----------------------------------+-----+-----+------------+---------------------------------------------------------------------+--------------+
|             RTL Ports             | Dir | Bits|  Protocol  |                            Source Object                            |    C Type    |
+-----------------------------------+-----+-----+------------+---------------------------------------------------------------------+--------------+
|ap_clk                             |   in|    1|  ap_ctrl_hs|  produce_em_jet_cluster_stream_from_towers_Pipeline_VITIS_LOOP_500_3|  return value|
|ap_rst                             |   in|    1|  ap_ctrl_hs|  produce_em_jet_cluster_stream_from_towers_Pipeline_VITIS_LOOP_500_3|  return value|
|ap_start                           |   in|    1|  ap_ctrl_hs|  produce_em_jet_cluster_stream_from_towers_Pipeline_VITIS_LOOP_500_3|  return value|
|ap_done                            |  out|    1|  ap_ctrl_hs|  produce_em_jet_cluster_stream_from_towers_Pipeline_VITIS_LOOP_500_3|  return value|
|ap_idle                            |  out|    1|  ap_ctrl_hs|  produce_em_jet_cluster_stream_from_towers_Pipeline_VITIS_LOOP_500_3|  return value|
|ap_ready                           |  out|    1|  ap_ctrl_hs|  produce_em_jet_cluster_stream_from_towers_Pipeline_VITIS_LOOP_500_3|  return value|
|em_cluster_stream_din              |  out|   61|     ap_fifo|                                                    em_cluster_stream|       pointer|
|em_cluster_stream_num_data_valid   |   in|    7|     ap_fifo|                                                    em_cluster_stream|       pointer|
|em_cluster_stream_fifo_cap         |   in|    7|     ap_fifo|                                                    em_cluster_stream|       pointer|
|em_cluster_stream_full_n           |   in|    1|     ap_fifo|                                                    em_cluster_stream|       pointer|
|em_cluster_stream_write            |  out|    1|     ap_fifo|                                                    em_cluster_stream|       pointer|
|jet_cluster_stream_din             |  out|   61|     ap_fifo|                                                   jet_cluster_stream|       pointer|
|jet_cluster_stream_num_data_valid  |   in|    7|     ap_fifo|                                                   jet_cluster_stream|       pointer|
|jet_cluster_stream_fifo_cap        |   in|    7|     ap_fifo|                                                   jet_cluster_stream|       pointer|
|jet_cluster_stream_full_n          |   in|    1|     ap_fifo|                                                   jet_cluster_stream|       pointer|
|jet_cluster_stream_write           |  out|    1|     ap_fifo|                                                   jet_cluster_stream|       pointer|
|linebuf_address0                   |  out|    6|   ap_memory|                                                              linebuf|         array|
|linebuf_ce0                        |  out|    1|   ap_memory|                                                              linebuf|         array|
|linebuf_q0                         |   in|   12|   ap_memory|                                                              linebuf|         array|
|linebuf_address1                   |  out|    6|   ap_memory|                                                              linebuf|         array|
|linebuf_ce1                        |  out|    1|   ap_memory|                                                              linebuf|         array|
|linebuf_q1                         |   in|   12|   ap_memory|                                                              linebuf|         array|
|linebuf_address2                   |  out|    6|   ap_memory|                                                              linebuf|         array|
|linebuf_ce2                        |  out|    1|   ap_memory|                                                              linebuf|         array|
|linebuf_q2                         |   in|   12|   ap_memory|                                                              linebuf|         array|
|linebuf_address3                   |  out|    6|   ap_memory|                                                              linebuf|         array|
|linebuf_ce3                        |  out|    1|   ap_memory|                                                              linebuf|         array|
|linebuf_q3                         |   in|   12|   ap_memory|                                                              linebuf|         array|
|linebuf_address4                   |  out|    6|   ap_memory|                                                              linebuf|         array|
|linebuf_ce4                        |  out|    1|   ap_memory|                                                              linebuf|         array|
|linebuf_q4                         |   in|   12|   ap_memory|                                                              linebuf|         array|
|linebuf_address5                   |  out|    6|   ap_memory|                                                              linebuf|         array|
|linebuf_ce5                        |  out|    1|   ap_memory|                                                              linebuf|         array|
|linebuf_q5                         |   in|   12|   ap_memory|                                                              linebuf|         array|
|linebuf_address6                   |  out|    6|   ap_memory|                                                              linebuf|         array|
|linebuf_ce6                        |  out|    1|   ap_memory|                                                              linebuf|         array|
|linebuf_q6                         |   in|   12|   ap_memory|                                                              linebuf|         array|
|linebuf_address7                   |  out|    6|   ap_memory|                                                              linebuf|         array|
|linebuf_ce7                        |  out|    1|   ap_memory|                                                              linebuf|         array|
|linebuf_q7                         |   in|   12|   ap_memory|                                                              linebuf|         array|
|linebuf_address8                   |  out|    6|   ap_memory|                                                              linebuf|         array|
|linebuf_ce8                        |  out|    1|   ap_memory|                                                              linebuf|         array|
|linebuf_q8                         |   in|   12|   ap_memory|                                                              linebuf|         array|
|linebuf_address9                   |  out|    6|   ap_memory|                                                              linebuf|         array|
|linebuf_ce9                        |  out|    1|   ap_memory|                                                              linebuf|         array|
|linebuf_q9                         |   in|   12|   ap_memory|                                                              linebuf|         array|
|linebuf_1_address0                 |  out|    6|   ap_memory|                                                            linebuf_1|         array|
|linebuf_1_ce0                      |  out|    1|   ap_memory|                                                            linebuf_1|         array|
|linebuf_1_q0                       |   in|   12|   ap_memory|                                                            linebuf_1|         array|
|linebuf_1_address1                 |  out|    6|   ap_memory|                                                            linebuf_1|         array|
|linebuf_1_ce1                      |  out|    1|   ap_memory|                                                            linebuf_1|         array|
|linebuf_1_q1                       |   in|   12|   ap_memory|                                                            linebuf_1|         array|
|linebuf_1_address2                 |  out|    6|   ap_memory|                                                            linebuf_1|         array|
|linebuf_1_ce2                      |  out|    1|   ap_memory|                                                            linebuf_1|         array|
|linebuf_1_q2                       |   in|   12|   ap_memory|                                                            linebuf_1|         array|
|linebuf_1_address3                 |  out|    6|   ap_memory|                                                            linebuf_1|         array|
|linebuf_1_ce3                      |  out|    1|   ap_memory|                                                            linebuf_1|         array|
|linebuf_1_q3                       |   in|   12|   ap_memory|                                                            linebuf_1|         array|
|linebuf_1_address4                 |  out|    6|   ap_memory|                                                            linebuf_1|         array|
|linebuf_1_ce4                      |  out|    1|   ap_memory|                                                            linebuf_1|         array|
|linebuf_1_q4                       |   in|   12|   ap_memory|                                                            linebuf_1|         array|
|linebuf_1_address5                 |  out|    6|   ap_memory|                                                            linebuf_1|         array|
|linebuf_1_ce5                      |  out|    1|   ap_memory|                                                            linebuf_1|         array|
|linebuf_1_q5                       |   in|   12|   ap_memory|                                                            linebuf_1|         array|
|linebuf_1_address6                 |  out|    6|   ap_memory|                                                            linebuf_1|         array|
|linebuf_1_ce6                      |  out|    1|   ap_memory|                                                            linebuf_1|         array|
|linebuf_1_q6                       |   in|   12|   ap_memory|                                                            linebuf_1|         array|
|linebuf_1_address7                 |  out|    6|   ap_memory|                                                            linebuf_1|         array|
|linebuf_1_ce7                      |  out|    1|   ap_memory|                                                            linebuf_1|         array|
|linebuf_1_q7                       |   in|   12|   ap_memory|                                                            linebuf_1|         array|
|linebuf_1_address8                 |  out|    6|   ap_memory|                                                            linebuf_1|         array|
|linebuf_1_ce8                      |  out|    1|   ap_memory|                                                            linebuf_1|         array|
|linebuf_1_q8                       |   in|   12|   ap_memory|                                                            linebuf_1|         array|
|linebuf_1_address9                 |  out|    6|   ap_memory|                                                            linebuf_1|         array|
|linebuf_1_ce9                      |  out|    1|   ap_memory|                                                            linebuf_1|         array|
|linebuf_1_q9                       |   in|   12|   ap_memory|                                                            linebuf_1|         array|
|linebuf_2_address0                 |  out|    6|   ap_memory|                                                            linebuf_2|         array|
|linebuf_2_ce0                      |  out|    1|   ap_memory|                                                            linebuf_2|         array|
|linebuf_2_q0                       |   in|   12|   ap_memory|                                                            linebuf_2|         array|
|linebuf_2_address1                 |  out|    6|   ap_memory|                                                            linebuf_2|         array|
|linebuf_2_ce1                      |  out|    1|   ap_memory|                                                            linebuf_2|         array|
|linebuf_2_q1                       |   in|   12|   ap_memory|                                                            linebuf_2|         array|
|linebuf_2_address2                 |  out|    6|   ap_memory|                                                            linebuf_2|         array|
|linebuf_2_ce2                      |  out|    1|   ap_memory|                                                            linebuf_2|         array|
|linebuf_2_q2                       |   in|   12|   ap_memory|                                                            linebuf_2|         array|
|linebuf_2_address3                 |  out|    6|   ap_memory|                                                            linebuf_2|         array|
|linebuf_2_ce3                      |  out|    1|   ap_memory|                                                            linebuf_2|         array|
|linebuf_2_q3                       |   in|   12|   ap_memory|                                                            linebuf_2|         array|
|linebuf_2_address4                 |  out|    6|   ap_memory|                                                            linebuf_2|         array|
|linebuf_2_ce4                      |  out|    1|   ap_memory|                                                            linebuf_2|         array|
|linebuf_2_q4                       |   in|   12|   ap_memory|                                                            linebuf_2|         array|
|linebuf_2_address5                 |  out|    6|   ap_memory|                                                            linebuf_2|         array|
|linebuf_2_ce5                      |  out|    1|   ap_memory|                                                            linebuf_2|         array|
|linebuf_2_q5                       |   in|   12|   ap_memory|                                                            linebuf_2|         array|
|linebuf_2_address6                 |  out|    6|   ap_memory|                                                            linebuf_2|         array|
|linebuf_2_ce6                      |  out|    1|   ap_memory|                                                            linebuf_2|         array|
|linebuf_2_q6                       |   in|   12|   ap_memory|                                                            linebuf_2|         array|
|linebuf_2_address7                 |  out|    6|   ap_memory|                                                            linebuf_2|         array|
|linebuf_2_ce7                      |  out|    1|   ap_memory|                                                            linebuf_2|         array|
|linebuf_2_q7                       |   in|   12|   ap_memory|                                                            linebuf_2|         array|
|linebuf_2_address8                 |  out|    6|   ap_memory|                                                            linebuf_2|         array|
|linebuf_2_ce8                      |  out|    1|   ap_memory|                                                            linebuf_2|         array|
|linebuf_2_q8                       |   in|   12|   ap_memory|                                                            linebuf_2|         array|
|linebuf_2_address9                 |  out|    6|   ap_memory|                                                            linebuf_2|         array|
|linebuf_2_ce9                      |  out|    1|   ap_memory|                                                            linebuf_2|         array|
|linebuf_2_q9                       |   in|   12|   ap_memory|                                                            linebuf_2|         array|
|linebuf_3_address0                 |  out|    6|   ap_memory|                                                            linebuf_3|         array|
|linebuf_3_ce0                      |  out|    1|   ap_memory|                                                            linebuf_3|         array|
|linebuf_3_q0                       |   in|   12|   ap_memory|                                                            linebuf_3|         array|
|linebuf_3_address1                 |  out|    6|   ap_memory|                                                            linebuf_3|         array|
|linebuf_3_ce1                      |  out|    1|   ap_memory|                                                            linebuf_3|         array|
|linebuf_3_q1                       |   in|   12|   ap_memory|                                                            linebuf_3|         array|
|linebuf_3_address2                 |  out|    6|   ap_memory|                                                            linebuf_3|         array|
|linebuf_3_ce2                      |  out|    1|   ap_memory|                                                            linebuf_3|         array|
|linebuf_3_q2                       |   in|   12|   ap_memory|                                                            linebuf_3|         array|
|linebuf_3_address3                 |  out|    6|   ap_memory|                                                            linebuf_3|         array|
|linebuf_3_ce3                      |  out|    1|   ap_memory|                                                            linebuf_3|         array|
|linebuf_3_q3                       |   in|   12|   ap_memory|                                                            linebuf_3|         array|
|linebuf_3_address4                 |  out|    6|   ap_memory|                                                            linebuf_3|         array|
|linebuf_3_ce4                      |  out|    1|   ap_memory|                                                            linebuf_3|         array|
|linebuf_3_q4                       |   in|   12|   ap_memory|                                                            linebuf_3|         array|
|linebuf_3_address5                 |  out|    6|   ap_memory|                                                            linebuf_3|         array|
|linebuf_3_ce5                      |  out|    1|   ap_memory|                                                            linebuf_3|         array|
|linebuf_3_q5                       |   in|   12|   ap_memory|                                                            linebuf_3|         array|
|linebuf_3_address6                 |  out|    6|   ap_memory|                                                            linebuf_3|         array|
|linebuf_3_ce6                      |  out|    1|   ap_memory|                                                            linebuf_3|         array|
|linebuf_3_q6                       |   in|   12|   ap_memory|                                                            linebuf_3|         array|
|linebuf_3_address7                 |  out|    6|   ap_memory|                                                            linebuf_3|         array|
|linebuf_3_ce7                      |  out|    1|   ap_memory|                                                            linebuf_3|         array|
|linebuf_3_q7                       |   in|   12|   ap_memory|                                                            linebuf_3|         array|
|linebuf_3_address8                 |  out|    6|   ap_memory|                                                            linebuf_3|         array|
|linebuf_3_ce8                      |  out|    1|   ap_memory|                                                            linebuf_3|         array|
|linebuf_3_q8                       |   in|   12|   ap_memory|                                                            linebuf_3|         array|
|linebuf_3_address9                 |  out|    6|   ap_memory|                                                            linebuf_3|         array|
|linebuf_3_ce9                      |  out|    1|   ap_memory|                                                            linebuf_3|         array|
|linebuf_3_q9                       |   in|   12|   ap_memory|                                                            linebuf_3|         array|
|linebuf_4_address0                 |  out|    6|   ap_memory|                                                            linebuf_4|         array|
|linebuf_4_ce0                      |  out|    1|   ap_memory|                                                            linebuf_4|         array|
|linebuf_4_q0                       |   in|   12|   ap_memory|                                                            linebuf_4|         array|
|linebuf_4_address1                 |  out|    6|   ap_memory|                                                            linebuf_4|         array|
|linebuf_4_ce1                      |  out|    1|   ap_memory|                                                            linebuf_4|         array|
|linebuf_4_q1                       |   in|   12|   ap_memory|                                                            linebuf_4|         array|
|linebuf_4_address2                 |  out|    6|   ap_memory|                                                            linebuf_4|         array|
|linebuf_4_ce2                      |  out|    1|   ap_memory|                                                            linebuf_4|         array|
|linebuf_4_q2                       |   in|   12|   ap_memory|                                                            linebuf_4|         array|
|linebuf_4_address3                 |  out|    6|   ap_memory|                                                            linebuf_4|         array|
|linebuf_4_ce3                      |  out|    1|   ap_memory|                                                            linebuf_4|         array|
|linebuf_4_q3                       |   in|   12|   ap_memory|                                                            linebuf_4|         array|
|linebuf_4_address4                 |  out|    6|   ap_memory|                                                            linebuf_4|         array|
|linebuf_4_ce4                      |  out|    1|   ap_memory|                                                            linebuf_4|         array|
|linebuf_4_q4                       |   in|   12|   ap_memory|                                                            linebuf_4|         array|
|linebuf_4_address5                 |  out|    6|   ap_memory|                                                            linebuf_4|         array|
|linebuf_4_ce5                      |  out|    1|   ap_memory|                                                            linebuf_4|         array|
|linebuf_4_q5                       |   in|   12|   ap_memory|                                                            linebuf_4|         array|
|linebuf_4_address6                 |  out|    6|   ap_memory|                                                            linebuf_4|         array|
|linebuf_4_ce6                      |  out|    1|   ap_memory|                                                            linebuf_4|         array|
|linebuf_4_q6                       |   in|   12|   ap_memory|                                                            linebuf_4|         array|
|linebuf_4_address7                 |  out|    6|   ap_memory|                                                            linebuf_4|         array|
|linebuf_4_ce7                      |  out|    1|   ap_memory|                                                            linebuf_4|         array|
|linebuf_4_q7                       |   in|   12|   ap_memory|                                                            linebuf_4|         array|
|linebuf_4_address8                 |  out|    6|   ap_memory|                                                            linebuf_4|         array|
|linebuf_4_ce8                      |  out|    1|   ap_memory|                                                            linebuf_4|         array|
|linebuf_4_q8                       |   in|   12|   ap_memory|                                                            linebuf_4|         array|
|linebuf_4_address9                 |  out|    6|   ap_memory|                                                            linebuf_4|         array|
|linebuf_4_ce9                      |  out|    1|   ap_memory|                                                            linebuf_4|         array|
|linebuf_4_q9                       |   in|   12|   ap_memory|                                                            linebuf_4|         array|
|linebuf_5_address0                 |  out|    6|   ap_memory|                                                            linebuf_5|         array|
|linebuf_5_ce0                      |  out|    1|   ap_memory|                                                            linebuf_5|         array|
|linebuf_5_q0                       |   in|   12|   ap_memory|                                                            linebuf_5|         array|
|linebuf_5_address1                 |  out|    6|   ap_memory|                                                            linebuf_5|         array|
|linebuf_5_ce1                      |  out|    1|   ap_memory|                                                            linebuf_5|         array|
|linebuf_5_q1                       |   in|   12|   ap_memory|                                                            linebuf_5|         array|
|linebuf_5_address2                 |  out|    6|   ap_memory|                                                            linebuf_5|         array|
|linebuf_5_ce2                      |  out|    1|   ap_memory|                                                            linebuf_5|         array|
|linebuf_5_q2                       |   in|   12|   ap_memory|                                                            linebuf_5|         array|
|linebuf_5_address3                 |  out|    6|   ap_memory|                                                            linebuf_5|         array|
|linebuf_5_ce3                      |  out|    1|   ap_memory|                                                            linebuf_5|         array|
|linebuf_5_q3                       |   in|   12|   ap_memory|                                                            linebuf_5|         array|
|linebuf_5_address4                 |  out|    6|   ap_memory|                                                            linebuf_5|         array|
|linebuf_5_ce4                      |  out|    1|   ap_memory|                                                            linebuf_5|         array|
|linebuf_5_q4                       |   in|   12|   ap_memory|                                                            linebuf_5|         array|
|linebuf_5_address5                 |  out|    6|   ap_memory|                                                            linebuf_5|         array|
|linebuf_5_ce5                      |  out|    1|   ap_memory|                                                            linebuf_5|         array|
|linebuf_5_q5                       |   in|   12|   ap_memory|                                                            linebuf_5|         array|
|linebuf_5_address6                 |  out|    6|   ap_memory|                                                            linebuf_5|         array|
|linebuf_5_ce6                      |  out|    1|   ap_memory|                                                            linebuf_5|         array|
|linebuf_5_q6                       |   in|   12|   ap_memory|                                                            linebuf_5|         array|
|linebuf_5_address7                 |  out|    6|   ap_memory|                                                            linebuf_5|         array|
|linebuf_5_ce7                      |  out|    1|   ap_memory|                                                            linebuf_5|         array|
|linebuf_5_q7                       |   in|   12|   ap_memory|                                                            linebuf_5|         array|
|linebuf_5_address8                 |  out|    6|   ap_memory|                                                            linebuf_5|         array|
|linebuf_5_ce8                      |  out|    1|   ap_memory|                                                            linebuf_5|         array|
|linebuf_5_q8                       |   in|   12|   ap_memory|                                                            linebuf_5|         array|
|linebuf_5_address9                 |  out|    6|   ap_memory|                                                            linebuf_5|         array|
|linebuf_5_ce9                      |  out|    1|   ap_memory|                                                            linebuf_5|         array|
|linebuf_5_q9                       |   in|   12|   ap_memory|                                                            linebuf_5|         array|
|linebuf_6_address0                 |  out|    6|   ap_memory|                                                            linebuf_6|         array|
|linebuf_6_ce0                      |  out|    1|   ap_memory|                                                            linebuf_6|         array|
|linebuf_6_q0                       |   in|   12|   ap_memory|                                                            linebuf_6|         array|
|linebuf_6_address1                 |  out|    6|   ap_memory|                                                            linebuf_6|         array|
|linebuf_6_ce1                      |  out|    1|   ap_memory|                                                            linebuf_6|         array|
|linebuf_6_q1                       |   in|   12|   ap_memory|                                                            linebuf_6|         array|
|linebuf_6_address2                 |  out|    6|   ap_memory|                                                            linebuf_6|         array|
|linebuf_6_ce2                      |  out|    1|   ap_memory|                                                            linebuf_6|         array|
|linebuf_6_q2                       |   in|   12|   ap_memory|                                                            linebuf_6|         array|
|linebuf_6_address3                 |  out|    6|   ap_memory|                                                            linebuf_6|         array|
|linebuf_6_ce3                      |  out|    1|   ap_memory|                                                            linebuf_6|         array|
|linebuf_6_q3                       |   in|   12|   ap_memory|                                                            linebuf_6|         array|
|linebuf_6_address4                 |  out|    6|   ap_memory|                                                            linebuf_6|         array|
|linebuf_6_ce4                      |  out|    1|   ap_memory|                                                            linebuf_6|         array|
|linebuf_6_q4                       |   in|   12|   ap_memory|                                                            linebuf_6|         array|
|linebuf_6_address5                 |  out|    6|   ap_memory|                                                            linebuf_6|         array|
|linebuf_6_ce5                      |  out|    1|   ap_memory|                                                            linebuf_6|         array|
|linebuf_6_q5                       |   in|   12|   ap_memory|                                                            linebuf_6|         array|
|linebuf_6_address6                 |  out|    6|   ap_memory|                                                            linebuf_6|         array|
|linebuf_6_ce6                      |  out|    1|   ap_memory|                                                            linebuf_6|         array|
|linebuf_6_q6                       |   in|   12|   ap_memory|                                                            linebuf_6|         array|
|linebuf_6_address7                 |  out|    6|   ap_memory|                                                            linebuf_6|         array|
|linebuf_6_ce7                      |  out|    1|   ap_memory|                                                            linebuf_6|         array|
|linebuf_6_q7                       |   in|   12|   ap_memory|                                                            linebuf_6|         array|
|linebuf_6_address8                 |  out|    6|   ap_memory|                                                            linebuf_6|         array|
|linebuf_6_ce8                      |  out|    1|   ap_memory|                                                            linebuf_6|         array|
|linebuf_6_q8                       |   in|   12|   ap_memory|                                                            linebuf_6|         array|
|linebuf_6_address9                 |  out|    6|   ap_memory|                                                            linebuf_6|         array|
|linebuf_6_ce9                      |  out|    1|   ap_memory|                                                            linebuf_6|         array|
|linebuf_6_q9                       |   in|   12|   ap_memory|                                                            linebuf_6|         array|
|empty_19                           |   in|    3|     ap_none|                                                             empty_19|        scalar|
|empty_20                           |   in|    3|     ap_none|                                                             empty_20|        scalar|
|empty_21                           |   in|    3|     ap_none|                                                             empty_21|        scalar|
|empty_22                           |   in|    3|     ap_none|                                                             empty_22|        scalar|
|empty_23                           |   in|    3|     ap_none|                                                             empty_23|        scalar|
|empty_24                           |   in|    3|     ap_none|                                                             empty_24|        scalar|
|empty                              |   in|    3|     ap_none|                                                                empty|        scalar|
|em_seed_threshold                  |   in|   12|     ap_none|                                                    em_seed_threshold|        scalar|
|em_cluster_threshold               |   in|   20|     ap_none|                                                 em_cluster_threshold|        scalar|
|jet_seed_threshold                 |   in|   12|     ap_none|                                                   jet_seed_threshold|        scalar|
|jet_cluster_threshold              |   in|   20|     ap_none|                                                jet_cluster_threshold|        scalar|
|center_eta                         |   in|    5|     ap_none|                                                           center_eta|        scalar|
+-----------------------------------+-----+-----+------------+---------------------------------------------------------------------+--------------+

