

================================================================
== Vitis HLS Report for 'select_top_n_from_stream_fixed_1440_1'
================================================================
* Date:           Tue May 12 23:42:14 2026

* Version:        2024.1 (Build 5069499 on May 21 2024)
* Project:        calorimeter
* Solution:       solution1 (Vivado IP Flow Target)
* Product family: virtexuplus
* Target device:  xcvu13p-fsga2577-2-e


================================================================
== Performance Estimates
================================================================
+ Timing: 
    * Summary: 
    +--------+----------+----------+------------+
    |  Clock |  Target  | Estimated| Uncertainty|
    +--------+----------+----------+------------+
    |ap_clk  |  25.00 ns|  3.402 ns|     6.75 ns|
    +--------+----------+----------+------------+

+ Latency: 
    * Summary: 
    +---------+---------+-----------+----------+------+-------+---------+
    |  Latency (cycles) |  Latency (absolute)  |   Interval   | Pipeline|
    |   min   |   max   |    min    |    max   |  min |  max  |   Type  |
    +---------+---------+-----------+----------+------+-------+---------+
    |     2881|    17281|  72.025 us|  0.432 ms|  2881|  17281|       no|
    +---------+---------+-----------+----------+------+-------+---------+

    + Detail: 
        * Instance: 
        N/A

        * Loop: 
        +---------------------+---------+---------+----------+-----------+-----------+-------+----------+
        |                     |  Latency (cycles) | Iteration|  Initiation Interval  |  Trip |          |
        |      Loop Name      |   min   |   max   |  Latency |  achieved |   target  | Count | Pipelined|
        +---------------------+---------+---------+----------+-----------+-----------+-------+----------+
        |- VITIS_LOOP_668_1   |     2880|    17280|    2 ~ 12|          -|          -|   1440|        no|
        | + VITIS_LOOP_113_1  |        0|        7|         1|          -|          -|  0 ~ 7|        no|
        +---------------------+---------+---------+----------+-----------+-----------+-------+----------+



================================================================
== Utilization Estimates
================================================================
* Summary: 
+---------------------+---------+-------+---------+---------+------+
|         Name        | BRAM_18K|  DSP  |    FF   |   LUT   | URAM |
+---------------------+---------+-------+---------+---------+------+
|DSP                  |        -|      -|        -|        -|     -|
|Expression           |        -|      -|        0|      950|     -|
|FIFO                 |        -|      -|        -|        -|     -|
|Instance             |        -|      -|        0|      222|     -|
|Memory               |        -|      -|        -|        -|     -|
|Multiplexer          |        -|      -|        0|     1569|     -|
|Register             |        -|      -|     1092|        -|     -|
+---------------------+---------+-------+---------+---------+------+
|Total                |        0|      0|     1092|     2741|     0|
+---------------------+---------+-------+---------+---------+------+
|Available SLR        |     1344|   3072|   864000|   432000|   320|
+---------------------+---------+-------+---------+---------+------+
|Utilization SLR (%)  |        0|      0|       ~0|       ~0|     0|
+---------------------+---------+-------+---------+---------+------+
|Available            |     5376|  12288|  3456000|  1728000|  1280|
+---------------------+---------+-------+---------+---------+------+
|Utilization (%)      |        0|      0|       ~0|       ~0|     0|
+---------------------+---------+-------+---------+---------+------+

+ Detail: 
    * Instance: 
    +----------------------------+-----------------------+---------+----+---+----+-----+
    |          Instance          |         Module        | BRAM_18K| DSP| FF| LUT| URAM|
    +----------------------------+-----------------------+---------+----+---+----+-----+
    |sparsemux_15_3_1_1_1_U117   |sparsemux_15_3_1_1_1   |        0|   0|  0|  37|    0|
    |sparsemux_15_3_20_1_1_U112  |sparsemux_15_3_20_1_1  |        0|   0|  0|  37|    0|
    |sparsemux_15_3_20_1_1_U113  |sparsemux_15_3_20_1_1  |        0|   0|  0|  37|    0|
    |sparsemux_15_3_4_1_1_U116   |sparsemux_15_3_4_1_1   |        0|   0|  0|  37|    0|
    |sparsemux_15_3_6_1_1_U114   |sparsemux_15_3_6_1_1   |        0|   0|  0|  37|    0|
    |sparsemux_15_3_6_1_1_U115   |sparsemux_15_3_6_1_1   |        0|   0|  0|  37|    0|
    +----------------------------+-----------------------+---------+----+---+----+-----+
    |Total                       |                       |        0|   0|  0| 222|    0|
    +----------------------------+-----------------------+---------+----+---+----+-----+

    * DSP: 
    N/A

    * Memory: 
    N/A

    * FIFO: 
    N/A

    * Expression: 
    +---------------------------------+----------+----+---+----+------------+------------+
    |          Variable Name          | Operation| DSP| FF| LUT| Bitwidth P0| Bitwidth P1|
    +---------------------------------+----------+----+---+----+------------+------------+
    |add_ln114_fu_2539_p2             |         +|   0|  0|  10|           3|           2|
    |i_2_fu_1369_p2                   |         +|   0|  0|  18|          11|           1|
    |local_num_clusters_1_fu_1436_p2  |         +|   0|  0|  39|          32|           1|
    |and_ln91_1_fu_1569_p2            |       and|   0|  0|   2|           1|           1|
    |and_ln91_2_fu_1640_p2            |       and|   0|  0|   2|           1|           1|
    |and_ln91_3_fu_1711_p2            |       and|   0|  0|   2|           1|           1|
    |and_ln91_4_fu_1782_p2            |       and|   0|  0|   2|           1|           1|
    |and_ln91_5_fu_1853_p2            |       and|   0|  0|   2|           1|           1|
    |and_ln91_6_fu_1924_p2            |       and|   0|  0|   2|           1|           1|
    |and_ln91_7_fu_1990_p2            |       and|   0|  0|   2|           1|           1|
    |and_ln91_8_fu_1508_p2            |       and|   0|  0|   2|           1|           1|
    |and_ln91_fu_1490_p2              |       and|   0|  0|   2|           1|           1|
    |ap_block_state2                  |       and|   0|  0|   2|           1|           1|
    |grp_fu_746_p2                    |      icmp|   0|  0|  27|          20|          20|
    |grp_fu_763_p2                    |      icmp|   0|  0|  27|          20|          20|
    |grp_fu_780_p2                    |      icmp|   0|  0|  27|          20|          20|
    |grp_fu_797_p2                    |      icmp|   0|  0|  27|          20|          20|
    |grp_fu_814_p2                    |      icmp|   0|  0|  27|          20|          20|
    |grp_fu_831_p2                    |      icmp|   0|  0|  27|          20|          20|
    |icmp_ln113_fu_2491_p2            |      icmp|   0|  0|  10|           3|           3|
    |icmp_ln668_fu_1363_p2            |      icmp|   0|  0|  18|          11|          11|
    |icmp_ln79_13_fu_1942_p2          |      icmp|   0|  0|  27|          20|          20|
    |icmp_ln79_fu_1448_p2             |      icmp|   0|  0|  27|          20|          20|
    |icmp_ln83_1_fu_1539_p2           |      icmp|   0|  0|  27|          20|          20|
    |icmp_ln83_2_fu_1610_p2           |      icmp|   0|  0|  27|          20|          20|
    |icmp_ln83_3_fu_1681_p2           |      icmp|   0|  0|  27|          20|          20|
    |icmp_ln83_4_fu_1752_p2           |      icmp|   0|  0|  27|          20|          20|
    |icmp_ln83_5_fu_1823_p2           |      icmp|   0|  0|  27|          20|          20|
    |icmp_ln83_6_fu_1894_p2           |      icmp|   0|  0|  27|          20|          20|
    |icmp_ln83_7_fu_1954_p2           |      icmp|   0|  0|  27|          20|          20|
    |icmp_ln83_fu_1460_p2             |      icmp|   0|  0|  27|          20|          20|
    |icmp_ln87_1_fu_1545_p2           |      icmp|   0|  0|  13|           6|           6|
    |icmp_ln87_2_fu_1616_p2           |      icmp|   0|  0|  13|           6|           6|
    |icmp_ln87_3_fu_1687_p2           |      icmp|   0|  0|  13|           6|           6|
    |icmp_ln87_4_fu_1758_p2           |      icmp|   0|  0|  13|           6|           6|
    |icmp_ln87_5_fu_1829_p2           |      icmp|   0|  0|  13|           6|           6|
    |icmp_ln87_6_fu_1900_p2           |      icmp|   0|  0|  13|           6|           6|
    |icmp_ln87_7_fu_1963_p2           |      icmp|   0|  0|  13|           6|           6|
    |icmp_ln87_fu_1466_p2             |      icmp|   0|  0|  13|           6|           6|
    |icmp_ln91_1_fu_1551_p2           |      icmp|   0|  0|  13|           6|           6|
    |icmp_ln91_2_fu_1622_p2           |      icmp|   0|  0|  13|           6|           6|
    |icmp_ln91_3_fu_1693_p2           |      icmp|   0|  0|  13|           6|           6|
    |icmp_ln91_4_fu_1764_p2           |      icmp|   0|  0|  13|           6|           6|
    |icmp_ln91_5_fu_1835_p2           |      icmp|   0|  0|  13|           6|           6|
    |icmp_ln91_6_fu_1906_p2           |      icmp|   0|  0|  13|           6|           6|
    |icmp_ln91_7_fu_1972_p2           |      icmp|   0|  0|  13|           6|           6|
    |icmp_ln91_fu_1472_p2             |      icmp|   0|  0|  13|           6|           6|
    |icmp_ln95_1_fu_1563_p2           |      icmp|   0|  0|  13|           6|           6|
    |icmp_ln95_2_fu_1634_p2           |      icmp|   0|  0|  13|           6|           6|
    |icmp_ln95_3_fu_1705_p2           |      icmp|   0|  0|  13|           6|           6|
    |icmp_ln95_4_fu_1776_p2           |      icmp|   0|  0|  13|           6|           6|
    |icmp_ln95_5_fu_1847_p2           |      icmp|   0|  0|  13|           6|           6|
    |icmp_ln95_6_fu_1918_p2           |      icmp|   0|  0|  13|           6|           6|
    |icmp_ln95_7_fu_1984_p2           |      icmp|   0|  0|  13|           6|           6|
    |icmp_ln95_fu_1484_p2             |      icmp|   0|  0|  13|           6|           6|
    |ap_block_state1                  |        or|   0|  0|   2|           1|           1|
    |or_ln111_1_fu_1530_p2            |        or|   0|  0|   2|           1|           1|
    |or_ln111_2_fu_1601_p2            |        or|   0|  0|   2|           1|           1|
    |or_ln111_3_fu_1672_p2            |        or|   0|  0|   2|           1|           1|
    |or_ln111_4_fu_1743_p2            |        or|   0|  0|   2|           1|           1|
    |or_ln111_5_fu_1814_p2            |        or|   0|  0|   2|           1|           1|
    |or_ln111_6_fu_1885_p2            |        or|   0|  0|   2|           1|           1|
    |or_ln111_7_fu_1948_p2            |        or|   0|  0|   2|           1|           1|
    |or_ln111_fu_1454_p2              |        or|   0|  0|   2|           1|           1|
    |or_ln91_1_fu_1581_p2             |        or|   0|  0|   2|           1|           1|
    |or_ln91_2_fu_1652_p2             |        or|   0|  0|   2|           1|           1|
    |or_ln91_3_fu_1723_p2             |        or|   0|  0|   2|           1|           1|
    |or_ln91_4_fu_1794_p2             |        or|   0|  0|   2|           1|           1|
    |or_ln91_5_fu_1865_p2             |        or|   0|  0|   2|           1|           1|
    |or_ln91_fu_1502_p2               |        or|   0|  0|   2|           1|           1|
    |select_ln91_1_fu_1658_p3         |    select|   0|  0|   2|           1|           2|
    |select_ln91_2_fu_1729_p3         |    select|   0|  0|   4|           1|           2|
    |select_ln91_3_fu_1800_p3         |    select|   0|  0|   4|           1|           4|
    |select_ln91_4_fu_1871_p3         |    select|   0|  0|   3|           1|           3|
    |select_ln91_fu_1587_p3           |    select|   0|  0|   2|           1|           1|
    |xor_ln111_1_fu_1524_p2           |       xor|   0|  0|   2|           1|           2|
    |xor_ln111_2_fu_1595_p2           |       xor|   0|  0|   2|           1|           2|
    |xor_ln111_3_fu_1666_p2           |       xor|   0|  0|   2|           1|           2|
    |xor_ln111_4_fu_1737_p2           |       xor|   0|  0|   2|           1|           2|
    |xor_ln111_5_fu_1808_p2           |       xor|   0|  0|   2|           1|           2|
    |xor_ln111_6_fu_1879_p2           |       xor|   0|  0|   2|           1|           2|
    |xor_ln111_7_fu_1936_p2           |       xor|   0|  0|   2|           1|           2|
    |xor_ln111_fu_1442_p2             |       xor|   0|  0|   2|           1|           2|
    |xor_ln91_10_fu_1699_p2           |       xor|   0|  0|   2|           1|           2|
    |xor_ln91_11_fu_1770_p2           |       xor|   0|  0|   2|           1|           2|
    |xor_ln91_12_fu_1841_p2           |       xor|   0|  0|   2|           1|           2|
    |xor_ln91_13_fu_1912_p2           |       xor|   0|  0|   2|           1|           2|
    |xor_ln91_14_fu_1978_p2           |       xor|   0|  0|   2|           1|           2|
    |xor_ln91_1_fu_1575_p2            |       xor|   0|  0|   2|           1|           2|
    |xor_ln91_2_fu_1646_p2            |       xor|   0|  0|   2|           1|           2|
    |xor_ln91_3_fu_1717_p2            |       xor|   0|  0|   2|           1|           2|
    |xor_ln91_4_fu_1788_p2            |       xor|   0|  0|   2|           1|           2|
    |xor_ln91_5_fu_1859_p2            |       xor|   0|  0|   2|           1|           2|
    |xor_ln91_6_fu_1514_p2            |       xor|   0|  0|   2|           2|           1|
    |xor_ln91_7_fu_1478_p2            |       xor|   0|  0|   2|           1|           2|
    |xor_ln91_8_fu_1557_p2            |       xor|   0|  0|   2|           1|           2|
    |xor_ln91_9_fu_1628_p2            |       xor|   0|  0|   2|           1|           2|
    |xor_ln91_fu_1496_p2              |       xor|   0|  0|   2|           1|           2|
    +---------------------------------+----------+----+---+----+------------+------------+
    |Total                            |          |   0|  0| 950|         578|         564|
    +---------------------------------+----------+----+---+----+------------+------------+

    * Multiplexer: 
    +--------------------------------------+----+-----------+-----+-----------+
    |                 Name                 | LUT| Input Size| Bits| Total Bits|
    +--------------------------------------+----+-----------+-----+-----------+
    |ap_NS_fsm                             |  37|          7|    1|          7|
    |ap_done                               |   9|          2|    1|          2|
    |empty_32_fu_126                       |   9|          2|    6|         12|
    |empty_33_fu_130                       |   9|          2|    6|         12|
    |empty_34_fu_166                       |  14|          3|   20|         60|
    |empty_35_fu_170                       |  14|          3|    6|         18|
    |empty_36_fu_174                       |  14|          3|    6|         18|
    |empty_37_fu_178                       |  14|          3|   20|         60|
    |empty_38_fu_182                       |  14|          3|    6|         18|
    |empty_39_fu_186                       |  14|          3|    6|         18|
    |empty_40_fu_190                       |  14|          3|   20|         60|
    |empty_41_fu_194                       |  14|          3|    6|         18|
    |empty_42_fu_198                       |  14|          3|    6|         18|
    |empty_43_fu_202                       |  14|          3|   20|         60|
    |empty_44_fu_206                       |  14|          3|    6|         18|
    |empty_45_fu_210                       |  14|          3|    6|         18|
    |empty_46_fu_214                       |  14|          3|   20|         60|
    |empty_47_fu_218                       |  14|          3|    6|         18|
    |empty_48_fu_222                       |  14|          3|    6|         18|
    |empty_49_fu_226                       |  14|          3|   20|         60|
    |empty_50_fu_230                       |  14|          3|    6|         18|
    |empty_51_fu_234                       |  14|          3|    6|         18|
    |empty_52_fu_238                       |  14|          3|   20|         60|
    |empty_53_fu_242                       |  14|          3|    6|         18|
    |empty_54_fu_246                       |  14|          3|    6|         18|
    |empty_55_fu_490                       |  14|          3|    1|          3|
    |empty_56_fu_498                       |  14|          3|    1|          3|
    |empty_57_fu_502                       |  14|          3|    1|          3|
    |empty_58_fu_506                       |  14|          3|    1|          3|
    |empty_59_fu_510                       |  14|          3|    1|          3|
    |empty_60_fu_514                       |  14|          3|    1|          3|
    |empty_61_fu_518                       |  14|          3|    1|          3|
    |empty_62_fu_522                       |  14|          3|    1|          3|
    |empty_63_reg_638                      |   9|          2|    1|          2|
    |empty_64_reg_649                      |   9|          2|    1|          2|
    |empty_65_reg_660                      |   9|          2|    1|          2|
    |empty_66_reg_671                      |   9|          2|    1|          2|
    |empty_67_reg_682                      |   9|          2|    1|          2|
    |empty_68_reg_693                      |   9|          2|    1|          2|
    |empty_69_reg_704                      |   9|          2|    1|          2|
    |empty_fu_122                          |   9|          2|   20|         40|
    |i_fu_114                              |   9|          2|   11|         22|
    |j_0_i7_lcssa64_reg_715                |   9|          2|    3|          6|
    |j_0_i7_lcssa_ph_reg_539               |  65|         13|    3|         39|
    |jet_cluster_stream_blk_n              |   9|          2|    1|          2|
    |k_reg_627                             |   9|          2|    3|          6|
    |local_num_clusters_fu_494             |  14|          3|   32|         96|
    |mux_case_0113_fu_134                  |   9|          2|   20|         40|
    |mux_case_02275_fu_138                 |   9|          2|    4|          8|
    |mux_case_1219_fu_250                  |  14|          3|   20|         60|
    |mux_case_12381_fu_274                 |  14|          3|    4|         12|
    |mux_case_137177_fu_298                |  14|          3|    1|          3|
    |mux_case_22488_fu_278                 |  14|          3|    4|         12|
    |mux_case_2326_fu_254                  |  14|          3|   20|         60|
    |mux_case_238183_fu_302                |  14|          3|    1|          3|
    |mux_case_32595_fu_282                 |  14|          3|    4|         12|
    |mux_case_339189_fu_306                |  14|          3|    1|          3|
    |mux_case_3433_fu_258                  |  14|          3|   20|         60|
    |mux_case_426102_fu_286                |  14|          3|    4|         12|
    |mux_case_440195_fu_310                |  14|          3|    1|          3|
    |mux_case_4540_fu_262                  |  14|          3|   20|         60|
    |mux_case_527109_fu_290                |  14|          3|    4|         12|
    |mux_case_541201_fu_314                |  14|          3|    1|          3|
    |mux_case_5647_fu_266                  |  14|          3|   20|         60|
    |mux_case_628116_fu_294                |  14|          3|    4|         12|
    |mux_case_642207_fu_318                |  14|          3|    1|          3|
    |mux_case_6754_fu_270                  |  14|          3|   20|         60|
    |num_jet_clusters                      |   9|          2|   32|         64|
    |top_clusters_et_0_0_fu_142            |   9|          2|   20|         40|
    |top_clusters_et_1_0_fu_442            |  14|          3|   20|         60|
    |top_clusters_et_2_0_fu_418            |  14|          3|   20|         60|
    |top_clusters_et_3_0_fu_394            |  14|          3|   20|         60|
    |top_clusters_et_4_0_fu_370            |  14|          3|   20|         60|
    |top_clusters_et_5_0_fu_346            |  14|          3|   20|         60|
    |top_clusters_et_6_0_fu_322            |  14|          3|   20|         60|
    |top_clusters_et_7_0_fu_466            |  14|          3|   20|         60|
    |top_clusters_eta_0_0_fu_150           |   9|          2|    6|         12|
    |top_clusters_eta_1_0_fu_450           |  14|          3|    6|         18|
    |top_clusters_eta_2_0_fu_426           |  14|          3|    6|         18|
    |top_clusters_eta_3_0_fu_402           |  14|          3|    6|         18|
    |top_clusters_eta_4_0_fu_378           |  14|          3|    6|         18|
    |top_clusters_eta_5_0_fu_354           |  14|          3|    6|         18|
    |top_clusters_eta_6_0_fu_330           |  14|          3|    6|         18|
    |top_clusters_eta_7_0_fu_474           |  14|          3|    6|         18|
    |top_clusters_isolation_et_0_0_fu_146  |   9|          2|   20|         40|
    |top_clusters_isolation_et_1_0_fu_446  |  14|          3|   20|         60|
    |top_clusters_isolation_et_2_0_fu_422  |  14|          3|   20|         60|
    |top_clusters_isolation_et_3_0_fu_398  |  14|          3|   20|         60|
    |top_clusters_isolation_et_4_0_fu_374  |  14|          3|   20|         60|
    |top_clusters_isolation_et_5_0_fu_350  |  14|          3|   20|         60|
    |top_clusters_isolation_et_6_0_fu_326  |  14|          3|   20|         60|
    |top_clusters_isolation_et_7_0_fu_470  |  14|          3|   20|         60|
    |top_clusters_phi_0_0_fu_154           |   9|          2|    6|         12|
    |top_clusters_phi_1_0_fu_454           |  14|          3|    6|         18|
    |top_clusters_phi_2_0_fu_430           |  14|          3|    6|         18|
    |top_clusters_phi_3_0_fu_406           |  14|          3|    6|         18|
    |top_clusters_phi_4_0_fu_382           |  14|          3|    6|         18|
    |top_clusters_phi_5_0_fu_358           |  14|          3|    6|         18|
    |top_clusters_phi_6_0_fu_334           |  14|          3|    6|         18|
    |top_clusters_phi_7_0_fu_478           |  14|          3|    6|         18|
    |top_clusters_valid_1_0_fu_462         |  14|          3|    1|          3|
    |top_clusters_valid_2_0_fu_438         |  14|          3|    1|          3|
    |top_clusters_valid_3_0_fu_414         |  14|          3|    1|          3|
    |top_clusters_valid_4_0_fu_390         |  14|          3|    1|          3|
    |top_clusters_valid_5_0_fu_366         |  14|          3|    1|          3|
    |top_clusters_valid_6_0_fu_342         |  14|          3|    1|          3|
    |top_clusters_valid_7_0_fu_486         |  14|          3|    1|          3|
    |top_clusters_window_size_0_0_fu_158   |   9|          2|    4|          8|
    |top_clusters_window_size_1_0_fu_458   |  14|          3|    4|         12|
    |top_clusters_window_size_2_0_fu_434   |  14|          3|    4|         12|
    |top_clusters_window_size_3_0_fu_410   |  14|          3|    4|         12|
    |top_clusters_window_size_4_0_fu_386   |  14|          3|    4|         12|
    |top_clusters_window_size_5_0_fu_362   |  14|          3|    4|         12|
    |top_clusters_window_size_6_0_fu_338   |  14|          3|    4|         12|
    |top_clusters_window_size_7_0_fu_482   |  14|          3|    4|         12|
    +--------------------------------------+----+-----------+-----+-----------+
    |Total                                 |1569|        336|  987|       2825|
    +--------------------------------------+----+-----------+-----+-----------+

    * Register: 
    +--------------------------------------+----+----+-----+-----------+
    |                 Name                 | FF | LUT| Bits| Const Bits|
    +--------------------------------------+----+----+-----+-----------+
    |ap_CS_fsm                             |   6|   0|    6|          0|
    |ap_done_reg                           |   1|   0|    1|          0|
    |candidate_et_reg_4763                 |  20|   0|   20|          0|
    |candidate_eta_reg_4802                |   6|   0|    6|          0|
    |candidate_isolation_et_reg_4783       |  20|   0|   20|          0|
    |candidate_phi_reg_4822                |   6|   0|    6|          0|
    |candidate_window_size_reg_4842        |   4|   0|    4|          0|
    |empty_32_fu_126                       |   6|   0|    6|          0|
    |empty_33_fu_130                       |   6|   0|    6|          0|
    |empty_34_fu_166                       |  20|   0|   20|          0|
    |empty_35_fu_170                       |   6|   0|    6|          0|
    |empty_36_fu_174                       |   6|   0|    6|          0|
    |empty_37_fu_178                       |  20|   0|   20|          0|
    |empty_38_fu_182                       |   6|   0|    6|          0|
    |empty_39_fu_186                       |   6|   0|    6|          0|
    |empty_40_fu_190                       |  20|   0|   20|          0|
    |empty_41_fu_194                       |   6|   0|    6|          0|
    |empty_42_fu_198                       |   6|   0|    6|          0|
    |empty_43_fu_202                       |  20|   0|   20|          0|
    |empty_44_fu_206                       |   6|   0|    6|          0|
    |empty_45_fu_210                       |   6|   0|    6|          0|
    |empty_46_fu_214                       |  20|   0|   20|          0|
    |empty_47_fu_218                       |   6|   0|    6|          0|
    |empty_48_fu_222                       |   6|   0|    6|          0|
    |empty_49_fu_226                       |  20|   0|   20|          0|
    |empty_50_fu_230                       |   6|   0|    6|          0|
    |empty_51_fu_234                       |   6|   0|    6|          0|
    |empty_52_fu_238                       |  20|   0|   20|          0|
    |empty_53_fu_242                       |   6|   0|    6|          0|
    |empty_54_fu_246                       |   6|   0|    6|          0|
    |empty_55_fu_490                       |   1|   0|    1|          0|
    |empty_56_fu_498                       |   1|   0|    1|          0|
    |empty_57_fu_502                       |   1|   0|    1|          0|
    |empty_58_fu_506                       |   1|   0|    1|          0|
    |empty_59_fu_510                       |   1|   0|    1|          0|
    |empty_60_fu_514                       |   1|   0|    1|          0|
    |empty_61_fu_518                       |   1|   0|    1|          0|
    |empty_62_fu_522                       |   1|   0|    1|          0|
    |empty_63_reg_638                      |   1|   0|    1|          0|
    |empty_64_reg_649                      |   1|   0|    1|          0|
    |empty_65_reg_660                      |   1|   0|    1|          0|
    |empty_66_reg_671                      |   1|   0|    1|          0|
    |empty_67_reg_682                      |   1|   0|    1|          0|
    |empty_68_reg_693                      |   1|   0|    1|          0|
    |empty_69_reg_704                      |   1|   0|    1|          0|
    |empty_fu_122                          |  20|   0|   20|          0|
    |i_2_reg_4758                          |  11|   0|   11|          0|
    |i_fu_114                              |  11|   0|   11|          0|
    |j_0_i7_lcssa64_reg_715                |   3|   0|    3|          0|
    |j_0_i7_lcssa_ph_reg_539               |   3|   0|    3|          0|
    |k_reg_627                             |   3|   0|    3|          0|
    |local_num_clusters_1_reg_4864         |  32|   0|   32|          0|
    |local_num_clusters_fu_494             |  32|   0|   32|          0|
    |mux_case_0113_fu_134                  |  20|   0|   20|          0|
    |mux_case_02275_fu_138                 |   4|   0|    4|          0|
    |mux_case_036171_fu_118                |   1|   0|    1|          0|
    |mux_case_1219_fu_250                  |  20|   0|   20|          0|
    |mux_case_12381_fu_274                 |   4|   0|    4|          0|
    |mux_case_137177_fu_298                |   1|   0|    1|          0|
    |mux_case_22488_fu_278                 |   4|   0|    4|          0|
    |mux_case_2326_fu_254                  |  20|   0|   20|          0|
    |mux_case_238183_fu_302                |   1|   0|    1|          0|
    |mux_case_32595_fu_282                 |   4|   0|    4|          0|
    |mux_case_339189_fu_306                |   1|   0|    1|          0|
    |mux_case_3433_fu_258                  |  20|   0|   20|          0|
    |mux_case_426102_fu_286                |   4|   0|    4|          0|
    |mux_case_440195_fu_310                |   1|   0|    1|          0|
    |mux_case_4540_fu_262                  |  20|   0|   20|          0|
    |mux_case_527109_fu_290                |   4|   0|    4|          0|
    |mux_case_541201_fu_314                |   1|   0|    1|          0|
    |mux_case_5647_fu_266                  |  20|   0|   20|          0|
    |mux_case_628116_fu_294                |   4|   0|    4|          0|
    |mux_case_642207_fu_318                |   1|   0|    1|          0|
    |mux_case_6754_fu_270                  |  20|   0|   20|          0|
    |num_jet_clusters_preg                 |  32|   0|   32|          0|
    |top_clusters_et_0_0_fu_142            |  20|   0|   20|          0|
    |top_clusters_et_1_0_fu_442            |  20|   0|   20|          0|
    |top_clusters_et_2_0_fu_418            |  20|   0|   20|          0|
    |top_clusters_et_3_0_fu_394            |  20|   0|   20|          0|
    |top_clusters_et_4_0_fu_370            |  20|   0|   20|          0|
    |top_clusters_et_5_0_fu_346            |  20|   0|   20|          0|
    |top_clusters_et_6_0_fu_322            |  20|   0|   20|          0|
    |top_clusters_et_7_0_fu_466            |  20|   0|   20|          0|
    |top_clusters_eta_0_0_fu_150           |   6|   0|    6|          0|
    |top_clusters_eta_1_0_fu_450           |   6|   0|    6|          0|
    |top_clusters_eta_2_0_fu_426           |   6|   0|    6|          0|
    |top_clusters_eta_3_0_fu_402           |   6|   0|    6|          0|
    |top_clusters_eta_4_0_fu_378           |   6|   0|    6|          0|
    |top_clusters_eta_5_0_fu_354           |   6|   0|    6|          0|
    |top_clusters_eta_6_0_fu_330           |   6|   0|    6|          0|
    |top_clusters_eta_7_0_fu_474           |   6|   0|    6|          0|
    |top_clusters_isolation_et_0_0_fu_146  |  20|   0|   20|          0|
    |top_clusters_isolation_et_1_0_fu_446  |  20|   0|   20|          0|
    |top_clusters_isolation_et_2_0_fu_422  |  20|   0|   20|          0|
    |top_clusters_isolation_et_3_0_fu_398  |  20|   0|   20|          0|
    |top_clusters_isolation_et_4_0_fu_374  |  20|   0|   20|          0|
    |top_clusters_isolation_et_5_0_fu_350  |  20|   0|   20|          0|
    |top_clusters_isolation_et_6_0_fu_326  |  20|   0|   20|          0|
    |top_clusters_isolation_et_7_0_fu_470  |  20|   0|   20|          0|
    |top_clusters_phi_0_0_fu_154           |   6|   0|    6|          0|
    |top_clusters_phi_1_0_fu_454           |   6|   0|    6|          0|
    |top_clusters_phi_2_0_fu_430           |   6|   0|    6|          0|
    |top_clusters_phi_3_0_fu_406           |   6|   0|    6|          0|
    |top_clusters_phi_4_0_fu_382           |   6|   0|    6|          0|
    |top_clusters_phi_5_0_fu_358           |   6|   0|    6|          0|
    |top_clusters_phi_6_0_fu_334           |   6|   0|    6|          0|
    |top_clusters_phi_7_0_fu_478           |   6|   0|    6|          0|
    |top_clusters_valid_0_0_fu_162         |   1|   0|    1|          0|
    |top_clusters_valid_1_0_fu_462         |   1|   0|    1|          0|
    |top_clusters_valid_2_0_fu_438         |   1|   0|    1|          0|
    |top_clusters_valid_3_0_fu_414         |   1|   0|    1|          0|
    |top_clusters_valid_4_0_fu_390         |   1|   0|    1|          0|
    |top_clusters_valid_5_0_fu_366         |   1|   0|    1|          0|
    |top_clusters_valid_6_0_fu_342         |   1|   0|    1|          0|
    |top_clusters_valid_7_0_fu_486         |   1|   0|    1|          0|
    |top_clusters_window_size_0_0_fu_158   |   4|   0|    4|          0|
    |top_clusters_window_size_1_0_fu_458   |   4|   0|    4|          0|
    |top_clusters_window_size_2_0_fu_434   |   4|   0|    4|          0|
    |top_clusters_window_size_3_0_fu_410   |   4|   0|    4|          0|
    |top_clusters_window_size_4_0_fu_386   |   4|   0|    4|          0|
    |top_clusters_window_size_5_0_fu_362   |   4|   0|    4|          0|
    |top_clusters_window_size_6_0_fu_338   |   4|   0|    4|          0|
    |top_clusters_window_size_7_0_fu_482   |   4|   0|    4|          0|
    +--------------------------------------+----+----+-----+-----------+
    |Total                                 |1092|   0| 1092|          0|
    +--------------------------------------+----+----+-----+-----------+



================================================================
== Interface
================================================================
* Summary: 
+-----------------------------------+-----+-----+------------+----------------------------------------+--------------+
|             RTL Ports             | Dir | Bits|  Protocol  |              Source Object             |    C Type    |
+-----------------------------------+-----+-----+------------+----------------------------------------+--------------+
|ap_clk                             |   in|    1|  ap_ctrl_hs|  select_top_n_from_stream_fixed<1440>.1|  return value|
|ap_rst                             |   in|    1|  ap_ctrl_hs|  select_top_n_from_stream_fixed<1440>.1|  return value|
|ap_start                           |   in|    1|  ap_ctrl_hs|  select_top_n_from_stream_fixed<1440>.1|  return value|
|ap_done                            |  out|    1|  ap_ctrl_hs|  select_top_n_from_stream_fixed<1440>.1|  return value|
|ap_continue                        |   in|    1|  ap_ctrl_hs|  select_top_n_from_stream_fixed<1440>.1|  return value|
|ap_idle                            |  out|    1|  ap_ctrl_hs|  select_top_n_from_stream_fixed<1440>.1|  return value|
|ap_ready                           |  out|    1|  ap_ctrl_hs|  select_top_n_from_stream_fixed<1440>.1|  return value|
|ap_return_0                        |  out|   20|  ap_ctrl_hs|  select_top_n_from_stream_fixed<1440>.1|  return value|
|ap_return_1                        |  out|   20|  ap_ctrl_hs|  select_top_n_from_stream_fixed<1440>.1|  return value|
|ap_return_2                        |  out|   20|  ap_ctrl_hs|  select_top_n_from_stream_fixed<1440>.1|  return value|
|ap_return_3                        |  out|   20|  ap_ctrl_hs|  select_top_n_from_stream_fixed<1440>.1|  return value|
|ap_return_4                        |  out|   20|  ap_ctrl_hs|  select_top_n_from_stream_fixed<1440>.1|  return value|
|ap_return_5                        |  out|   20|  ap_ctrl_hs|  select_top_n_from_stream_fixed<1440>.1|  return value|
|ap_return_6                        |  out|   20|  ap_ctrl_hs|  select_top_n_from_stream_fixed<1440>.1|  return value|
|ap_return_7                        |  out|   20|  ap_ctrl_hs|  select_top_n_from_stream_fixed<1440>.1|  return value|
|ap_return_8                        |  out|   20|  ap_ctrl_hs|  select_top_n_from_stream_fixed<1440>.1|  return value|
|ap_return_9                        |  out|   20|  ap_ctrl_hs|  select_top_n_from_stream_fixed<1440>.1|  return value|
|ap_return_10                       |  out|   20|  ap_ctrl_hs|  select_top_n_from_stream_fixed<1440>.1|  return value|
|ap_return_11                       |  out|   20|  ap_ctrl_hs|  select_top_n_from_stream_fixed<1440>.1|  return value|
|ap_return_12                       |  out|   20|  ap_ctrl_hs|  select_top_n_from_stream_fixed<1440>.1|  return value|
|ap_return_13                       |  out|   20|  ap_ctrl_hs|  select_top_n_from_stream_fixed<1440>.1|  return value|
|ap_return_14                       |  out|   20|  ap_ctrl_hs|  select_top_n_from_stream_fixed<1440>.1|  return value|
|ap_return_15                       |  out|   20|  ap_ctrl_hs|  select_top_n_from_stream_fixed<1440>.1|  return value|
|ap_return_16                       |  out|    6|  ap_ctrl_hs|  select_top_n_from_stream_fixed<1440>.1|  return value|
|ap_return_17                       |  out|    6|  ap_ctrl_hs|  select_top_n_from_stream_fixed<1440>.1|  return value|
|ap_return_18                       |  out|    6|  ap_ctrl_hs|  select_top_n_from_stream_fixed<1440>.1|  return value|
|ap_return_19                       |  out|    6|  ap_ctrl_hs|  select_top_n_from_stream_fixed<1440>.1|  return value|
|ap_return_20                       |  out|    6|  ap_ctrl_hs|  select_top_n_from_stream_fixed<1440>.1|  return value|
|ap_return_21                       |  out|    6|  ap_ctrl_hs|  select_top_n_from_stream_fixed<1440>.1|  return value|
|ap_return_22                       |  out|    6|  ap_ctrl_hs|  select_top_n_from_stream_fixed<1440>.1|  return value|
|ap_return_23                       |  out|    6|  ap_ctrl_hs|  select_top_n_from_stream_fixed<1440>.1|  return value|
|ap_return_24                       |  out|    6|  ap_ctrl_hs|  select_top_n_from_stream_fixed<1440>.1|  return value|
|ap_return_25                       |  out|    6|  ap_ctrl_hs|  select_top_n_from_stream_fixed<1440>.1|  return value|
|ap_return_26                       |  out|    6|  ap_ctrl_hs|  select_top_n_from_stream_fixed<1440>.1|  return value|
|ap_return_27                       |  out|    6|  ap_ctrl_hs|  select_top_n_from_stream_fixed<1440>.1|  return value|
|ap_return_28                       |  out|    6|  ap_ctrl_hs|  select_top_n_from_stream_fixed<1440>.1|  return value|
|ap_return_29                       |  out|    6|  ap_ctrl_hs|  select_top_n_from_stream_fixed<1440>.1|  return value|
|ap_return_30                       |  out|    6|  ap_ctrl_hs|  select_top_n_from_stream_fixed<1440>.1|  return value|
|ap_return_31                       |  out|    6|  ap_ctrl_hs|  select_top_n_from_stream_fixed<1440>.1|  return value|
|ap_return_32                       |  out|    4|  ap_ctrl_hs|  select_top_n_from_stream_fixed<1440>.1|  return value|
|ap_return_33                       |  out|    4|  ap_ctrl_hs|  select_top_n_from_stream_fixed<1440>.1|  return value|
|ap_return_34                       |  out|    4|  ap_ctrl_hs|  select_top_n_from_stream_fixed<1440>.1|  return value|
|ap_return_35                       |  out|    4|  ap_ctrl_hs|  select_top_n_from_stream_fixed<1440>.1|  return value|
|ap_return_36                       |  out|    4|  ap_ctrl_hs|  select_top_n_from_stream_fixed<1440>.1|  return value|
|ap_return_37                       |  out|    4|  ap_ctrl_hs|  select_top_n_from_stream_fixed<1440>.1|  return value|
|ap_return_38                       |  out|    4|  ap_ctrl_hs|  select_top_n_from_stream_fixed<1440>.1|  return value|
|ap_return_39                       |  out|    4|  ap_ctrl_hs|  select_top_n_from_stream_fixed<1440>.1|  return value|
|ap_return_40                       |  out|    1|  ap_ctrl_hs|  select_top_n_from_stream_fixed<1440>.1|  return value|
|ap_return_41                       |  out|    1|  ap_ctrl_hs|  select_top_n_from_stream_fixed<1440>.1|  return value|
|ap_return_42                       |  out|    1|  ap_ctrl_hs|  select_top_n_from_stream_fixed<1440>.1|  return value|
|ap_return_43                       |  out|    1|  ap_ctrl_hs|  select_top_n_from_stream_fixed<1440>.1|  return value|
|ap_return_44                       |  out|    1|  ap_ctrl_hs|  select_top_n_from_stream_fixed<1440>.1|  return value|
|ap_return_45                       |  out|    1|  ap_ctrl_hs|  select_top_n_from_stream_fixed<1440>.1|  return value|
|ap_return_46                       |  out|    1|  ap_ctrl_hs|  select_top_n_from_stream_fixed<1440>.1|  return value|
|ap_return_47                       |  out|    1|  ap_ctrl_hs|  select_top_n_from_stream_fixed<1440>.1|  return value|
|jet_cluster_stream_dout            |   in|   61|     ap_fifo|                      jet_cluster_stream|       pointer|
|jet_cluster_stream_num_data_valid  |   in|    7|     ap_fifo|                      jet_cluster_stream|       pointer|
|jet_cluster_stream_fifo_cap        |   in|    7|     ap_fifo|                      jet_cluster_stream|       pointer|
|jet_cluster_stream_empty_n         |   in|    1|     ap_fifo|                      jet_cluster_stream|       pointer|
|jet_cluster_stream_read            |  out|    1|     ap_fifo|                      jet_cluster_stream|       pointer|
|num_jet_clusters                   |  out|   32|      ap_vld|                        num_jet_clusters|       pointer|
|num_jet_clusters_ap_vld            |  out|    1|      ap_vld|                        num_jet_clusters|       pointer|
+-----------------------------------+-----+-----+------------+----------------------------------------+--------------+

