

================================================================
== Vitis HLS Report for 'calo_trigger_ref'
================================================================
* Date:           Tue May 12 19:45:24 2026

* Version:        2024.1 (Build 5069499 on May 21 2024)
* Project:        calorimeter
* Solution:       solution1 (Vivado IP Flow Target)
* Product family: virtexuplus
* Target device:  xcvu13p-fsga2577-2-e


================================================================
== Performance Estimates
================================================================
+ Timing: 
    * Summary: 
    +--------+----------+----------+------------+
    |  Clock |  Target  | Estimated| Uncertainty|
    +--------+----------+----------+------------+
    |ap_clk  |  25.00 ns|  6.255 ns|     6.75 ns|
    +--------+----------+----------+------------+

+ Latency: 
    * Summary: 
    +---------+---------+----------+----------+-------+-------+---------+
    |  Latency (cycles) |  Latency (absolute) |    Interval   | Pipeline|
    |   min   |   max   |    min   |    max   |  min  |  max  |   Type  |
    +---------+---------+----------+----------+-------+-------+---------+
    |    25694|    47294|  0.642 ms|  1.182 ms|  25695|  47295|       no|
    +---------+---------+----------+----------+-------+-------+---------+

    + Detail: 
        * Instance: 
        +--------------------------------+---------------------+---------+---------+-----------+----------+-------+-------+-----------------------------------------------+
        |                                |                     |  Latency (cycles) |  Latency (absolute)  |    Interval   |                    Pipeline                   |
        |            Instance            |        Module       |   min   |   max   |    min    |    max   |  min  |  max  |                      Type                     |
        +--------------------------------+---------------------+---------+---------+-----------+----------+-------+-------+-----------------------------------------------+
        |grp_find_clusters_3_5_s_fu_278  |find_clusters_3_5_s  |    20288|    20288|   0.507 ms|  0.507 ms|  20287|  20287|  loop auto-rewind stp(delay=0 clock cycles(s))|
        |grp_select_top_n_fu_302         |select_top_n         |     3601|    25201|  90.025 us|  0.630 ms|   3601|  25201|                                             no|
        +--------------------------------+---------------------+---------+---------+-----------+----------+-------+-------+-----------------------------------------------+

        * Loop: 
        +-----------------+---------+---------+----------+-----------+-----------+------+----------+
        |                 |  Latency (cycles) | Iteration|  Initiation Interval  | Trip |          |
        |    Loop Name    |   min   |   max   |  Latency |  achieved |   target  | Count| Pipelined|
        +-----------------+---------+---------+----------+-----------+-----------+------+----------+
        |- HT_ETA_HT_PHI  |     1800|     1800|         2|          1|          1|  1800|       yes|
        +-----------------+---------+---------+----------+-----------+-----------+------+----------+



================================================================
== Utilization Estimates
================================================================
* Summary: 
+---------------------+---------+-------+---------+---------+------+
|         Name        | BRAM_18K|  DSP  |    FF   |   LUT   | URAM |
+---------------------+---------+-------+---------+---------+------+
|DSP                  |        -|      -|        -|        -|     -|
|Expression           |        -|      -|        0|      935|     -|
|FIFO                 |        -|      -|        -|        -|     -|
|Instance             |        0|      -|     1669|     4874|     0|
|Memory               |        9|      -|        0|        0|     0|
|Multiplexer          |        -|      -|        0|      349|     -|
|Register             |        -|      -|      145|        -|     -|
+---------------------+---------+-------+---------+---------+------+
|Total                |        9|      0|     1814|     6158|     0|
+---------------------+---------+-------+---------+---------+------+
|Available SLR        |     1344|   3072|   864000|   432000|   320|
+---------------------+---------+-------+---------+---------+------+
|Utilization SLR (%)  |       ~0|      0|       ~0|        1|     0|
+---------------------+---------+-------+---------+---------+------+
|Available            |     5376|  12288|  3456000|  1728000|  1280|
+---------------------+---------+-------+---------+---------+------+
|Utilization (%)      |       ~0|      0|       ~0|       ~0|     0|
+---------------------+---------+-------+---------+---------+------+

+ Detail: 
    * Instance: 
    +--------------------------------+---------------------+---------+----+-----+------+-----+
    |            Instance            |        Module       | BRAM_18K| DSP|  FF |  LUT | URAM|
    +--------------------------------+---------------------+---------+----+-----+------+-----+
    |CTRL_s_axi_U                    |CTRL_s_axi           |        0|   0|  148|   216|    0|
    |grp_find_clusters_3_5_s_fu_278  |find_clusters_3_5_s  |        0|   0|  546|  1948|    0|
    |grp_select_top_n_fu_302         |select_top_n         |        0|   0|  975|  2710|    0|
    +--------------------------------+---------------------+---------+----+-----+------+-----+
    |Total                           |                     |        0|   0| 1669|  4874|    0|
    +--------------------------------+---------------------+---------+----+-----+------+-----+

    * DSP: 
    N/A

    * Memory: 
    +---------------------------+---------------------------------------+---------+---+----+-----+------+-----+------+-------------+
    |           Memory          |                 Module                | BRAM_18K| FF| LUT| URAM| Words| Bits| Banks| W*Bits*Banks|
    +---------------------------+---------------------------------------+---------+---+----+-----+------+-----+------+-------------+
    |clusters_et_U              |clusters_et_RAM_AUTO_1R1W              |        2|  0|   0|    0|  1800|   16|     1|        28800|
    |clusters_isolation_et_U    |clusters_et_RAM_AUTO_1R1W              |        2|  0|   0|    0|  1800|   16|     1|        28800|
    |clusters_eta_U             |clusters_eta_RAM_AUTO_1R1W             |        1|  0|   0|    0|  1800|    5|     1|         9000|
    |clusters_iso_outer_size_U  |clusters_iso_outer_size_RAM_AUTO_0R0W  |        1|  0|   0|    0|  1800|    3|     1|         5400|
    |clusters_phi_U             |clusters_phi_RAM_AUTO_1R1W             |        1|  0|   0|    0|  1800|    6|     1|        10800|
    |clusters_window_size_U     |clusters_window_size_RAM_AUTO_1R1W     |        1|  0|   0|    0|  1800|    1|     1|         1800|
    |clusters_valid_U           |clusters_window_size_RAM_AUTO_1R1W     |        1|  0|   0|    0|  1800|    1|     1|         1800|
    +---------------------------+---------------------------------------+---------+---+----+-----+------+-----+------+-------------+
    |Total                      |                                       |        9|  0|   0|    0| 12600|   48|     7|        86400|
    +---------------------------+---------------------------------------+---------+---+----+-----+------+-----+------+-------------+

    * FIFO: 
    N/A

    * Expression: 
    +--------------------------+----------+----+---+----+------------+------------+
    |       Variable Name      | Operation| DSP| FF| LUT| Bitwidth P0| Bitwidth P1|
    +--------------------------+----------+----+---+----+------------+------------+
    |add_ln149_1_fu_1011_p2    |         +|   0|  0|  18|          11|           1|
    |add_ln149_fu_942_p2       |         +|   0|  0|  12|           5|           1|
    |add_ln152_1_fu_994_p2     |         +|   0|  0|  17|          11|          11|
    |ht_2_fu_1051_p2           |         +|   0|  0|  30|          23|          23|
    |phi_fu_1005_p2            |         +|   0|  0|  13|           6|           1|
    |sub_ln152_fu_984_p2       |         -|   0|  0|  17|          11|          11|
    |icmp_ln149_fu_1023_p2     |      icmp|   0|  0|  18|          11|           9|
    |icmp_ln150_fu_1017_p2     |      icmp|   0|  0|  13|           6|           4|
    |icmp_ln185_1_fu_576_p2    |      icmp|   0|  0|  12|           4|           2|
    |icmp_ln185_2_fu_627_p2    |      icmp|   0|  0|  12|           4|           2|
    |icmp_ln185_3_fu_678_p2    |      icmp|   0|  0|  12|           4|           2|
    |icmp_ln185_4_fu_729_p2    |      icmp|   0|  0|  12|           4|           2|
    |icmp_ln185_5_fu_780_p2    |      icmp|   0|  0|  12|           4|           2|
    |icmp_ln185_6_fu_831_p2    |      icmp|   0|  0|  12|           4|           2|
    |icmp_ln185_7_fu_882_p2    |      icmp|   0|  0|  12|           4|           2|
    |icmp_ln185_fu_525_p2      |      icmp|   0|  0|  12|           4|           2|
    |eta_fu_956_p3             |    select|   0|  0|   5|           1|           5|
    |objects_0                 |    select|   0|  0|  83|           1|          89|
    |objects_1                 |    select|   0|  0|  83|           1|          89|
    |objects_2                 |    select|   0|  0|  83|           1|          89|
    |objects_3                 |    select|   0|  0|  83|           1|          89|
    |objects_4                 |    select|   0|  0|  83|           1|          89|
    |objects_5                 |    select|   0|  0|  83|           1|          89|
    |objects_6                 |    select|   0|  0|  83|           1|          89|
    |objects_7                 |    select|   0|  0|  83|           1|          89|
    |select_ln149_fu_948_p3    |    select|   0|  0|   6|           1|           1|
    |select_ln185_1_fu_582_p3  |    select|   0|  0|   3|           1|           1|
    |select_ln185_2_fu_633_p3  |    select|   0|  0|   3|           1|           1|
    |select_ln185_3_fu_684_p3  |    select|   0|  0|   3|           1|           1|
    |select_ln185_4_fu_735_p3  |    select|   0|  0|   3|           1|           1|
    |select_ln185_5_fu_786_p3  |    select|   0|  0|   3|           1|           1|
    |select_ln185_6_fu_837_p3  |    select|   0|  0|   3|           1|           1|
    |select_ln185_7_fu_888_p3  |    select|   0|  0|   3|           1|           1|
    |select_ln185_fu_531_p3    |    select|   0|  0|   3|           1|           1|
    |ap_enable_pp0             |       xor|   0|  0|   2|           1|           2|
    +--------------------------+----------+----+---+----+------------+------------+
    |Total                     |          |   0|  0| 935|         135|         805|
    +--------------------------+----------+----+---+----+------------+------------+

    * Multiplexer: 
    +--------------------------------------+----+-----------+-----+-----------+
    |                 Name                 | LUT| Input Size| Bits| Total Bits|
    +--------------------------------------+----+-----------+-----+-----------+
    |ap_NS_fsm                             |  37|          7|    1|          7|
    |ap_enable_reg_pp0_iter1               |   9|          2|    1|          2|
    |ap_phi_mux_icmp_ln1507_phi_fu_271_p4  |   9|          2|    1|          2|
    |clusters_et_address0                  |  14|          3|   11|         33|
    |clusters_et_ce0                       |  14|          3|    1|          3|
    |clusters_et_we0                       |   9|          2|    1|          2|
    |clusters_eta_address0                 |  14|          3|   11|         33|
    |clusters_eta_ce0                      |  14|          3|    1|          3|
    |clusters_eta_we0                      |   9|          2|    1|          2|
    |clusters_isolation_et_address0        |  14|          3|   11|         33|
    |clusters_isolation_et_ce0             |  14|          3|    1|          3|
    |clusters_isolation_et_we0             |   9|          2|    1|          2|
    |clusters_phi_address0                 |  14|          3|   11|         33|
    |clusters_phi_ce0                      |  14|          3|    1|          3|
    |clusters_phi_we0                      |   9|          2|    1|          2|
    |clusters_valid_address0               |  14|          3|   11|         33|
    |clusters_valid_ce0                    |  14|          3|    1|          3|
    |clusters_valid_we0                    |   9|          2|    1|          2|
    |clusters_window_size_address0         |  14|          3|   11|         33|
    |clusters_window_size_ce0              |  14|          3|    1|          3|
    |clusters_window_size_we0              |   9|          2|    1|          2|
    |conv4_i4_i_i5_fu_140                  |   9|          2|   23|         46|
    |eta3_fu_132                           |   9|          2|    5|         10|
    |grid_Addr_A                           |   9|          2|   32|         64|
    |grid_EN_A                             |   9|          2|    1|          2|
    |grid_EN_B                             |   9|          2|    1|          2|
    |icmp_ln1507_reg_267                   |   9|          2|    1|          2|
    |indvar_flatten2_fu_128                |   9|          2|   11|         22|
    |phi4_fu_136                           |   9|          2|    6|         12|
    +--------------------------------------+----+-----------+-----+-----------+
    |Total                                 | 349|         75|  161|        399|
    +--------------------------------------+----+-----------+-----+-----------+

    * Register: 
    +---------------------------------------------+----+----+-----+-----------+
    |                     Name                    | FF | LUT| Bits| Const Bits|
    +---------------------------------------------+----+----+-----+-----------+
    |ap_CS_fsm                                    |   6|   0|    6|          0|
    |ap_enable_reg_pp0_iter0                      |   1|   0|    1|          0|
    |ap_enable_reg_pp0_iter1                      |   1|   0|    1|          0|
    |cluster_threshold_read_reg_1094              |  20|   0|   20|          0|
    |conv4_i4_i_i5_fu_140                         |  23|   0|   23|          0|
    |eta3_fu_132                                  |   5|   0|    5|          0|
    |grp_find_clusters_3_5_s_fu_278_ap_start_reg  |   1|   0|    1|          0|
    |grp_select_top_n_fu_302_ap_start_reg         |   1|   0|    1|          0|
    |icmp_ln149_reg_1120                          |   1|   0|    1|          0|
    |icmp_ln1507_reg_267                          |   1|   0|    1|          0|
    |icmp_ln150_reg_1115                          |   1|   0|    1|          0|
    |indvar_flatten2_fu_128                       |  11|   0|   11|          0|
    |local_num_clusters_reg_1104                  |  32|   0|   32|          0|
    |phi4_fu_136                                  |   6|   0|    6|          0|
    |seed_threshold_read_reg_1099                 |  12|   0|   12|          0|
    |zext_ln150_reg_1124                          |  23|   0|   24|          1|
    +---------------------------------------------+----+----+-----+-----------+
    |Total                                        | 145|   0|  146|          1|
    +---------------------------------------------+----+----+-----+-----------+



================================================================
== Interface
================================================================
* Summary: 
+--------------------+-----+-----+------------+------------------+--------------+
|      RTL Ports     | Dir | Bits|  Protocol  |   Source Object  |    C Type    |
+--------------------+-----+-----+------------+------------------+--------------+
|s_axi_CTRL_AWVALID  |   in|    1|       s_axi|              CTRL|       pointer|
|s_axi_CTRL_AWREADY  |  out|    1|       s_axi|              CTRL|       pointer|
|s_axi_CTRL_AWADDR   |   in|    6|       s_axi|              CTRL|       pointer|
|s_axi_CTRL_WVALID   |   in|    1|       s_axi|              CTRL|       pointer|
|s_axi_CTRL_WREADY   |  out|    1|       s_axi|              CTRL|       pointer|
|s_axi_CTRL_WDATA    |   in|   32|       s_axi|              CTRL|       pointer|
|s_axi_CTRL_WSTRB    |   in|    4|       s_axi|              CTRL|       pointer|
|s_axi_CTRL_ARVALID  |   in|    1|       s_axi|              CTRL|       pointer|
|s_axi_CTRL_ARREADY  |  out|    1|       s_axi|              CTRL|       pointer|
|s_axi_CTRL_ARADDR   |   in|    6|       s_axi|              CTRL|       pointer|
|s_axi_CTRL_RVALID   |  out|    1|       s_axi|              CTRL|       pointer|
|s_axi_CTRL_RREADY   |   in|    1|       s_axi|              CTRL|       pointer|
|s_axi_CTRL_RDATA    |  out|   32|       s_axi|              CTRL|       pointer|
|s_axi_CTRL_RRESP    |  out|    2|       s_axi|              CTRL|       pointer|
|s_axi_CTRL_BVALID   |  out|    1|       s_axi|              CTRL|       pointer|
|s_axi_CTRL_BREADY   |   in|    1|       s_axi|              CTRL|       pointer|
|s_axi_CTRL_BRESP    |  out|    2|       s_axi|              CTRL|       pointer|
|ap_clk              |   in|    1|  ap_ctrl_hs|  calo_trigger_ref|  return value|
|ap_rst_n            |   in|    1|  ap_ctrl_hs|  calo_trigger_ref|  return value|
|interrupt           |  out|    1|  ap_ctrl_hs|  calo_trigger_ref|  return value|
|grid_Addr_A         |  out|   32|        bram|              grid|         array|
|grid_EN_A           |  out|    1|        bram|              grid|         array|
|grid_WEN_A          |  out|    2|        bram|              grid|         array|
|grid_Din_A          |  out|   16|        bram|              grid|         array|
|grid_Dout_A         |   in|   16|        bram|              grid|         array|
|grid_Clk_A          |  out|    1|        bram|              grid|         array|
|grid_Rst_A          |  out|    1|        bram|              grid|         array|
|grid_Addr_B         |  out|   32|        bram|              grid|         array|
|grid_EN_B           |  out|    1|        bram|              grid|         array|
|grid_WEN_B          |  out|    2|        bram|              grid|         array|
|grid_Din_B          |  out|   16|        bram|              grid|         array|
|grid_Dout_B         |   in|   16|        bram|              grid|         array|
|grid_Clk_B          |  out|    1|        bram|              grid|         array|
|grid_Rst_B          |  out|    1|        bram|              grid|         array|
|objects_0           |  out|   89|      ap_vld|         objects_0|       pointer|
|objects_0_ap_vld    |  out|    1|      ap_vld|         objects_0|       pointer|
|objects_1           |  out|   89|      ap_vld|         objects_1|       pointer|
|objects_1_ap_vld    |  out|    1|      ap_vld|         objects_1|       pointer|
|objects_2           |  out|   89|      ap_vld|         objects_2|       pointer|
|objects_2_ap_vld    |  out|    1|      ap_vld|         objects_2|       pointer|
|objects_3           |  out|   89|      ap_vld|         objects_3|       pointer|
|objects_3_ap_vld    |  out|    1|      ap_vld|         objects_3|       pointer|
|objects_4           |  out|   89|      ap_vld|         objects_4|       pointer|
|objects_4_ap_vld    |  out|    1|      ap_vld|         objects_4|       pointer|
|objects_5           |  out|   89|      ap_vld|         objects_5|       pointer|
|objects_5_ap_vld    |  out|    1|      ap_vld|         objects_5|       pointer|
|objects_6           |  out|   89|      ap_vld|         objects_6|       pointer|
|objects_6_ap_vld    |  out|    1|      ap_vld|         objects_6|       pointer|
|objects_7           |  out|   89|      ap_vld|         objects_7|       pointer|
|objects_7_ap_vld    |  out|    1|      ap_vld|         objects_7|       pointer|
+--------------------+-----+-----+------------+------------------+--------------+

