

================================================================
== Vitis HLS Report for 'find_clusters_3_5_s'
================================================================
* Date:           Tue May 12 19:45:16 2026

* Version:        2024.1 (Build 5069499 on May 21 2024)
* Project:        calorimeter
* Solution:       solution1 (Vivado IP Flow Target)
* Product family: virtexuplus
* Target device:  xcvu13p-fsga2577-2-e


================================================================
== Performance Estimates
================================================================
+ Timing: 
    * Summary: 
    +--------+----------+----------+------------+
    |  Clock |  Target  | Estimated| Uncertainty|
    +--------+----------+----------+------------+
    |ap_clk  |  25.00 ns|  6.255 ns|     6.75 ns|
    +--------+----------+----------+------------+

+ Latency: 
    * Summary: 
    +---------+---------+----------+----------+-------+-------+-----------------------------------------------+
    |  Latency (cycles) |  Latency (absolute) |    Interval   |                    Pipeline                   |
    |   min   |   max   |    min   |    max   |  min  |  max  |                      Type                     |
    +---------+---------+----------+----------+-------+-------+-----------------------------------------------+
    |    20288|    20288|  0.507 ms|  0.507 ms|  20287|  20287|  loop auto-rewind stp(delay=0 clock cycles(s))|
    +---------+---------+----------+----------+-------+-------+-----------------------------------------------+

    + Detail: 
        * Instance: 
        N/A

        * Loop: 
        +---------------------+---------+---------+----------+-----------+-----------+------+----------+
        |                     |  Latency (cycles) | Iteration|  Initiation Interval  | Trip |          |
        |      Loop Name      |   min   |   max   |  Latency |  achieved |   target  | Count| Pipelined|
        +---------------------+---------+---------+----------+-----------+-----------+------+----------+
        |- FIND_ETA_FIND_PHI  |    20286|    20286|        20|         13|          1|  1560|       yes|
        +---------------------+---------+---------+----------+-----------+-----------+------+----------+



================================================================
== Utilization Estimates
================================================================
* Summary: 
+---------------------+---------+-------+---------+---------+------+
|         Name        | BRAM_18K|  DSP  |    FF   |   LUT   | URAM |
+---------------------+---------+-------+---------+---------+------+
|DSP                  |        -|      -|        -|        -|     -|
|Expression           |        -|      -|        0|     1645|     -|
|FIFO                 |        -|      -|        -|        -|     -|
|Instance             |        -|      -|        -|        -|     -|
|Memory               |        -|      -|        -|        -|     -|
|Multiplexer          |        -|      -|        0|      303|     -|
|Register             |        -|      -|      546|        -|     -|
+---------------------+---------+-------+---------+---------+------+
|Total                |        0|      0|      546|     1948|     0|
+---------------------+---------+-------+---------+---------+------+
|Available SLR        |     1344|   3072|   864000|   432000|   320|
+---------------------+---------+-------+---------+---------+------+
|Utilization SLR (%)  |        0|      0|       ~0|       ~0|     0|
+---------------------+---------+-------+---------+---------+------+
|Available            |     5376|  12288|  3456000|  1728000|  1280|
+---------------------+---------+-------+---------+---------+------+
|Utilization (%)      |        0|      0|       ~0|       ~0|     0|
+---------------------+---------+-------+---------+---------+------+

+ Detail: 
    * Instance: 
    N/A

    * DSP: 
    N/A

    * Memory: 
    N/A

    * FIFO: 
    N/A

    * Expression: 
    +--------------------------+----------+----+---+----+------------+------------+
    |       Variable Name      | Operation| DSP| FF| LUT| Bitwidth P0| Bitwidth P1|
    +--------------------------+----------+----+---+----+------------+------------+
    |add_ln133_1_fu_1103_p2    |         +|   0|  0|  14|           7|           6|
    |add_ln133_fu_651_p2       |         +|   0|  0|  14|           7|           6|
    |add_ln135_1_fu_1142_p2    |         +|   0|  0|  14|           7|           7|
    |add_ln135_fu_703_p2       |         +|   0|  0|  14|           7|           7|
    |add_ln156_1_fu_1131_p2    |         +|   0|  0|  13|           6|           2|
    |add_ln156_fu_1086_p2      |         +|   0|  0|  14|           7|           3|
    |add_ln159_10_fu_1361_p2   |         +|   0|  0|  18|          11|          11|
    |add_ln159_11_fu_844_p2    |         +|   0|  0|  18|          11|          11|
    |add_ln159_12_fu_1014_p2   |         +|   0|  0|  18|          11|          11|
    |add_ln159_13_fu_1371_p2   |         +|   0|  0|  18|          11|          11|
    |add_ln159_15_fu_1120_p2   |         +|   0|  0|  18|          11|          11|
    |add_ln159_16_fu_1246_p2   |         +|   0|  0|  18|          11|          11|
    |add_ln159_17_fu_1288_p2   |         +|   0|  0|  18|          11|          11|
    |add_ln159_18_fu_1381_p2   |         +|   0|  0|  18|          11|          11|
    |add_ln159_19_fu_1390_p2   |         +|   0|  0|  18|          11|          11|
    |add_ln159_1_fu_958_p2     |         +|   0|  0|  20|          13|          13|
    |add_ln159_20_fu_1394_p2   |         +|   0|  0|  18|          11|          11|
    |add_ln159_21_fu_1259_p2   |         +|   0|  0|  18|          11|          11|
    |add_ln159_22_fu_1301_p2   |         +|   0|  0|  18|          11|          11|
    |add_ln159_23_fu_1399_p2   |         +|   0|  0|  18|          11|          11|
    |add_ln159_24_fu_1408_p2   |         +|   0|  0|  18|          11|          11|
    |add_ln159_2_fu_968_p2     |         +|   0|  0|  21|          14|          14|
    |add_ln159_3_fu_974_p2     |         +|   0|  0|  20|          13|          13|
    |add_ln159_4_fu_1040_p2    |         +|   0|  0|  20|          13|          13|
    |add_ln159_5_fu_1050_p2    |         +|   0|  0|  21|          14|          14|
    |add_ln159_6_fu_1060_p2    |         +|   0|  0|  22|          15|          15|
    |add_ln159_7_fu_1203_p2    |         +|   0|  0|  18|          11|          11|
    |add_ln159_8_fu_1351_p2    |         +|   0|  0|  18|          11|          11|
    |add_ln159_9_fu_1212_p2    |         +|   0|  0|  18|          11|          11|
    |add_ln159_fu_948_p2       |         +|   0|  0|  20|          13|          13|
    |add_ln185_fu_633_p2       |         +|   0|  0|  14|           7|           2|
    |add_ln188_1_fu_826_p2     |         +|   0|  0|  18|          11|          11|
    |add_ln188_2_fu_669_p2     |         +|   0|  0|  18|          11|          11|
    |add_ln188_3_fu_724_p2     |         +|   0|  0|  18|          11|          11|
    |add_ln188_4_fu_790_p2     |         +|   0|  0|  18|          11|          11|
    |add_ln188_5_fu_835_p2     |         +|   0|  0|  18|          11|          11|
    |add_ln188_6_fu_737_p2     |         +|   0|  0|  18|          11|          11|
    |add_ln188_7_fu_799_p2     |         +|   0|  0|  18|          11|          11|
    |add_ln188_fu_615_p2       |         +|   0|  0|  18|          11|          11|
    |add_ln211_10_fu_1510_p2   |         +|   0|  0|  20|          13|          13|
    |add_ln211_11_fu_1536_p2   |         +|   0|  0|  20|          13|          13|
    |add_ln211_12_fu_1546_p2   |         +|   0|  0|  21|          14|          14|
    |add_ln211_13_fu_1556_p2   |         +|   0|  0|  22|          15|          15|
    |add_ln211_1_fu_1272_p2    |         +|   0|  0|  20|          13|          13|
    |add_ln211_2_fu_1282_p2    |         +|   0|  0|  21|          14|          14|
    |add_ln211_3_fu_1314_p2    |         +|   0|  0|  20|          13|          13|
    |add_ln211_4_fu_1427_p2    |         +|   0|  0|  20|          13|          13|
    |add_ln211_5_fu_1437_p2    |         +|   0|  0|  21|          14|          14|
    |add_ln211_6_fu_1447_p2    |         +|   0|  0|  22|          15|          15|
    |add_ln211_7_fu_1469_p2    |         +|   0|  0|  20|          13|          13|
    |add_ln211_8_fu_1486_p2    |         +|   0|  0|  20|          13|          13|
    |add_ln211_9_fu_1496_p2    |         +|   0|  0|  21|          14|          14|
    |add_ln211_fu_1229_p2      |         +|   0|  0|  20|          13|          13|
    |add_ln232_1_fu_479_p2     |         +|   0|  0|  18|          11|           1|
    |add_ln232_2_fu_511_p2     |         +|   0|  0|  12|           5|           1|
    |add_ln232_fu_505_p2       |         +|   0|  0|  12|           5|           2|
    |add_ln235_fu_563_p2       |         +|   0|  0|  18|          11|          11|
    |add_ln265_fu_1187_p2      |         +|   0|  0|  39|          32|           1|
    |cluster_et_fu_1070_p2     |         +|   0|  0|  23|          16|          16|
    |empty_61_fu_584_p2        |         +|   0|  0|  12|           5|           2|
    |empty_62_fu_983_p2        |         +|   0|  0|  12|           5|           3|
    |empty_63_fu_1320_p2       |         +|   0|  0|  12|           5|           2|
    |isolation_et_fu_1566_p2   |         +|   0|  0|  23|          16|          16|
    |phi_fu_692_p2             |         +|   0|  0|  13|           6|           1|
    |sub_ln159_1_fu_1345_p2    |         -|   0|  0|  18|          11|          11|
    |sub_ln159_fu_1008_p2      |         -|   0|  0|  18|          11|          11|
    |sub_ln188_1_fu_770_p2     |         -|   0|  0|  18|          11|          11|
    |sub_ln188_fu_609_p2       |         -|   0|  0|  18|          11|          11|
    |sub_ln235_fu_553_p2       |         -|   0|  0|  18|          11|          11|
    |and_ln190_1_fu_814_p2     |       and|   0|  0|   2|           1|           1|
    |and_ln190_2_fu_820_p2     |       and|   0|  0|   2|           1|           1|
    |and_ln190_3_fu_906_p2     |       and|   0|  0|   2|           1|           1|
    |and_ln190_4_fu_888_p2     |       and|   0|  0|   2|           1|           1|
    |and_ln190_5_fu_894_p2     |       and|   0|  0|   2|           1|           1|
    |and_ln190_6_fu_900_p2     |       and|   0|  0|   2|           1|           1|
    |and_ln190_fu_809_p2       |       and|   0|  0|   2|           1|           1|
    |grp_fu_440_p2             |      icmp|   0|  0|  19|          12|          12|
    |icmp_ln134_1_fu_1136_p2   |      icmp|   0|  0|  13|           6|           4|
    |icmp_ln134_fu_697_p2      |      icmp|   0|  0|  13|           6|           4|
    |icmp_ln190_1_fu_853_p2    |      icmp|   0|  0|  19|          12|          12|
    |icmp_ln190_2_fu_863_p2    |      icmp|   0|  0|  19|          12|          12|
    |icmp_ln190_3_fu_873_p2    |      icmp|   0|  0|  19|          12|          12|
    |icmp_ln190_5_fu_884_p2    |      icmp|   0|  0|  19|          12|          12|
    |icmp_ln190_6_fu_911_p2    |      icmp|   0|  0|  19|          12|          12|
    |icmp_ln190_fu_780_p2      |      icmp|   0|  0|  19|          12|          12|
    |icmp_ln192_fu_776_p2      |      icmp|   0|  0|  19|          12|          12|
    |icmp_ln232_fu_473_p2      |      icmp|   0|  0|  18|          11|          10|
    |icmp_ln233_fu_491_p2      |      icmp|   0|  0|  13|           6|           4|
    |icmp_ln237_fu_628_p2      |      icmp|   0|  0|  19|          12|          12|
    |icmp_ln248_fu_1081_p2     |      icmp|   0|  0|  27|          20|          20|
    |icmp_ln257_fu_1171_p2     |      icmp|   0|  0|  39|          32|          11|
    |or_ln190_fu_922_p2        |        or|   0|  0|   2|           1|           1|
    |phi_idx_2_fu_712_p3       |    select|   0|  0|   7|           1|           7|
    |phi_idx_3_fu_684_p3       |    select|   0|  0|   8|           1|           8|
    |phi_idx_4_fu_1108_p3      |    select|   0|  0|   7|           1|           7|
    |phi_idx_5_fu_1151_p3      |    select|   0|  0|   7|           1|           7|
    |phi_idx_6_fu_1163_p3      |    select|   0|  0|   8|           1|           8|
    |phi_idx_fu_657_p3         |    select|   0|  0|   7|           1|           7|
    |select_ln232_1_fu_517_p3  |    select|   0|  0|   5|           1|           5|
    |select_ln232_2_fu_525_p3  |    select|   0|  0|   5|           1|           5|
    |select_ln232_fu_497_p3    |    select|   0|  0|   6|           1|           1|
    |ap_enable_pp0             |       xor|   0|  0|   2|           1|           2|
    |xor_ln190_1_fu_784_p2     |       xor|   0|  0|   2|           1|           2|
    |xor_ln190_2_fu_857_p2     |       xor|   0|  0|   2|           1|           2|
    |xor_ln190_3_fu_867_p2     |       xor|   0|  0|   2|           1|           2|
    |xor_ln190_4_fu_878_p2     |       xor|   0|  0|   2|           1|           2|
    |xor_ln190_fu_916_p2       |       xor|   0|  0|   2|           2|           1|
    +--------------------------+----------+----+---+----+------------+------------+
    |Total                     |          |   0|  0|1645|         993|         939|
    +--------------------------+----------+----+---+----+------------+------------+

    * Multiplexer: 
    +--------------------------------------+----+-----------+-----+-----------+
    |                 Name                 | LUT| Input Size| Bits| Total Bits|
    +--------------------------------------+----+-----------+-----+-----------+
    |ap_NS_fsm                             |  65|         14|    1|         14|
    |ap_done_int                           |   9|          2|    1|          2|
    |ap_enable_reg_pp0_iter0               |   9|          2|    1|          2|
    |ap_enable_reg_pp0_iter0_reg           |   9|          2|    1|          2|
    |ap_enable_reg_pp0_iter1               |   9|          2|    1|          2|
    |ap_sig_allocacmp_eta_load             |   9|          2|    5|         10|
    |ap_sig_allocacmp_indvar_flatten_load  |   9|          2|   11|         22|
    |ap_sig_allocacmp_phi_idx_1_load       |   9|          2|    6|         12|
    |empty_fu_112                          |   9|          2|   32|         64|
    |eta_fu_104                            |   9|          2|    5|         10|
    |grid_Addr_A_orig                      |  65|         14|   32|        448|
    |grid_Addr_B_orig                      |  65|         14|   32|        448|
    |inc347_fu_116                         |   9|          2|   32|         64|
    |indvar_flatten_fu_108                 |   9|          2|   11|         22|
    |phi_idx_1_fu_100                      |   9|          2|    6|         12|
    +--------------------------------------+----+-----------+-----+-----------+
    |Total                                 | 303|         66|  177|       1134|
    +--------------------------------------+----+-----------+-----+-----------+

    * Register: 
    +-----------------------------------+----+----+-----+-----------+
    |                Name               | FF | LUT| Bits| Const Bits|
    +-----------------------------------+----+----+-----+-----------+
    |add_ln159_19_reg_1949              |  11|   0|   11|          0|
    |add_ln159_20_reg_1954              |  11|   0|   11|          0|
    |add_ln159_24_reg_1964              |  11|   0|   11|          0|
    |add_ln159_2_reg_1819               |  14|   0|   14|          0|
    |add_ln159_3_reg_1824               |  13|   0|   13|          0|
    |add_ln211_10_reg_1994              |  13|   0|   13|          0|
    |add_ln211_2_reg_1909               |  14|   0|   14|          0|
    |add_ln211_3_reg_1924               |  13|   0|   13|          0|
    |add_ln211_6_reg_1969               |  15|   0|   15|          0|
    |add_ln211_7_reg_1984               |  13|   0|   13|          0|
    |add_ln211_9_reg_1989               |  14|   0|   14|          0|
    |add_ln211_reg_1879                 |  13|   0|   13|          0|
    |and_ln190_2_reg_1783               |   1|   0|    1|          0|
    |ap_CS_fsm                          |  13|   0|   13|          0|
    |ap_done_reg                        |   1|   0|    1|          0|
    |ap_enable_reg_pp0_iter0_reg        |   1|   0|    1|          0|
    |ap_enable_reg_pp0_iter1            |   1|   0|    1|          0|
    |center_et_reg_1689                 |  12|   0|   12|          0|
    |empty_fu_112                       |  32|   0|   32|          0|
    |eta_fu_104                         |   5|   0|    5|          0|
    |grid_addr_22_reg_1939              |  11|   0|   11|          0|
    |grid_addr_23_reg_1929              |  11|   0|   11|          0|
    |grid_addr_24_reg_1934              |  11|   0|   11|          0|
    |grid_load_15_reg_1999              |  12|   0|   12|          0|
    |icmp_ln232_reg_1621                |   1|   0|    1|          0|
    |icmp_ln237_reg_1702                |   1|   0|    1|          0|
    |icmp_ln237_reg_1702_pp0_iter1_reg  |   1|   0|    1|          0|
    |icmp_ln248_reg_1841                |   1|   0|    1|          0|
    |icmp_ln257_reg_1860                |   1|   0|    1|          0|
    |inc347_fu_116                      |  32|   0|   32|          0|
    |indvar_flatten_fu_108              |  11|   0|   11|          0|
    |is_max_reg_1716                    |   1|   0|    1|          0|
    |neighbor_1_reg_1721                |  12|   0|   12|          0|
    |neighbor_2_reg_1767                |  12|   0|   12|          0|
    |neighbor_3_reg_1777                |  12|   0|   12|          0|
    |neighbor_4_reg_1798                |  12|   0|   12|          0|
    |neighbor_5_reg_1804                |  12|   0|   12|          0|
    |or_ln190_reg_1815                  |   1|   0|    1|          0|
    |or_ln190_reg_1815_pp0_iter1_reg    |   1|   0|    1|          0|
    |phi_idx_1_fu_100                   |   6|   0|    6|          0|
    |phi_idx_3_reg_1711                 |   8|   0|    8|          0|
    |phi_idx_5_reg_1850                 |   7|   0|    7|          0|
    |phi_idx_6_reg_1855                 |   8|   0|    8|          0|
    |select_ln232_1_reg_1633            |   5|   0|    5|          0|
    |select_ln232_2_reg_1639            |   5|   0|    5|          0|
    |select_ln232_reg_1625              |   6|   0|    6|          0|
    |sext_ln159_1_reg_1897              |  11|   0|   11|          0|
    |sext_ln159_reg_1884                |  11|   0|   11|          0|
    |sext_ln188_1_reg_1741              |  11|   0|   11|          0|
    |sext_ln188_reg_1728                |  11|   0|   11|          0|
    |sub_ln159_reg_1829                 |   9|   0|   11|          2|
    |sub_ln188_1_reg_1754               |   9|   0|   11|          2|
    |sub_ln188_reg_1668                 |   9|   0|   11|          2|
    |sub_ln235_reg_1647                 |   9|   0|   11|          2|
    |zext_ln233_reg_1681                |   6|   0|    7|          1|
    |zext_ln235_1_reg_1655              |   6|   0|   11|          5|
    |zext_ln258_reg_1864                |  32|   0|   64|         32|
    +-----------------------------------+----+----+-----+-----------+
    |Total                              | 546|   0|  592|         46|
    +-----------------------------------+----+----+-----+-----------+



================================================================
== Interface
================================================================
* Summary: 
+----------------------------------+-----+-----+------------+-------------------------+--------------+
|             RTL Ports            | Dir | Bits|  Protocol  |      Source Object      |    C Type    |
+----------------------------------+-----+-----+------------+-------------------------+--------------+
|ap_clk                            |   in|    1|  ap_ctrl_hs|      find_clusters<3, 5>|  return value|
|ap_rst                            |   in|    1|  ap_ctrl_hs|      find_clusters<3, 5>|  return value|
|ap_start                          |   in|    1|  ap_ctrl_hs|      find_clusters<3, 5>|  return value|
|ap_done                           |  out|    1|  ap_ctrl_hs|      find_clusters<3, 5>|  return value|
|ap_idle                           |  out|    1|  ap_ctrl_hs|      find_clusters<3, 5>|  return value|
|ap_ready                          |  out|    1|  ap_ctrl_hs|      find_clusters<3, 5>|  return value|
|ap_return                         |  out|   32|  ap_ctrl_hs|      find_clusters<3, 5>|  return value|
|grid_Addr_A                       |  out|   32|        bram|                     grid|         array|
|grid_EN_A                         |  out|    1|        bram|                     grid|         array|
|grid_WEN_A                        |  out|    2|        bram|                     grid|         array|
|grid_Din_A                        |  out|   16|        bram|                     grid|         array|
|grid_Dout_A                       |   in|   16|        bram|                     grid|         array|
|grid_Addr_B                       |  out|   32|        bram|                     grid|         array|
|grid_EN_B                         |  out|    1|        bram|                     grid|         array|
|grid_WEN_B                        |  out|    2|        bram|                     grid|         array|
|grid_Din_B                        |  out|   16|        bram|                     grid|         array|
|grid_Dout_B                       |   in|   16|        bram|                     grid|         array|
|seed_threshold                    |   in|   12|     ap_none|           seed_threshold|        scalar|
|cluster_threshold                 |   in|   20|     ap_none|        cluster_threshold|        scalar|
|clusters_et_address0              |  out|   11|   ap_memory|              clusters_et|         array|
|clusters_et_ce0                   |  out|    1|   ap_memory|              clusters_et|         array|
|clusters_et_we0                   |  out|    1|   ap_memory|              clusters_et|         array|
|clusters_et_d0                    |  out|   16|   ap_memory|              clusters_et|         array|
|clusters_isolation_et_address0    |  out|   11|   ap_memory|    clusters_isolation_et|         array|
|clusters_isolation_et_ce0         |  out|    1|   ap_memory|    clusters_isolation_et|         array|
|clusters_isolation_et_we0         |  out|    1|   ap_memory|    clusters_isolation_et|         array|
|clusters_isolation_et_d0          |  out|   16|   ap_memory|    clusters_isolation_et|         array|
|clusters_eta_address0             |  out|   11|   ap_memory|             clusters_eta|         array|
|clusters_eta_ce0                  |  out|    1|   ap_memory|             clusters_eta|         array|
|clusters_eta_we0                  |  out|    1|   ap_memory|             clusters_eta|         array|
|clusters_eta_d0                   |  out|    5|   ap_memory|             clusters_eta|         array|
|clusters_phi_address0             |  out|   11|   ap_memory|             clusters_phi|         array|
|clusters_phi_ce0                  |  out|    1|   ap_memory|             clusters_phi|         array|
|clusters_phi_we0                  |  out|    1|   ap_memory|             clusters_phi|         array|
|clusters_phi_d0                   |  out|    6|   ap_memory|             clusters_phi|         array|
|clusters_window_size_address0     |  out|   11|   ap_memory|     clusters_window_size|         array|
|clusters_window_size_ce0          |  out|    1|   ap_memory|     clusters_window_size|         array|
|clusters_window_size_we0          |  out|    1|   ap_memory|     clusters_window_size|         array|
|clusters_window_size_d0           |  out|    1|   ap_memory|     clusters_window_size|         array|
|clusters_iso_outer_size_address0  |  out|   11|   ap_memory|  clusters_iso_outer_size|         array|
|clusters_iso_outer_size_ce0       |  out|    1|   ap_memory|  clusters_iso_outer_size|         array|
|clusters_iso_outer_size_we0       |  out|    1|   ap_memory|  clusters_iso_outer_size|         array|
|clusters_iso_outer_size_d0        |  out|    3|   ap_memory|  clusters_iso_outer_size|         array|
|clusters_valid_address0           |  out|   11|   ap_memory|           clusters_valid|         array|
|clusters_valid_ce0                |  out|    1|   ap_memory|           clusters_valid|         array|
|clusters_valid_we0                |  out|    1|   ap_memory|           clusters_valid|         array|
|clusters_valid_d0                 |  out|    1|   ap_memory|           clusters_valid|         array|
+----------------------------------+-----+-----+------------+-------------------------+--------------+

