

================================================================
== Vitis HLS Report for 'build_trigger_objects'
================================================================
* Date:           Tue May 12 23:41:57 2026

* Version:        2024.1 (Build 5069499 on May 21 2024)
* Project:        calorimeter
* Solution:       solution1 (Vivado IP Flow Target)
* Product family: virtexuplus
* Target device:  xcvu13p-fsga2577-2-e


================================================================
== Performance Estimates
================================================================
+ Timing: 
    * Summary: 
    +--------+----------+----------+------------+
    |  Clock |  Target  | Estimated| Uncertainty|
    +--------+----------+----------+------------+
    |ap_clk  |  25.00 ns|  2.478 ns|     6.75 ns|
    +--------+----------+----------+------------+

+ Latency: 
    * Summary: 
    +---------+---------+----------+----------+-----+-----+---------+
    |  Latency (cycles) |  Latency (absolute) |  Interval | Pipeline|
    |   min   |   max   |    min   |    max   | min | max |   Type  |
    +---------+---------+----------+----------+-----+-----+---------+
    |        0|        0|      0 ns|      0 ns|    0|    0|       no|
    +---------+---------+----------+----------+-----+-----+---------+

    + Detail: 
        * Instance: 
        N/A

        * Loop: 
        N/A

============================================================
+ Verbose Summary: Synthesis Manager
============================================================
InlineROM: 1
ExposeGlobal: 0
============================================================
+ Verbose Summary: CDFG Model
============================================================
IsTopModel: 0
ResetActiveHigh: 1
IsCombinational: 2
IsDatapathOnly: 0
HasWiredReturn: 1
HasMFsm: 0
HasVarLatency: 0
IsPipeline: 0
IsRtlPipelined: 0
IsInstanceOverlapped: 0
IsDontTouch: 0
HasImplIP: 0
IsGatedGlobalClock: 0


============================================================
+ Verbose Summary: Schedule
============================================================
* Number of FSM states : 1
* Pipeline : 0
* Dataflow Pipeline: 0

* FSM state transitions: 
1 --> 

* FSM state operations: 

State 1 <SV = 0> <Delay = 2.47>
ST_1 : Operation 2 [1/1] (1.42ns)   --->   "%p_read_48 = read i1 @_ssdm_op_Read.ap_auto.i1, i1 %p_read47" [./calorimeter.h:234->calorimeter.cpp:165]   --->   Operation 2 'read' 'p_read_48' <Predicate = true> <Delay = 1.42> <CoreInst = "FIFO_SRL">   --->   Core 80 'FIFO_SRL' <Latency = 0> <II = 1> <Delay = 1.42> <Storage> <Opcode : 'read' 'write' 'nbread' 'nbwrite'> <Ports = 0> <Width = -1> <Depth = -1> <FIFO>
ST_1 : Operation 3 [1/1] (1.42ns)   --->   "%p_read_49 = read i1 @_ssdm_op_Read.ap_auto.i1, i1 %p_read46" [./calorimeter.h:234->calorimeter.cpp:165]   --->   Operation 3 'read' 'p_read_49' <Predicate = true> <Delay = 1.42> <CoreInst = "FIFO_SRL">   --->   Core 80 'FIFO_SRL' <Latency = 0> <II = 1> <Delay = 1.42> <Storage> <Opcode : 'read' 'write' 'nbread' 'nbwrite'> <Ports = 0> <Width = -1> <Depth = -1> <FIFO>
ST_1 : Operation 4 [1/1] (1.42ns)   --->   "%p_read_50 = read i1 @_ssdm_op_Read.ap_auto.i1, i1 %p_read45" [./calorimeter.h:234->calorimeter.cpp:165]   --->   Operation 4 'read' 'p_read_50' <Predicate = true> <Delay = 1.42> <CoreInst = "FIFO_SRL">   --->   Core 80 'FIFO_SRL' <Latency = 0> <II = 1> <Delay = 1.42> <Storage> <Opcode : 'read' 'write' 'nbread' 'nbwrite'> <Ports = 0> <Width = -1> <Depth = -1> <FIFO>
ST_1 : Operation 5 [1/1] (1.42ns)   --->   "%p_read_51 = read i1 @_ssdm_op_Read.ap_auto.i1, i1 %p_read44" [./calorimeter.h:234->calorimeter.cpp:165]   --->   Operation 5 'read' 'p_read_51' <Predicate = true> <Delay = 1.42> <CoreInst = "FIFO_SRL">   --->   Core 80 'FIFO_SRL' <Latency = 0> <II = 1> <Delay = 1.42> <Storage> <Opcode : 'read' 'write' 'nbread' 'nbwrite'> <Ports = 0> <Width = -1> <Depth = -1> <FIFO>
ST_1 : Operation 6 [1/1] (1.42ns)   --->   "%p_read_52 = read i1 @_ssdm_op_Read.ap_auto.i1, i1 %p_read43" [./calorimeter.h:234->calorimeter.cpp:165]   --->   Operation 6 'read' 'p_read_52' <Predicate = true> <Delay = 1.42> <CoreInst = "FIFO_SRL">   --->   Core 80 'FIFO_SRL' <Latency = 0> <II = 1> <Delay = 1.42> <Storage> <Opcode : 'read' 'write' 'nbread' 'nbwrite'> <Ports = 0> <Width = -1> <Depth = -1> <FIFO>
ST_1 : Operation 7 [1/1] (1.42ns)   --->   "%p_read_53 = read i1 @_ssdm_op_Read.ap_auto.i1, i1 %p_read42" [./calorimeter.h:234->calorimeter.cpp:165]   --->   Operation 7 'read' 'p_read_53' <Predicate = true> <Delay = 1.42> <CoreInst = "FIFO_SRL">   --->   Core 80 'FIFO_SRL' <Latency = 0> <II = 1> <Delay = 1.42> <Storage> <Opcode : 'read' 'write' 'nbread' 'nbwrite'> <Ports = 0> <Width = -1> <Depth = -1> <FIFO>
ST_1 : Operation 8 [1/1] (1.42ns)   --->   "%p_read_54 = read i1 @_ssdm_op_Read.ap_auto.i1, i1 %p_read41" [./calorimeter.h:234->calorimeter.cpp:165]   --->   Operation 8 'read' 'p_read_54' <Predicate = true> <Delay = 1.42> <CoreInst = "FIFO_SRL">   --->   Core 80 'FIFO_SRL' <Latency = 0> <II = 1> <Delay = 1.42> <Storage> <Opcode : 'read' 'write' 'nbread' 'nbwrite'> <Ports = 0> <Width = -1> <Depth = -1> <FIFO>
ST_1 : Operation 9 [1/1] (1.42ns)   --->   "%p_read_55 = read i1 @_ssdm_op_Read.ap_auto.i1, i1 %p_read40" [./calorimeter.h:234->calorimeter.cpp:165]   --->   Operation 9 'read' 'p_read_55' <Predicate = true> <Delay = 1.42> <CoreInst = "FIFO_SRL">   --->   Core 80 'FIFO_SRL' <Latency = 0> <II = 1> <Delay = 1.42> <Storage> <Opcode : 'read' 'write' 'nbread' 'nbwrite'> <Ports = 0> <Width = -1> <Depth = -1> <FIFO>
ST_1 : Operation 10 [1/1] (1.42ns)   --->   "%p_read_56 = read i4 @_ssdm_op_Read.ap_auto.i4, i4 %p_read39" [./calorimeter.h:234->calorimeter.cpp:165]   --->   Operation 10 'read' 'p_read_56' <Predicate = true> <Delay = 1.42> <CoreInst = "FIFO_SRL">   --->   Core 80 'FIFO_SRL' <Latency = 0> <II = 1> <Delay = 1.42> <Storage> <Opcode : 'read' 'write' 'nbread' 'nbwrite'> <Ports = 0> <Width = -1> <Depth = -1> <FIFO>
ST_1 : Operation 11 [1/1] (1.42ns)   --->   "%p_read_57 = read i4 @_ssdm_op_Read.ap_auto.i4, i4 %p_read38" [./calorimeter.h:234->calorimeter.cpp:165]   --->   Operation 11 'read' 'p_read_57' <Predicate = true> <Delay = 1.42> <CoreInst = "FIFO_SRL">   --->   Core 80 'FIFO_SRL' <Latency = 0> <II = 1> <Delay = 1.42> <Storage> <Opcode : 'read' 'write' 'nbread' 'nbwrite'> <Ports = 0> <Width = -1> <Depth = -1> <FIFO>
ST_1 : Operation 12 [1/1] (1.42ns)   --->   "%p_read_58 = read i4 @_ssdm_op_Read.ap_auto.i4, i4 %p_read37" [./calorimeter.h:234->calorimeter.cpp:165]   --->   Operation 12 'read' 'p_read_58' <Predicate = true> <Delay = 1.42> <CoreInst = "FIFO_SRL">   --->   Core 80 'FIFO_SRL' <Latency = 0> <II = 1> <Delay = 1.42> <Storage> <Opcode : 'read' 'write' 'nbread' 'nbwrite'> <Ports = 0> <Width = -1> <Depth = -1> <FIFO>
ST_1 : Operation 13 [1/1] (1.42ns)   --->   "%p_read_59 = read i4 @_ssdm_op_Read.ap_auto.i4, i4 %p_read36" [./calorimeter.h:234->calorimeter.cpp:165]   --->   Operation 13 'read' 'p_read_59' <Predicate = true> <Delay = 1.42> <CoreInst = "FIFO_SRL">   --->   Core 80 'FIFO_SRL' <Latency = 0> <II = 1> <Delay = 1.42> <Storage> <Opcode : 'read' 'write' 'nbread' 'nbwrite'> <Ports = 0> <Width = -1> <Depth = -1> <FIFO>
ST_1 : Operation 14 [1/1] (1.42ns)   --->   "%p_read_60 = read i4 @_ssdm_op_Read.ap_auto.i4, i4 %p_read35" [./calorimeter.h:234->calorimeter.cpp:165]   --->   Operation 14 'read' 'p_read_60' <Predicate = true> <Delay = 1.42> <CoreInst = "FIFO_SRL">   --->   Core 80 'FIFO_SRL' <Latency = 0> <II = 1> <Delay = 1.42> <Storage> <Opcode : 'read' 'write' 'nbread' 'nbwrite'> <Ports = 0> <Width = -1> <Depth = -1> <FIFO>
ST_1 : Operation 15 [1/1] (1.42ns)   --->   "%p_read_61 = read i4 @_ssdm_op_Read.ap_auto.i4, i4 %p_read34" [./calorimeter.h:234->calorimeter.cpp:165]   --->   Operation 15 'read' 'p_read_61' <Predicate = true> <Delay = 1.42> <CoreInst = "FIFO_SRL">   --->   Core 80 'FIFO_SRL' <Latency = 0> <II = 1> <Delay = 1.42> <Storage> <Opcode : 'read' 'write' 'nbread' 'nbwrite'> <Ports = 0> <Width = -1> <Depth = -1> <FIFO>
ST_1 : Operation 16 [1/1] (1.42ns)   --->   "%p_read_62 = read i4 @_ssdm_op_Read.ap_auto.i4, i4 %p_read33" [./calorimeter.h:234->calorimeter.cpp:165]   --->   Operation 16 'read' 'p_read_62' <Predicate = true> <Delay = 1.42> <CoreInst = "FIFO_SRL">   --->   Core 80 'FIFO_SRL' <Latency = 0> <II = 1> <Delay = 1.42> <Storage> <Opcode : 'read' 'write' 'nbread' 'nbwrite'> <Ports = 0> <Width = -1> <Depth = -1> <FIFO>
ST_1 : Operation 17 [1/1] (1.42ns)   --->   "%p_read_63 = read i4 @_ssdm_op_Read.ap_auto.i4, i4 %p_read32" [./calorimeter.h:234->calorimeter.cpp:165]   --->   Operation 17 'read' 'p_read_63' <Predicate = true> <Delay = 1.42> <CoreInst = "FIFO_SRL">   --->   Core 80 'FIFO_SRL' <Latency = 0> <II = 1> <Delay = 1.42> <Storage> <Opcode : 'read' 'write' 'nbread' 'nbwrite'> <Ports = 0> <Width = -1> <Depth = -1> <FIFO>
ST_1 : Operation 18 [1/1] (1.42ns)   --->   "%p_read_64 = read i6 @_ssdm_op_Read.ap_auto.i6, i6 %p_read31" [./calorimeter.h:234->calorimeter.cpp:165]   --->   Operation 18 'read' 'p_read_64' <Predicate = true> <Delay = 1.42> <CoreInst = "FIFO_SRL">   --->   Core 80 'FIFO_SRL' <Latency = 0> <II = 1> <Delay = 1.42> <Storage> <Opcode : 'read' 'write' 'nbread' 'nbwrite'> <Ports = 0> <Width = -1> <Depth = -1> <FIFO>
ST_1 : Operation 19 [1/1] (1.42ns)   --->   "%p_read_65 = read i6 @_ssdm_op_Read.ap_auto.i6, i6 %p_read30" [./calorimeter.h:234->calorimeter.cpp:165]   --->   Operation 19 'read' 'p_read_65' <Predicate = true> <Delay = 1.42> <CoreInst = "FIFO_SRL">   --->   Core 80 'FIFO_SRL' <Latency = 0> <II = 1> <Delay = 1.42> <Storage> <Opcode : 'read' 'write' 'nbread' 'nbwrite'> <Ports = 0> <Width = -1> <Depth = -1> <FIFO>
ST_1 : Operation 20 [1/1] (1.42ns)   --->   "%p_read_66 = read i6 @_ssdm_op_Read.ap_auto.i6, i6 %p_read29" [./calorimeter.h:234->calorimeter.cpp:165]   --->   Operation 20 'read' 'p_read_66' <Predicate = true> <Delay = 1.42> <CoreInst = "FIFO_SRL">   --->   Core 80 'FIFO_SRL' <Latency = 0> <II = 1> <Delay = 1.42> <Storage> <Opcode : 'read' 'write' 'nbread' 'nbwrite'> <Ports = 0> <Width = -1> <Depth = -1> <FIFO>
ST_1 : Operation 21 [1/1] (1.42ns)   --->   "%p_read_67 = read i6 @_ssdm_op_Read.ap_auto.i6, i6 %p_read28" [./calorimeter.h:234->calorimeter.cpp:165]   --->   Operation 21 'read' 'p_read_67' <Predicate = true> <Delay = 1.42> <CoreInst = "FIFO_SRL">   --->   Core 80 'FIFO_SRL' <Latency = 0> <II = 1> <Delay = 1.42> <Storage> <Opcode : 'read' 'write' 'nbread' 'nbwrite'> <Ports = 0> <Width = -1> <Depth = -1> <FIFO>
ST_1 : Operation 22 [1/1] (1.42ns)   --->   "%p_read_68 = read i6 @_ssdm_op_Read.ap_auto.i6, i6 %p_read27" [./calorimeter.h:234->calorimeter.cpp:165]   --->   Operation 22 'read' 'p_read_68' <Predicate = true> <Delay = 1.42> <CoreInst = "FIFO_SRL">   --->   Core 80 'FIFO_SRL' <Latency = 0> <II = 1> <Delay = 1.42> <Storage> <Opcode : 'read' 'write' 'nbread' 'nbwrite'> <Ports = 0> <Width = -1> <Depth = -1> <FIFO>
ST_1 : Operation 23 [1/1] (1.42ns)   --->   "%p_read_69 = read i6 @_ssdm_op_Read.ap_auto.i6, i6 %p_read26" [./calorimeter.h:234->calorimeter.cpp:165]   --->   Operation 23 'read' 'p_read_69' <Predicate = true> <Delay = 1.42> <CoreInst = "FIFO_SRL">   --->   Core 80 'FIFO_SRL' <Latency = 0> <II = 1> <Delay = 1.42> <Storage> <Opcode : 'read' 'write' 'nbread' 'nbwrite'> <Ports = 0> <Width = -1> <Depth = -1> <FIFO>
ST_1 : Operation 24 [1/1] (1.42ns)   --->   "%p_read_70 = read i6 @_ssdm_op_Read.ap_auto.i6, i6 %p_read25" [./calorimeter.h:234->calorimeter.cpp:165]   --->   Operation 24 'read' 'p_read_70' <Predicate = true> <Delay = 1.42> <CoreInst = "FIFO_SRL">   --->   Core 80 'FIFO_SRL' <Latency = 0> <II = 1> <Delay = 1.42> <Storage> <Opcode : 'read' 'write' 'nbread' 'nbwrite'> <Ports = 0> <Width = -1> <Depth = -1> <FIFO>
ST_1 : Operation 25 [1/1] (1.42ns)   --->   "%p_read_71 = read i6 @_ssdm_op_Read.ap_auto.i6, i6 %p_read24" [./calorimeter.h:234->calorimeter.cpp:165]   --->   Operation 25 'read' 'p_read_71' <Predicate = true> <Delay = 1.42> <CoreInst = "FIFO_SRL">   --->   Core 80 'FIFO_SRL' <Latency = 0> <II = 1> <Delay = 1.42> <Storage> <Opcode : 'read' 'write' 'nbread' 'nbwrite'> <Ports = 0> <Width = -1> <Depth = -1> <FIFO>
ST_1 : Operation 26 [1/1] (1.42ns)   --->   "%p_read_72 = read i6 @_ssdm_op_Read.ap_auto.i6, i6 %p_read23" [./calorimeter.h:234->calorimeter.cpp:165]   --->   Operation 26 'read' 'p_read_72' <Predicate = true> <Delay = 1.42> <CoreInst = "FIFO_SRL">   --->   Core 80 'FIFO_SRL' <Latency = 0> <II = 1> <Delay = 1.42> <Storage> <Opcode : 'read' 'write' 'nbread' 'nbwrite'> <Ports = 0> <Width = -1> <Depth = -1> <FIFO>
ST_1 : Operation 27 [1/1] (1.42ns)   --->   "%p_read_73 = read i6 @_ssdm_op_Read.ap_auto.i6, i6 %p_read22" [./calorimeter.h:234->calorimeter.cpp:165]   --->   Operation 27 'read' 'p_read_73' <Predicate = true> <Delay = 1.42> <CoreInst = "FIFO_SRL">   --->   Core 80 'FIFO_SRL' <Latency = 0> <II = 1> <Delay = 1.42> <Storage> <Opcode : 'read' 'write' 'nbread' 'nbwrite'> <Ports = 0> <Width = -1> <Depth = -1> <FIFO>
ST_1 : Operation 28 [1/1] (1.42ns)   --->   "%p_read_74 = read i6 @_ssdm_op_Read.ap_auto.i6, i6 %p_read21" [./calorimeter.h:234->calorimeter.cpp:165]   --->   Operation 28 'read' 'p_read_74' <Predicate = true> <Delay = 1.42> <CoreInst = "FIFO_SRL">   --->   Core 80 'FIFO_SRL' <Latency = 0> <II = 1> <Delay = 1.42> <Storage> <Opcode : 'read' 'write' 'nbread' 'nbwrite'> <Ports = 0> <Width = -1> <Depth = -1> <FIFO>
ST_1 : Operation 29 [1/1] (1.42ns)   --->   "%p_read2068 = read i6 @_ssdm_op_Read.ap_auto.i6, i6 %p_read20" [./calorimeter.h:234->calorimeter.cpp:165]   --->   Operation 29 'read' 'p_read2068' <Predicate = true> <Delay = 1.42> <CoreInst = "FIFO_SRL">   --->   Core 80 'FIFO_SRL' <Latency = 0> <II = 1> <Delay = 1.42> <Storage> <Opcode : 'read' 'write' 'nbread' 'nbwrite'> <Ports = 0> <Width = -1> <Depth = -1> <FIFO>
ST_1 : Operation 30 [1/1] (1.42ns)   --->   "%p_read_75 = read i6 @_ssdm_op_Read.ap_auto.i6, i6 %p_read19" [./calorimeter.h:234->calorimeter.cpp:165]   --->   Operation 30 'read' 'p_read_75' <Predicate = true> <Delay = 1.42> <CoreInst = "FIFO_SRL">   --->   Core 80 'FIFO_SRL' <Latency = 0> <II = 1> <Delay = 1.42> <Storage> <Opcode : 'read' 'write' 'nbread' 'nbwrite'> <Ports = 0> <Width = -1> <Depth = -1> <FIFO>
ST_1 : Operation 31 [1/1] (1.42ns)   --->   "%p_read_76 = read i6 @_ssdm_op_Read.ap_auto.i6, i6 %p_read18" [./calorimeter.h:234->calorimeter.cpp:165]   --->   Operation 31 'read' 'p_read_76' <Predicate = true> <Delay = 1.42> <CoreInst = "FIFO_SRL">   --->   Core 80 'FIFO_SRL' <Latency = 0> <II = 1> <Delay = 1.42> <Storage> <Opcode : 'read' 'write' 'nbread' 'nbwrite'> <Ports = 0> <Width = -1> <Depth = -1> <FIFO>
ST_1 : Operation 32 [1/1] (1.42ns)   --->   "%p_read_77 = read i6 @_ssdm_op_Read.ap_auto.i6, i6 %p_read17" [./calorimeter.h:234->calorimeter.cpp:165]   --->   Operation 32 'read' 'p_read_77' <Predicate = true> <Delay = 1.42> <CoreInst = "FIFO_SRL">   --->   Core 80 'FIFO_SRL' <Latency = 0> <II = 1> <Delay = 1.42> <Storage> <Opcode : 'read' 'write' 'nbread' 'nbwrite'> <Ports = 0> <Width = -1> <Depth = -1> <FIFO>
ST_1 : Operation 33 [1/1] (1.42ns)   --->   "%p_read_78 = read i6 @_ssdm_op_Read.ap_auto.i6, i6 %p_read16" [./calorimeter.h:234->calorimeter.cpp:165]   --->   Operation 33 'read' 'p_read_78' <Predicate = true> <Delay = 1.42> <CoreInst = "FIFO_SRL">   --->   Core 80 'FIFO_SRL' <Latency = 0> <II = 1> <Delay = 1.42> <Storage> <Opcode : 'read' 'write' 'nbread' 'nbwrite'> <Ports = 0> <Width = -1> <Depth = -1> <FIFO>
ST_1 : Operation 34 [1/1] (1.42ns)   --->   "%p_read_79 = read i20 @_ssdm_op_Read.ap_auto.i20, i20 %p_read15" [./calorimeter.h:234->calorimeter.cpp:165]   --->   Operation 34 'read' 'p_read_79' <Predicate = true> <Delay = 1.42> <CoreInst = "FIFO_SRL">   --->   Core 80 'FIFO_SRL' <Latency = 0> <II = 1> <Delay = 1.42> <Storage> <Opcode : 'read' 'write' 'nbread' 'nbwrite'> <Ports = 0> <Width = -1> <Depth = -1> <FIFO>
ST_1 : Operation 35 [1/1] (1.42ns)   --->   "%p_read_80 = read i20 @_ssdm_op_Read.ap_auto.i20, i20 %p_read14" [./calorimeter.h:234->calorimeter.cpp:165]   --->   Operation 35 'read' 'p_read_80' <Predicate = true> <Delay = 1.42> <CoreInst = "FIFO_SRL">   --->   Core 80 'FIFO_SRL' <Latency = 0> <II = 1> <Delay = 1.42> <Storage> <Opcode : 'read' 'write' 'nbread' 'nbwrite'> <Ports = 0> <Width = -1> <Depth = -1> <FIFO>
ST_1 : Operation 36 [1/1] (1.42ns)   --->   "%p_read_81 = read i20 @_ssdm_op_Read.ap_auto.i20, i20 %p_read13" [./calorimeter.h:234->calorimeter.cpp:165]   --->   Operation 36 'read' 'p_read_81' <Predicate = true> <Delay = 1.42> <CoreInst = "FIFO_SRL">   --->   Core 80 'FIFO_SRL' <Latency = 0> <II = 1> <Delay = 1.42> <Storage> <Opcode : 'read' 'write' 'nbread' 'nbwrite'> <Ports = 0> <Width = -1> <Depth = -1> <FIFO>
ST_1 : Operation 37 [1/1] (1.42ns)   --->   "%p_read_82 = read i20 @_ssdm_op_Read.ap_auto.i20, i20 %p_read12" [./calorimeter.h:234->calorimeter.cpp:165]   --->   Operation 37 'read' 'p_read_82' <Predicate = true> <Delay = 1.42> <CoreInst = "FIFO_SRL">   --->   Core 80 'FIFO_SRL' <Latency = 0> <II = 1> <Delay = 1.42> <Storage> <Opcode : 'read' 'write' 'nbread' 'nbwrite'> <Ports = 0> <Width = -1> <Depth = -1> <FIFO>
ST_1 : Operation 38 [1/1] (1.42ns)   --->   "%p_read_83 = read i20 @_ssdm_op_Read.ap_auto.i20, i20 %p_read11" [./calorimeter.h:234->calorimeter.cpp:165]   --->   Operation 38 'read' 'p_read_83' <Predicate = true> <Delay = 1.42> <CoreInst = "FIFO_SRL">   --->   Core 80 'FIFO_SRL' <Latency = 0> <II = 1> <Delay = 1.42> <Storage> <Opcode : 'read' 'write' 'nbread' 'nbwrite'> <Ports = 0> <Width = -1> <Depth = -1> <FIFO>
ST_1 : Operation 39 [1/1] (1.42ns)   --->   "%p_read1058 = read i20 @_ssdm_op_Read.ap_auto.i20, i20 %p_read10" [./calorimeter.h:234->calorimeter.cpp:165]   --->   Operation 39 'read' 'p_read1058' <Predicate = true> <Delay = 1.42> <CoreInst = "FIFO_SRL">   --->   Core 80 'FIFO_SRL' <Latency = 0> <II = 1> <Delay = 1.42> <Storage> <Opcode : 'read' 'write' 'nbread' 'nbwrite'> <Ports = 0> <Width = -1> <Depth = -1> <FIFO>
ST_1 : Operation 40 [1/1] (1.42ns)   --->   "%p_read957 = read i20 @_ssdm_op_Read.ap_auto.i20, i20 %p_read9" [./calorimeter.h:234->calorimeter.cpp:165]   --->   Operation 40 'read' 'p_read957' <Predicate = true> <Delay = 1.42> <CoreInst = "FIFO_SRL">   --->   Core 80 'FIFO_SRL' <Latency = 0> <II = 1> <Delay = 1.42> <Storage> <Opcode : 'read' 'write' 'nbread' 'nbwrite'> <Ports = 0> <Width = -1> <Depth = -1> <FIFO>
ST_1 : Operation 41 [1/1] (1.42ns)   --->   "%p_read856 = read i20 @_ssdm_op_Read.ap_auto.i20, i20 %p_read8" [./calorimeter.h:234->calorimeter.cpp:165]   --->   Operation 41 'read' 'p_read856' <Predicate = true> <Delay = 1.42> <CoreInst = "FIFO_SRL">   --->   Core 80 'FIFO_SRL' <Latency = 0> <II = 1> <Delay = 1.42> <Storage> <Opcode : 'read' 'write' 'nbread' 'nbwrite'> <Ports = 0> <Width = -1> <Depth = -1> <FIFO>
ST_1 : Operation 42 [1/1] (1.42ns)   --->   "%p_read755 = read i20 @_ssdm_op_Read.ap_auto.i20, i20 %p_read7" [./calorimeter.h:234->calorimeter.cpp:165]   --->   Operation 42 'read' 'p_read755' <Predicate = true> <Delay = 1.42> <CoreInst = "FIFO_SRL">   --->   Core 80 'FIFO_SRL' <Latency = 0> <II = 1> <Delay = 1.42> <Storage> <Opcode : 'read' 'write' 'nbread' 'nbwrite'> <Ports = 0> <Width = -1> <Depth = -1> <FIFO>
ST_1 : Operation 43 [1/1] (1.42ns)   --->   "%p_read654 = read i20 @_ssdm_op_Read.ap_auto.i20, i20 %p_read6" [./calorimeter.h:234->calorimeter.cpp:165]   --->   Operation 43 'read' 'p_read654' <Predicate = true> <Delay = 1.42> <CoreInst = "FIFO_SRL">   --->   Core 80 'FIFO_SRL' <Latency = 0> <II = 1> <Delay = 1.42> <Storage> <Opcode : 'read' 'write' 'nbread' 'nbwrite'> <Ports = 0> <Width = -1> <Depth = -1> <FIFO>
ST_1 : Operation 44 [1/1] (1.42ns)   --->   "%p_read553 = read i20 @_ssdm_op_Read.ap_auto.i20, i20 %p_read5" [./calorimeter.h:234->calorimeter.cpp:165]   --->   Operation 44 'read' 'p_read553' <Predicate = true> <Delay = 1.42> <CoreInst = "FIFO_SRL">   --->   Core 80 'FIFO_SRL' <Latency = 0> <II = 1> <Delay = 1.42> <Storage> <Opcode : 'read' 'write' 'nbread' 'nbwrite'> <Ports = 0> <Width = -1> <Depth = -1> <FIFO>
ST_1 : Operation 45 [1/1] (1.42ns)   --->   "%p_read452 = read i20 @_ssdm_op_Read.ap_auto.i20, i20 %p_read4" [./calorimeter.h:234->calorimeter.cpp:165]   --->   Operation 45 'read' 'p_read452' <Predicate = true> <Delay = 1.42> <CoreInst = "FIFO_SRL">   --->   Core 80 'FIFO_SRL' <Latency = 0> <II = 1> <Delay = 1.42> <Storage> <Opcode : 'read' 'write' 'nbread' 'nbwrite'> <Ports = 0> <Width = -1> <Depth = -1> <FIFO>
ST_1 : Operation 46 [1/1] (1.42ns)   --->   "%p_read351 = read i20 @_ssdm_op_Read.ap_auto.i20, i20 %p_read3" [./calorimeter.h:234->calorimeter.cpp:165]   --->   Operation 46 'read' 'p_read351' <Predicate = true> <Delay = 1.42> <CoreInst = "FIFO_SRL">   --->   Core 80 'FIFO_SRL' <Latency = 0> <II = 1> <Delay = 1.42> <Storage> <Opcode : 'read' 'write' 'nbread' 'nbwrite'> <Ports = 0> <Width = -1> <Depth = -1> <FIFO>
ST_1 : Operation 47 [1/1] (1.42ns)   --->   "%p_read250 = read i20 @_ssdm_op_Read.ap_auto.i20, i20 %p_read2" [./calorimeter.h:234->calorimeter.cpp:165]   --->   Operation 47 'read' 'p_read250' <Predicate = true> <Delay = 1.42> <CoreInst = "FIFO_SRL">   --->   Core 80 'FIFO_SRL' <Latency = 0> <II = 1> <Delay = 1.42> <Storage> <Opcode : 'read' 'write' 'nbread' 'nbwrite'> <Ports = 0> <Width = -1> <Depth = -1> <FIFO>
ST_1 : Operation 48 [1/1] (1.42ns)   --->   "%p_read149 = read i20 @_ssdm_op_Read.ap_auto.i20, i20 %p_read1" [./calorimeter.h:234->calorimeter.cpp:165]   --->   Operation 48 'read' 'p_read149' <Predicate = true> <Delay = 1.42> <CoreInst = "FIFO_SRL">   --->   Core 80 'FIFO_SRL' <Latency = 0> <II = 1> <Delay = 1.42> <Storage> <Opcode : 'read' 'write' 'nbread' 'nbwrite'> <Ports = 0> <Width = -1> <Depth = -1> <FIFO>
ST_1 : Operation 49 [1/1] (1.42ns)   --->   "%p_read48 = read i20 @_ssdm_op_Read.ap_auto.i20, i20 %p_read" [./calorimeter.h:234->calorimeter.cpp:165]   --->   Operation 49 'read' 'p_read48' <Predicate = true> <Delay = 1.42> <CoreInst = "FIFO_SRL">   --->   Core 80 'FIFO_SRL' <Latency = 0> <II = 1> <Delay = 1.42> <Storage> <Opcode : 'read' 'write' 'nbread' 'nbwrite'> <Ports = 0> <Width = -1> <Depth = -1> <FIFO>
ST_1 : Operation 50 [1/1] (0.70ns)   --->   "%icmp_ln234 = icmp_eq  i4 %p_read_63, i4 3" [./calorimeter.h:234->calorimeter.cpp:165]   --->   Operation 50 'icmp' 'icmp_ln234' <Predicate = (p_read_55)> <Delay = 0.70> <CoreInst = "Cmp">   --->   Core 9 'Cmp' <Latency = 0> <II = 1> <Delay = 0.70> <FuncUnit> <Opcode : 'seteq' 'setne' 'setle' 'setge' 'setlt' 'setgt'> <InPorts = 2> <OutPorts = 1>
ST_1 : Operation 51 [1/1] (0.00ns) (grouped into LUT with out node em_objects_0_new_0)   --->   "%select_ln234 = select i1 %icmp_ln234, i2 1, i2 2" [./calorimeter.h:234->calorimeter.cpp:165]   --->   Operation 51 'select' 'select_ln234' <Predicate = (p_read_55)> <Delay = 0.00> <CoreInst = "Sel">   --->   Core 73 'Sel' <Latency = 0> <II = 1> <Delay = 0.27> <FuncUnit> <Opcode : 'select'> <InPorts = 3> <OutPorts = 1>
ST_1 : Operation 52 [1/1] (0.00ns) (grouped into LUT with out node em_objects_0_new_0)   --->   "%or_ln234_s = bitconcatenate i58 @_ssdm_op_BitConcatenate.i58.i2.i4.i6.i6.i20.i20, i2 %select_ln234, i4 %p_read_63, i6 %p_read_71, i6 %p_read_78, i20 %p_read856, i20 %p_read48" [./calorimeter.h:234->calorimeter.cpp:165]   --->   Operation 52 'bitconcatenate' 'or_ln234_s' <Predicate = (p_read_55)> <Delay = 0.00>
ST_1 : Operation 53 [1/1] (0.00ns) (grouped into LUT with out node em_objects_0_new_0)   --->   "%zext_ln234 = zext i58 %or_ln234_s" [./calorimeter.h:234->calorimeter.cpp:165]   --->   Operation 53 'zext' 'zext_ln234' <Predicate = (p_read_55)> <Delay = 0.00>
ST_1 : Operation 54 [1/1] (0.00ns) (grouped into LUT with out node em_objects_0_new_0)   --->   "%or_ln = bitconcatenate i89 @_ssdm_op_BitConcatenate.i89.i1.i88, i1 1, i88 %zext_ln234" [./calorimeter.h:234->calorimeter.cpp:165]   --->   Operation 54 'bitconcatenate' 'or_ln' <Predicate = (p_read_55)> <Delay = 0.00>
ST_1 : Operation 55 [1/1] (0.34ns) (out node of the LUT)   --->   "%em_objects_0_new_0 = select i1 %p_read_55, i89 %or_ln, i89 0" [./calorimeter.h:234->calorimeter.cpp:165]   --->   Operation 55 'select' 'em_objects_0_new_0' <Predicate = true> <Delay = 0.34> <CoreInst = "Sel">   --->   Core 73 'Sel' <Latency = 0> <II = 1> <Delay = 0.34> <FuncUnit> <Opcode : 'select'> <InPorts = 3> <OutPorts = 1>
ST_1 : Operation 56 [1/1] (0.00ns)   --->   "%write_ln218 = write void @_ssdm_op_Write.ap_auto.i89P0A, i89 %em_objects_0, i89 %em_objects_0_new_0" [./calorimeter.h:218->calorimeter.cpp:161]   --->   Operation 56 'write' 'write_ln218' <Predicate = true> <Delay = 0.00>
ST_1 : Operation 57 [1/1] (0.70ns)   --->   "%icmp_ln234_8 = icmp_eq  i4 %p_read_62, i4 3" [./calorimeter.h:234->calorimeter.cpp:165]   --->   Operation 57 'icmp' 'icmp_ln234_8' <Predicate = (p_read_54)> <Delay = 0.70> <CoreInst = "Cmp">   --->   Core 9 'Cmp' <Latency = 0> <II = 1> <Delay = 0.70> <FuncUnit> <Opcode : 'seteq' 'setne' 'setle' 'setge' 'setlt' 'setgt'> <InPorts = 2> <OutPorts = 1>
ST_1 : Operation 58 [1/1] (0.00ns) (grouped into LUT with out node em_objects_1_new_0)   --->   "%select_ln234_8 = select i1 %icmp_ln234_8, i2 1, i2 2" [./calorimeter.h:234->calorimeter.cpp:165]   --->   Operation 58 'select' 'select_ln234_8' <Predicate = (p_read_54)> <Delay = 0.00> <CoreInst = "Sel">   --->   Core 73 'Sel' <Latency = 0> <II = 1> <Delay = 0.27> <FuncUnit> <Opcode : 'select'> <InPorts = 3> <OutPorts = 1>
ST_1 : Operation 59 [1/1] (0.00ns) (grouped into LUT with out node em_objects_1_new_0)   --->   "%or_ln234_14 = bitconcatenate i58 @_ssdm_op_BitConcatenate.i58.i2.i4.i6.i6.i20.i20, i2 %select_ln234_8, i4 %p_read_62, i6 %p_read_70, i6 %p_read_77, i20 %p_read957, i20 %p_read149" [./calorimeter.h:234->calorimeter.cpp:165]   --->   Operation 59 'bitconcatenate' 'or_ln234_14' <Predicate = (p_read_54)> <Delay = 0.00>
ST_1 : Operation 60 [1/1] (0.00ns) (grouped into LUT with out node em_objects_1_new_0)   --->   "%zext_ln234_8 = zext i58 %or_ln234_14" [./calorimeter.h:234->calorimeter.cpp:165]   --->   Operation 60 'zext' 'zext_ln234_8' <Predicate = (p_read_54)> <Delay = 0.00>
ST_1 : Operation 61 [1/1] (0.00ns) (grouped into LUT with out node em_objects_1_new_0)   --->   "%or_ln234_15 = bitconcatenate i89 @_ssdm_op_BitConcatenate.i89.i1.i88, i1 1, i88 %zext_ln234_8" [./calorimeter.h:234->calorimeter.cpp:165]   --->   Operation 61 'bitconcatenate' 'or_ln234_15' <Predicate = (p_read_54)> <Delay = 0.00>
ST_1 : Operation 62 [1/1] (0.34ns) (out node of the LUT)   --->   "%em_objects_1_new_0 = select i1 %p_read_54, i89 %or_ln234_15, i89 0" [./calorimeter.h:234->calorimeter.cpp:165]   --->   Operation 62 'select' 'em_objects_1_new_0' <Predicate = true> <Delay = 0.34> <CoreInst = "Sel">   --->   Core 73 'Sel' <Latency = 0> <II = 1> <Delay = 0.34> <FuncUnit> <Opcode : 'select'> <InPorts = 3> <OutPorts = 1>
ST_1 : Operation 63 [1/1] (0.00ns)   --->   "%write_ln218 = write void @_ssdm_op_Write.ap_auto.i89P0A, i89 %em_objects_1, i89 %em_objects_1_new_0" [./calorimeter.h:218->calorimeter.cpp:161]   --->   Operation 63 'write' 'write_ln218' <Predicate = true> <Delay = 0.00>
ST_1 : Operation 64 [1/1] (0.70ns)   --->   "%icmp_ln234_9 = icmp_eq  i4 %p_read_61, i4 3" [./calorimeter.h:234->calorimeter.cpp:165]   --->   Operation 64 'icmp' 'icmp_ln234_9' <Predicate = (p_read_53)> <Delay = 0.70> <CoreInst = "Cmp">   --->   Core 9 'Cmp' <Latency = 0> <II = 1> <Delay = 0.70> <FuncUnit> <Opcode : 'seteq' 'setne' 'setle' 'setge' 'setlt' 'setgt'> <InPorts = 2> <OutPorts = 1>
ST_1 : Operation 65 [1/1] (0.00ns) (grouped into LUT with out node em_objects_2_new_0)   --->   "%select_ln234_9 = select i1 %icmp_ln234_9, i2 1, i2 2" [./calorimeter.h:234->calorimeter.cpp:165]   --->   Operation 65 'select' 'select_ln234_9' <Predicate = (p_read_53)> <Delay = 0.00> <CoreInst = "Sel">   --->   Core 73 'Sel' <Latency = 0> <II = 1> <Delay = 0.27> <FuncUnit> <Opcode : 'select'> <InPorts = 3> <OutPorts = 1>
ST_1 : Operation 66 [1/1] (0.00ns) (grouped into LUT with out node em_objects_2_new_0)   --->   "%or_ln234_16 = bitconcatenate i58 @_ssdm_op_BitConcatenate.i58.i2.i4.i6.i6.i20.i20, i2 %select_ln234_9, i4 %p_read_61, i6 %p_read_69, i6 %p_read_76, i20 %p_read1058, i20 %p_read250" [./calorimeter.h:234->calorimeter.cpp:165]   --->   Operation 66 'bitconcatenate' 'or_ln234_16' <Predicate = (p_read_53)> <Delay = 0.00>
ST_1 : Operation 67 [1/1] (0.00ns) (grouped into LUT with out node em_objects_2_new_0)   --->   "%zext_ln234_9 = zext i58 %or_ln234_16" [./calorimeter.h:234->calorimeter.cpp:165]   --->   Operation 67 'zext' 'zext_ln234_9' <Predicate = (p_read_53)> <Delay = 0.00>
ST_1 : Operation 68 [1/1] (0.00ns) (grouped into LUT with out node em_objects_2_new_0)   --->   "%or_ln234_17 = bitconcatenate i89 @_ssdm_op_BitConcatenate.i89.i1.i88, i1 1, i88 %zext_ln234_9" [./calorimeter.h:234->calorimeter.cpp:165]   --->   Operation 68 'bitconcatenate' 'or_ln234_17' <Predicate = (p_read_53)> <Delay = 0.00>
ST_1 : Operation 69 [1/1] (0.34ns) (out node of the LUT)   --->   "%em_objects_2_new_0 = select i1 %p_read_53, i89 %or_ln234_17, i89 0" [./calorimeter.h:234->calorimeter.cpp:165]   --->   Operation 69 'select' 'em_objects_2_new_0' <Predicate = true> <Delay = 0.34> <CoreInst = "Sel">   --->   Core 73 'Sel' <Latency = 0> <II = 1> <Delay = 0.34> <FuncUnit> <Opcode : 'select'> <InPorts = 3> <OutPorts = 1>
ST_1 : Operation 70 [1/1] (0.00ns)   --->   "%write_ln218 = write void @_ssdm_op_Write.ap_auto.i89P0A, i89 %em_objects_2, i89 %em_objects_2_new_0" [./calorimeter.h:218->calorimeter.cpp:161]   --->   Operation 70 'write' 'write_ln218' <Predicate = true> <Delay = 0.00>
ST_1 : Operation 71 [1/1] (0.70ns)   --->   "%icmp_ln234_10 = icmp_eq  i4 %p_read_60, i4 3" [./calorimeter.h:234->calorimeter.cpp:165]   --->   Operation 71 'icmp' 'icmp_ln234_10' <Predicate = (p_read_52)> <Delay = 0.70> <CoreInst = "Cmp">   --->   Core 9 'Cmp' <Latency = 0> <II = 1> <Delay = 0.70> <FuncUnit> <Opcode : 'seteq' 'setne' 'setle' 'setge' 'setlt' 'setgt'> <InPorts = 2> <OutPorts = 1>
ST_1 : Operation 72 [1/1] (0.00ns) (grouped into LUT with out node em_objects_3_new_0)   --->   "%select_ln234_10 = select i1 %icmp_ln234_10, i2 1, i2 2" [./calorimeter.h:234->calorimeter.cpp:165]   --->   Operation 72 'select' 'select_ln234_10' <Predicate = (p_read_52)> <Delay = 0.00> <CoreInst = "Sel">   --->   Core 73 'Sel' <Latency = 0> <II = 1> <Delay = 0.27> <FuncUnit> <Opcode : 'select'> <InPorts = 3> <OutPorts = 1>
ST_1 : Operation 73 [1/1] (0.00ns) (grouped into LUT with out node em_objects_3_new_0)   --->   "%or_ln234_18 = bitconcatenate i58 @_ssdm_op_BitConcatenate.i58.i2.i4.i6.i6.i20.i20, i2 %select_ln234_10, i4 %p_read_60, i6 %p_read_68, i6 %p_read_75, i20 %p_read_83, i20 %p_read351" [./calorimeter.h:234->calorimeter.cpp:165]   --->   Operation 73 'bitconcatenate' 'or_ln234_18' <Predicate = (p_read_52)> <Delay = 0.00>
ST_1 : Operation 74 [1/1] (0.00ns) (grouped into LUT with out node em_objects_3_new_0)   --->   "%zext_ln234_10 = zext i58 %or_ln234_18" [./calorimeter.h:234->calorimeter.cpp:165]   --->   Operation 74 'zext' 'zext_ln234_10' <Predicate = (p_read_52)> <Delay = 0.00>
ST_1 : Operation 75 [1/1] (0.00ns) (grouped into LUT with out node em_objects_3_new_0)   --->   "%or_ln234_19 = bitconcatenate i89 @_ssdm_op_BitConcatenate.i89.i1.i88, i1 1, i88 %zext_ln234_10" [./calorimeter.h:234->calorimeter.cpp:165]   --->   Operation 75 'bitconcatenate' 'or_ln234_19' <Predicate = (p_read_52)> <Delay = 0.00>
ST_1 : Operation 76 [1/1] (0.34ns) (out node of the LUT)   --->   "%em_objects_3_new_0 = select i1 %p_read_52, i89 %or_ln234_19, i89 0" [./calorimeter.h:234->calorimeter.cpp:165]   --->   Operation 76 'select' 'em_objects_3_new_0' <Predicate = true> <Delay = 0.34> <CoreInst = "Sel">   --->   Core 73 'Sel' <Latency = 0> <II = 1> <Delay = 0.34> <FuncUnit> <Opcode : 'select'> <InPorts = 3> <OutPorts = 1>
ST_1 : Operation 77 [1/1] (0.00ns)   --->   "%write_ln218 = write void @_ssdm_op_Write.ap_auto.i89P0A, i89 %em_objects_3, i89 %em_objects_3_new_0" [./calorimeter.h:218->calorimeter.cpp:161]   --->   Operation 77 'write' 'write_ln218' <Predicate = true> <Delay = 0.00>
ST_1 : Operation 78 [1/1] (0.70ns)   --->   "%icmp_ln234_11 = icmp_eq  i4 %p_read_59, i4 3" [./calorimeter.h:234->calorimeter.cpp:165]   --->   Operation 78 'icmp' 'icmp_ln234_11' <Predicate = (p_read_51)> <Delay = 0.70> <CoreInst = "Cmp">   --->   Core 9 'Cmp' <Latency = 0> <II = 1> <Delay = 0.70> <FuncUnit> <Opcode : 'seteq' 'setne' 'setle' 'setge' 'setlt' 'setgt'> <InPorts = 2> <OutPorts = 1>
ST_1 : Operation 79 [1/1] (0.00ns) (grouped into LUT with out node em_objects_4_new_0)   --->   "%select_ln234_11 = select i1 %icmp_ln234_11, i2 1, i2 2" [./calorimeter.h:234->calorimeter.cpp:165]   --->   Operation 79 'select' 'select_ln234_11' <Predicate = (p_read_51)> <Delay = 0.00> <CoreInst = "Sel">   --->   Core 73 'Sel' <Latency = 0> <II = 1> <Delay = 0.27> <FuncUnit> <Opcode : 'select'> <InPorts = 3> <OutPorts = 1>
ST_1 : Operation 80 [1/1] (0.00ns) (grouped into LUT with out node em_objects_4_new_0)   --->   "%or_ln234_20 = bitconcatenate i58 @_ssdm_op_BitConcatenate.i58.i2.i4.i6.i6.i20.i20, i2 %select_ln234_11, i4 %p_read_59, i6 %p_read_67, i6 %p_read2068, i20 %p_read_82, i20 %p_read452" [./calorimeter.h:234->calorimeter.cpp:165]   --->   Operation 80 'bitconcatenate' 'or_ln234_20' <Predicate = (p_read_51)> <Delay = 0.00>
ST_1 : Operation 81 [1/1] (0.00ns) (grouped into LUT with out node em_objects_4_new_0)   --->   "%zext_ln234_11 = zext i58 %or_ln234_20" [./calorimeter.h:234->calorimeter.cpp:165]   --->   Operation 81 'zext' 'zext_ln234_11' <Predicate = (p_read_51)> <Delay = 0.00>
ST_1 : Operation 82 [1/1] (0.00ns) (grouped into LUT with out node em_objects_4_new_0)   --->   "%or_ln234_21 = bitconcatenate i89 @_ssdm_op_BitConcatenate.i89.i1.i88, i1 1, i88 %zext_ln234_11" [./calorimeter.h:234->calorimeter.cpp:165]   --->   Operation 82 'bitconcatenate' 'or_ln234_21' <Predicate = (p_read_51)> <Delay = 0.00>
ST_1 : Operation 83 [1/1] (0.34ns) (out node of the LUT)   --->   "%em_objects_4_new_0 = select i1 %p_read_51, i89 %or_ln234_21, i89 0" [./calorimeter.h:234->calorimeter.cpp:165]   --->   Operation 83 'select' 'em_objects_4_new_0' <Predicate = true> <Delay = 0.34> <CoreInst = "Sel">   --->   Core 73 'Sel' <Latency = 0> <II = 1> <Delay = 0.34> <FuncUnit> <Opcode : 'select'> <InPorts = 3> <OutPorts = 1>
ST_1 : Operation 84 [1/1] (0.00ns)   --->   "%write_ln218 = write void @_ssdm_op_Write.ap_auto.i89P0A, i89 %em_objects_4, i89 %em_objects_4_new_0" [./calorimeter.h:218->calorimeter.cpp:161]   --->   Operation 84 'write' 'write_ln218' <Predicate = true> <Delay = 0.00>
ST_1 : Operation 85 [1/1] (0.70ns)   --->   "%icmp_ln234_12 = icmp_eq  i4 %p_read_58, i4 3" [./calorimeter.h:234->calorimeter.cpp:165]   --->   Operation 85 'icmp' 'icmp_ln234_12' <Predicate = (p_read_50)> <Delay = 0.70> <CoreInst = "Cmp">   --->   Core 9 'Cmp' <Latency = 0> <II = 1> <Delay = 0.70> <FuncUnit> <Opcode : 'seteq' 'setne' 'setle' 'setge' 'setlt' 'setgt'> <InPorts = 2> <OutPorts = 1>
ST_1 : Operation 86 [1/1] (0.00ns) (grouped into LUT with out node em_objects_5_new_0)   --->   "%select_ln234_12 = select i1 %icmp_ln234_12, i2 1, i2 2" [./calorimeter.h:234->calorimeter.cpp:165]   --->   Operation 86 'select' 'select_ln234_12' <Predicate = (p_read_50)> <Delay = 0.00> <CoreInst = "Sel">   --->   Core 73 'Sel' <Latency = 0> <II = 1> <Delay = 0.27> <FuncUnit> <Opcode : 'select'> <InPorts = 3> <OutPorts = 1>
ST_1 : Operation 87 [1/1] (0.00ns) (grouped into LUT with out node em_objects_5_new_0)   --->   "%or_ln234_22 = bitconcatenate i58 @_ssdm_op_BitConcatenate.i58.i2.i4.i6.i6.i20.i20, i2 %select_ln234_12, i4 %p_read_58, i6 %p_read_66, i6 %p_read_74, i20 %p_read_81, i20 %p_read553" [./calorimeter.h:234->calorimeter.cpp:165]   --->   Operation 87 'bitconcatenate' 'or_ln234_22' <Predicate = (p_read_50)> <Delay = 0.00>
ST_1 : Operation 88 [1/1] (0.00ns) (grouped into LUT with out node em_objects_5_new_0)   --->   "%zext_ln234_12 = zext i58 %or_ln234_22" [./calorimeter.h:234->calorimeter.cpp:165]   --->   Operation 88 'zext' 'zext_ln234_12' <Predicate = (p_read_50)> <Delay = 0.00>
ST_1 : Operation 89 [1/1] (0.00ns) (grouped into LUT with out node em_objects_5_new_0)   --->   "%or_ln234_23 = bitconcatenate i89 @_ssdm_op_BitConcatenate.i89.i1.i88, i1 1, i88 %zext_ln234_12" [./calorimeter.h:234->calorimeter.cpp:165]   --->   Operation 89 'bitconcatenate' 'or_ln234_23' <Predicate = (p_read_50)> <Delay = 0.00>
ST_1 : Operation 90 [1/1] (0.34ns) (out node of the LUT)   --->   "%em_objects_5_new_0 = select i1 %p_read_50, i89 %or_ln234_23, i89 0" [./calorimeter.h:234->calorimeter.cpp:165]   --->   Operation 90 'select' 'em_objects_5_new_0' <Predicate = true> <Delay = 0.34> <CoreInst = "Sel">   --->   Core 73 'Sel' <Latency = 0> <II = 1> <Delay = 0.34> <FuncUnit> <Opcode : 'select'> <InPorts = 3> <OutPorts = 1>
ST_1 : Operation 91 [1/1] (0.00ns)   --->   "%write_ln218 = write void @_ssdm_op_Write.ap_auto.i89P0A, i89 %em_objects_5, i89 %em_objects_5_new_0" [./calorimeter.h:218->calorimeter.cpp:161]   --->   Operation 91 'write' 'write_ln218' <Predicate = true> <Delay = 0.00>
ST_1 : Operation 92 [1/1] (0.70ns)   --->   "%icmp_ln234_13 = icmp_eq  i4 %p_read_57, i4 3" [./calorimeter.h:234->calorimeter.cpp:165]   --->   Operation 92 'icmp' 'icmp_ln234_13' <Predicate = (p_read_49)> <Delay = 0.70> <CoreInst = "Cmp">   --->   Core 9 'Cmp' <Latency = 0> <II = 1> <Delay = 0.70> <FuncUnit> <Opcode : 'seteq' 'setne' 'setle' 'setge' 'setlt' 'setgt'> <InPorts = 2> <OutPorts = 1>
ST_1 : Operation 93 [1/1] (0.00ns) (grouped into LUT with out node em_objects_6_new_0)   --->   "%select_ln234_13 = select i1 %icmp_ln234_13, i2 1, i2 2" [./calorimeter.h:234->calorimeter.cpp:165]   --->   Operation 93 'select' 'select_ln234_13' <Predicate = (p_read_49)> <Delay = 0.00> <CoreInst = "Sel">   --->   Core 73 'Sel' <Latency = 0> <II = 1> <Delay = 0.27> <FuncUnit> <Opcode : 'select'> <InPorts = 3> <OutPorts = 1>
ST_1 : Operation 94 [1/1] (0.00ns) (grouped into LUT with out node em_objects_6_new_0)   --->   "%or_ln234_24 = bitconcatenate i58 @_ssdm_op_BitConcatenate.i58.i2.i4.i6.i6.i20.i20, i2 %select_ln234_13, i4 %p_read_57, i6 %p_read_65, i6 %p_read_73, i20 %p_read_80, i20 %p_read654" [./calorimeter.h:234->calorimeter.cpp:165]   --->   Operation 94 'bitconcatenate' 'or_ln234_24' <Predicate = (p_read_49)> <Delay = 0.00>
ST_1 : Operation 95 [1/1] (0.00ns) (grouped into LUT with out node em_objects_6_new_0)   --->   "%zext_ln234_13 = zext i58 %or_ln234_24" [./calorimeter.h:234->calorimeter.cpp:165]   --->   Operation 95 'zext' 'zext_ln234_13' <Predicate = (p_read_49)> <Delay = 0.00>
ST_1 : Operation 96 [1/1] (0.00ns) (grouped into LUT with out node em_objects_6_new_0)   --->   "%or_ln234_25 = bitconcatenate i89 @_ssdm_op_BitConcatenate.i89.i1.i88, i1 1, i88 %zext_ln234_13" [./calorimeter.h:234->calorimeter.cpp:165]   --->   Operation 96 'bitconcatenate' 'or_ln234_25' <Predicate = (p_read_49)> <Delay = 0.00>
ST_1 : Operation 97 [1/1] (0.34ns) (out node of the LUT)   --->   "%em_objects_6_new_0 = select i1 %p_read_49, i89 %or_ln234_25, i89 0" [./calorimeter.h:234->calorimeter.cpp:165]   --->   Operation 97 'select' 'em_objects_6_new_0' <Predicate = true> <Delay = 0.34> <CoreInst = "Sel">   --->   Core 73 'Sel' <Latency = 0> <II = 1> <Delay = 0.34> <FuncUnit> <Opcode : 'select'> <InPorts = 3> <OutPorts = 1>
ST_1 : Operation 98 [1/1] (0.00ns)   --->   "%write_ln218 = write void @_ssdm_op_Write.ap_auto.i89P0A, i89 %em_objects_6, i89 %em_objects_6_new_0" [./calorimeter.h:218->calorimeter.cpp:161]   --->   Operation 98 'write' 'write_ln218' <Predicate = true> <Delay = 0.00>
ST_1 : Operation 99 [1/1] (0.70ns)   --->   "%icmp_ln234_14 = icmp_eq  i4 %p_read_56, i4 3" [./calorimeter.h:234->calorimeter.cpp:165]   --->   Operation 99 'icmp' 'icmp_ln234_14' <Predicate = (p_read_48)> <Delay = 0.70> <CoreInst = "Cmp">   --->   Core 9 'Cmp' <Latency = 0> <II = 1> <Delay = 0.70> <FuncUnit> <Opcode : 'seteq' 'setne' 'setle' 'setge' 'setlt' 'setgt'> <InPorts = 2> <OutPorts = 1>
ST_1 : Operation 100 [1/1] (0.00ns) (grouped into LUT with out node em_objects_7_new_0)   --->   "%select_ln234_14 = select i1 %icmp_ln234_14, i2 1, i2 2" [./calorimeter.h:234->calorimeter.cpp:165]   --->   Operation 100 'select' 'select_ln234_14' <Predicate = (p_read_48)> <Delay = 0.00> <CoreInst = "Sel">   --->   Core 73 'Sel' <Latency = 0> <II = 1> <Delay = 0.27> <FuncUnit> <Opcode : 'select'> <InPorts = 3> <OutPorts = 1>
ST_1 : Operation 101 [1/1] (0.00ns) (grouped into LUT with out node em_objects_7_new_0)   --->   "%or_ln234_26 = bitconcatenate i58 @_ssdm_op_BitConcatenate.i58.i2.i4.i6.i6.i20.i20, i2 %select_ln234_14, i4 %p_read_56, i6 %p_read_64, i6 %p_read_72, i20 %p_read_79, i20 %p_read755" [./calorimeter.h:234->calorimeter.cpp:165]   --->   Operation 101 'bitconcatenate' 'or_ln234_26' <Predicate = (p_read_48)> <Delay = 0.00>
ST_1 : Operation 102 [1/1] (0.00ns) (grouped into LUT with out node em_objects_7_new_0)   --->   "%zext_ln234_14 = zext i58 %or_ln234_26" [./calorimeter.h:234->calorimeter.cpp:165]   --->   Operation 102 'zext' 'zext_ln234_14' <Predicate = (p_read_48)> <Delay = 0.00>
ST_1 : Operation 103 [1/1] (0.00ns) (grouped into LUT with out node em_objects_7_new_0)   --->   "%or_ln234_27 = bitconcatenate i89 @_ssdm_op_BitConcatenate.i89.i1.i88, i1 1, i88 %zext_ln234_14" [./calorimeter.h:234->calorimeter.cpp:165]   --->   Operation 103 'bitconcatenate' 'or_ln234_27' <Predicate = (p_read_48)> <Delay = 0.00>
ST_1 : Operation 104 [1/1] (0.34ns) (out node of the LUT)   --->   "%em_objects_7_new_0 = select i1 %p_read_48, i89 %or_ln234_27, i89 0" [./calorimeter.h:234->calorimeter.cpp:165]   --->   Operation 104 'select' 'em_objects_7_new_0' <Predicate = true> <Delay = 0.34> <CoreInst = "Sel">   --->   Core 73 'Sel' <Latency = 0> <II = 1> <Delay = 0.34> <FuncUnit> <Opcode : 'select'> <InPorts = 3> <OutPorts = 1>
ST_1 : Operation 105 [1/1] (0.00ns)   --->   "%write_ln218 = write void @_ssdm_op_Write.ap_auto.i89P0A, i89 %em_objects_7, i89 %em_objects_7_new_0" [./calorimeter.h:218->calorimeter.cpp:161]   --->   Operation 105 'write' 'write_ln218' <Predicate = true> <Delay = 0.00>
ST_1 : Operation 106 [1/1] (0.00ns)   --->   "%ret_ln167 = ret" [calorimeter.cpp:167]   --->   Operation 106 'ret' 'ret_ln167' <Predicate = true> <Delay = 0.00>


============================================================
+ Verbose Summary: Timing violations
============================================================
Target clock period: 25.000ns, clock uncertainty: 6.750ns.

 <State 1>: 2.478ns
The critical path consists of the following:
	wire read operation ('p_read_63', ./calorimeter.h:234->calorimeter.cpp:165) on port 'p_read32' (./calorimeter.h:234->calorimeter.cpp:165) [72]  (1.429 ns)
	'icmp' operation 1 bit ('icmp_ln234', ./calorimeter.h:234->calorimeter.cpp:165) [105]  (0.708 ns)
	'select' operation 2 bit ('select_ln234', ./calorimeter.h:234->calorimeter.cpp:165) [106]  (0.000 ns)
	'select' operation 89 bit ('em_objects_0_new_0', ./calorimeter.h:234->calorimeter.cpp:165) [110]  (0.341 ns)


============================================================
+ Verbose Summary: Binding
============================================================
N/A
* FSMD analyzer results:
  - Output states:
 - Input state : 
  - Chain level:
	State 1


============================================================
+ Verbose Summary: Datapath Resource usage 
============================================================
N/A
