

================================================================
== Vitis HLS Report for 'calo_trigger_tower_stream_ref'
================================================================
* Date:           Tue May 12 23:42:19 2026

* Version:        2024.1 (Build 5069499 on May 21 2024)
* Project:        calorimeter
* Solution:       solution1 (Vivado IP Flow Target)
* Product family: virtexuplus
* Target device:  xcvu13p-fsga2577-2-e


================================================================
== Performance Estimates
================================================================
+ Timing: 
    * Summary: 
    +--------+----------+-----------+------------+
    |  Clock |  Target  | Estimated | Uncertainty|
    +--------+----------+-----------+------------+
    |ap_clk  |  25.00 ns|  12.510 ns|     6.75 ns|
    +--------+----------+-----------+------------+

+ Latency: 
    * Summary: 
    +---------+---------+-----------+----------+------+-------+---------+
    |  Latency (cycles) |  Latency (absolute)  |   Interval   | Pipeline|
    |   min   |   max   |    min    |    max   |  min |  max  |   Type  |
    +---------+---------+-----------+----------+------+-------+---------+
    |     2897|    17297|  72.425 us|  0.432 ms|  2898|  17298|       no|
    +---------+---------+-----------+----------+------+-------+---------+

    + Detail: 
        * Instance: 
        +--------------------------------------------+---------------------------------+---------+---------+-----------+----------+------+-------+----------+
        |                                            |                                 |  Latency (cycles) |  Latency (absolute)  |   Interval   | Pipeline |
        |                  Instance                  |              Module             |   min   |   max   |    min    |    max   |  min |  max  |   Type   |
        +--------------------------------------------+---------------------------------+---------+---------+-----------+----------+------+-------+----------+
        |grp_cluster_sort_build_tower_stream_fu_118  |cluster_sort_build_tower_stream  |     2895|    17295|  72.375 us|  0.432 ms|  2882|  17282|  dataflow|
        +--------------------------------------------+---------------------------------+---------+---------+-----------+----------+------+-------+----------+

        * Loop: 
        N/A



================================================================
== Utilization Estimates
================================================================
* Summary: 
+---------------------+---------+-------+---------+---------+------+
|         Name        | BRAM_18K|  DSP  |    FF   |   LUT   | URAM |
+---------------------+---------+-------+---------+---------+------+
|DSP                  |        -|      -|        -|        -|     -|
|Expression           |        -|      -|        0|        2|     -|
|FIFO                 |        -|      -|        -|        -|     -|
|Instance             |        0|      -|     7741|    18677|     0|
|Memory               |        -|      -|        -|        -|     -|
|Multiplexer          |        -|      -|        0|       29|     -|
|Register             |        -|      -|       70|        -|     -|
+---------------------+---------+-------+---------+---------+------+
|Total                |        0|      0|     7811|    18708|     0|
+---------------------+---------+-------+---------+---------+------+
|Available SLR        |     1344|   3072|   864000|   432000|   320|
+---------------------+---------+-------+---------+---------+------+
|Utilization SLR (%)  |        0|      0|       ~0|        4|     0|
+---------------------+---------+-------+---------+---------+------+
|Available            |     5376|  12288|  3456000|  1728000|  1280|
+---------------------+---------+-------+---------+---------+------+
|Utilization (%)      |        0|      0|       ~0|        1|     0|
+---------------------+---------+-------+---------+---------+------+

+ Detail: 
    * Instance: 
    +--------------------------------------------+---------------------------------+---------+----+------+-------+-----+
    |                  Instance                  |              Module             | BRAM_18K| DSP|  FF  |  LUT  | URAM|
    +--------------------------------------------+---------------------------------+---------+----+------+-------+-----+
    |CTRL_s_axi_U                                |CTRL_s_axi                       |        0|   0|   230|    344|    0|
    |grp_cluster_sort_build_tower_stream_fu_118  |cluster_sort_build_tower_stream  |        0|   0|  7511|  18333|    0|
    +--------------------------------------------+---------------------------------+---------+----+------+-------+-----+
    |Total                                       |                                 |        0|   0|  7741|  18677|    0|
    +--------------------------------------------+---------------------------------+---------+----+------+-------+-----+

    * DSP: 
    N/A

    * Memory: 
    N/A

    * FIFO: 
    N/A

    * Expression: 
    +-------------------------------------------------------------+----------+----+---+----+------------+------------+
    |                        Variable Name                        | Operation| DSP| FF| LUT| Bitwidth P0| Bitwidth P1|
    +-------------------------------------------------------------+----------+----+---+----+------------+------------+
    |ap_sync_grp_cluster_sort_build_tower_stream_fu_118_ap_ready  |        or|   0|  0|   2|           1|           1|
    +-------------------------------------------------------------+----------+----+---+----+------------+------------+
    |Total                                                        |          |   0|  0|   2|           1|           1|
    +-------------------------------------------------------------+----------+----+---+----+------------+------------+

    * Multiplexer: 
    +------------------------------+----+-----------+-----+-----------+
    |             Name             | LUT| Input Size| Bits| Total Bits|
    +------------------------------+----+-----------+-----+-----------+
    |ap_NS_fsm                     |  20|          4|    1|          4|
    |tower_in_TREADY_int_regslice  |   9|          2|    1|          2|
    +------------------------------+----+-----------+-----+-----------+
    |Total                         |  29|          6|    2|          6|
    +------------------------------+----+-----------+-----+-----------+

    * Register: 
    +-----------------------------------------------------------------+----+----+-----+-----------+
    |                               Name                              | FF | LUT| Bits| Const Bits|
    +-----------------------------------------------------------------+----+----+-----+-----------+
    |ap_CS_fsm                                                        |   3|   0|    3|          0|
    |ap_sync_reg_grp_cluster_sort_build_tower_stream_fu_118_ap_done   |   1|   0|    1|          0|
    |ap_sync_reg_grp_cluster_sort_build_tower_stream_fu_118_ap_ready  |   1|   0|    1|          0|
    |em_cluster_threshold_read_reg_180                                |  20|   0|   20|          0|
    |em_seed_threshold_read_reg_185                                   |  12|   0|   12|          0|
    |grp_cluster_sort_build_tower_stream_fu_118_ap_start_reg          |   1|   0|    1|          0|
    |jet_cluster_threshold_read_reg_170                               |  20|   0|   20|          0|
    |jet_seed_threshold_read_reg_175                                  |  12|   0|   12|          0|
    +-----------------------------------------------------------------+----+----+-----+-----------+
    |Total                                                            |  70|   0|   70|          0|
    +-----------------------------------------------------------------+----+----+-----+-----------+



================================================================
== Interface
================================================================
* Summary: 
+----------------------+-----+-----+------------+-------------------------------+--------------+
|       RTL Ports      | Dir | Bits|  Protocol  |         Source Object         |    C Type    |
+----------------------+-----+-----+------------+-------------------------------+--------------+
|s_axi_CTRL_AWVALID    |   in|    1|       s_axi|                           CTRL|       pointer|
|s_axi_CTRL_AWREADY    |  out|    1|       s_axi|                           CTRL|       pointer|
|s_axi_CTRL_AWADDR     |   in|    7|       s_axi|                           CTRL|       pointer|
|s_axi_CTRL_WVALID     |   in|    1|       s_axi|                           CTRL|       pointer|
|s_axi_CTRL_WREADY     |  out|    1|       s_axi|                           CTRL|       pointer|
|s_axi_CTRL_WDATA      |   in|   32|       s_axi|                           CTRL|       pointer|
|s_axi_CTRL_WSTRB      |   in|    4|       s_axi|                           CTRL|       pointer|
|s_axi_CTRL_ARVALID    |   in|    1|       s_axi|                           CTRL|       pointer|
|s_axi_CTRL_ARREADY    |  out|    1|       s_axi|                           CTRL|       pointer|
|s_axi_CTRL_ARADDR     |   in|    7|       s_axi|                           CTRL|       pointer|
|s_axi_CTRL_RVALID     |  out|    1|       s_axi|                           CTRL|       pointer|
|s_axi_CTRL_RREADY     |   in|    1|       s_axi|                           CTRL|       pointer|
|s_axi_CTRL_RDATA      |  out|   32|       s_axi|                           CTRL|       pointer|
|s_axi_CTRL_RRESP      |  out|    2|       s_axi|                           CTRL|       pointer|
|s_axi_CTRL_BVALID     |  out|    1|       s_axi|                           CTRL|       pointer|
|s_axi_CTRL_BREADY     |   in|    1|       s_axi|                           CTRL|       pointer|
|s_axi_CTRL_BRESP      |  out|    2|       s_axi|                           CTRL|       pointer|
|ap_clk                |   in|    1|  ap_ctrl_hs|  calo_trigger_tower_stream_ref|  return value|
|ap_rst_n              |   in|    1|  ap_ctrl_hs|  calo_trigger_tower_stream_ref|  return value|
|interrupt             |  out|    1|  ap_ctrl_hs|  calo_trigger_tower_stream_ref|  return value|
|tower_in_TDATA        |   in|   16|        axis|                       tower_in|       pointer|
|tower_in_TVALID       |   in|    1|        axis|                       tower_in|       pointer|
|tower_in_TREADY       |  out|    1|        axis|                       tower_in|       pointer|
|em_objects_0          |  out|   89|      ap_vld|                   em_objects_0|       pointer|
|em_objects_0_ap_vld   |  out|    1|      ap_vld|                   em_objects_0|       pointer|
|em_objects_1          |  out|   89|      ap_vld|                   em_objects_1|       pointer|
|em_objects_1_ap_vld   |  out|    1|      ap_vld|                   em_objects_1|       pointer|
|em_objects_2          |  out|   89|      ap_vld|                   em_objects_2|       pointer|
|em_objects_2_ap_vld   |  out|    1|      ap_vld|                   em_objects_2|       pointer|
|em_objects_3          |  out|   89|      ap_vld|                   em_objects_3|       pointer|
|em_objects_3_ap_vld   |  out|    1|      ap_vld|                   em_objects_3|       pointer|
|em_objects_4          |  out|   89|      ap_vld|                   em_objects_4|       pointer|
|em_objects_4_ap_vld   |  out|    1|      ap_vld|                   em_objects_4|       pointer|
|em_objects_5          |  out|   89|      ap_vld|                   em_objects_5|       pointer|
|em_objects_5_ap_vld   |  out|    1|      ap_vld|                   em_objects_5|       pointer|
|em_objects_6          |  out|   89|      ap_vld|                   em_objects_6|       pointer|
|em_objects_6_ap_vld   |  out|    1|      ap_vld|                   em_objects_6|       pointer|
|em_objects_7          |  out|   89|      ap_vld|                   em_objects_7|       pointer|
|em_objects_7_ap_vld   |  out|    1|      ap_vld|                   em_objects_7|       pointer|
|jet_objects_0         |  out|   89|      ap_vld|                  jet_objects_0|       pointer|
|jet_objects_0_ap_vld  |  out|    1|      ap_vld|                  jet_objects_0|       pointer|
|jet_objects_1         |  out|   89|      ap_vld|                  jet_objects_1|       pointer|
|jet_objects_1_ap_vld  |  out|    1|      ap_vld|                  jet_objects_1|       pointer|
|jet_objects_2         |  out|   89|      ap_vld|                  jet_objects_2|       pointer|
|jet_objects_2_ap_vld  |  out|    1|      ap_vld|                  jet_objects_2|       pointer|
|jet_objects_3         |  out|   89|      ap_vld|                  jet_objects_3|       pointer|
|jet_objects_3_ap_vld  |  out|    1|      ap_vld|                  jet_objects_3|       pointer|
|jet_objects_4         |  out|   89|      ap_vld|                  jet_objects_4|       pointer|
|jet_objects_4_ap_vld  |  out|    1|      ap_vld|                  jet_objects_4|       pointer|
|jet_objects_5         |  out|   89|      ap_vld|                  jet_objects_5|       pointer|
|jet_objects_5_ap_vld  |  out|    1|      ap_vld|                  jet_objects_5|       pointer|
|jet_objects_6         |  out|   89|      ap_vld|                  jet_objects_6|       pointer|
|jet_objects_6_ap_vld  |  out|    1|      ap_vld|                  jet_objects_6|       pointer|
|jet_objects_7         |  out|   89|      ap_vld|                  jet_objects_7|       pointer|
|jet_objects_7_ap_vld  |  out|    1|      ap_vld|                  jet_objects_7|       pointer|
+----------------------+-----+-----+------------+-------------------------------+--------------+

============================================================
+ Verbose Summary: Synthesis Manager
============================================================
InlineROM: 1
ExposeGlobal: 0
============================================================
+ Verbose Summary: CDFG Model
============================================================
IsTopModel: 1
ResetActiveHigh: 1
IsCombinational: 2
IsDatapathOnly: 2
HasWiredReturn: 1
HasMFsm: 0
HasVarLatency: 1
IsPipeline: 0
IsRtlPipelined: 0
IsInstanceOverlapped: 0
IsDontTouch: 0
HasImplIP: 0
IsGatedGlobalClock: 0


============================================================
+ Verbose Summary: Schedule
============================================================
* Number of FSM states : 3
* Pipeline : 0
* Dataflow Pipeline: 0

* FSM state transitions: 
1 --> 2 
2 --> 3 
3 --> 

* FSM state operations: 

State 1 <SV = 0> <Delay = 0.00>

State 2 <SV = 1> <Delay = 1.00>
ST_2 : Operation 4 [1/1] (1.00ns)   --->   "%jet_cluster_threshold_read = read i20 @_ssdm_op_Read.s_axilite.i20, i20 %jet_cluster_threshold" [calorimeter.cpp:269]   --->   Operation 4 'read' 'jet_cluster_threshold_read' <Predicate = true> <Delay = 1.00> <CoreInst = "s_axilite">   --->   Core 120 's_axilite' <Latency = 0> <II = 1> <Delay = 1.00> <Adapter> <Opcode : 'read' 'write'>
ST_2 : Operation 5 [1/1] (1.00ns)   --->   "%jet_seed_threshold_read = read i12 @_ssdm_op_Read.s_axilite.i12, i12 %jet_seed_threshold" [calorimeter.cpp:269]   --->   Operation 5 'read' 'jet_seed_threshold_read' <Predicate = true> <Delay = 1.00> <CoreInst = "s_axilite">   --->   Core 120 's_axilite' <Latency = 0> <II = 1> <Delay = 1.00> <Adapter> <Opcode : 'read' 'write'>
ST_2 : Operation 6 [1/1] (1.00ns)   --->   "%em_cluster_threshold_read = read i20 @_ssdm_op_Read.s_axilite.i20, i20 %em_cluster_threshold" [calorimeter.cpp:269]   --->   Operation 6 'read' 'em_cluster_threshold_read' <Predicate = true> <Delay = 1.00> <CoreInst = "s_axilite">   --->   Core 120 's_axilite' <Latency = 0> <II = 1> <Delay = 1.00> <Adapter> <Opcode : 'read' 'write'>
ST_2 : Operation 7 [1/1] (1.00ns)   --->   "%em_seed_threshold_read = read i12 @_ssdm_op_Read.s_axilite.i12, i12 %em_seed_threshold" [calorimeter.cpp:269]   --->   Operation 7 'read' 'em_seed_threshold_read' <Predicate = true> <Delay = 1.00> <CoreInst = "s_axilite">   --->   Core 120 's_axilite' <Latency = 0> <II = 1> <Delay = 1.00> <Adapter> <Opcode : 'read' 'write'>
ST_2 : Operation 8 [2/2] (0.00ns)   --->   "%call_ln293 = call void @cluster_sort_build_tower_stream, i16 %tower_in, i12 %em_seed_threshold_read, i20 %em_cluster_threshold_read, i12 %jet_seed_threshold_read, i20 %jet_cluster_threshold_read, i89 %em_objects_0, i89 %em_objects_1, i89 %em_objects_2, i89 %em_objects_3, i89 %em_objects_4, i89 %em_objects_5, i89 %em_objects_6, i89 %em_objects_7, i89 %jet_objects_0, i89 %jet_objects_1, i89 %jet_objects_2, i89 %jet_objects_3, i89 %jet_objects_4, i89 %jet_objects_5, i89 %jet_objects_6, i89 %jet_objects_7, i24 %ht, i32 %num_em_clusters, i32 %num_jet_clusters" [calorimeter.cpp:293]   --->   Operation 8 'call' 'call_ln293' <Predicate = true> <Delay = 0.00> <CoreType = "Generic">   --->   Core 0 '' <Latency = 0> <II = 1> <Delay = 1.00> <Generic> <Opcode : >

State 3 <SV = 2> <Delay = 0.00>
ST_3 : Operation 9 [1/1] (0.00ns)   --->   "%spectopmodule_ln267 = spectopmodule void @_ssdm_op_SpecTopModule, void @empty_13" [calorimeter.cpp:267]   --->   Operation 9 'spectopmodule' 'spectopmodule_ln267' <Predicate = true> <Delay = 0.00>
ST_3 : Operation 10 [1/1] (0.00ns)   --->   "%specinterface_ln0 = specinterface void @_ssdm_op_SpecInterface, i16 %tower_in, void @empty_2, i32 1, i32 1, void @empty_3, i32 0, i32 0, void @empty_4, void @empty_4, void @empty_4, i32 0, i32 0, i32 0, i32 0, void @empty_4, void @empty_4, i32 4294967295, i32 0, i32 0"   --->   Operation 10 'specinterface' 'specinterface_ln0' <Predicate = true> <Delay = 0.00>
ST_3 : Operation 11 [1/1] (0.00ns)   --->   "%specbitsmap_ln0 = specbitsmap void @_ssdm_op_SpecBitsMap, i16 %tower_in"   --->   Operation 11 'specbitsmap' 'specbitsmap_ln0' <Predicate = true> <Delay = 0.00>
ST_3 : Operation 12 [1/1] (0.00ns)   --->   "%specbitsmap_ln0 = specbitsmap void @_ssdm_op_SpecBitsMap, i12 %em_seed_threshold"   --->   Operation 12 'specbitsmap' 'specbitsmap_ln0' <Predicate = true> <Delay = 0.00>
ST_3 : Operation 13 [1/1] (0.00ns)   --->   "%specinterface_ln0 = specinterface void @_ssdm_op_SpecInterface, i12 %em_seed_threshold, void @empty_5, i32 4294967295, i32 4294967295, void @empty_3, i32 0, i32 0, void @empty_12, void @empty_6, void @empty_4, i32 0, i32 0, i32 0, i32 0, void @empty_4, void @empty_4, i32 4294967295, i32 0, i32 0"   --->   Operation 13 'specinterface' 'specinterface_ln0' <Predicate = true> <Delay = 0.00>
ST_3 : Operation 14 [1/1] (0.00ns)   --->   "%specinterface_ln0 = specinterface void @_ssdm_op_SpecInterface, i12 %em_seed_threshold, void @empty, i32 4294967295, i32 4294967295, void @empty_4, i32 0, i32 0, void @empty_4, void @empty_4, void @empty_4, i32 0, i32 0, i32 0, i32 0, void @empty_4, void @empty_4, i32 4294967295, i32 0, i32 0"   --->   Operation 14 'specinterface' 'specinterface_ln0' <Predicate = true> <Delay = 0.00>
ST_3 : Operation 15 [1/1] (0.00ns)   --->   "%specbitsmap_ln0 = specbitsmap void @_ssdm_op_SpecBitsMap, i20 %em_cluster_threshold"   --->   Operation 15 'specbitsmap' 'specbitsmap_ln0' <Predicate = true> <Delay = 0.00>
ST_3 : Operation 16 [1/1] (0.00ns)   --->   "%specinterface_ln0 = specinterface void @_ssdm_op_SpecInterface, i20 %em_cluster_threshold, void @empty_5, i32 4294967295, i32 4294967295, void @empty_3, i32 0, i32 0, void @empty_12, void @empty_11, void @empty_4, i32 0, i32 0, i32 0, i32 0, void @empty_4, void @empty_4, i32 4294967295, i32 0, i32 0"   --->   Operation 16 'specinterface' 'specinterface_ln0' <Predicate = true> <Delay = 0.00>
ST_3 : Operation 17 [1/1] (0.00ns)   --->   "%specinterface_ln0 = specinterface void @_ssdm_op_SpecInterface, i20 %em_cluster_threshold, void @empty, i32 4294967295, i32 4294967295, void @empty_4, i32 0, i32 0, void @empty_4, void @empty_4, void @empty_4, i32 0, i32 0, i32 0, i32 0, void @empty_4, void @empty_4, i32 4294967295, i32 0, i32 0"   --->   Operation 17 'specinterface' 'specinterface_ln0' <Predicate = true> <Delay = 0.00>
ST_3 : Operation 18 [1/1] (0.00ns)   --->   "%specbitsmap_ln0 = specbitsmap void @_ssdm_op_SpecBitsMap, i12 %jet_seed_threshold"   --->   Operation 18 'specbitsmap' 'specbitsmap_ln0' <Predicate = true> <Delay = 0.00>
ST_3 : Operation 19 [1/1] (0.00ns)   --->   "%specinterface_ln0 = specinterface void @_ssdm_op_SpecInterface, i12 %jet_seed_threshold, void @empty_5, i32 4294967295, i32 4294967295, void @empty_3, i32 0, i32 0, void @empty_12, void @empty_0, void @empty_4, i32 0, i32 0, i32 0, i32 0, void @empty_4, void @empty_4, i32 4294967295, i32 0, i32 0"   --->   Operation 19 'specinterface' 'specinterface_ln0' <Predicate = true> <Delay = 0.00>
ST_3 : Operation 20 [1/1] (0.00ns)   --->   "%specinterface_ln0 = specinterface void @_ssdm_op_SpecInterface, i12 %jet_seed_threshold, void @empty, i32 4294967295, i32 4294967295, void @empty_4, i32 0, i32 0, void @empty_4, void @empty_4, void @empty_4, i32 0, i32 0, i32 0, i32 0, void @empty_4, void @empty_4, i32 4294967295, i32 0, i32 0"   --->   Operation 20 'specinterface' 'specinterface_ln0' <Predicate = true> <Delay = 0.00>
ST_3 : Operation 21 [1/1] (0.00ns)   --->   "%specbitsmap_ln0 = specbitsmap void @_ssdm_op_SpecBitsMap, i20 %jet_cluster_threshold"   --->   Operation 21 'specbitsmap' 'specbitsmap_ln0' <Predicate = true> <Delay = 0.00>
ST_3 : Operation 22 [1/1] (0.00ns)   --->   "%specinterface_ln0 = specinterface void @_ssdm_op_SpecInterface, i20 %jet_cluster_threshold, void @empty_5, i32 4294967295, i32 4294967295, void @empty_3, i32 0, i32 0, void @empty_12, void @empty_1, void @empty_4, i32 0, i32 0, i32 0, i32 0, void @empty_4, void @empty_4, i32 4294967295, i32 0, i32 0"   --->   Operation 22 'specinterface' 'specinterface_ln0' <Predicate = true> <Delay = 0.00>
ST_3 : Operation 23 [1/1] (0.00ns)   --->   "%specinterface_ln0 = specinterface void @_ssdm_op_SpecInterface, i20 %jet_cluster_threshold, void @empty, i32 4294967295, i32 4294967295, void @empty_4, i32 0, i32 0, void @empty_4, void @empty_4, void @empty_4, i32 0, i32 0, i32 0, i32 0, void @empty_4, void @empty_4, i32 4294967295, i32 0, i32 0"   --->   Operation 23 'specinterface' 'specinterface_ln0' <Predicate = true> <Delay = 0.00>
ST_3 : Operation 24 [1/1] (0.00ns)   --->   "%specbitsmap_ln0 = specbitsmap void @_ssdm_op_SpecBitsMap, i89 %em_objects_0"   --->   Operation 24 'specbitsmap' 'specbitsmap_ln0' <Predicate = true> <Delay = 0.00>
ST_3 : Operation 25 [1/1] (0.00ns)   --->   "%specinterface_ln0 = specinterface void @_ssdm_op_SpecInterface, i89 %em_objects_0, void @empty, i32 0, i32 0, void @empty_4, i32 0, i32 0, void @empty_4, void @empty_4, void @empty_4, i32 0, i32 0, i32 0, i32 0, void @empty_4, void @empty_4, i32 4294967295, i32 0, i32 0"   --->   Operation 25 'specinterface' 'specinterface_ln0' <Predicate = true> <Delay = 0.00>
ST_3 : Operation 26 [1/1] (0.00ns)   --->   "%specbitsmap_ln0 = specbitsmap void @_ssdm_op_SpecBitsMap, i89 %em_objects_1"   --->   Operation 26 'specbitsmap' 'specbitsmap_ln0' <Predicate = true> <Delay = 0.00>
ST_3 : Operation 27 [1/1] (0.00ns)   --->   "%specinterface_ln0 = specinterface void @_ssdm_op_SpecInterface, i89 %em_objects_1, void @empty, i32 0, i32 0, void @empty_4, i32 0, i32 0, void @empty_4, void @empty_4, void @empty_4, i32 0, i32 0, i32 0, i32 0, void @empty_4, void @empty_4, i32 4294967295, i32 0, i32 0"   --->   Operation 27 'specinterface' 'specinterface_ln0' <Predicate = true> <Delay = 0.00>
ST_3 : Operation 28 [1/1] (0.00ns)   --->   "%specbitsmap_ln0 = specbitsmap void @_ssdm_op_SpecBitsMap, i89 %em_objects_2"   --->   Operation 28 'specbitsmap' 'specbitsmap_ln0' <Predicate = true> <Delay = 0.00>
ST_3 : Operation 29 [1/1] (0.00ns)   --->   "%specinterface_ln0 = specinterface void @_ssdm_op_SpecInterface, i89 %em_objects_2, void @empty, i32 0, i32 0, void @empty_4, i32 0, i32 0, void @empty_4, void @empty_4, void @empty_4, i32 0, i32 0, i32 0, i32 0, void @empty_4, void @empty_4, i32 4294967295, i32 0, i32 0"   --->   Operation 29 'specinterface' 'specinterface_ln0' <Predicate = true> <Delay = 0.00>
ST_3 : Operation 30 [1/1] (0.00ns)   --->   "%specbitsmap_ln0 = specbitsmap void @_ssdm_op_SpecBitsMap, i89 %em_objects_3"   --->   Operation 30 'specbitsmap' 'specbitsmap_ln0' <Predicate = true> <Delay = 0.00>
ST_3 : Operation 31 [1/1] (0.00ns)   --->   "%specinterface_ln0 = specinterface void @_ssdm_op_SpecInterface, i89 %em_objects_3, void @empty, i32 0, i32 0, void @empty_4, i32 0, i32 0, void @empty_4, void @empty_4, void @empty_4, i32 0, i32 0, i32 0, i32 0, void @empty_4, void @empty_4, i32 4294967295, i32 0, i32 0"   --->   Operation 31 'specinterface' 'specinterface_ln0' <Predicate = true> <Delay = 0.00>
ST_3 : Operation 32 [1/1] (0.00ns)   --->   "%specbitsmap_ln0 = specbitsmap void @_ssdm_op_SpecBitsMap, i89 %em_objects_4"   --->   Operation 32 'specbitsmap' 'specbitsmap_ln0' <Predicate = true> <Delay = 0.00>
ST_3 : Operation 33 [1/1] (0.00ns)   --->   "%specinterface_ln0 = specinterface void @_ssdm_op_SpecInterface, i89 %em_objects_4, void @empty, i32 0, i32 0, void @empty_4, i32 0, i32 0, void @empty_4, void @empty_4, void @empty_4, i32 0, i32 0, i32 0, i32 0, void @empty_4, void @empty_4, i32 4294967295, i32 0, i32 0"   --->   Operation 33 'specinterface' 'specinterface_ln0' <Predicate = true> <Delay = 0.00>
ST_3 : Operation 34 [1/1] (0.00ns)   --->   "%specbitsmap_ln0 = specbitsmap void @_ssdm_op_SpecBitsMap, i89 %em_objects_5"   --->   Operation 34 'specbitsmap' 'specbitsmap_ln0' <Predicate = true> <Delay = 0.00>
ST_3 : Operation 35 [1/1] (0.00ns)   --->   "%specinterface_ln0 = specinterface void @_ssdm_op_SpecInterface, i89 %em_objects_5, void @empty, i32 0, i32 0, void @empty_4, i32 0, i32 0, void @empty_4, void @empty_4, void @empty_4, i32 0, i32 0, i32 0, i32 0, void @empty_4, void @empty_4, i32 4294967295, i32 0, i32 0"   --->   Operation 35 'specinterface' 'specinterface_ln0' <Predicate = true> <Delay = 0.00>
ST_3 : Operation 36 [1/1] (0.00ns)   --->   "%specbitsmap_ln0 = specbitsmap void @_ssdm_op_SpecBitsMap, i89 %em_objects_6"   --->   Operation 36 'specbitsmap' 'specbitsmap_ln0' <Predicate = true> <Delay = 0.00>
ST_3 : Operation 37 [1/1] (0.00ns)   --->   "%specinterface_ln0 = specinterface void @_ssdm_op_SpecInterface, i89 %em_objects_6, void @empty, i32 0, i32 0, void @empty_4, i32 0, i32 0, void @empty_4, void @empty_4, void @empty_4, i32 0, i32 0, i32 0, i32 0, void @empty_4, void @empty_4, i32 4294967295, i32 0, i32 0"   --->   Operation 37 'specinterface' 'specinterface_ln0' <Predicate = true> <Delay = 0.00>
ST_3 : Operation 38 [1/1] (0.00ns)   --->   "%specbitsmap_ln0 = specbitsmap void @_ssdm_op_SpecBitsMap, i89 %em_objects_7"   --->   Operation 38 'specbitsmap' 'specbitsmap_ln0' <Predicate = true> <Delay = 0.00>
ST_3 : Operation 39 [1/1] (0.00ns)   --->   "%specinterface_ln0 = specinterface void @_ssdm_op_SpecInterface, i89 %em_objects_7, void @empty, i32 0, i32 0, void @empty_4, i32 0, i32 0, void @empty_4, void @empty_4, void @empty_4, i32 0, i32 0, i32 0, i32 0, void @empty_4, void @empty_4, i32 4294967295, i32 0, i32 0"   --->   Operation 39 'specinterface' 'specinterface_ln0' <Predicate = true> <Delay = 0.00>
ST_3 : Operation 40 [1/1] (0.00ns)   --->   "%specbitsmap_ln0 = specbitsmap void @_ssdm_op_SpecBitsMap, i89 %jet_objects_0"   --->   Operation 40 'specbitsmap' 'specbitsmap_ln0' <Predicate = true> <Delay = 0.00>
ST_3 : Operation 41 [1/1] (0.00ns)   --->   "%specinterface_ln0 = specinterface void @_ssdm_op_SpecInterface, i89 %jet_objects_0, void @empty, i32 0, i32 0, void @empty_4, i32 0, i32 0, void @empty_4, void @empty_4, void @empty_4, i32 0, i32 0, i32 0, i32 0, void @empty_4, void @empty_4, i32 4294967295, i32 0, i32 0"   --->   Operation 41 'specinterface' 'specinterface_ln0' <Predicate = true> <Delay = 0.00>
ST_3 : Operation 42 [1/1] (0.00ns)   --->   "%specbitsmap_ln0 = specbitsmap void @_ssdm_op_SpecBitsMap, i89 %jet_objects_1"   --->   Operation 42 'specbitsmap' 'specbitsmap_ln0' <Predicate = true> <Delay = 0.00>
ST_3 : Operation 43 [1/1] (0.00ns)   --->   "%specinterface_ln0 = specinterface void @_ssdm_op_SpecInterface, i89 %jet_objects_1, void @empty, i32 0, i32 0, void @empty_4, i32 0, i32 0, void @empty_4, void @empty_4, void @empty_4, i32 0, i32 0, i32 0, i32 0, void @empty_4, void @empty_4, i32 4294967295, i32 0, i32 0"   --->   Operation 43 'specinterface' 'specinterface_ln0' <Predicate = true> <Delay = 0.00>
ST_3 : Operation 44 [1/1] (0.00ns)   --->   "%specbitsmap_ln0 = specbitsmap void @_ssdm_op_SpecBitsMap, i89 %jet_objects_2"   --->   Operation 44 'specbitsmap' 'specbitsmap_ln0' <Predicate = true> <Delay = 0.00>
ST_3 : Operation 45 [1/1] (0.00ns)   --->   "%specinterface_ln0 = specinterface void @_ssdm_op_SpecInterface, i89 %jet_objects_2, void @empty, i32 0, i32 0, void @empty_4, i32 0, i32 0, void @empty_4, void @empty_4, void @empty_4, i32 0, i32 0, i32 0, i32 0, void @empty_4, void @empty_4, i32 4294967295, i32 0, i32 0"   --->   Operation 45 'specinterface' 'specinterface_ln0' <Predicate = true> <Delay = 0.00>
ST_3 : Operation 46 [1/1] (0.00ns)   --->   "%specbitsmap_ln0 = specbitsmap void @_ssdm_op_SpecBitsMap, i89 %jet_objects_3"   --->   Operation 46 'specbitsmap' 'specbitsmap_ln0' <Predicate = true> <Delay = 0.00>
ST_3 : Operation 47 [1/1] (0.00ns)   --->   "%specinterface_ln0 = specinterface void @_ssdm_op_SpecInterface, i89 %jet_objects_3, void @empty, i32 0, i32 0, void @empty_4, i32 0, i32 0, void @empty_4, void @empty_4, void @empty_4, i32 0, i32 0, i32 0, i32 0, void @empty_4, void @empty_4, i32 4294967295, i32 0, i32 0"   --->   Operation 47 'specinterface' 'specinterface_ln0' <Predicate = true> <Delay = 0.00>
ST_3 : Operation 48 [1/1] (0.00ns)   --->   "%specbitsmap_ln0 = specbitsmap void @_ssdm_op_SpecBitsMap, i89 %jet_objects_4"   --->   Operation 48 'specbitsmap' 'specbitsmap_ln0' <Predicate = true> <Delay = 0.00>
ST_3 : Operation 49 [1/1] (0.00ns)   --->   "%specinterface_ln0 = specinterface void @_ssdm_op_SpecInterface, i89 %jet_objects_4, void @empty, i32 0, i32 0, void @empty_4, i32 0, i32 0, void @empty_4, void @empty_4, void @empty_4, i32 0, i32 0, i32 0, i32 0, void @empty_4, void @empty_4, i32 4294967295, i32 0, i32 0"   --->   Operation 49 'specinterface' 'specinterface_ln0' <Predicate = true> <Delay = 0.00>
ST_3 : Operation 50 [1/1] (0.00ns)   --->   "%specbitsmap_ln0 = specbitsmap void @_ssdm_op_SpecBitsMap, i89 %jet_objects_5"   --->   Operation 50 'specbitsmap' 'specbitsmap_ln0' <Predicate = true> <Delay = 0.00>
ST_3 : Operation 51 [1/1] (0.00ns)   --->   "%specinterface_ln0 = specinterface void @_ssdm_op_SpecInterface, i89 %jet_objects_5, void @empty, i32 0, i32 0, void @empty_4, i32 0, i32 0, void @empty_4, void @empty_4, void @empty_4, i32 0, i32 0, i32 0, i32 0, void @empty_4, void @empty_4, i32 4294967295, i32 0, i32 0"   --->   Operation 51 'specinterface' 'specinterface_ln0' <Predicate = true> <Delay = 0.00>
ST_3 : Operation 52 [1/1] (0.00ns)   --->   "%specbitsmap_ln0 = specbitsmap void @_ssdm_op_SpecBitsMap, i89 %jet_objects_6"   --->   Operation 52 'specbitsmap' 'specbitsmap_ln0' <Predicate = true> <Delay = 0.00>
ST_3 : Operation 53 [1/1] (0.00ns)   --->   "%specinterface_ln0 = specinterface void @_ssdm_op_SpecInterface, i89 %jet_objects_6, void @empty, i32 0, i32 0, void @empty_4, i32 0, i32 0, void @empty_4, void @empty_4, void @empty_4, i32 0, i32 0, i32 0, i32 0, void @empty_4, void @empty_4, i32 4294967295, i32 0, i32 0"   --->   Operation 53 'specinterface' 'specinterface_ln0' <Predicate = true> <Delay = 0.00>
ST_3 : Operation 54 [1/1] (0.00ns)   --->   "%specbitsmap_ln0 = specbitsmap void @_ssdm_op_SpecBitsMap, i89 %jet_objects_7"   --->   Operation 54 'specbitsmap' 'specbitsmap_ln0' <Predicate = true> <Delay = 0.00>
ST_3 : Operation 55 [1/1] (0.00ns)   --->   "%specinterface_ln0 = specinterface void @_ssdm_op_SpecInterface, i89 %jet_objects_7, void @empty, i32 0, i32 0, void @empty_4, i32 0, i32 0, void @empty_4, void @empty_4, void @empty_4, i32 0, i32 0, i32 0, i32 0, void @empty_4, void @empty_4, i32 4294967295, i32 0, i32 0"   --->   Operation 55 'specinterface' 'specinterface_ln0' <Predicate = true> <Delay = 0.00>
ST_3 : Operation 56 [1/1] (0.00ns)   --->   "%specbitsmap_ln0 = specbitsmap void @_ssdm_op_SpecBitsMap, i24 %ht"   --->   Operation 56 'specbitsmap' 'specbitsmap_ln0' <Predicate = true> <Delay = 0.00>
ST_3 : Operation 57 [1/1] (0.00ns)   --->   "%specinterface_ln0 = specinterface void @_ssdm_op_SpecInterface, i24 %ht, void @empty_5, i32 4294967295, i32 4294967295, void @empty_3, i32 0, i32 0, void @empty_12, void @empty_17, void @empty_4, i32 0, i32 0, i32 0, i32 0, void @empty_4, void @empty_4, i32 4294967295, i32 0, i32 0"   --->   Operation 57 'specinterface' 'specinterface_ln0' <Predicate = true> <Delay = 0.00>
ST_3 : Operation 58 [1/1] (0.00ns)   --->   "%specinterface_ln0 = specinterface void @_ssdm_op_SpecInterface, i24 %ht, void @empty, i32 4294967295, i32 4294967295, void @empty_4, i32 0, i32 0, void @empty_4, void @empty_4, void @empty_4, i32 0, i32 0, i32 0, i32 0, void @empty_4, void @empty_4, i32 4294967295, i32 0, i32 0"   --->   Operation 58 'specinterface' 'specinterface_ln0' <Predicate = true> <Delay = 0.00>
ST_3 : Operation 59 [1/1] (0.00ns)   --->   "%specbitsmap_ln0 = specbitsmap void @_ssdm_op_SpecBitsMap, i32 %num_em_clusters"   --->   Operation 59 'specbitsmap' 'specbitsmap_ln0' <Predicate = true> <Delay = 0.00>
ST_3 : Operation 60 [1/1] (0.00ns)   --->   "%specinterface_ln0 = specinterface void @_ssdm_op_SpecInterface, i32 %num_em_clusters, void @empty_5, i32 4294967295, i32 4294967295, void @empty_3, i32 0, i32 0, void @empty_12, void @empty_18, void @empty_4, i32 0, i32 0, i32 0, i32 0, void @empty_4, void @empty_4, i32 4294967295, i32 0, i32 0"   --->   Operation 60 'specinterface' 'specinterface_ln0' <Predicate = true> <Delay = 0.00>
ST_3 : Operation 61 [1/1] (0.00ns)   --->   "%specinterface_ln0 = specinterface void @_ssdm_op_SpecInterface, i32 %num_em_clusters, void @empty, i32 4294967295, i32 4294967295, void @empty_4, i32 0, i32 0, void @empty_4, void @empty_4, void @empty_4, i32 0, i32 0, i32 0, i32 0, void @empty_4, void @empty_4, i32 4294967295, i32 0, i32 0"   --->   Operation 61 'specinterface' 'specinterface_ln0' <Predicate = true> <Delay = 0.00>
ST_3 : Operation 62 [1/1] (0.00ns)   --->   "%specbitsmap_ln0 = specbitsmap void @_ssdm_op_SpecBitsMap, i32 %num_jet_clusters"   --->   Operation 62 'specbitsmap' 'specbitsmap_ln0' <Predicate = true> <Delay = 0.00>
ST_3 : Operation 63 [1/1] (0.00ns)   --->   "%specinterface_ln0 = specinterface void @_ssdm_op_SpecInterface, i32 %num_jet_clusters, void @empty_5, i32 4294967295, i32 4294967295, void @empty_3, i32 0, i32 0, void @empty_12, void @empty_7, void @empty_4, i32 0, i32 0, i32 0, i32 0, void @empty_4, void @empty_4, i32 4294967295, i32 0, i32 0"   --->   Operation 63 'specinterface' 'specinterface_ln0' <Predicate = true> <Delay = 0.00>
ST_3 : Operation 64 [1/1] (0.00ns)   --->   "%specinterface_ln0 = specinterface void @_ssdm_op_SpecInterface, i32 %num_jet_clusters, void @empty, i32 4294967295, i32 4294967295, void @empty_4, i32 0, i32 0, void @empty_4, void @empty_4, void @empty_4, i32 0, i32 0, i32 0, i32 0, void @empty_4, void @empty_4, i32 4294967295, i32 0, i32 0"   --->   Operation 64 'specinterface' 'specinterface_ln0' <Predicate = true> <Delay = 0.00>
ST_3 : Operation 65 [1/1] (0.00ns)   --->   "%specinterface_ln0 = specinterface void @_ssdm_op_SpecInterface, i32 0, void @empty_5, i32 0, i32 0, void @empty_4, i32 0, i32 0, void @empty_12, void @empty_4, void @empty_4, i32 0, i32 0, i32 0, i32 0, void @empty_4, void @empty_4, i32 4294967295, i32 0, i32 0"   --->   Operation 65 'specinterface' 'specinterface_ln0' <Predicate = true> <Delay = 0.00>
ST_3 : Operation 66 [1/2] (0.00ns)   --->   "%call_ln293 = call void @cluster_sort_build_tower_stream, i16 %tower_in, i12 %em_seed_threshold_read, i20 %em_cluster_threshold_read, i12 %jet_seed_threshold_read, i20 %jet_cluster_threshold_read, i89 %em_objects_0, i89 %em_objects_1, i89 %em_objects_2, i89 %em_objects_3, i89 %em_objects_4, i89 %em_objects_5, i89 %em_objects_6, i89 %em_objects_7, i89 %jet_objects_0, i89 %jet_objects_1, i89 %jet_objects_2, i89 %jet_objects_3, i89 %jet_objects_4, i89 %jet_objects_5, i89 %jet_objects_6, i89 %jet_objects_7, i24 %ht, i32 %num_em_clusters, i32 %num_jet_clusters" [calorimeter.cpp:293]   --->   Operation 66 'call' 'call_ln293' <Predicate = true> <Delay = 0.00> <CoreType = "Generic">   --->   Core 0 '' <Latency = 0> <II = 1> <Delay = 1.00> <Generic> <Opcode : >
ST_3 : Operation 67 [1/1] (0.00ns)   --->   "%ret_ln303 = ret" [calorimeter.cpp:303]   --->   Operation 67 'ret' 'ret_ln303' <Predicate = true> <Delay = 0.00>


============================================================
+ Verbose Summary: Binding
============================================================
STG Binding: 
---------------- STG Properties BEGIN ----------------
- Is combinational: 0
- Is one-state seq: 0
- Is datapath-only: 0
- Is pipelined: 0
- Is top level: 1
Port [ Return ] is wired: 1; IO mode=ap_ctrl_hs:ce=0
Port [ tower_in]:  wired=1; compound=1; hidden=0; nouse=0; global=0; static=0; extern=0; dir=0; type=0; pingpong=0; private_global=0; IO mode=axis:ce=0
Port [ em_seed_threshold]:  wired=1; compound=0; hidden=0; nouse=0; global=0; static=0; extern=0; dir=0; type=0; pingpong=0; private_global=0; IO mode=ap_none:ce=0
Port [ em_cluster_threshold]:  wired=1; compound=0; hidden=0; nouse=0; global=0; static=0; extern=0; dir=0; type=0; pingpong=0; private_global=0; IO mode=ap_none:ce=0
Port [ jet_seed_threshold]:  wired=1; compound=0; hidden=0; nouse=0; global=0; static=0; extern=0; dir=0; type=0; pingpong=0; private_global=0; IO mode=ap_none:ce=0
Port [ jet_cluster_threshold]:  wired=1; compound=0; hidden=0; nouse=0; global=0; static=0; extern=0; dir=0; type=0; pingpong=0; private_global=0; IO mode=ap_none:ce=0
Port [ em_objects_0]:  wired=1; compound=0; hidden=0; nouse=0; global=0; static=0; extern=0; dir=1; type=0; pingpong=0; private_global=0; IO mode=ap_vld:ce=0
Port [ em_objects_1]:  wired=1; compound=0; hidden=0; nouse=0; global=0; static=0; extern=0; dir=1; type=0; pingpong=0; private_global=0; IO mode=ap_vld:ce=0
Port [ em_objects_2]:  wired=1; compound=0; hidden=0; nouse=0; global=0; static=0; extern=0; dir=1; type=0; pingpong=0; private_global=0; IO mode=ap_vld:ce=0
Port [ em_objects_3]:  wired=1; compound=0; hidden=0; nouse=0; global=0; static=0; extern=0; dir=1; type=0; pingpong=0; private_global=0; IO mode=ap_vld:ce=0
Port [ em_objects_4]:  wired=1; compound=0; hidden=0; nouse=0; global=0; static=0; extern=0; dir=1; type=0; pingpong=0; private_global=0; IO mode=ap_vld:ce=0
Port [ em_objects_5]:  wired=1; compound=0; hidden=0; nouse=0; global=0; static=0; extern=0; dir=1; type=0; pingpong=0; private_global=0; IO mode=ap_vld:ce=0
Port [ em_objects_6]:  wired=1; compound=0; hidden=0; nouse=0; global=0; static=0; extern=0; dir=1; type=0; pingpong=0; private_global=0; IO mode=ap_vld:ce=0
Port [ em_objects_7]:  wired=1; compound=0; hidden=0; nouse=0; global=0; static=0; extern=0; dir=1; type=0; pingpong=0; private_global=0; IO mode=ap_vld:ce=0
Port [ jet_objects_0]:  wired=1; compound=0; hidden=0; nouse=0; global=0; static=0; extern=0; dir=1; type=0; pingpong=0; private_global=0; IO mode=ap_vld:ce=0
Port [ jet_objects_1]:  wired=1; compound=0; hidden=0; nouse=0; global=0; static=0; extern=0; dir=1; type=0; pingpong=0; private_global=0; IO mode=ap_vld:ce=0
Port [ jet_objects_2]:  wired=1; compound=0; hidden=0; nouse=0; global=0; static=0; extern=0; dir=1; type=0; pingpong=0; private_global=0; IO mode=ap_vld:ce=0
Port [ jet_objects_3]:  wired=1; compound=0; hidden=0; nouse=0; global=0; static=0; extern=0; dir=1; type=0; pingpong=0; private_global=0; IO mode=ap_vld:ce=0
Port [ jet_objects_4]:  wired=1; compound=0; hidden=0; nouse=0; global=0; static=0; extern=0; dir=1; type=0; pingpong=0; private_global=0; IO mode=ap_vld:ce=0
Port [ jet_objects_5]:  wired=1; compound=0; hidden=0; nouse=0; global=0; static=0; extern=0; dir=1; type=0; pingpong=0; private_global=0; IO mode=ap_vld:ce=0
Port [ jet_objects_6]:  wired=1; compound=0; hidden=0; nouse=0; global=0; static=0; extern=0; dir=1; type=0; pingpong=0; private_global=0; IO mode=ap_vld:ce=0
Port [ jet_objects_7]:  wired=1; compound=0; hidden=0; nouse=0; global=0; static=0; extern=0; dir=1; type=0; pingpong=0; private_global=0; IO mode=ap_vld:ce=0
Port [ ht]:  wired=1; compound=0; hidden=0; nouse=0; global=0; static=0; extern=0; dir=1; type=0; pingpong=0; private_global=0; IO mode=ap_vld:ce=0
Port [ num_em_clusters]:  wired=1; compound=0; hidden=0; nouse=0; global=0; static=0; extern=0; dir=1; type=0; pingpong=0; private_global=0; IO mode=ap_vld:ce=0
Port [ num_jet_clusters]:  wired=1; compound=0; hidden=0; nouse=0; global=0; static=0; extern=0; dir=1; type=0; pingpong=0; private_global=0; IO mode=ap_vld:ce=0
---------------- STG Properties END ------------------

---------------- Datapath Model BEGIN ----------------

<LifeTime>
<method=bitvector/>
jet_cluster_threshold_read (read         ) [ 0001]
jet_seed_threshold_read    (read         ) [ 0001]
em_cluster_threshold_read  (read         ) [ 0001]
em_seed_threshold_read     (read         ) [ 0001]
spectopmodule_ln267        (spectopmodule) [ 0000]
specinterface_ln0          (specinterface) [ 0000]
specbitsmap_ln0            (specbitsmap  ) [ 0000]
specbitsmap_ln0            (specbitsmap  ) [ 0000]
specinterface_ln0          (specinterface) [ 0000]
specinterface_ln0          (specinterface) [ 0000]
specbitsmap_ln0            (specbitsmap  ) [ 0000]
specinterface_ln0          (specinterface) [ 0000]
specinterface_ln0          (specinterface) [ 0000]
specbitsmap_ln0            (specbitsmap  ) [ 0000]
specinterface_ln0          (specinterface) [ 0000]
specinterface_ln0          (specinterface) [ 0000]
specbitsmap_ln0            (specbitsmap  ) [ 0000]
specinterface_ln0          (specinterface) [ 0000]
specinterface_ln0          (specinterface) [ 0000]
specbitsmap_ln0            (specbitsmap  ) [ 0000]
specinterface_ln0          (specinterface) [ 0000]
specbitsmap_ln0            (specbitsmap  ) [ 0000]
specinterface_ln0          (specinterface) [ 0000]
specbitsmap_ln0            (specbitsmap  ) [ 0000]
specinterface_ln0          (specinterface) [ 0000]
specbitsmap_ln0            (specbitsmap  ) [ 0000]
specinterface_ln0          (specinterface) [ 0000]
specbitsmap_ln0            (specbitsmap  ) [ 0000]
specinterface_ln0          (specinterface) [ 0000]
specbitsmap_ln0            (specbitsmap  ) [ 0000]
specinterface_ln0          (specinterface) [ 0000]
specbitsmap_ln0            (specbitsmap  ) [ 0000]
specinterface_ln0          (specinterface) [ 0000]
specbitsmap_ln0            (specbitsmap  ) [ 0000]
specinterface_ln0          (specinterface) [ 0000]
specbitsmap_ln0            (specbitsmap  ) [ 0000]
specinterface_ln0          (specinterface) [ 0000]
specbitsmap_ln0            (specbitsmap  ) [ 0000]
specinterface_ln0          (specinterface) [ 0000]
specbitsmap_ln0            (specbitsmap  ) [ 0000]
specinterface_ln0          (specinterface) [ 0000]
specbitsmap_ln0            (specbitsmap  ) [ 0000]
specinterface_ln0          (specinterface) [ 0000]
specbitsmap_ln0            (specbitsmap  ) [ 0000]
specinterface_ln0          (specinterface) [ 0000]
specbitsmap_ln0            (specbitsmap  ) [ 0000]
specinterface_ln0          (specinterface) [ 0000]
specbitsmap_ln0            (specbitsmap  ) [ 0000]
specinterface_ln0          (specinterface) [ 0000]
specbitsmap_ln0            (specbitsmap  ) [ 0000]
specinterface_ln0          (specinterface) [ 0000]
specbitsmap_ln0            (specbitsmap  ) [ 0000]
specinterface_ln0          (specinterface) [ 0000]
specinterface_ln0          (specinterface) [ 0000]
specbitsmap_ln0            (specbitsmap  ) [ 0000]
specinterface_ln0          (specinterface) [ 0000]
specinterface_ln0          (specinterface) [ 0000]
specbitsmap_ln0            (specbitsmap  ) [ 0000]
specinterface_ln0          (specinterface) [ 0000]
specinterface_ln0          (specinterface) [ 0000]
specinterface_ln0          (specinterface) [ 0000]
call_ln293                 (call         ) [ 0000]
ret_ln303                  (ret          ) [ 0000]
</LifeTime>

<model>

<comp_list>
<comp id="0" class="1000" name="tower_in">
<pin_list>
<pin id="1" dir="1" index="0" bw="1" slack="0"/>
</pin_list>
<bind>
<StgValue><ssdm name="tower_in"/></StgValue>
</bind>
</comp>

<comp id="2" class="1000" name="em_seed_threshold">
<pin_list>
<pin id="3" dir="1" index="0" bw="1" slack="0"/>
</pin_list>
<bind>
<StgValue><ssdm name="em_seed_threshold"/></StgValue>
</bind>
</comp>

<comp id="4" class="1000" name="em_cluster_threshold">
<pin_list>
<pin id="5" dir="1" index="0" bw="1" slack="0"/>
</pin_list>
<bind>
<StgValue><ssdm name="em_cluster_threshold"/></StgValue>
</bind>
</comp>

<comp id="6" class="1000" name="jet_seed_threshold">
<pin_list>
<pin id="7" dir="1" index="0" bw="1" slack="0"/>
</pin_list>
<bind>
<StgValue><ssdm name="jet_seed_threshold"/></StgValue>
</bind>
</comp>

<comp id="8" class="1000" name="jet_cluster_threshold">
<pin_list>
<pin id="9" dir="1" index="0" bw="1" slack="0"/>
</pin_list>
<bind>
<StgValue><ssdm name="jet_cluster_threshold"/></StgValue>
</bind>
</comp>

<comp id="10" class="1000" name="em_objects_0">
<pin_list>
<pin id="11" dir="1" index="0" bw="1" slack="0"/>
</pin_list>
<bind>
<StgValue><ssdm name="em_objects_0"/></StgValue>
</bind>
</comp>

<comp id="12" class="1000" name="em_objects_1">
<pin_list>
<pin id="13" dir="1" index="0" bw="1" slack="0"/>
</pin_list>
<bind>
<StgValue><ssdm name="em_objects_1"/></StgValue>
</bind>
</comp>

<comp id="14" class="1000" name="em_objects_2">
<pin_list>
<pin id="15" dir="1" index="0" bw="1" slack="0"/>
</pin_list>
<bind>
<StgValue><ssdm name="em_objects_2"/></StgValue>
</bind>
</comp>

<comp id="16" class="1000" name="em_objects_3">
<pin_list>
<pin id="17" dir="1" index="0" bw="1" slack="0"/>
</pin_list>
<bind>
<StgValue><ssdm name="em_objects_3"/></StgValue>
</bind>
</comp>

<comp id="18" class="1000" name="em_objects_4">
<pin_list>
<pin id="19" dir="1" index="0" bw="1" slack="0"/>
</pin_list>
<bind>
<StgValue><ssdm name="em_objects_4"/></StgValue>
</bind>
</comp>

<comp id="20" class="1000" name="em_objects_5">
<pin_list>
<pin id="21" dir="1" index="0" bw="1" slack="0"/>
</pin_list>
<bind>
<StgValue><ssdm name="em_objects_5"/></StgValue>
</bind>
</comp>

<comp id="22" class="1000" name="em_objects_6">
<pin_list>
<pin id="23" dir="1" index="0" bw="1" slack="0"/>
</pin_list>
<bind>
<StgValue><ssdm name="em_objects_6"/></StgValue>
</bind>
</comp>

<comp id="24" class="1000" name="em_objects_7">
<pin_list>
<pin id="25" dir="1" index="0" bw="1" slack="0"/>
</pin_list>
<bind>
<StgValue><ssdm name="em_objects_7"/></StgValue>
</bind>
</comp>

<comp id="26" class="1000" name="jet_objects_0">
<pin_list>
<pin id="27" dir="1" index="0" bw="1" slack="0"/>
</pin_list>
<bind>
<StgValue><ssdm name="jet_objects_0"/></StgValue>
</bind>
</comp>

<comp id="28" class="1000" name="jet_objects_1">
<pin_list>
<pin id="29" dir="1" index="0" bw="1" slack="0"/>
</pin_list>
<bind>
<StgValue><ssdm name="jet_objects_1"/></StgValue>
</bind>
</comp>

<comp id="30" class="1000" name="jet_objects_2">
<pin_list>
<pin id="31" dir="1" index="0" bw="1" slack="0"/>
</pin_list>
<bind>
<StgValue><ssdm name="jet_objects_2"/></StgValue>
</bind>
</comp>

<comp id="32" class="1000" name="jet_objects_3">
<pin_list>
<pin id="33" dir="1" index="0" bw="1" slack="0"/>
</pin_list>
<bind>
<StgValue><ssdm name="jet_objects_3"/></StgValue>
</bind>
</comp>

<comp id="34" class="1000" name="jet_objects_4">
<pin_list>
<pin id="35" dir="1" index="0" bw="1" slack="0"/>
</pin_list>
<bind>
<StgValue><ssdm name="jet_objects_4"/></StgValue>
</bind>
</comp>

<comp id="36" class="1000" name="jet_objects_5">
<pin_list>
<pin id="37" dir="1" index="0" bw="1" slack="0"/>
</pin_list>
<bind>
<StgValue><ssdm name="jet_objects_5"/></StgValue>
</bind>
</comp>

<comp id="38" class="1000" name="jet_objects_6">
<pin_list>
<pin id="39" dir="1" index="0" bw="1" slack="0"/>
</pin_list>
<bind>
<StgValue><ssdm name="jet_objects_6"/></StgValue>
</bind>
</comp>

<comp id="40" class="1000" name="jet_objects_7">
<pin_list>
<pin id="41" dir="1" index="0" bw="1" slack="0"/>
</pin_list>
<bind>
<StgValue><ssdm name="jet_objects_7"/></StgValue>
</bind>
</comp>

<comp id="42" class="1000" name="ht">
<pin_list>
<pin id="43" dir="1" index="0" bw="1" slack="0"/>
</pin_list>
<bind>
<StgValue><ssdm name="ht"/></StgValue>
</bind>
</comp>

<comp id="44" class="1000" name="num_em_clusters">
<pin_list>
<pin id="45" dir="1" index="0" bw="1" slack="0"/>
</pin_list>
<bind>
<StgValue><ssdm name="num_em_clusters"/></StgValue>
</bind>
</comp>

<comp id="46" class="1000" name="num_jet_clusters">
<pin_list>
<pin id="47" dir="1" index="0" bw="1" slack="0"/>
</pin_list>
<bind>
<StgValue><ssdm name="num_jet_clusters"/></StgValue>
</bind>
</comp>

<comp id="48" class="1001" name="const_48">
<pin_list>
<pin id="49" dir="1" index="0" bw="1" slack="0"/>
</pin_list>
<bind>
<StgValue><ssdm name="_ssdm_op_Read.s_axilite.i20"/></StgValue>
</bind>
</comp>

<comp id="50" class="1001" name="const_50">
<pin_list>
<pin id="51" dir="1" index="0" bw="1" slack="0"/>
</pin_list>
<bind>
<StgValue><ssdm name="_ssdm_op_Read.s_axilite.i12"/></StgValue>
</bind>
</comp>

<comp id="52" class="1001" name="const_52">
<pin_list>
<pin id="53" dir="1" index="0" bw="1" slack="0"/>
</pin_list>
<bind>
<StgValue><ssdm name="cluster_sort_build_tower_stream"/></StgValue>
</bind>
</comp>

<comp id="54" class="1001" name="const_54">
<pin_list>
<pin id="55" dir="1" index="0" bw="1" slack="2147483647"/>
</pin_list>
<bind>
<StgValue><ssdm name="_ssdm_op_SpecTopModule"/></StgValue>
</bind>
</comp>

<comp id="56" class="1001" name="const_56">
<pin_list>
<pin id="57" dir="1" index="0" bw="1" slack="2147483647"/>
</pin_list>
<bind>
<StgValue><ssdm name="empty_13"/></StgValue>
</bind>
</comp>

<comp id="58" class="1001" name="const_58">
<pin_list>
<pin id="59" dir="1" index="0" bw="1" slack="2147483647"/>
</pin_list>
<bind>
<StgValue><ssdm name="_ssdm_op_SpecInterface"/></StgValue>
</bind>
</comp>

<comp id="60" class="1001" name="const_60">
<pin_list>
<pin id="61" dir="1" index="0" bw="1" slack="2147483647"/>
</pin_list>
<bind>
<StgValue><ssdm name="empty_2"/></StgValue>
</bind>
</comp>

<comp id="62" class="1001" name="const_62">
<pin_list>
<pin id="63" dir="1" index="0" bw="1" slack="2147483647"/>
</pin_list>
<bind>
<StgValue><ssdm name=""/></StgValue>
</bind>
</comp>

<comp id="64" class="1001" name="const_64">
<pin_list>
<pin id="65" dir="1" index="0" bw="1" slack="2147483647"/>
</pin_list>
<bind>
<StgValue><ssdm name="empty_3"/></StgValue>
</bind>
</comp>

<comp id="66" class="1001" name="const_66">
<pin_list>
<pin id="67" dir="1" index="0" bw="1" slack="2147483647"/>
</pin_list>
<bind>
<StgValue><ssdm name=""/></StgValue>
</bind>
</comp>

<comp id="68" class="1001" name="const_68">
<pin_list>
<pin id="69" dir="1" index="0" bw="1" slack="2147483647"/>
</pin_list>
<bind>
<StgValue><ssdm name="empty_4"/></StgValue>
</bind>
</comp>

<comp id="70" class="1001" name="const_70">
<pin_list>
<pin id="71" dir="1" index="0" bw="1" slack="2147483647"/>
</pin_list>
<bind>
<StgValue><ssdm name=""/></StgValue>
</bind>
</comp>

<comp id="72" class="1001" name="const_72">
<pin_list>
<pin id="73" dir="1" index="0" bw="1" slack="2147483647"/>
</pin_list>
<bind>
<StgValue><ssdm name="_ssdm_op_SpecBitsMap"/></StgValue>
</bind>
</comp>

<comp id="74" class="1001" name="const_74">
<pin_list>
<pin id="75" dir="1" index="0" bw="1" slack="2147483647"/>
</pin_list>
<bind>
<StgValue><ssdm name="empty_5"/></StgValue>
</bind>
</comp>

<comp id="76" class="1001" name="const_76">
<pin_list>
<pin id="77" dir="1" index="0" bw="1" slack="2147483647"/>
</pin_list>
<bind>
<StgValue><ssdm name="empty_12"/></StgValue>
</bind>
</comp>

<comp id="78" class="1001" name="const_78">
<pin_list>
<pin id="79" dir="1" index="0" bw="1" slack="2147483647"/>
</pin_list>
<bind>
<StgValue><ssdm name="empty_6"/></StgValue>
</bind>
</comp>

<comp id="80" class="1001" name="const_80">
<pin_list>
<pin id="81" dir="1" index="0" bw="1" slack="2147483647"/>
</pin_list>
<bind>
<StgValue><ssdm name="empty"/></StgValue>
</bind>
</comp>

<comp id="82" class="1001" name="const_82">
<pin_list>
<pin id="83" dir="1" index="0" bw="1" slack="2147483647"/>
</pin_list>
<bind>
<StgValue><ssdm name="empty_11"/></StgValue>
</bind>
</comp>

<comp id="84" class="1001" name="const_84">
<pin_list>
<pin id="85" dir="1" index="0" bw="1" slack="2147483647"/>
</pin_list>
<bind>
<StgValue><ssdm name="empty_0"/></StgValue>
</bind>
</comp>

<comp id="86" class="1001" name="const_86">
<pin_list>
<pin id="87" dir="1" index="0" bw="1" slack="2147483647"/>
</pin_list>
<bind>
<StgValue><ssdm name="empty_1"/></StgValue>
</bind>
</comp>

<comp id="88" class="1001" name="const_88">
<pin_list>
<pin id="89" dir="1" index="0" bw="1" slack="2147483647"/>
</pin_list>
<bind>
<StgValue><ssdm name="empty_17"/></StgValue>
</bind>
</comp>

<comp id="90" class="1001" name="const_90">
<pin_list>
<pin id="91" dir="1" index="0" bw="1" slack="2147483647"/>
</pin_list>
<bind>
<StgValue><ssdm name="empty_18"/></StgValue>
</bind>
</comp>

<comp id="92" class="1001" name="const_92">
<pin_list>
<pin id="93" dir="1" index="0" bw="1" slack="2147483647"/>
</pin_list>
<bind>
<StgValue><ssdm name="empty_7"/></StgValue>
</bind>
</comp>

<comp id="94" class="1004" name="jet_cluster_threshold_read_read_fu_94">
<pin_list>
<pin id="95" dir="0" index="0" bw="20" slack="0"/>
<pin id="96" dir="0" index="1" bw="20" slack="0"/>
<pin id="97" dir="1" index="2" bw="20" slack="0"/>
</pin_list>
<bind>
<opcode="read(1150) " fcode="read"/>
<opset="jet_cluster_threshold_read/2 "/>
</bind>
</comp>

<comp id="100" class="1004" name="jet_seed_threshold_read_read_fu_100">
<pin_list>
<pin id="101" dir="0" index="0" bw="12" slack="0"/>
<pin id="102" dir="0" index="1" bw="12" slack="0"/>
<pin id="103" dir="1" index="2" bw="12" slack="0"/>
</pin_list>
<bind>
<opcode="read(1150) " fcode="read"/>
<opset="jet_seed_threshold_read/2 "/>
</bind>
</comp>

<comp id="106" class="1004" name="em_cluster_threshold_read_read_fu_106">
<pin_list>
<pin id="107" dir="0" index="0" bw="20" slack="0"/>
<pin id="108" dir="0" index="1" bw="20" slack="0"/>
<pin id="109" dir="1" index="2" bw="20" slack="0"/>
</pin_list>
<bind>
<opcode="read(1150) " fcode="read"/>
<opset="em_cluster_threshold_read/2 "/>
</bind>
</comp>

<comp id="112" class="1004" name="em_seed_threshold_read_read_fu_112">
<pin_list>
<pin id="113" dir="0" index="0" bw="12" slack="0"/>
<pin id="114" dir="0" index="1" bw="12" slack="0"/>
<pin id="115" dir="1" index="2" bw="12" slack="0"/>
</pin_list>
<bind>
<opcode="read(1150) " fcode="read"/>
<opset="em_seed_threshold_read/2 "/>
</bind>
</comp>

<comp id="118" class="1004" name="grp_cluster_sort_build_tower_stream_fu_118">
<pin_list>
<pin id="119" dir="0" index="0" bw="0" slack="0"/>
<pin id="120" dir="0" index="1" bw="16" slack="0"/>
<pin id="121" dir="0" index="2" bw="12" slack="0"/>
<pin id="122" dir="0" index="3" bw="20" slack="0"/>
<pin id="123" dir="0" index="4" bw="12" slack="0"/>
<pin id="124" dir="0" index="5" bw="20" slack="0"/>
<pin id="125" dir="0" index="6" bw="89" slack="0"/>
<pin id="126" dir="0" index="7" bw="89" slack="0"/>
<pin id="127" dir="0" index="8" bw="89" slack="0"/>
<pin id="128" dir="0" index="9" bw="89" slack="0"/>
<pin id="129" dir="0" index="10" bw="89" slack="0"/>
<pin id="130" dir="0" index="11" bw="89" slack="0"/>
<pin id="131" dir="0" index="12" bw="89" slack="0"/>
<pin id="132" dir="0" index="13" bw="89" slack="0"/>
<pin id="133" dir="0" index="14" bw="89" slack="0"/>
<pin id="134" dir="0" index="15" bw="89" slack="0"/>
<pin id="135" dir="0" index="16" bw="89" slack="0"/>
<pin id="136" dir="0" index="17" bw="89" slack="0"/>
<pin id="137" dir="0" index="18" bw="89" slack="0"/>
<pin id="138" dir="0" index="19" bw="89" slack="0"/>
<pin id="139" dir="0" index="20" bw="89" slack="0"/>
<pin id="140" dir="0" index="21" bw="89" slack="0"/>
<pin id="141" dir="0" index="22" bw="24" slack="0"/>
<pin id="142" dir="0" index="23" bw="32" slack="0"/>
<pin id="143" dir="0" index="24" bw="32" slack="0"/>
<pin id="144" dir="1" index="25" bw="0" slack="2147483647"/>
</pin_list>
<bind>
<opcode="call(48) " fcode="call"/>
<opset="call_ln293/2 "/>
</bind>
</comp>

<comp id="170" class="1005" name="jet_cluster_threshold_read_reg_170">
<pin_list>
<pin id="171" dir="0" index="0" bw="20" slack="1"/>
<pin id="172" dir="1" index="1" bw="20" slack="1"/>
</pin_list>
<bind>
<opset="jet_cluster_threshold_read "/>
</bind>
</comp>

<comp id="175" class="1005" name="jet_seed_threshold_read_reg_175">
<pin_list>
<pin id="176" dir="0" index="0" bw="12" slack="1"/>
<pin id="177" dir="1" index="1" bw="12" slack="1"/>
</pin_list>
<bind>
<opset="jet_seed_threshold_read "/>
</bind>
</comp>

<comp id="180" class="1005" name="em_cluster_threshold_read_reg_180">
<pin_list>
<pin id="181" dir="0" index="0" bw="20" slack="1"/>
<pin id="182" dir="1" index="1" bw="20" slack="1"/>
</pin_list>
<bind>
<opset="em_cluster_threshold_read "/>
</bind>
</comp>

<comp id="185" class="1005" name="em_seed_threshold_read_reg_185">
<pin_list>
<pin id="186" dir="0" index="0" bw="12" slack="1"/>
<pin id="187" dir="1" index="1" bw="12" slack="1"/>
</pin_list>
<bind>
<opset="em_seed_threshold_read "/>
</bind>
</comp>

</comp_list>

<net_list>
<net id="98"><net_src comp="48" pin="0"/><net_sink comp="94" pin=0"/></net>

<net id="99"><net_src comp="8" pin="0"/><net_sink comp="94" pin=1"/></net>

<net id="104"><net_src comp="50" pin="0"/><net_sink comp="100" pin=0"/></net>

<net id="105"><net_src comp="6" pin="0"/><net_sink comp="100" pin=1"/></net>

<net id="110"><net_src comp="48" pin="0"/><net_sink comp="106" pin=0"/></net>

<net id="111"><net_src comp="4" pin="0"/><net_sink comp="106" pin=1"/></net>

<net id="116"><net_src comp="50" pin="0"/><net_sink comp="112" pin=0"/></net>

<net id="117"><net_src comp="2" pin="0"/><net_sink comp="112" pin=1"/></net>

<net id="145"><net_src comp="52" pin="0"/><net_sink comp="118" pin=0"/></net>

<net id="146"><net_src comp="0" pin="0"/><net_sink comp="118" pin=1"/></net>

<net id="147"><net_src comp="112" pin="2"/><net_sink comp="118" pin=2"/></net>

<net id="148"><net_src comp="106" pin="2"/><net_sink comp="118" pin=3"/></net>

<net id="149"><net_src comp="100" pin="2"/><net_sink comp="118" pin=4"/></net>

<net id="150"><net_src comp="94" pin="2"/><net_sink comp="118" pin=5"/></net>

<net id="151"><net_src comp="10" pin="0"/><net_sink comp="118" pin=6"/></net>

<net id="152"><net_src comp="12" pin="0"/><net_sink comp="118" pin=7"/></net>

<net id="153"><net_src comp="14" pin="0"/><net_sink comp="118" pin=8"/></net>

<net id="154"><net_src comp="16" pin="0"/><net_sink comp="118" pin=9"/></net>

<net id="155"><net_src comp="18" pin="0"/><net_sink comp="118" pin=10"/></net>

<net id="156"><net_src comp="20" pin="0"/><net_sink comp="118" pin=11"/></net>

<net id="157"><net_src comp="22" pin="0"/><net_sink comp="118" pin=12"/></net>

<net id="158"><net_src comp="24" pin="0"/><net_sink comp="118" pin=13"/></net>

<net id="159"><net_src comp="26" pin="0"/><net_sink comp="118" pin=14"/></net>

<net id="160"><net_src comp="28" pin="0"/><net_sink comp="118" pin=15"/></net>

<net id="161"><net_src comp="30" pin="0"/><net_sink comp="118" pin=16"/></net>

<net id="162"><net_src comp="32" pin="0"/><net_sink comp="118" pin=17"/></net>

<net id="163"><net_src comp="34" pin="0"/><net_sink comp="118" pin=18"/></net>

<net id="164"><net_src comp="36" pin="0"/><net_sink comp="118" pin=19"/></net>

<net id="165"><net_src comp="38" pin="0"/><net_sink comp="118" pin=20"/></net>

<net id="166"><net_src comp="40" pin="0"/><net_sink comp="118" pin=21"/></net>

<net id="167"><net_src comp="42" pin="0"/><net_sink comp="118" pin=22"/></net>

<net id="168"><net_src comp="44" pin="0"/><net_sink comp="118" pin=23"/></net>

<net id="169"><net_src comp="46" pin="0"/><net_sink comp="118" pin=24"/></net>

<net id="173"><net_src comp="94" pin="2"/><net_sink comp="170" pin=0"/></net>

<net id="174"><net_src comp="170" pin="1"/><net_sink comp="118" pin=5"/></net>

<net id="178"><net_src comp="100" pin="2"/><net_sink comp="175" pin=0"/></net>

<net id="179"><net_src comp="175" pin="1"/><net_sink comp="118" pin=4"/></net>

<net id="183"><net_src comp="106" pin="2"/><net_sink comp="180" pin=0"/></net>

<net id="184"><net_src comp="180" pin="1"/><net_sink comp="118" pin=3"/></net>

<net id="188"><net_src comp="112" pin="2"/><net_sink comp="185" pin=0"/></net>

<net id="189"><net_src comp="185" pin="1"/><net_sink comp="118" pin=2"/></net>

</net_list>

</model> 
---------------- Datapath Model END ------------------

* FSMD analyzer results:
  - Output states:
	Port: em_objects_0 | {2 3 }
	Port: em_objects_1 | {2 3 }
	Port: em_objects_2 | {2 3 }
	Port: em_objects_3 | {2 3 }
	Port: em_objects_4 | {2 3 }
	Port: em_objects_5 | {2 3 }
	Port: em_objects_6 | {2 3 }
	Port: em_objects_7 | {2 3 }
	Port: jet_objects_0 | {2 3 }
	Port: jet_objects_1 | {2 3 }
	Port: jet_objects_2 | {2 3 }
	Port: jet_objects_3 | {2 3 }
	Port: jet_objects_4 | {2 3 }
	Port: jet_objects_5 | {2 3 }
	Port: jet_objects_6 | {2 3 }
	Port: jet_objects_7 | {2 3 }
	Port: ht | {2 3 }
	Port: num_em_clusters | {2 3 }
	Port: num_jet_clusters | {2 3 }
 - Input state : 
	Port: calo_trigger_tower_stream_ref : tower_in | {2 3 }
	Port: calo_trigger_tower_stream_ref : em_seed_threshold | {2 }
	Port: calo_trigger_tower_stream_ref : em_cluster_threshold | {2 }
	Port: calo_trigger_tower_stream_ref : jet_seed_threshold | {2 }
	Port: calo_trigger_tower_stream_ref : jet_cluster_threshold | {2 }
  - Chain level:
	State 1
	State 2
	State 3


============================================================
+ Verbose Summary: Datapath Resource usage 
============================================================

* Functional unit list:
|----------|--------------------------------------------|---------|---------|---------|---------|---------|
| Operation|               Functional Unit              |   BRAM  |  Delay  |    FF   |   LUT   |   URAM  |
|----------|--------------------------------------------|---------|---------|---------|---------|---------|
|   call   | grp_cluster_sort_build_tower_stream_fu_118 |    0    | 35.6113 |   3634  |  10949  |    0    |
|----------|--------------------------------------------|---------|---------|---------|---------|---------|
|          |    jet_cluster_threshold_read_read_fu_94   |    0    |    0    |    0    |    0    |    0    |
|   read   |     jet_seed_threshold_read_read_fu_100    |    0    |    0    |    0    |    0    |    0    |
|          |    em_cluster_threshold_read_read_fu_106   |    0    |    0    |    0    |    0    |    0    |
|          |     em_seed_threshold_read_read_fu_112     |    0    |    0    |    0    |    0    |    0    |
|----------|--------------------------------------------|---------|---------|---------|---------|---------|
|   Total  |                                            |    0    | 35.6113 |   3634  |  10949  |    0    |
|----------|--------------------------------------------|---------|---------|---------|---------|---------|

Memories:
N/A

* Register list:
+----------------------------------+--------+
|                                  |   FF   |
+----------------------------------+--------+
| em_cluster_threshold_read_reg_180|   20   |
|  em_seed_threshold_read_reg_185  |   12   |
|jet_cluster_threshold_read_reg_170|   20   |
|  jet_seed_threshold_read_reg_175 |   12   |
+----------------------------------+--------+
|               Total              |   64   |
+----------------------------------+--------+

* Multiplexer (MUX) list: 
|--------------------------------------------|------|------|------|--------||---------||---------||---------|
|                    Comp                    |  Pin | Size |  BW  | S x BW ||  Delay  ||    FF   ||   LUT   |
|--------------------------------------------|------|------|------|--------||---------||---------||---------|
| grp_cluster_sort_build_tower_stream_fu_118 |  p2  |   2  |  12  |   24   ||    0    ||    9    |
| grp_cluster_sort_build_tower_stream_fu_118 |  p3  |   2  |  20  |   40   ||    0    ||    9    |
| grp_cluster_sort_build_tower_stream_fu_118 |  p4  |   2  |  12  |   24   ||    0    ||    9    |
| grp_cluster_sort_build_tower_stream_fu_118 |  p5  |   2  |  20  |   40   ||    0    ||    9    |
|--------------------------------------------|------|------|------|--------||---------||---------||---------|
|                    Total                   |      |      |      |   128  ||  1.548  ||    0    ||    36   |
|--------------------------------------------|------|------|------|--------||---------||---------||---------|



* Summary:
+-----------+--------+--------+--------+--------+--------+
|           |  BRAM  |  Delay |   FF   |   LUT  |  URAM  |
+-----------+--------+--------+--------+--------+--------+
|  Function |    0   |   35   |  3634  |  10949 |    0   |
|   Memory  |    -   |    -   |    -   |    -   |    -   |
|Multiplexer|    -   |    1   |    0   |   36   |    -   |
|  Register |    -   |    -   |   64   |    -   |    -   |
+-----------+--------+--------+--------+--------+--------+
|   Total   |    0   |   37   |  3698  |  10985 |    0   |
+-----------+--------+--------+--------+--------+--------+
