

================================================================
== Vitis HLS Report for 'produce_em_jet_cluster_stream_from_towers_Pipeline_VITIS_LOOP_486_2'
================================================================
* Date:           Tue May 12 23:41:51 2026

* Version:        2024.1 (Build 5069499 on May 21 2024)
* Project:        calorimeter
* Solution:       solution1 (Vivado IP Flow Target)
* Product family: virtexuplus
* Target device:  xcvu13p-fsga2577-2-e


================================================================
== Performance Estimates
================================================================
+ Timing: 
    * Summary: 
    +--------+----------+----------+------------+
    |  Clock |  Target  | Estimated| Uncertainty|
    +--------+----------+----------+------------+
    |ap_clk  |  25.00 ns|  2.392 ns|     6.75 ns|
    +--------+----------+----------+------------+

+ Latency: 
    * Summary: 
    +---------+---------+----------+----------+-----+-----+-----------------------------------------------+
    |  Latency (cycles) |  Latency (absolute) |  Interval |                    Pipeline                   |
    |   min   |   max   |    min   |    max   | min | max |                      Type                     |
    +---------+---------+----------+----------+-----+-----+-----------------------------------------------+
    |       62|       62|  1.550 us|  1.550 us|   61|   61|  loop auto-rewind stp(delay=0 clock cycles(s))|
    +---------+---------+----------+----------+-----+-----+-----------------------------------------------+

    + Detail: 
        * Instance: 
        N/A

        * Loop: 
        +--------------------+---------+---------+----------+-----------+-----------+------+----------+
        |                    |  Latency (cycles) | Iteration|  Initiation Interval  | Trip |          |
        |      Loop Name     |   min   |   max   |  Latency |  achieved |   target  | Count| Pipelined|
        +--------------------+---------+---------+----------+-----------+-----------+------+----------+
        |- VITIS_LOOP_486_2  |       60|       60|         1|          1|          1|    60|       yes|
        +--------------------+---------+---------+----------+-----------+-----------+------+----------+

============================================================
+ Verbose Summary: Synthesis Manager
============================================================
InlineROM: 1
ExposeGlobal: 0
============================================================
+ Verbose Summary: CDFG Model
============================================================
IsTopModel: 0
ResetActiveHigh: 1
IsCombinational: 0
IsDatapathOnly: 0
HasWiredReturn: 1
HasMFsm: 2
HasVarLatency: 1
IsPipeline: 0
IsRtlPipelined: 0
IsInstanceOverlapped: 0
IsDontTouch: 0
HasImplIP: 0
IsGatedGlobalClock: 0

+ Individual pipeline summary: 
  * Pipeline-0: initiation interval (II) = 1, depth = 1


============================================================
+ Verbose Summary: Schedule
============================================================
* Number of FSM states : 1
* Pipeline : 1
  Pipeline-0 : II = 1, D = 1, States = { 1 }
* Dataflow Pipeline: 0

* FSM state transitions: 
1 --> 

* FSM state operations: 

State 1 <SV = 0> <Delay = 2.39>
ST_1 : Operation 4 [1/1] (0.00ns)   --->   "%local_ht_1 = alloca i32 1" [calorimeter.cpp:479]   --->   Operation 4 'alloca' 'local_ht_1' <Predicate = true> <Delay = 0.00>
ST_1 : Operation 5 [1/1] (0.00ns)   --->   "%phi = alloca i32 1" [calorimeter.cpp:486]   --->   Operation 5 'alloca' 'phi' <Predicate = true> <Delay = 0.00>
ST_1 : Operation 6 [1/1] (0.00ns)   --->   "%specinterface_ln0 = specinterface void @_ssdm_op_SpecInterface, i16 %tower_in, void @empty_2, i32 0, i32 0, void @empty_3, i32 0, i32 0, void @empty_4, void @empty_4, void @empty_4, i32 0, i32 0, i32 0, i32 0, void @empty_4, void @empty_4, i32 4294967295, i32 0, i32 0"   --->   Operation 6 'specinterface' 'specinterface_ln0' <Predicate = true> <Delay = 0.00>
ST_1 : Operation 7 [1/1] (0.00ns)   --->   "%tmp = read i1 @_ssdm_op_Read.ap_auto.i1, i1 %empty"   --->   Operation 7 'read' 'tmp' <Predicate = true> <Delay = 0.00>
ST_1 : Operation 8 [1/1] (0.00ns)   --->   "%tmp_16 = read i3 @_ssdm_op_Read.ap_auto.i3, i3 %empty_25"   --->   Operation 8 'read' 'tmp_16' <Predicate = true> <Delay = 0.00>
ST_1 : Operation 9 [1/1] (0.00ns)   --->   "%local_ht_read = read i24 @_ssdm_op_Read.ap_auto.i24, i24 %local_ht"   --->   Operation 9 'read' 'local_ht_read' <Predicate = true> <Delay = 0.00>
ST_1 : Operation 10 [1/1] (0.38ns)   --->   "%store_ln486 = store i6 0, i6 %phi" [calorimeter.cpp:486]   --->   Operation 10 'store' 'store_ln486' <Predicate = true> <Delay = 0.38>
ST_1 : Operation 11 [1/1] (0.38ns)   --->   "%store_ln479 = store i24 %local_ht_read, i24 %local_ht_1" [calorimeter.cpp:479]   --->   Operation 11 'store' 'store_ln479' <Predicate = true> <Delay = 0.38>
ST_1 : Operation 12 [1/1] (0.00ns)   --->   "%br_ln486 = br void %for.inc" [calorimeter.cpp:486]   --->   Operation 12 'br' 'br_ln486' <Predicate = true> <Delay = 0.00>
ST_1 : Operation 13 [1/1] (0.00ns)   --->   "%phi_1 = load i6 %phi" [calorimeter.cpp:486]   --->   Operation 13 'load' 'phi_1' <Predicate = true> <Delay = 0.00>
ST_1 : Operation 14 [1/1] (0.70ns)   --->   "%icmp_ln486 = icmp_eq  i6 %phi_1, i6 60" [calorimeter.cpp:486]   --->   Operation 14 'icmp' 'icmp_ln486' <Predicate = true> <Delay = 0.70> <CoreInst = "Cmp">   --->   Core 9 'Cmp' <Latency = 0> <II = 1> <Delay = 0.70> <FuncUnit> <Opcode : 'seteq' 'setne' 'setle' 'setge' 'setlt' 'setgt'> <InPorts = 2> <OutPorts = 1>
ST_1 : Operation 15 [1/1] (0.70ns)   --->   "%add_ln486 = add i6 %phi_1, i6 1" [calorimeter.cpp:486]   --->   Operation 15 'add' 'add_ln486' <Predicate = true> <Delay = 0.70> <CoreInst = "Adder">   --->   Core 1 'Adder' <Latency = 0> <II = 1> <Delay = 0.70> <FuncUnit> <Opcode : 'add' 'sub'> <InPorts = 2> <OutPorts = 1>
ST_1 : Operation 16 [1/1] (0.00ns)   --->   "%br_ln486 = br i1 %icmp_ln486, void %for.inc.split, void %for.end.exitStub" [calorimeter.cpp:486]   --->   Operation 16 'br' 'br_ln486' <Predicate = true> <Delay = 0.00>
ST_1 : Operation 17 [1/1] (0.00ns)   --->   "%local_ht_1_load = load i24 %local_ht_1" [calorimeter.cpp:490]   --->   Operation 17 'load' 'local_ht_1_load' <Predicate = (!icmp_ln486)> <Delay = 0.00>
ST_1 : Operation 18 [1/1] (0.00ns)   --->   "%zext_ln486 = zext i6 %phi_1" [calorimeter.cpp:486]   --->   Operation 18 'zext' 'zext_ln486' <Predicate = (!icmp_ln486)> <Delay = 0.00>
ST_1 : Operation 19 [1/1] (0.00ns)   --->   "%specpipeline_ln487 = specpipeline void @_ssdm_op_SpecPipeline, i32 1, i32 0, i32 0, i32 0, void @empty_4" [calorimeter.cpp:487]   --->   Operation 19 'specpipeline' 'specpipeline_ln487' <Predicate = (!icmp_ln486)> <Delay = 0.00>
ST_1 : Operation 20 [1/1] (0.00ns)   --->   "%speclooptripcount_ln479 = speclooptripcount void @_ssdm_op_SpecLoopTripCount, i64 60, i64 60, i64 60" [calorimeter.cpp:479]   --->   Operation 20 'speclooptripcount' 'speclooptripcount_ln479' <Predicate = (!icmp_ln486)> <Delay = 0.00>
ST_1 : Operation 21 [1/1] (0.00ns)   --->   "%specloopname_ln486 = specloopname void @_ssdm_op_SpecLoopName, void @empty_14" [calorimeter.cpp:486]   --->   Operation 21 'specloopname' 'specloopname_ln486' <Predicate = (!icmp_ln486)> <Delay = 0.00>
ST_1 : Operation 22 [1/1] (0.07ns)   --->   "%tower_in_read = read i16 @_ssdm_op_Read.axis.volatile.i16P128A, i16 %tower_in" [calorimeter.cpp:489]   --->   Operation 22 'read' 'tower_in_read' <Predicate = (!icmp_ln486)> <Delay = 0.07> <CoreInst = "regslice">   --->   Core 148 'regslice' <Latency = 0> <II = 1> <Delay = 0.60> <Adapter> <Opcode : 'read' 'write'>
ST_1 : Operation 23 [1/1] (0.00ns)   --->   "%incoming = trunc i16 %tower_in_read" [calorimeter.cpp:489]   --->   Operation 23 'trunc' 'incoming' <Predicate = (!icmp_ln486)> <Delay = 0.00>
ST_1 : Operation 24 [1/1] (0.00ns)   --->   "%zext_ln490 = zext i12 %incoming" [calorimeter.cpp:490]   --->   Operation 24 'zext' 'zext_ln490' <Predicate = (!icmp_ln486)> <Delay = 0.00>
ST_1 : Operation 25 [1/1] (0.83ns)   --->   "%local_ht_2 = add i24 %zext_ln490, i24 %local_ht_1_load" [calorimeter.cpp:490]   --->   Operation 25 'add' 'local_ht_2' <Predicate = (!icmp_ln486)> <Delay = 0.83> <CoreInst = "Adder">   --->   Core 1 'Adder' <Latency = 0> <II = 1> <Delay = 0.83> <FuncUnit> <Opcode : 'add' 'sub'> <InPorts = 2> <OutPorts = 1>
ST_1 : Operation 26 [1/1] (0.00ns)   --->   "%linebuf_addr = getelementptr i12 %linebuf, i64 0, i64 %zext_ln486" [calorimeter.cpp:491]   --->   Operation 26 'getelementptr' 'linebuf_addr' <Predicate = (!icmp_ln486)> <Delay = 0.00>
ST_1 : Operation 27 [1/1] (0.00ns)   --->   "%linebuf_1_addr = getelementptr i12 %linebuf_1, i64 0, i64 %zext_ln486" [calorimeter.cpp:491]   --->   Operation 27 'getelementptr' 'linebuf_1_addr' <Predicate = (!icmp_ln486)> <Delay = 0.00>
ST_1 : Operation 28 [1/1] (0.00ns)   --->   "%linebuf_2_addr = getelementptr i12 %linebuf_2, i64 0, i64 %zext_ln486" [calorimeter.cpp:491]   --->   Operation 28 'getelementptr' 'linebuf_2_addr' <Predicate = (!icmp_ln486)> <Delay = 0.00>
ST_1 : Operation 29 [1/1] (0.00ns)   --->   "%linebuf_3_addr = getelementptr i12 %linebuf_3, i64 0, i64 %zext_ln486" [calorimeter.cpp:491]   --->   Operation 29 'getelementptr' 'linebuf_3_addr' <Predicate = (!icmp_ln486)> <Delay = 0.00>
ST_1 : Operation 30 [1/1] (0.00ns)   --->   "%linebuf_4_addr = getelementptr i12 %linebuf_4, i64 0, i64 %zext_ln486" [calorimeter.cpp:491]   --->   Operation 30 'getelementptr' 'linebuf_4_addr' <Predicate = (!icmp_ln486)> <Delay = 0.00>
ST_1 : Operation 31 [1/1] (0.00ns)   --->   "%linebuf_5_addr = getelementptr i12 %linebuf_5, i64 0, i64 %zext_ln486" [calorimeter.cpp:491]   --->   Operation 31 'getelementptr' 'linebuf_5_addr' <Predicate = (!icmp_ln486)> <Delay = 0.00>
ST_1 : Operation 32 [1/1] (0.00ns)   --->   "%linebuf_6_addr = getelementptr i12 %linebuf_6, i64 0, i64 %zext_ln486" [calorimeter.cpp:491]   --->   Operation 32 'getelementptr' 'linebuf_6_addr' <Predicate = (!icmp_ln486)> <Delay = 0.00>
ST_1 : Operation 33 [1/1] (0.67ns)   --->   "%switch_ln491 = switch i3 %tmp_16, void %arrayidx63.case.6, i3 0, void %arrayidx63.case.0, i3 1, void %arrayidx63.case.1, i3 2, void %arrayidx63.case.2, i3 3, void %arrayidx63.case.3, i3 4, void %arrayidx63.case.4, i3 5, void %arrayidx63.case.5" [calorimeter.cpp:491]   --->   Operation 33 'switch' 'switch_ln491' <Predicate = (!icmp_ln486)> <Delay = 0.67>
ST_1 : Operation 34 [1/1] (0.68ns)   --->   "%store_ln491 = store i12 %incoming, i6 %linebuf_5_addr" [calorimeter.cpp:491]   --->   Operation 34 'store' 'store_ln491' <Predicate = (!icmp_ln486 & tmp_16 == 5)> <Delay = 0.68> <CoreInst = "RAM_1WnR">   --->   Core 83 'RAM_1WnR' <Latency = 1> <II = 1> <Delay = 0.68> <Storage> <Opcode : 'load' 'store'> <Ports = 17> <Width = 12> <Depth = 60> <RAM>
ST_1 : Operation 35 [1/1] (0.00ns)   --->   "%br_ln491 = br void %arrayidx63.exit" [calorimeter.cpp:491]   --->   Operation 35 'br' 'br_ln491' <Predicate = (!icmp_ln486 & tmp_16 == 5)> <Delay = 0.00>
ST_1 : Operation 36 [1/1] (0.68ns)   --->   "%store_ln491 = store i12 %incoming, i6 %linebuf_4_addr" [calorimeter.cpp:491]   --->   Operation 36 'store' 'store_ln491' <Predicate = (!icmp_ln486 & tmp_16 == 4)> <Delay = 0.68> <CoreInst = "RAM_1WnR">   --->   Core 83 'RAM_1WnR' <Latency = 1> <II = 1> <Delay = 0.68> <Storage> <Opcode : 'load' 'store'> <Ports = 17> <Width = 12> <Depth = 60> <RAM>
ST_1 : Operation 37 [1/1] (0.00ns)   --->   "%br_ln491 = br void %arrayidx63.exit" [calorimeter.cpp:491]   --->   Operation 37 'br' 'br_ln491' <Predicate = (!icmp_ln486 & tmp_16 == 4)> <Delay = 0.00>
ST_1 : Operation 38 [1/1] (0.68ns)   --->   "%store_ln491 = store i12 %incoming, i6 %linebuf_3_addr" [calorimeter.cpp:491]   --->   Operation 38 'store' 'store_ln491' <Predicate = (!icmp_ln486 & tmp_16 == 3)> <Delay = 0.68> <CoreInst = "RAM_1WnR">   --->   Core 83 'RAM_1WnR' <Latency = 1> <II = 1> <Delay = 0.68> <Storage> <Opcode : 'load' 'store'> <Ports = 17> <Width = 12> <Depth = 60> <RAM>
ST_1 : Operation 39 [1/1] (0.00ns)   --->   "%br_ln491 = br void %arrayidx63.exit" [calorimeter.cpp:491]   --->   Operation 39 'br' 'br_ln491' <Predicate = (!icmp_ln486 & tmp_16 == 3)> <Delay = 0.00>
ST_1 : Operation 40 [1/1] (0.68ns)   --->   "%store_ln491 = store i12 %incoming, i6 %linebuf_2_addr" [calorimeter.cpp:491]   --->   Operation 40 'store' 'store_ln491' <Predicate = (!icmp_ln486 & tmp_16 == 2)> <Delay = 0.68> <CoreInst = "RAM_1WnR">   --->   Core 83 'RAM_1WnR' <Latency = 1> <II = 1> <Delay = 0.68> <Storage> <Opcode : 'load' 'store'> <Ports = 17> <Width = 12> <Depth = 60> <RAM>
ST_1 : Operation 41 [1/1] (0.00ns)   --->   "%br_ln491 = br void %arrayidx63.exit" [calorimeter.cpp:491]   --->   Operation 41 'br' 'br_ln491' <Predicate = (!icmp_ln486 & tmp_16 == 2)> <Delay = 0.00>
ST_1 : Operation 42 [1/1] (0.68ns)   --->   "%store_ln491 = store i12 %incoming, i6 %linebuf_1_addr" [calorimeter.cpp:491]   --->   Operation 42 'store' 'store_ln491' <Predicate = (!icmp_ln486 & tmp_16 == 1)> <Delay = 0.68> <CoreInst = "RAM_1WnR">   --->   Core 83 'RAM_1WnR' <Latency = 1> <II = 1> <Delay = 0.68> <Storage> <Opcode : 'load' 'store'> <Ports = 17> <Width = 12> <Depth = 60> <RAM>
ST_1 : Operation 43 [1/1] (0.00ns)   --->   "%br_ln491 = br void %arrayidx63.exit" [calorimeter.cpp:491]   --->   Operation 43 'br' 'br_ln491' <Predicate = (!icmp_ln486 & tmp_16 == 1)> <Delay = 0.00>
ST_1 : Operation 44 [1/1] (0.68ns)   --->   "%store_ln491 = store i12 %incoming, i6 %linebuf_addr" [calorimeter.cpp:491]   --->   Operation 44 'store' 'store_ln491' <Predicate = (!icmp_ln486 & tmp_16 == 0)> <Delay = 0.68> <CoreInst = "RAM_1WnR">   --->   Core 83 'RAM_1WnR' <Latency = 1> <II = 1> <Delay = 0.68> <Storage> <Opcode : 'load' 'store'> <Ports = 17> <Width = 12> <Depth = 60> <RAM>
ST_1 : Operation 45 [1/1] (0.00ns)   --->   "%br_ln491 = br void %arrayidx63.exit" [calorimeter.cpp:491]   --->   Operation 45 'br' 'br_ln491' <Predicate = (!icmp_ln486 & tmp_16 == 0)> <Delay = 0.00>
ST_1 : Operation 46 [1/1] (0.68ns)   --->   "%store_ln491 = store i12 %incoming, i6 %linebuf_6_addr" [calorimeter.cpp:491]   --->   Operation 46 'store' 'store_ln491' <Predicate = (!icmp_ln486 & tmp_16 == 7) | (!icmp_ln486 & tmp_16 == 6)> <Delay = 0.68> <CoreInst = "RAM_1WnR">   --->   Core 83 'RAM_1WnR' <Latency = 1> <II = 1> <Delay = 0.68> <Storage> <Opcode : 'load' 'store'> <Ports = 17> <Width = 12> <Depth = 60> <RAM>
ST_1 : Operation 47 [1/1] (0.00ns)   --->   "%br_ln491 = br void %arrayidx63.exit" [calorimeter.cpp:491]   --->   Operation 47 'br' 'br_ln491' <Predicate = (!icmp_ln486 & tmp_16 == 7) | (!icmp_ln486 & tmp_16 == 6)> <Delay = 0.00>
ST_1 : Operation 48 [1/1] (0.38ns)   --->   "%store_ln486 = store i6 %add_ln486, i6 %phi" [calorimeter.cpp:486]   --->   Operation 48 'store' 'store_ln486' <Predicate = (!icmp_ln486)> <Delay = 0.38>
ST_1 : Operation 49 [1/1] (0.38ns)   --->   "%store_ln479 = store i24 %local_ht_2, i24 %local_ht_1" [calorimeter.cpp:479]   --->   Operation 49 'store' 'store_ln479' <Predicate = (!icmp_ln486)> <Delay = 0.38>
ST_1 : Operation 50 [1/1] (0.00ns)   --->   "%br_ln486 = br void %for.inc" [calorimeter.cpp:486]   --->   Operation 50 'br' 'br_ln486' <Predicate = (!icmp_ln486)> <Delay = 0.00>
ST_1 : Operation 51 [1/1] (0.00ns)   --->   "%local_ht_1_load_1 = load i24 %local_ht_1"   --->   Operation 51 'load' 'local_ht_1_load_1' <Predicate = (icmp_ln486)> <Delay = 0.00>
ST_1 : Operation 52 [1/1] (0.00ns)   --->   "%write_ln0 = write void @_ssdm_op_Write.ap_auto.i24P0A, i24 %local_ht_1_out, i24 %local_ht_1_load_1"   --->   Operation 52 'write' 'write_ln0' <Predicate = (icmp_ln486)> <Delay = 0.00>
ST_1 : Operation 53 [1/1] (0.38ns)   --->   "%ret_ln0 = ret"   --->   Operation 53 'ret' 'ret_ln0' <Predicate = (icmp_ln486)> <Delay = 0.38>


============================================================
+ Verbose Summary: Binding
============================================================
STG Binding: 
---------------- STG Properties BEGIN ----------------
- Is combinational: 0
- Is one-state seq: 0
- Is datapath-only: 0
- Is pipelined: 0
- Is top level: 0
Port [ Return ] is wired: 1; IO mode=ap_ctrl_hs:ce=0
Port [ local_ht]:  wired=1; compound=0; hidden=0; nouse=0; global=0; static=0; extern=0; dir=0; type=0; pingpong=0; private_global=0; IO mode=ap_none:ce=0
Port [ linebuf_6]:  wired=1; compound=1; hidden=0; nouse=0; global=0; static=0; extern=0; dir=1; type=1; pingpong=0; private_global=0; MemPort=[03333333333333333]; IO mode=ap_memory:ce=0
Port [ linebuf_5]:  wired=1; compound=1; hidden=0; nouse=0; global=0; static=0; extern=0; dir=1; type=1; pingpong=0; private_global=0; MemPort=[03333333333333333]; IO mode=ap_memory:ce=0
Port [ linebuf_4]:  wired=1; compound=1; hidden=0; nouse=0; global=0; static=0; extern=0; dir=1; type=1; pingpong=0; private_global=0; MemPort=[03333333333333333]; IO mode=ap_memory:ce=0
Port [ linebuf_3]:  wired=1; compound=1; hidden=0; nouse=0; global=0; static=0; extern=0; dir=1; type=1; pingpong=0; private_global=0; MemPort=[03333333333333333]; IO mode=ap_memory:ce=0
Port [ linebuf_2]:  wired=1; compound=1; hidden=0; nouse=0; global=0; static=0; extern=0; dir=1; type=1; pingpong=0; private_global=0; MemPort=[03333333333333333]; IO mode=ap_memory:ce=0
Port [ linebuf_1]:  wired=1; compound=1; hidden=0; nouse=0; global=0; static=0; extern=0; dir=1; type=1; pingpong=0; private_global=0; MemPort=[03333333333333333]; IO mode=ap_memory:ce=0
Port [ linebuf]:  wired=1; compound=1; hidden=0; nouse=0; global=0; static=0; extern=0; dir=1; type=1; pingpong=0; private_global=0; MemPort=[03333333333333333]; IO mode=ap_memory:ce=0
Port [ tower_in]:  wired=1; compound=1; hidden=0; nouse=0; global=0; static=0; extern=0; dir=0; type=0; pingpong=0; private_global=0; IO mode=axis:ce=0
Port [ empty_25]:  wired=1; compound=0; hidden=0; nouse=0; global=0; static=0; extern=0; dir=0; type=0; pingpong=0; private_global=0; IO mode=ap_none:ce=0
Port [ empty]:  wired=1; compound=0; hidden=0; nouse=0; global=0; static=0; extern=0; dir=0; type=0; pingpong=0; private_global=0; IO mode=ap_none:ce=0
Port [ local_ht_1_out]:  wired=1; compound=0; hidden=0; nouse=0; global=0; static=0; extern=0; dir=1; type=0; pingpong=0; private_global=0; IO mode=ap_vld:ce=0
---------------- STG Properties END ------------------

---------------- Datapath Model BEGIN ----------------

<LifeTime>
<method=bitvector/>
local_ht_1              (alloca           ) [ 01]
phi                     (alloca           ) [ 01]
specinterface_ln0       (specinterface    ) [ 00]
tmp                     (read             ) [ 00]
tmp_16                  (read             ) [ 01]
local_ht_read           (read             ) [ 00]
store_ln486             (store            ) [ 00]
store_ln479             (store            ) [ 00]
br_ln486                (br               ) [ 00]
phi_1                   (load             ) [ 00]
icmp_ln486              (icmp             ) [ 01]
add_ln486               (add              ) [ 00]
br_ln486                (br               ) [ 00]
local_ht_1_load         (load             ) [ 00]
zext_ln486              (zext             ) [ 00]
specpipeline_ln487      (specpipeline     ) [ 00]
speclooptripcount_ln479 (speclooptripcount) [ 00]
specloopname_ln486      (specloopname     ) [ 00]
tower_in_read           (read             ) [ 00]
incoming                (trunc            ) [ 00]
zext_ln490              (zext             ) [ 00]
local_ht_2              (add              ) [ 00]
linebuf_addr            (getelementptr    ) [ 00]
linebuf_1_addr          (getelementptr    ) [ 00]
linebuf_2_addr          (getelementptr    ) [ 00]
linebuf_3_addr          (getelementptr    ) [ 00]
linebuf_4_addr          (getelementptr    ) [ 00]
linebuf_5_addr          (getelementptr    ) [ 00]
linebuf_6_addr          (getelementptr    ) [ 00]
switch_ln491            (switch           ) [ 00]
store_ln491             (store            ) [ 00]
br_ln491                (br               ) [ 00]
store_ln491             (store            ) [ 00]
br_ln491                (br               ) [ 00]
store_ln491             (store            ) [ 00]
br_ln491                (br               ) [ 00]
store_ln491             (store            ) [ 00]
br_ln491                (br               ) [ 00]
store_ln491             (store            ) [ 00]
br_ln491                (br               ) [ 00]
store_ln491             (store            ) [ 00]
br_ln491                (br               ) [ 00]
store_ln491             (store            ) [ 00]
br_ln491                (br               ) [ 00]
store_ln486             (store            ) [ 00]
store_ln479             (store            ) [ 00]
br_ln486                (br               ) [ 00]
local_ht_1_load_1       (load             ) [ 00]
write_ln0               (write            ) [ 00]
ret_ln0                 (ret              ) [ 00]
</LifeTime>

<model>

<comp_list>
<comp id="0" class="1000" name="local_ht">
<pin_list>
<pin id="1" dir="1" index="0" bw="1" slack="0"/>
</pin_list>
<bind>
<StgValue><ssdm name="local_ht"/></StgValue>
</bind>
</comp>

<comp id="2" class="1000" name="linebuf_6">
<pin_list>
<pin id="3" dir="1" index="0" bw="1" slack="0"/>
</pin_list>
<bind>
<StgValue><ssdm name="linebuf_6"/><MemPortTyVec>0 3 3 3 3 3 3 3 3 3 3 3 3 3 3 3 3 </MemPortTyVec>
</StgValue>
</bind>
</comp>

<comp id="4" class="1000" name="linebuf_5">
<pin_list>
<pin id="5" dir="1" index="0" bw="1" slack="0"/>
</pin_list>
<bind>
<StgValue><ssdm name="linebuf_5"/><MemPortTyVec>0 3 3 3 3 3 3 3 3 3 3 3 3 3 3 3 3 </MemPortTyVec>
</StgValue>
</bind>
</comp>

<comp id="6" class="1000" name="linebuf_4">
<pin_list>
<pin id="7" dir="1" index="0" bw="1" slack="0"/>
</pin_list>
<bind>
<StgValue><ssdm name="linebuf_4"/><MemPortTyVec>0 3 3 3 3 3 3 3 3 3 3 3 3 3 3 3 3 </MemPortTyVec>
</StgValue>
</bind>
</comp>

<comp id="8" class="1000" name="linebuf_3">
<pin_list>
<pin id="9" dir="1" index="0" bw="1" slack="0"/>
</pin_list>
<bind>
<StgValue><ssdm name="linebuf_3"/><MemPortTyVec>0 3 3 3 3 3 3 3 3 3 3 3 3 3 3 3 3 </MemPortTyVec>
</StgValue>
</bind>
</comp>

<comp id="10" class="1000" name="linebuf_2">
<pin_list>
<pin id="11" dir="1" index="0" bw="1" slack="0"/>
</pin_list>
<bind>
<StgValue><ssdm name="linebuf_2"/><MemPortTyVec>0 3 3 3 3 3 3 3 3 3 3 3 3 3 3 3 3 </MemPortTyVec>
</StgValue>
</bind>
</comp>

<comp id="12" class="1000" name="linebuf_1">
<pin_list>
<pin id="13" dir="1" index="0" bw="1" slack="0"/>
</pin_list>
<bind>
<StgValue><ssdm name="linebuf_1"/><MemPortTyVec>0 3 3 3 3 3 3 3 3 3 3 3 3 3 3 3 3 </MemPortTyVec>
</StgValue>
</bind>
</comp>

<comp id="14" class="1000" name="linebuf">
<pin_list>
<pin id="15" dir="1" index="0" bw="1" slack="0"/>
</pin_list>
<bind>
<StgValue><ssdm name="linebuf"/><MemPortTyVec>0 3 3 3 3 3 3 3 3 3 3 3 3 3 3 3 3 </MemPortTyVec>
</StgValue>
</bind>
</comp>

<comp id="16" class="1000" name="tower_in">
<pin_list>
<pin id="17" dir="1" index="0" bw="1" slack="0"/>
</pin_list>
<bind>
<StgValue><ssdm name="tower_in"/></StgValue>
</bind>
</comp>

<comp id="18" class="1000" name="empty_25">
<pin_list>
<pin id="19" dir="1" index="0" bw="1" slack="0"/>
</pin_list>
<bind>
<StgValue><ssdm name="empty_25"/></StgValue>
</bind>
</comp>

<comp id="20" class="1000" name="empty">
<pin_list>
<pin id="21" dir="1" index="0" bw="1" slack="0"/>
</pin_list>
<bind>
<StgValue><ssdm name="empty"/></StgValue>
</bind>
</comp>

<comp id="22" class="1000" name="local_ht_1_out">
<pin_list>
<pin id="23" dir="1" index="0" bw="1" slack="0"/>
</pin_list>
<bind>
<StgValue><ssdm name="local_ht_1_out"/></StgValue>
</bind>
</comp>

<comp id="24" class="1001" name="const_24">
<pin_list>
<pin id="25" dir="1" index="0" bw="1" slack="0"/>
</pin_list>
<bind>
<StgValue><ssdm name=""/></StgValue>
</bind>
</comp>

<comp id="26" class="1001" name="const_26">
<pin_list>
<pin id="27" dir="1" index="0" bw="1" slack="2147483647"/>
</pin_list>
<bind>
<StgValue><ssdm name="_ssdm_op_SpecInterface"/></StgValue>
</bind>
</comp>

<comp id="28" class="1001" name="const_28">
<pin_list>
<pin id="29" dir="1" index="0" bw="1" slack="2147483647"/>
</pin_list>
<bind>
<StgValue><ssdm name="empty_2"/></StgValue>
</bind>
</comp>

<comp id="30" class="1001" name="const_30">
<pin_list>
<pin id="31" dir="1" index="0" bw="1" slack="2147483647"/>
</pin_list>
<bind>
<StgValue><ssdm name=""/></StgValue>
</bind>
</comp>

<comp id="32" class="1001" name="const_32">
<pin_list>
<pin id="33" dir="1" index="0" bw="1" slack="2147483647"/>
</pin_list>
<bind>
<StgValue><ssdm name="empty_3"/></StgValue>
</bind>
</comp>

<comp id="34" class="1001" name="const_34">
<pin_list>
<pin id="35" dir="1" index="0" bw="1" slack="2147483647"/>
</pin_list>
<bind>
<StgValue><ssdm name="empty_4"/></StgValue>
</bind>
</comp>

<comp id="36" class="1001" name="const_36">
<pin_list>
<pin id="37" dir="1" index="0" bw="1" slack="2147483647"/>
</pin_list>
<bind>
<StgValue><ssdm name=""/></StgValue>
</bind>
</comp>

<comp id="38" class="1001" name="const_38">
<pin_list>
<pin id="39" dir="1" index="0" bw="1" slack="0"/>
</pin_list>
<bind>
<StgValue><ssdm name="_ssdm_op_Read.ap_auto.i1"/></StgValue>
</bind>
</comp>

<comp id="40" class="1001" name="const_40">
<pin_list>
<pin id="41" dir="1" index="0" bw="1" slack="0"/>
</pin_list>
<bind>
<StgValue><ssdm name="_ssdm_op_Read.ap_auto.i3"/></StgValue>
</bind>
</comp>

<comp id="42" class="1001" name="const_42">
<pin_list>
<pin id="43" dir="1" index="0" bw="1" slack="0"/>
</pin_list>
<bind>
<StgValue><ssdm name="_ssdm_op_Read.ap_auto.i24"/></StgValue>
</bind>
</comp>

<comp id="44" class="1001" name="const_44">
<pin_list>
<pin id="45" dir="1" index="0" bw="1" slack="0"/>
</pin_list>
<bind>
<StgValue><ssdm name=""/></StgValue>
</bind>
</comp>

<comp id="46" class="1001" name="const_46">
<pin_list>
<pin id="47" dir="1" index="0" bw="1" slack="0"/>
</pin_list>
<bind>
<StgValue><ssdm name=""/></StgValue>
</bind>
</comp>

<comp id="48" class="1001" name="const_48">
<pin_list>
<pin id="49" dir="1" index="0" bw="1" slack="0"/>
</pin_list>
<bind>
<StgValue><ssdm name=""/></StgValue>
</bind>
</comp>

<comp id="50" class="1001" name="const_50">
<pin_list>
<pin id="51" dir="1" index="0" bw="1" slack="2147483647"/>
</pin_list>
<bind>
<StgValue><ssdm name="_ssdm_op_SpecPipeline"/></StgValue>
</bind>
</comp>

<comp id="52" class="1001" name="const_52">
<pin_list>
<pin id="53" dir="1" index="0" bw="1" slack="2147483647"/>
</pin_list>
<bind>
<StgValue><ssdm name="_ssdm_op_SpecLoopTripCount"/></StgValue>
</bind>
</comp>

<comp id="54" class="1001" name="const_54">
<pin_list>
<pin id="55" dir="1" index="0" bw="1" slack="2147483647"/>
</pin_list>
<bind>
<StgValue><ssdm name=""/></StgValue>
</bind>
</comp>

<comp id="56" class="1001" name="const_56">
<pin_list>
<pin id="57" dir="1" index="0" bw="1" slack="2147483647"/>
</pin_list>
<bind>
<StgValue><ssdm name="_ssdm_op_SpecLoopName"/></StgValue>
</bind>
</comp>

<comp id="58" class="1001" name="const_58">
<pin_list>
<pin id="59" dir="1" index="0" bw="1" slack="2147483647"/>
</pin_list>
<bind>
<StgValue><ssdm name="empty_14"/></StgValue>
</bind>
</comp>

<comp id="60" class="1001" name="const_60">
<pin_list>
<pin id="61" dir="1" index="0" bw="1" slack="0"/>
</pin_list>
<bind>
<StgValue><ssdm name="_ssdm_op_Read.axis.volatile.i16P128A"/></StgValue>
</bind>
</comp>

<comp id="62" class="1001" name="const_62">
<pin_list>
<pin id="63" dir="1" index="0" bw="1" slack="0"/>
</pin_list>
<bind>
<StgValue><ssdm name=""/></StgValue>
</bind>
</comp>

<comp id="64" class="1001" name="const_64">
<pin_list>
<pin id="65" dir="1" index="0" bw="1" slack="2147483647"/>
</pin_list>
<bind>
<StgValue><ssdm name=""/></StgValue>
</bind>
</comp>

<comp id="66" class="1001" name="const_66">
<pin_list>
<pin id="67" dir="1" index="0" bw="1" slack="2147483647"/>
</pin_list>
<bind>
<StgValue><ssdm name=""/></StgValue>
</bind>
</comp>

<comp id="68" class="1001" name="const_68">
<pin_list>
<pin id="69" dir="1" index="0" bw="1" slack="2147483647"/>
</pin_list>
<bind>
<StgValue><ssdm name=""/></StgValue>
</bind>
</comp>

<comp id="70" class="1001" name="const_70">
<pin_list>
<pin id="71" dir="1" index="0" bw="1" slack="2147483647"/>
</pin_list>
<bind>
<StgValue><ssdm name=""/></StgValue>
</bind>
</comp>

<comp id="72" class="1001" name="const_72">
<pin_list>
<pin id="73" dir="1" index="0" bw="1" slack="2147483647"/>
</pin_list>
<bind>
<StgValue><ssdm name=""/></StgValue>
</bind>
</comp>

<comp id="74" class="1001" name="const_74">
<pin_list>
<pin id="75" dir="1" index="0" bw="1" slack="2147483647"/>
</pin_list>
<bind>
<StgValue><ssdm name=""/></StgValue>
</bind>
</comp>

<comp id="76" class="1001" name="const_76">
<pin_list>
<pin id="77" dir="1" index="0" bw="1" slack="0"/>
</pin_list>
<bind>
<StgValue><ssdm name="_ssdm_op_Write.ap_auto.i24P0A"/></StgValue>
</bind>
</comp>

<comp id="78" class="1004" name="local_ht_1_fu_78">
<pin_list>
<pin id="79" dir="0" index="0" bw="1" slack="0"/>
<pin id="80" dir="1" index="1" bw="24" slack="0"/>
</pin_list>
<bind>
<opcode="alloca(26) " fcode="alloca"/>
<opset="local_ht_1/1 "/>
</bind>
</comp>

<comp id="82" class="1004" name="phi_fu_82">
<pin_list>
<pin id="83" dir="0" index="0" bw="1" slack="0"/>
<pin id="84" dir="1" index="1" bw="6" slack="0"/>
</pin_list>
<bind>
<opcode="alloca(26) " fcode="alloca"/>
<opset="phi/1 "/>
</bind>
</comp>

<comp id="86" class="1004" name="tmp_read_fu_86">
<pin_list>
<pin id="87" dir="0" index="0" bw="1" slack="0"/>
<pin id="88" dir="0" index="1" bw="1" slack="0"/>
<pin id="89" dir="1" index="2" bw="1" slack="2147483647"/>
</pin_list>
<bind>
<opcode="read(1150) " fcode="read"/>
<opset="tmp/1 "/>
</bind>
</comp>

<comp id="92" class="1004" name="tmp_16_read_fu_92">
<pin_list>
<pin id="93" dir="0" index="0" bw="3" slack="0"/>
<pin id="94" dir="0" index="1" bw="3" slack="0"/>
<pin id="95" dir="1" index="2" bw="3" slack="2147483647"/>
</pin_list>
<bind>
<opcode="read(1150) " fcode="read"/>
<opset="tmp_16/1 "/>
</bind>
</comp>

<comp id="98" class="1004" name="local_ht_read_read_fu_98">
<pin_list>
<pin id="99" dir="0" index="0" bw="24" slack="0"/>
<pin id="100" dir="0" index="1" bw="24" slack="0"/>
<pin id="101" dir="1" index="2" bw="24" slack="0"/>
</pin_list>
<bind>
<opcode="read(1150) " fcode="read"/>
<opset="local_ht_read/1 "/>
</bind>
</comp>

<comp id="104" class="1004" name="tower_in_read_read_fu_104">
<pin_list>
<pin id="105" dir="0" index="0" bw="16" slack="0"/>
<pin id="106" dir="0" index="1" bw="16" slack="0"/>
<pin id="107" dir="1" index="2" bw="16" slack="0"/>
</pin_list>
<bind>
<opcode="read(1150) " fcode="read"/>
<opset="tower_in_read/1 "/>
</bind>
</comp>

<comp id="110" class="1004" name="write_ln0_write_fu_110">
<pin_list>
<pin id="111" dir="0" index="0" bw="0" slack="0"/>
<pin id="112" dir="0" index="1" bw="24" slack="0"/>
<pin id="113" dir="0" index="2" bw="24" slack="0"/>
<pin id="114" dir="1" index="3" bw="0" slack="2147483647"/>
</pin_list>
<bind>
<opcode="write(1151) " fcode="write"/>
<opset="write_ln0/1 "/>
</bind>
</comp>

<comp id="117" class="1004" name="linebuf_addr_gep_fu_117">
<pin_list>
<pin id="118" dir="0" index="0" bw="12" slack="0"/>
<pin id="119" dir="0" index="1" bw="1" slack="0"/>
<pin id="120" dir="0" index="2" bw="6" slack="0"/>
<pin id="121" dir="1" index="3" bw="6" slack="0"/>
</pin_list>
<bind>
<opcode="getelementptr(29) " fcode="getelementptr"/>
<opset="linebuf_addr/1 "/>
</bind>
</comp>

<comp id="124" class="1004" name="linebuf_1_addr_gep_fu_124">
<pin_list>
<pin id="125" dir="0" index="0" bw="12" slack="0"/>
<pin id="126" dir="0" index="1" bw="1" slack="0"/>
<pin id="127" dir="0" index="2" bw="6" slack="0"/>
<pin id="128" dir="1" index="3" bw="6" slack="0"/>
</pin_list>
<bind>
<opcode="getelementptr(29) " fcode="getelementptr"/>
<opset="linebuf_1_addr/1 "/>
</bind>
</comp>

<comp id="131" class="1004" name="linebuf_2_addr_gep_fu_131">
<pin_list>
<pin id="132" dir="0" index="0" bw="12" slack="0"/>
<pin id="133" dir="0" index="1" bw="1" slack="0"/>
<pin id="134" dir="0" index="2" bw="6" slack="0"/>
<pin id="135" dir="1" index="3" bw="6" slack="0"/>
</pin_list>
<bind>
<opcode="getelementptr(29) " fcode="getelementptr"/>
<opset="linebuf_2_addr/1 "/>
</bind>
</comp>

<comp id="138" class="1004" name="linebuf_3_addr_gep_fu_138">
<pin_list>
<pin id="139" dir="0" index="0" bw="12" slack="0"/>
<pin id="140" dir="0" index="1" bw="1" slack="0"/>
<pin id="141" dir="0" index="2" bw="6" slack="0"/>
<pin id="142" dir="1" index="3" bw="6" slack="0"/>
</pin_list>
<bind>
<opcode="getelementptr(29) " fcode="getelementptr"/>
<opset="linebuf_3_addr/1 "/>
</bind>
</comp>

<comp id="145" class="1004" name="linebuf_4_addr_gep_fu_145">
<pin_list>
<pin id="146" dir="0" index="0" bw="12" slack="0"/>
<pin id="147" dir="0" index="1" bw="1" slack="0"/>
<pin id="148" dir="0" index="2" bw="6" slack="0"/>
<pin id="149" dir="1" index="3" bw="6" slack="0"/>
</pin_list>
<bind>
<opcode="getelementptr(29) " fcode="getelementptr"/>
<opset="linebuf_4_addr/1 "/>
</bind>
</comp>

<comp id="152" class="1004" name="linebuf_5_addr_gep_fu_152">
<pin_list>
<pin id="153" dir="0" index="0" bw="12" slack="0"/>
<pin id="154" dir="0" index="1" bw="1" slack="0"/>
<pin id="155" dir="0" index="2" bw="6" slack="0"/>
<pin id="156" dir="1" index="3" bw="6" slack="0"/>
</pin_list>
<bind>
<opcode="getelementptr(29) " fcode="getelementptr"/>
<opset="linebuf_5_addr/1 "/>
</bind>
</comp>

<comp id="159" class="1004" name="linebuf_6_addr_gep_fu_159">
<pin_list>
<pin id="160" dir="0" index="0" bw="12" slack="0"/>
<pin id="161" dir="0" index="1" bw="1" slack="0"/>
<pin id="162" dir="0" index="2" bw="6" slack="0"/>
<pin id="163" dir="1" index="3" bw="6" slack="0"/>
</pin_list>
<bind>
<opcode="getelementptr(29) " fcode="getelementptr"/>
<opset="linebuf_6_addr/1 "/>
</bind>
</comp>

<comp id="166" class="1004" name="store_ln491_access_fu_166">
<pin_list>
<pin id="167" dir="0" index="0" bw="6" slack="0"/>
<pin id="168" dir="0" index="1" bw="12" slack="0"/>
<pin id="169" dir="0" index="2" bw="0" slack="2147483647"/>
<pin id="170" dir="1" index="3" bw="12" slack="2147483647"/>
</pin_list>
<bind>
<opcode="store(28) " fcode="store"/>
<opset="store_ln491/1 "/>
</bind>
</comp>

<comp id="172" class="1004" name="store_ln491_access_fu_172">
<pin_list>
<pin id="173" dir="0" index="0" bw="6" slack="0"/>
<pin id="174" dir="0" index="1" bw="12" slack="0"/>
<pin id="175" dir="0" index="2" bw="0" slack="2147483647"/>
<pin id="176" dir="1" index="3" bw="12" slack="2147483647"/>
</pin_list>
<bind>
<opcode="store(28) " fcode="store"/>
<opset="store_ln491/1 "/>
</bind>
</comp>

<comp id="178" class="1004" name="store_ln491_access_fu_178">
<pin_list>
<pin id="179" dir="0" index="0" bw="6" slack="0"/>
<pin id="180" dir="0" index="1" bw="12" slack="0"/>
<pin id="181" dir="0" index="2" bw="0" slack="2147483647"/>
<pin id="182" dir="1" index="3" bw="12" slack="2147483647"/>
</pin_list>
<bind>
<opcode="store(28) " fcode="store"/>
<opset="store_ln491/1 "/>
</bind>
</comp>

<comp id="184" class="1004" name="store_ln491_access_fu_184">
<pin_list>
<pin id="185" dir="0" index="0" bw="6" slack="0"/>
<pin id="186" dir="0" index="1" bw="12" slack="0"/>
<pin id="187" dir="0" index="2" bw="0" slack="2147483647"/>
<pin id="188" dir="1" index="3" bw="12" slack="2147483647"/>
</pin_list>
<bind>
<opcode="store(28) " fcode="store"/>
<opset="store_ln491/1 "/>
</bind>
</comp>

<comp id="190" class="1004" name="store_ln491_access_fu_190">
<pin_list>
<pin id="191" dir="0" index="0" bw="6" slack="0"/>
<pin id="192" dir="0" index="1" bw="12" slack="0"/>
<pin id="193" dir="0" index="2" bw="0" slack="2147483647"/>
<pin id="194" dir="1" index="3" bw="12" slack="2147483647"/>
</pin_list>
<bind>
<opcode="store(28) " fcode="store"/>
<opset="store_ln491/1 "/>
</bind>
</comp>

<comp id="196" class="1004" name="store_ln491_access_fu_196">
<pin_list>
<pin id="197" dir="0" index="0" bw="6" slack="0"/>
<pin id="198" dir="0" index="1" bw="12" slack="0"/>
<pin id="199" dir="0" index="2" bw="0" slack="2147483647"/>
<pin id="200" dir="1" index="3" bw="12" slack="2147483647"/>
</pin_list>
<bind>
<opcode="store(28) " fcode="store"/>
<opset="store_ln491/1 "/>
</bind>
</comp>

<comp id="202" class="1004" name="store_ln491_access_fu_202">
<pin_list>
<pin id="203" dir="0" index="0" bw="6" slack="0"/>
<pin id="204" dir="0" index="1" bw="12" slack="0"/>
<pin id="205" dir="0" index="2" bw="0" slack="2147483647"/>
<pin id="206" dir="1" index="3" bw="12" slack="2147483647"/>
</pin_list>
<bind>
<opcode="store(28) " fcode="store"/>
<opset="store_ln491/1 "/>
</bind>
</comp>

<comp id="208" class="1004" name="store_ln486_store_fu_208">
<pin_list>
<pin id="209" dir="0" index="0" bw="1" slack="0"/>
<pin id="210" dir="0" index="1" bw="6" slack="0"/>
<pin id="211" dir="1" index="2" bw="0" slack="2147483647"/>
</pin_list>
<bind>
<opcode="store(28) " fcode="store"/>
<opset="store_ln486/1 "/>
</bind>
</comp>

<comp id="213" class="1004" name="store_ln479_store_fu_213">
<pin_list>
<pin id="214" dir="0" index="0" bw="24" slack="0"/>
<pin id="215" dir="0" index="1" bw="24" slack="0"/>
<pin id="216" dir="1" index="2" bw="0" slack="2147483647"/>
</pin_list>
<bind>
<opcode="store(28) " fcode="store"/>
<opset="store_ln479/1 "/>
</bind>
</comp>

<comp id="218" class="1004" name="phi_1_load_fu_218">
<pin_list>
<pin id="219" dir="0" index="0" bw="6" slack="0"/>
<pin id="220" dir="1" index="1" bw="6" slack="0"/>
</pin_list>
<bind>
<opcode="load(27) " fcode="load"/>
<opset="phi_1/1 "/>
</bind>
</comp>

<comp id="221" class="1004" name="icmp_ln486_fu_221">
<pin_list>
<pin id="222" dir="0" index="0" bw="6" slack="0"/>
<pin id="223" dir="0" index="1" bw="3" slack="0"/>
<pin id="224" dir="1" index="2" bw="1" slack="2147483647"/>
</pin_list>
<bind>
<opcode="icmp(45) " fcode="icmp"/>
<opset="icmp_ln486/1 "/>
</bind>
</comp>

<comp id="227" class="1004" name="add_ln486_fu_227">
<pin_list>
<pin id="228" dir="0" index="0" bw="6" slack="0"/>
<pin id="229" dir="0" index="1" bw="1" slack="0"/>
<pin id="230" dir="1" index="2" bw="6" slack="0"/>
</pin_list>
<bind>
<opcode="add(8) " fcode="add"/>
<opset="add_ln486/1 "/>
</bind>
</comp>

<comp id="233" class="1004" name="local_ht_1_load_load_fu_233">
<pin_list>
<pin id="234" dir="0" index="0" bw="24" slack="0"/>
<pin id="235" dir="1" index="1" bw="24" slack="0"/>
</pin_list>
<bind>
<opcode="load(27) " fcode="load"/>
<opset="local_ht_1_load/1 "/>
</bind>
</comp>

<comp id="236" class="1004" name="zext_ln486_fu_236">
<pin_list>
<pin id="237" dir="0" index="0" bw="6" slack="0"/>
<pin id="238" dir="1" index="1" bw="64" slack="0"/>
</pin_list>
<bind>
<opcode="zext(34) " fcode="zext"/>
<opset="zext_ln486/1 "/>
</bind>
</comp>

<comp id="247" class="1004" name="incoming_fu_247">
<pin_list>
<pin id="248" dir="0" index="0" bw="16" slack="0"/>
<pin id="249" dir="1" index="1" bw="12" slack="0"/>
</pin_list>
<bind>
<opcode="trunc(33) " fcode="trunc"/>
<opset="incoming/1 "/>
</bind>
</comp>

<comp id="258" class="1004" name="zext_ln490_fu_258">
<pin_list>
<pin id="259" dir="0" index="0" bw="12" slack="0"/>
<pin id="260" dir="1" index="1" bw="24" slack="0"/>
</pin_list>
<bind>
<opcode="zext(34) " fcode="zext"/>
<opset="zext_ln490/1 "/>
</bind>
</comp>

<comp id="262" class="1004" name="local_ht_2_fu_262">
<pin_list>
<pin id="263" dir="0" index="0" bw="12" slack="0"/>
<pin id="264" dir="0" index="1" bw="24" slack="0"/>
<pin id="265" dir="1" index="2" bw="24" slack="0"/>
</pin_list>
<bind>
<opcode="add(8) " fcode="add"/>
<opset="local_ht_2/1 "/>
</bind>
</comp>

<comp id="268" class="1004" name="store_ln486_store_fu_268">
<pin_list>
<pin id="269" dir="0" index="0" bw="6" slack="0"/>
<pin id="270" dir="0" index="1" bw="6" slack="0"/>
<pin id="271" dir="1" index="2" bw="0" slack="2147483647"/>
</pin_list>
<bind>
<opcode="store(28) " fcode="store"/>
<opset="store_ln486/1 "/>
</bind>
</comp>

<comp id="273" class="1004" name="store_ln479_store_fu_273">
<pin_list>
<pin id="274" dir="0" index="0" bw="24" slack="0"/>
<pin id="275" dir="0" index="1" bw="24" slack="0"/>
<pin id="276" dir="1" index="2" bw="0" slack="2147483647"/>
</pin_list>
<bind>
<opcode="store(28) " fcode="store"/>
<opset="store_ln479/1 "/>
</bind>
</comp>

<comp id="278" class="1004" name="local_ht_1_load_1_load_fu_278">
<pin_list>
<pin id="279" dir="0" index="0" bw="24" slack="0"/>
<pin id="280" dir="1" index="1" bw="24" slack="0"/>
</pin_list>
<bind>
<opcode="load(27) " fcode="load"/>
<opset="local_ht_1_load_1/1 "/>
</bind>
</comp>

<comp id="282" class="1005" name="local_ht_1_reg_282">
<pin_list>
<pin id="283" dir="0" index="0" bw="24" slack="0"/>
<pin id="284" dir="1" index="1" bw="24" slack="0"/>
</pin_list>
<bind>
<opset="local_ht_1 "/>
</bind>
</comp>

<comp id="290" class="1005" name="phi_reg_290">
<pin_list>
<pin id="291" dir="0" index="0" bw="6" slack="0"/>
<pin id="292" dir="1" index="1" bw="6" slack="0"/>
</pin_list>
<bind>
<opset="phi "/>
</bind>
</comp>

</comp_list>

<net_list>
<net id="81"><net_src comp="24" pin="0"/><net_sink comp="78" pin=0"/></net>

<net id="85"><net_src comp="24" pin="0"/><net_sink comp="82" pin=0"/></net>

<net id="90"><net_src comp="38" pin="0"/><net_sink comp="86" pin=0"/></net>

<net id="91"><net_src comp="20" pin="0"/><net_sink comp="86" pin=1"/></net>

<net id="96"><net_src comp="40" pin="0"/><net_sink comp="92" pin=0"/></net>

<net id="97"><net_src comp="18" pin="0"/><net_sink comp="92" pin=1"/></net>

<net id="102"><net_src comp="42" pin="0"/><net_sink comp="98" pin=0"/></net>

<net id="103"><net_src comp="0" pin="0"/><net_sink comp="98" pin=1"/></net>

<net id="108"><net_src comp="60" pin="0"/><net_sink comp="104" pin=0"/></net>

<net id="109"><net_src comp="16" pin="0"/><net_sink comp="104" pin=1"/></net>

<net id="115"><net_src comp="76" pin="0"/><net_sink comp="110" pin=0"/></net>

<net id="116"><net_src comp="22" pin="0"/><net_sink comp="110" pin=1"/></net>

<net id="122"><net_src comp="14" pin="0"/><net_sink comp="117" pin=0"/></net>

<net id="123"><net_src comp="62" pin="0"/><net_sink comp="117" pin=1"/></net>

<net id="129"><net_src comp="12" pin="0"/><net_sink comp="124" pin=0"/></net>

<net id="130"><net_src comp="62" pin="0"/><net_sink comp="124" pin=1"/></net>

<net id="136"><net_src comp="10" pin="0"/><net_sink comp="131" pin=0"/></net>

<net id="137"><net_src comp="62" pin="0"/><net_sink comp="131" pin=1"/></net>

<net id="143"><net_src comp="8" pin="0"/><net_sink comp="138" pin=0"/></net>

<net id="144"><net_src comp="62" pin="0"/><net_sink comp="138" pin=1"/></net>

<net id="150"><net_src comp="6" pin="0"/><net_sink comp="145" pin=0"/></net>

<net id="151"><net_src comp="62" pin="0"/><net_sink comp="145" pin=1"/></net>

<net id="157"><net_src comp="4" pin="0"/><net_sink comp="152" pin=0"/></net>

<net id="158"><net_src comp="62" pin="0"/><net_sink comp="152" pin=1"/></net>

<net id="164"><net_src comp="2" pin="0"/><net_sink comp="159" pin=0"/></net>

<net id="165"><net_src comp="62" pin="0"/><net_sink comp="159" pin=1"/></net>

<net id="171"><net_src comp="152" pin="3"/><net_sink comp="166" pin=0"/></net>

<net id="177"><net_src comp="145" pin="3"/><net_sink comp="172" pin=0"/></net>

<net id="183"><net_src comp="138" pin="3"/><net_sink comp="178" pin=0"/></net>

<net id="189"><net_src comp="131" pin="3"/><net_sink comp="184" pin=0"/></net>

<net id="195"><net_src comp="124" pin="3"/><net_sink comp="190" pin=0"/></net>

<net id="201"><net_src comp="117" pin="3"/><net_sink comp="196" pin=0"/></net>

<net id="207"><net_src comp="159" pin="3"/><net_sink comp="202" pin=0"/></net>

<net id="212"><net_src comp="44" pin="0"/><net_sink comp="208" pin=0"/></net>

<net id="217"><net_src comp="98" pin="2"/><net_sink comp="213" pin=0"/></net>

<net id="225"><net_src comp="218" pin="1"/><net_sink comp="221" pin=0"/></net>

<net id="226"><net_src comp="46" pin="0"/><net_sink comp="221" pin=1"/></net>

<net id="231"><net_src comp="218" pin="1"/><net_sink comp="227" pin=0"/></net>

<net id="232"><net_src comp="48" pin="0"/><net_sink comp="227" pin=1"/></net>

<net id="239"><net_src comp="218" pin="1"/><net_sink comp="236" pin=0"/></net>

<net id="240"><net_src comp="236" pin="1"/><net_sink comp="117" pin=2"/></net>

<net id="241"><net_src comp="236" pin="1"/><net_sink comp="124" pin=2"/></net>

<net id="242"><net_src comp="236" pin="1"/><net_sink comp="131" pin=2"/></net>

<net id="243"><net_src comp="236" pin="1"/><net_sink comp="138" pin=2"/></net>

<net id="244"><net_src comp="236" pin="1"/><net_sink comp="145" pin=2"/></net>

<net id="245"><net_src comp="236" pin="1"/><net_sink comp="152" pin=2"/></net>

<net id="246"><net_src comp="236" pin="1"/><net_sink comp="159" pin=2"/></net>

<net id="250"><net_src comp="104" pin="2"/><net_sink comp="247" pin=0"/></net>

<net id="251"><net_src comp="247" pin="1"/><net_sink comp="166" pin=1"/></net>

<net id="252"><net_src comp="247" pin="1"/><net_sink comp="172" pin=1"/></net>

<net id="253"><net_src comp="247" pin="1"/><net_sink comp="178" pin=1"/></net>

<net id="254"><net_src comp="247" pin="1"/><net_sink comp="184" pin=1"/></net>

<net id="255"><net_src comp="247" pin="1"/><net_sink comp="190" pin=1"/></net>

<net id="256"><net_src comp="247" pin="1"/><net_sink comp="196" pin=1"/></net>

<net id="257"><net_src comp="247" pin="1"/><net_sink comp="202" pin=1"/></net>

<net id="261"><net_src comp="247" pin="1"/><net_sink comp="258" pin=0"/></net>

<net id="266"><net_src comp="258" pin="1"/><net_sink comp="262" pin=0"/></net>

<net id="267"><net_src comp="233" pin="1"/><net_sink comp="262" pin=1"/></net>

<net id="272"><net_src comp="227" pin="2"/><net_sink comp="268" pin=0"/></net>

<net id="277"><net_src comp="262" pin="2"/><net_sink comp="273" pin=0"/></net>

<net id="281"><net_src comp="278" pin="1"/><net_sink comp="110" pin=2"/></net>

<net id="285"><net_src comp="78" pin="1"/><net_sink comp="282" pin=0"/></net>

<net id="286"><net_src comp="282" pin="1"/><net_sink comp="213" pin=1"/></net>

<net id="287"><net_src comp="282" pin="1"/><net_sink comp="233" pin=0"/></net>

<net id="288"><net_src comp="282" pin="1"/><net_sink comp="273" pin=1"/></net>

<net id="289"><net_src comp="282" pin="1"/><net_sink comp="278" pin=0"/></net>

<net id="293"><net_src comp="82" pin="1"/><net_sink comp="290" pin=0"/></net>

<net id="294"><net_src comp="290" pin="1"/><net_sink comp="208" pin=1"/></net>

<net id="295"><net_src comp="290" pin="1"/><net_sink comp="218" pin=0"/></net>

<net id="296"><net_src comp="290" pin="1"/><net_sink comp="268" pin=1"/></net>

</net_list>

</model> 
---------------- Datapath Model END ------------------

* FSMD analyzer results:
  - Output states:
	Port: linebuf_6 | {1 }
	Port: linebuf_5 | {1 }
	Port: linebuf_4 | {1 }
	Port: linebuf_3 | {1 }
	Port: linebuf_2 | {1 }
	Port: linebuf_1 | {1 }
	Port: linebuf | {1 }
	Port: local_ht_1_out | {1 }
 - Input state : 
	Port: produce_em_jet_cluster_stream_from_towers_Pipeline_VITIS_LOOP_486_2 : local_ht | {1 }
	Port: produce_em_jet_cluster_stream_from_towers_Pipeline_VITIS_LOOP_486_2 : tower_in | {1 }
	Port: produce_em_jet_cluster_stream_from_towers_Pipeline_VITIS_LOOP_486_2 : empty_25 | {1 }
	Port: produce_em_jet_cluster_stream_from_towers_Pipeline_VITIS_LOOP_486_2 : empty | {1 }
  - Chain level:
	State 1
		store_ln486 : 1
		phi_1 : 1
		icmp_ln486 : 2
		add_ln486 : 2
		br_ln486 : 3
		local_ht_1_load : 1
		zext_ln486 : 2
		zext_ln490 : 1
		local_ht_2 : 2
		linebuf_addr : 3
		linebuf_1_addr : 3
		linebuf_2_addr : 3
		linebuf_3_addr : 3
		linebuf_4_addr : 3
		linebuf_5_addr : 3
		linebuf_6_addr : 3
		store_ln491 : 4
		store_ln491 : 4
		store_ln491 : 4
		store_ln491 : 4
		store_ln491 : 4
		store_ln491 : 4
		store_ln491 : 4
		store_ln486 : 3
		store_ln479 : 3
		local_ht_1_load_1 : 1
		write_ln0 : 2


============================================================
+ Verbose Summary: Datapath Resource usage 
============================================================

* Functional unit list:
|----------|---------------------------|---------|---------|
| Operation|      Functional Unit      |    FF   |   LUT   |
|----------|---------------------------|---------|---------|
|    add   |      add_ln486_fu_227     |    0    |    13   |
|          |     local_ht_2_fu_262     |    0    |    31   |
|----------|---------------------------|---------|---------|
|   icmp   |     icmp_ln486_fu_221     |    0    |    13   |
|----------|---------------------------|---------|---------|
|          |       tmp_read_fu_86      |    0    |    0    |
|   read   |     tmp_16_read_fu_92     |    0    |    0    |
|          |  local_ht_read_read_fu_98 |    0    |    0    |
|          | tower_in_read_read_fu_104 |    0    |    0    |
|----------|---------------------------|---------|---------|
|   write  |   write_ln0_write_fu_110  |    0    |    0    |
|----------|---------------------------|---------|---------|
|   zext   |     zext_ln486_fu_236     |    0    |    0    |
|          |     zext_ln490_fu_258     |    0    |    0    |
|----------|---------------------------|---------|---------|
|   trunc  |      incoming_fu_247      |    0    |    0    |
|----------|---------------------------|---------|---------|
|   Total  |                           |    0    |    57   |
|----------|---------------------------|---------|---------|

Memories:
N/A

* Register list:
+------------------+--------+
|                  |   FF   |
+------------------+--------+
|local_ht_1_reg_282|   24   |
|    phi_reg_290   |    6   |
+------------------+--------+
|       Total      |   30   |
+------------------+--------+

* Multiplexer (MUX) list: 
|--------|------|------|------|--------|
|  Comp  |  Pin | Size |  BW  | S x BW |
|--------|------|------|------|--------|
|  Total |      |      |      |    0   |
|--------|------|------|------|--------|



* Summary:
+-----------+--------+--------+
|           |   FF   |   LUT  |
+-----------+--------+--------+
|  Function |    0   |   57   |
|   Memory  |    -   |    -   |
|Multiplexer|    -   |    -   |
|  Register |   30   |    -   |
+-----------+--------+--------+
|   Total   |   30   |   57   |
+-----------+--------+--------+
