

================================================================
== Vitis HLS Report for 'produce_em_jet_cluster_stream_from_towers'
================================================================
* Date:           Tue May 12 23:41:53 2026

* Version:        2024.1 (Build 5069499 on May 21 2024)
* Project:        calorimeter
* Solution:       solution1 (Vivado IP Flow Target)
* Product family: virtexuplus
* Target device:  xcvu13p-fsga2577-2-e


================================================================
== Performance Estimates
================================================================
+ Timing: 
    * Summary: 
    +--------+----------+-----------+------------+
    |  Clock |  Target  | Estimated | Uncertainty|
    +--------+----------+-----------+------------+
    |ap_clk  |  25.00 ns|  12.510 ns|     6.75 ns|
    +--------+----------+-----------+------------+

+ Latency: 
    * Summary: 
    +---------+---------+-----------+----------+------+------+---------+
    |  Latency (cycles) |  Latency (absolute)  |   Interval  | Pipeline|
    |   min   |   max   |    min    |    max   |  min |  max |   Type  |
    +---------+---------+-----------+----------+------+------+---------+
    |     1981|     4081|  49.525 us|  0.102 ms|  1981|  4081|       no|
    +---------+---------+-----------+----------+------+------+---------+

    + Detail: 
        * Instance: 
        N/A

        * Loop: 
        +--------------------+---------+---------+----------+-----------+-----------+------+----------+
        |                    |  Latency (cycles) | Iteration|  Initiation Interval  | Trip |          |
        |      Loop Name     |   min   |   max   |  Latency |  achieved |   target  | Count| Pipelined|
        +--------------------+---------+---------+----------+-----------+-----------+------+----------+
        |- VITIS_LOOP_481_1  |     1980|     4080|  66 ~ 136|          -|          -|    30|        no|
        +--------------------+---------+---------+----------+-----------+-----------+------+----------+

============================================================
+ Verbose Summary: Synthesis Manager
============================================================
InlineROM: 1
ExposeGlobal: 0
============================================================
+ Verbose Summary: CDFG Model
============================================================
IsTopModel: 0
ResetActiveHigh: 1
IsCombinational: 2
IsDatapathOnly: 0
HasWiredReturn: 1
HasMFsm: 0
HasVarLatency: 1
IsPipeline: 0
IsRtlPipelined: 0
IsInstanceOverlapped: 0
IsDontTouch: 0
HasImplIP: 0
IsGatedGlobalClock: 0


============================================================
+ Verbose Summary: Schedule
============================================================
* Number of FSM states : 13
* Pipeline : 0
* Dataflow Pipeline: 0

* FSM state transitions: 
1 --> 2 
2 --> 3 
3 --> 4 
4 --> 5 13 
5 --> 6 
6 --> 7 
7 --> 8 
8 --> 9 
9 --> 10 
10 --> 11 
11 --> 12 
12 --> 13 
13 --> 2 

* FSM state operations: 

State 1 <SV = 0> <Delay = 0.38>
ST_1 : Operation 14 [1/1] (0.00ns)   --->   "%phi_urem = alloca i32 1"   --->   Operation 14 'alloca' 'phi_urem' <Predicate = true> <Delay = 0.00>
ST_1 : Operation 15 [1/1] (0.00ns)   --->   "%local_ht = alloca i32 1" [calorimeter.cpp:479]   --->   Operation 15 'alloca' 'local_ht' <Predicate = true> <Delay = 0.00>
ST_1 : Operation 16 [1/1] (0.00ns)   --->   "%eta_1 = alloca i32 1" [calorimeter.cpp:481]   --->   Operation 16 'alloca' 'eta_1' <Predicate = true> <Delay = 0.00>
ST_1 : Operation 17 [1/1] (0.00ns)   --->   "%jet_cluster_threshold_read = read i20 @_ssdm_op_Read.ap_auto.i20, i20 %jet_cluster_threshold"   --->   Operation 17 'read' 'jet_cluster_threshold_read' <Predicate = true> <Delay = 0.00>
ST_1 : Operation 18 [1/1] (0.00ns)   --->   "%jet_seed_threshold_read = read i12 @_ssdm_op_Read.ap_auto.i12, i12 %jet_seed_threshold"   --->   Operation 18 'read' 'jet_seed_threshold_read' <Predicate = true> <Delay = 0.00>
ST_1 : Operation 19 [1/1] (0.00ns)   --->   "%em_cluster_threshold_read = read i20 @_ssdm_op_Read.ap_auto.i20, i20 %em_cluster_threshold"   --->   Operation 19 'read' 'em_cluster_threshold_read' <Predicate = true> <Delay = 0.00>
ST_1 : Operation 20 [1/1] (0.00ns)   --->   "%em_seed_threshold_read = read i12 @_ssdm_op_Read.ap_auto.i12, i12 %em_seed_threshold"   --->   Operation 20 'read' 'em_seed_threshold_read' <Predicate = true> <Delay = 0.00>
ST_1 : Operation 21 [1/1] (0.00ns)   --->   "%local_ht_1_loc = alloca i64 1"   --->   Operation 21 'alloca' 'local_ht_1_loc' <Predicate = true> <Delay = 0.00>
ST_1 : Operation 22 [1/1] (0.00ns)   --->   "%specinterface_ln0 = specinterface void @_ssdm_op_SpecInterface, i61 %jet_cluster_stream, void @empty_8, i32 0, i32 0, void @empty_4, i32 0, i32 0, void @empty_4, void @empty_4, void @empty_4, i32 0, i32 0, i32 0, i32 0, void @empty_4, void @empty_4, i32 4294967295, i32 0, i32 0"   --->   Operation 22 'specinterface' 'specinterface_ln0' <Predicate = true> <Delay = 0.00>
ST_1 : Operation 23 [1/1] (0.00ns)   --->   "%specinterface_ln0 = specinterface void @_ssdm_op_SpecInterface, i61 %em_cluster_stream, void @empty_8, i32 0, i32 0, void @empty_4, i32 0, i32 0, void @empty_4, void @empty_4, void @empty_4, i32 0, i32 0, i32 0, i32 0, void @empty_4, void @empty_4, i32 4294967295, i32 0, i32 0"   --->   Operation 23 'specinterface' 'specinterface_ln0' <Predicate = true> <Delay = 0.00>
ST_1 : Operation 24 [1/1] (0.00ns)   --->   "%specinterface_ln0 = specinterface void @_ssdm_op_SpecInterface, i16 %tower_in, void @empty_2, i32 0, i32 0, void @empty_3, i32 0, i32 0, void @empty_4, void @empty_4, void @empty_4, i32 0, i32 0, i32 0, i32 0, void @empty_4, void @empty_4, i32 4294967295, i32 0, i32 0"   --->   Operation 24 'specinterface' 'specinterface_ln0' <Predicate = true> <Delay = 0.00>
ST_1 : Operation 25 [1/1] (0.00ns)   --->   "%linebuf = alloca i64 1" [calorimeter.cpp:473]   --->   Operation 25 'alloca' 'linebuf' <Predicate = true> <Delay = 0.00>
ST_1 : Operation 26 [1/1] (0.00ns)   --->   "%linebuf_1 = alloca i64 1" [calorimeter.cpp:473]   --->   Operation 26 'alloca' 'linebuf_1' <Predicate = true> <Delay = 0.00>
ST_1 : Operation 27 [1/1] (0.00ns)   --->   "%linebuf_2 = alloca i64 1" [calorimeter.cpp:473]   --->   Operation 27 'alloca' 'linebuf_2' <Predicate = true> <Delay = 0.00>
ST_1 : Operation 28 [1/1] (0.00ns)   --->   "%linebuf_3 = alloca i64 1" [calorimeter.cpp:473]   --->   Operation 28 'alloca' 'linebuf_3' <Predicate = true> <Delay = 0.00>
ST_1 : Operation 29 [1/1] (0.00ns)   --->   "%linebuf_4 = alloca i64 1" [calorimeter.cpp:473]   --->   Operation 29 'alloca' 'linebuf_4' <Predicate = true> <Delay = 0.00>
ST_1 : Operation 30 [1/1] (0.00ns)   --->   "%linebuf_5 = alloca i64 1" [calorimeter.cpp:473]   --->   Operation 30 'alloca' 'linebuf_5' <Predicate = true> <Delay = 0.00>
ST_1 : Operation 31 [1/1] (0.00ns)   --->   "%linebuf_6 = alloca i64 1" [calorimeter.cpp:473]   --->   Operation 31 'alloca' 'linebuf_6' <Predicate = true> <Delay = 0.00>
ST_1 : Operation 32 [1/1] (0.38ns)   --->   "%store_ln481 = store i5 0, i5 %eta_1" [calorimeter.cpp:481]   --->   Operation 32 'store' 'store_ln481' <Predicate = true> <Delay = 0.38>
ST_1 : Operation 33 [1/1] (0.38ns)   --->   "%store_ln479 = store i24 0, i24 %local_ht" [calorimeter.cpp:479]   --->   Operation 33 'store' 'store_ln479' <Predicate = true> <Delay = 0.38>
ST_1 : Operation 34 [1/1] (0.38ns)   --->   "%store_ln0 = store i5 0, i5 %phi_urem"   --->   Operation 34 'store' 'store_ln0' <Predicate = true> <Delay = 0.38>
ST_1 : Operation 35 [1/1] (0.00ns)   --->   "%br_ln481 = br void %VITIS_LOOP_486_2" [calorimeter.cpp:481]   --->   Operation 35 'br' 'br_ln481' <Predicate = true> <Delay = 0.00>

State 2 <SV = 1> <Delay = 2.31>
ST_2 : Operation 36 [1/1] (0.00ns)   --->   "%eta = load i5 %eta_1" [calorimeter.cpp:498]   --->   Operation 36 'load' 'eta' <Predicate = true> <Delay = 0.00>
ST_2 : Operation 37 [1/1] (0.70ns)   --->   "%icmp_ln481 = icmp_eq  i5 %eta, i5 30" [calorimeter.cpp:481]   --->   Operation 37 'icmp' 'icmp_ln481' <Predicate = true> <Delay = 0.70> <CoreInst = "Cmp">   --->   Core 9 'Cmp' <Latency = 0> <II = 1> <Delay = 0.70> <FuncUnit> <Opcode : 'seteq' 'setne' 'setle' 'setge' 'setlt' 'setgt'> <InPorts = 2> <OutPorts = 1>
ST_2 : Operation 38 [1/1] (0.70ns)   --->   "%eta_2 = add i5 %eta, i5 1" [calorimeter.cpp:481]   --->   Operation 38 'add' 'eta_2' <Predicate = true> <Delay = 0.70> <CoreInst = "Adder">   --->   Core 1 'Adder' <Latency = 0> <II = 1> <Delay = 0.70> <FuncUnit> <Opcode : 'add' 'sub'> <InPorts = 2> <OutPorts = 1>
ST_2 : Operation 39 [1/1] (0.00ns)   --->   "%br_ln481 = br i1 %icmp_ln481, void %VITIS_LOOP_486_2.split, void %for.end48" [calorimeter.cpp:481]   --->   Operation 39 'br' 'br_ln481' <Predicate = true> <Delay = 0.00>
ST_2 : Operation 40 [1/1] (0.00ns)   --->   "%phi_urem_load = load i5 %phi_urem"   --->   Operation 40 'load' 'phi_urem_load' <Predicate = (!icmp_ln481)> <Delay = 0.00>
ST_2 : Operation 41 [1/1] (0.00ns)   --->   "%local_ht_load_1 = load i24 %local_ht"   --->   Operation 41 'load' 'local_ht_load_1' <Predicate = (!icmp_ln481)> <Delay = 0.00>
ST_2 : Operation 42 [1/1] (0.00ns)   --->   "%empty = trunc i5 %phi_urem_load"   --->   Operation 42 'trunc' 'empty' <Predicate = (!icmp_ln481)> <Delay = 0.00>
ST_2 : Operation 43 [1/1] (0.57ns)   --->   "%empty_108 = icmp_eq  i3 %empty, i3 6"   --->   Operation 43 'icmp' 'empty_108' <Predicate = (!icmp_ln481)> <Delay = 0.57> <CoreInst = "Cmp">   --->   Core 9 'Cmp' <Latency = 0> <II = 1> <Delay = 0.57> <FuncUnit> <Opcode : 'seteq' 'setne' 'setle' 'setge' 'setlt' 'setgt'> <InPorts = 2> <OutPorts = 1>
ST_2 : Operation 44 [1/1] (0.00ns)   --->   "%empty_109 = wait i32 @_ssdm_op_Wait"   --->   Operation 44 'wait' 'empty_109' <Predicate = (!icmp_ln481)> <Delay = 0.00>
ST_2 : Operation 45 [2/2] (1.60ns)   --->   "%call_ln0 = call void @produce_em_jet_cluster_stream_from_towers_Pipeline_VITIS_LOOP_486_2, i24 %local_ht_load_1, i12 %linebuf_6, i12 %linebuf_5, i12 %linebuf_4, i12 %linebuf_3, i12 %linebuf_2, i12 %linebuf_1, i12 %linebuf, i16 %tower_in, i3 %empty, i1 %empty_108, i24 %local_ht_1_loc"   --->   Operation 45 'call' 'call_ln0' <Predicate = (!icmp_ln481)> <Delay = 1.60> <CoreType = "Generic">   --->   Core 0 '' <Latency = 0> <II = 1> <Delay = 1.00> <Generic> <Opcode : >
ST_2 : Operation 46 [1/1] (0.00ns)   --->   "%local_ht_load = load i24 %local_ht" [calorimeter.cpp:535]   --->   Operation 46 'load' 'local_ht_load' <Predicate = (icmp_ln481)> <Delay = 0.00>
ST_2 : Operation 47 [1/1] (0.00ns)   --->   "%write_ln535 = write void @_ssdm_op_Write.ap_auto.i24P0A, i24 %ht, i24 %local_ht_load" [calorimeter.cpp:535]   --->   Operation 47 'write' 'write_ln535' <Predicate = (icmp_ln481)> <Delay = 0.00>
ST_2 : Operation 48 [1/1] (0.00ns)   --->   "%ret_ln536 = ret" [calorimeter.cpp:536]   --->   Operation 48 'ret' 'ret_ln536' <Predicate = (icmp_ln481)> <Delay = 0.00>

State 3 <SV = 2> <Delay = 1.48>
ST_3 : Operation 49 [1/2] (1.48ns)   --->   "%call_ln0 = call void @produce_em_jet_cluster_stream_from_towers_Pipeline_VITIS_LOOP_486_2, i24 %local_ht_load_1, i12 %linebuf_6, i12 %linebuf_5, i12 %linebuf_4, i12 %linebuf_3, i12 %linebuf_2, i12 %linebuf_1, i12 %linebuf, i16 %tower_in, i3 %empty, i1 %empty_108, i24 %local_ht_1_loc"   --->   Operation 49 'call' 'call_ln0' <Predicate = true> <Delay = 1.48> <CoreType = "Generic">   --->   Core 0 '' <Latency = 0> <II = 1> <Delay = 1.00> <Generic> <Opcode : >

State 4 <SV = 3> <Delay = 1.71>
ST_4 : Operation 50 [1/1] (0.00ns)   --->   "%speclooptripcount_ln479 = speclooptripcount void @_ssdm_op_SpecLoopTripCount, i64 30, i64 30, i64 30" [calorimeter.cpp:479]   --->   Operation 50 'speclooptripcount' 'speclooptripcount_ln479' <Predicate = true> <Delay = 0.00>
ST_4 : Operation 51 [1/1] (0.00ns)   --->   "%specloopname_ln481 = specloopname void @_ssdm_op_SpecLoopName, void @empty_16" [calorimeter.cpp:481]   --->   Operation 51 'specloopname' 'specloopname_ln481' <Predicate = true> <Delay = 0.00>
ST_4 : Operation 52 [1/1] (0.00ns)   --->   "%local_ht_1_loc_load = load i24 %local_ht_1_loc"   --->   Operation 52 'load' 'local_ht_1_loc_load' <Predicate = true> <Delay = 0.00>
ST_4 : Operation 53 [1/1] (0.00ns)   --->   "%empty_110 = wait i32 @_ssdm_op_Wait"   --->   Operation 53 'wait' 'empty_110' <Predicate = true> <Delay = 0.00>
ST_4 : Operation 54 [1/1] (0.70ns)   --->   "%icmp_ln496 = icmp_ugt  i5 %eta, i5 5" [calorimeter.cpp:496]   --->   Operation 54 'icmp' 'icmp_ln496' <Predicate = true> <Delay = 0.70> <CoreInst = "Cmp">   --->   Core 9 'Cmp' <Latency = 0> <II = 1> <Delay = 0.70> <FuncUnit> <Opcode : 'seteq' 'setne' 'setle' 'setge' 'setlt' 'setgt'> <InPorts = 2> <OutPorts = 1>
ST_4 : Operation 55 [1/1] (0.00ns)   --->   "%br_ln496 = br i1 %icmp_ln496, void %for.inc46, void %VITIS_LOOP_500_3" [calorimeter.cpp:496]   --->   Operation 55 'br' 'br_ln496' <Predicate = true> <Delay = 0.00>
ST_4 : Operation 56 [1/1] (0.70ns)   --->   "%center_eta = add i5 %eta, i5 29" [calorimeter.cpp:498]   --->   Operation 56 'add' 'center_eta' <Predicate = (icmp_ln496)> <Delay = 0.70> <CoreInst = "Adder">   --->   Core 1 'Adder' <Latency = 0> <II = 1> <Delay = 0.70> <FuncUnit> <Opcode : 'add' 'sub'> <InPorts = 2> <OutPorts = 1>
ST_4 : Operation 57 [1/1] (0.70ns)   --->   "%src_eta = add i5 %eta, i5 26" [calorimeter.cpp:498]   --->   Operation 57 'add' 'src_eta' <Predicate = (icmp_ln496)> <Delay = 0.70> <CoreInst = "Adder">   --->   Core 1 'Adder' <Latency = 0> <II = 1> <Delay = 0.70> <FuncUnit> <Opcode : 'add' 'sub'> <InPorts = 2> <OutPorts = 1>
ST_4 : Operation 58 [9/9] (1.00ns)   --->   "%src_row = urem i5 %src_eta, i5 7" [calorimeter.cpp:498]   --->   Operation 58 'urem' 'src_row' <Predicate = (icmp_ln496)> <Delay = 1.00> <CoreInst = "DivnS_SEQ">   --->   Core 7 'DivnS_SEQ' <Latency = 8> <II = 3> <Delay = 1.00> <FuncUnit> <Opcode : 'udiv' 'sdiv' 'urem' 'srem'> <InPorts = 2> <OutPorts = 1>
ST_4 : Operation 59 [1/1] (0.70ns)   --->   "%src_eta_1 = add i5 %eta, i5 27" [calorimeter.cpp:498]   --->   Operation 59 'add' 'src_eta_1' <Predicate = (icmp_ln496)> <Delay = 0.70> <CoreInst = "Adder">   --->   Core 1 'Adder' <Latency = 0> <II = 1> <Delay = 0.70> <FuncUnit> <Opcode : 'add' 'sub'> <InPorts = 2> <OutPorts = 1>
ST_4 : Operation 60 [9/9] (1.00ns)   --->   "%src_row_1 = urem i5 %src_eta_1, i5 7" [calorimeter.cpp:498]   --->   Operation 60 'urem' 'src_row_1' <Predicate = (icmp_ln496)> <Delay = 1.00> <CoreInst = "DivnS_SEQ">   --->   Core 7 'DivnS_SEQ' <Latency = 8> <II = 3> <Delay = 1.00> <FuncUnit> <Opcode : 'udiv' 'sdiv' 'urem' 'srem'> <InPorts = 2> <OutPorts = 1>
ST_4 : Operation 61 [1/1] (0.70ns)   --->   "%src_eta_2 = add i5 %eta, i5 28" [calorimeter.cpp:498]   --->   Operation 61 'add' 'src_eta_2' <Predicate = (icmp_ln496)> <Delay = 0.70> <CoreInst = "Adder">   --->   Core 1 'Adder' <Latency = 0> <II = 1> <Delay = 0.70> <FuncUnit> <Opcode : 'add' 'sub'> <InPorts = 2> <OutPorts = 1>
ST_4 : Operation 62 [9/9] (1.00ns)   --->   "%src_row_2 = urem i5 %src_eta_2, i5 7" [calorimeter.cpp:498]   --->   Operation 62 'urem' 'src_row_2' <Predicate = (icmp_ln496)> <Delay = 1.00> <CoreInst = "DivnS_SEQ">   --->   Core 7 'DivnS_SEQ' <Latency = 8> <II = 3> <Delay = 1.00> <FuncUnit> <Opcode : 'udiv' 'sdiv' 'urem' 'srem'> <InPorts = 2> <OutPorts = 1>
ST_4 : Operation 63 [9/9] (1.00ns)   --->   "%src_row_3 = urem i5 %center_eta, i5 7" [calorimeter.cpp:498]   --->   Operation 63 'urem' 'src_row_3' <Predicate = (icmp_ln496)> <Delay = 1.00> <CoreInst = "DivnS_SEQ">   --->   Core 7 'DivnS_SEQ' <Latency = 8> <II = 3> <Delay = 1.00> <FuncUnit> <Opcode : 'udiv' 'sdiv' 'urem' 'srem'> <InPorts = 2> <OutPorts = 1>
ST_4 : Operation 64 [1/1] (0.70ns)   --->   "%src_eta_4 = add i5 %eta, i5 30" [calorimeter.cpp:498]   --->   Operation 64 'add' 'src_eta_4' <Predicate = (icmp_ln496)> <Delay = 0.70> <CoreInst = "Adder">   --->   Core 1 'Adder' <Latency = 0> <II = 1> <Delay = 0.70> <FuncUnit> <Opcode : 'add' 'sub'> <InPorts = 2> <OutPorts = 1>
ST_4 : Operation 65 [9/9] (1.00ns)   --->   "%src_row_4 = urem i5 %src_eta_4, i5 7" [calorimeter.cpp:498]   --->   Operation 65 'urem' 'src_row_4' <Predicate = (icmp_ln496)> <Delay = 1.00> <CoreInst = "DivnS_SEQ">   --->   Core 7 'DivnS_SEQ' <Latency = 8> <II = 3> <Delay = 1.00> <FuncUnit> <Opcode : 'udiv' 'sdiv' 'urem' 'srem'> <InPorts = 2> <OutPorts = 1>
ST_4 : Operation 66 [1/1] (0.70ns)   --->   "%src_eta_5 = add i5 %eta, i5 31" [calorimeter.cpp:498]   --->   Operation 66 'add' 'src_eta_5' <Predicate = (icmp_ln496)> <Delay = 0.70> <CoreInst = "Adder">   --->   Core 1 'Adder' <Latency = 0> <II = 1> <Delay = 0.70> <FuncUnit> <Opcode : 'add' 'sub'> <InPorts = 2> <OutPorts = 1>
ST_4 : Operation 67 [9/9] (1.00ns)   --->   "%src_row_5 = urem i5 %src_eta_5, i5 7" [calorimeter.cpp:498]   --->   Operation 67 'urem' 'src_row_5' <Predicate = (icmp_ln496)> <Delay = 1.00> <CoreInst = "DivnS_SEQ">   --->   Core 7 'DivnS_SEQ' <Latency = 8> <II = 3> <Delay = 1.00> <FuncUnit> <Opcode : 'udiv' 'sdiv' 'urem' 'srem'> <InPorts = 2> <OutPorts = 1>

State 5 <SV = 4> <Delay = 1.00>
ST_5 : Operation 68 [8/9] (1.00ns)   --->   "%src_row = urem i5 %src_eta, i5 7" [calorimeter.cpp:498]   --->   Operation 68 'urem' 'src_row' <Predicate = true> <Delay = 1.00> <CoreInst = "DivnS_SEQ">   --->   Core 7 'DivnS_SEQ' <Latency = 8> <II = 3> <Delay = 1.00> <FuncUnit> <Opcode : 'udiv' 'sdiv' 'urem' 'srem'> <InPorts = 2> <OutPorts = 1>
ST_5 : Operation 69 [8/9] (1.00ns)   --->   "%src_row_1 = urem i5 %src_eta_1, i5 7" [calorimeter.cpp:498]   --->   Operation 69 'urem' 'src_row_1' <Predicate = true> <Delay = 1.00> <CoreInst = "DivnS_SEQ">   --->   Core 7 'DivnS_SEQ' <Latency = 8> <II = 3> <Delay = 1.00> <FuncUnit> <Opcode : 'udiv' 'sdiv' 'urem' 'srem'> <InPorts = 2> <OutPorts = 1>
ST_5 : Operation 70 [8/9] (1.00ns)   --->   "%src_row_2 = urem i5 %src_eta_2, i5 7" [calorimeter.cpp:498]   --->   Operation 70 'urem' 'src_row_2' <Predicate = true> <Delay = 1.00> <CoreInst = "DivnS_SEQ">   --->   Core 7 'DivnS_SEQ' <Latency = 8> <II = 3> <Delay = 1.00> <FuncUnit> <Opcode : 'udiv' 'sdiv' 'urem' 'srem'> <InPorts = 2> <OutPorts = 1>
ST_5 : Operation 71 [8/9] (1.00ns)   --->   "%src_row_3 = urem i5 %center_eta, i5 7" [calorimeter.cpp:498]   --->   Operation 71 'urem' 'src_row_3' <Predicate = true> <Delay = 1.00> <CoreInst = "DivnS_SEQ">   --->   Core 7 'DivnS_SEQ' <Latency = 8> <II = 3> <Delay = 1.00> <FuncUnit> <Opcode : 'udiv' 'sdiv' 'urem' 'srem'> <InPorts = 2> <OutPorts = 1>
ST_5 : Operation 72 [8/9] (1.00ns)   --->   "%src_row_4 = urem i5 %src_eta_4, i5 7" [calorimeter.cpp:498]   --->   Operation 72 'urem' 'src_row_4' <Predicate = true> <Delay = 1.00> <CoreInst = "DivnS_SEQ">   --->   Core 7 'DivnS_SEQ' <Latency = 8> <II = 3> <Delay = 1.00> <FuncUnit> <Opcode : 'udiv' 'sdiv' 'urem' 'srem'> <InPorts = 2> <OutPorts = 1>
ST_5 : Operation 73 [8/9] (1.00ns)   --->   "%src_row_5 = urem i5 %src_eta_5, i5 7" [calorimeter.cpp:498]   --->   Operation 73 'urem' 'src_row_5' <Predicate = true> <Delay = 1.00> <CoreInst = "DivnS_SEQ">   --->   Core 7 'DivnS_SEQ' <Latency = 8> <II = 3> <Delay = 1.00> <FuncUnit> <Opcode : 'udiv' 'sdiv' 'urem' 'srem'> <InPorts = 2> <OutPorts = 1>
ST_5 : Operation 74 [1/1] (0.00ns)   --->   "%empty_116 = wait i32 @_ssdm_op_Wait"   --->   Operation 74 'wait' 'empty_116' <Predicate = true> <Delay = 0.00>

State 6 <SV = 5> <Delay = 1.00>
ST_6 : Operation 75 [7/9] (1.00ns)   --->   "%src_row = urem i5 %src_eta, i5 7" [calorimeter.cpp:498]   --->   Operation 75 'urem' 'src_row' <Predicate = true> <Delay = 1.00> <CoreInst = "DivnS_SEQ">   --->   Core 7 'DivnS_SEQ' <Latency = 8> <II = 3> <Delay = 1.00> <FuncUnit> <Opcode : 'udiv' 'sdiv' 'urem' 'srem'> <InPorts = 2> <OutPorts = 1>
ST_6 : Operation 76 [7/9] (1.00ns)   --->   "%src_row_1 = urem i5 %src_eta_1, i5 7" [calorimeter.cpp:498]   --->   Operation 76 'urem' 'src_row_1' <Predicate = true> <Delay = 1.00> <CoreInst = "DivnS_SEQ">   --->   Core 7 'DivnS_SEQ' <Latency = 8> <II = 3> <Delay = 1.00> <FuncUnit> <Opcode : 'udiv' 'sdiv' 'urem' 'srem'> <InPorts = 2> <OutPorts = 1>
ST_6 : Operation 77 [7/9] (1.00ns)   --->   "%src_row_2 = urem i5 %src_eta_2, i5 7" [calorimeter.cpp:498]   --->   Operation 77 'urem' 'src_row_2' <Predicate = true> <Delay = 1.00> <CoreInst = "DivnS_SEQ">   --->   Core 7 'DivnS_SEQ' <Latency = 8> <II = 3> <Delay = 1.00> <FuncUnit> <Opcode : 'udiv' 'sdiv' 'urem' 'srem'> <InPorts = 2> <OutPorts = 1>
ST_6 : Operation 78 [7/9] (1.00ns)   --->   "%src_row_3 = urem i5 %center_eta, i5 7" [calorimeter.cpp:498]   --->   Operation 78 'urem' 'src_row_3' <Predicate = true> <Delay = 1.00> <CoreInst = "DivnS_SEQ">   --->   Core 7 'DivnS_SEQ' <Latency = 8> <II = 3> <Delay = 1.00> <FuncUnit> <Opcode : 'udiv' 'sdiv' 'urem' 'srem'> <InPorts = 2> <OutPorts = 1>
ST_6 : Operation 79 [7/9] (1.00ns)   --->   "%src_row_4 = urem i5 %src_eta_4, i5 7" [calorimeter.cpp:498]   --->   Operation 79 'urem' 'src_row_4' <Predicate = true> <Delay = 1.00> <CoreInst = "DivnS_SEQ">   --->   Core 7 'DivnS_SEQ' <Latency = 8> <II = 3> <Delay = 1.00> <FuncUnit> <Opcode : 'udiv' 'sdiv' 'urem' 'srem'> <InPorts = 2> <OutPorts = 1>
ST_6 : Operation 80 [7/9] (1.00ns)   --->   "%src_row_5 = urem i5 %src_eta_5, i5 7" [calorimeter.cpp:498]   --->   Operation 80 'urem' 'src_row_5' <Predicate = true> <Delay = 1.00> <CoreInst = "DivnS_SEQ">   --->   Core 7 'DivnS_SEQ' <Latency = 8> <II = 3> <Delay = 1.00> <FuncUnit> <Opcode : 'udiv' 'sdiv' 'urem' 'srem'> <InPorts = 2> <OutPorts = 1>

State 7 <SV = 6> <Delay = 1.00>
ST_7 : Operation 81 [6/9] (1.00ns)   --->   "%src_row = urem i5 %src_eta, i5 7" [calorimeter.cpp:498]   --->   Operation 81 'urem' 'src_row' <Predicate = true> <Delay = 1.00> <CoreInst = "DivnS_SEQ">   --->   Core 7 'DivnS_SEQ' <Latency = 8> <II = 3> <Delay = 1.00> <FuncUnit> <Opcode : 'udiv' 'sdiv' 'urem' 'srem'> <InPorts = 2> <OutPorts = 1>
ST_7 : Operation 82 [6/9] (1.00ns)   --->   "%src_row_1 = urem i5 %src_eta_1, i5 7" [calorimeter.cpp:498]   --->   Operation 82 'urem' 'src_row_1' <Predicate = true> <Delay = 1.00> <CoreInst = "DivnS_SEQ">   --->   Core 7 'DivnS_SEQ' <Latency = 8> <II = 3> <Delay = 1.00> <FuncUnit> <Opcode : 'udiv' 'sdiv' 'urem' 'srem'> <InPorts = 2> <OutPorts = 1>
ST_7 : Operation 83 [6/9] (1.00ns)   --->   "%src_row_2 = urem i5 %src_eta_2, i5 7" [calorimeter.cpp:498]   --->   Operation 83 'urem' 'src_row_2' <Predicate = true> <Delay = 1.00> <CoreInst = "DivnS_SEQ">   --->   Core 7 'DivnS_SEQ' <Latency = 8> <II = 3> <Delay = 1.00> <FuncUnit> <Opcode : 'udiv' 'sdiv' 'urem' 'srem'> <InPorts = 2> <OutPorts = 1>
ST_7 : Operation 84 [6/9] (1.00ns)   --->   "%src_row_3 = urem i5 %center_eta, i5 7" [calorimeter.cpp:498]   --->   Operation 84 'urem' 'src_row_3' <Predicate = true> <Delay = 1.00> <CoreInst = "DivnS_SEQ">   --->   Core 7 'DivnS_SEQ' <Latency = 8> <II = 3> <Delay = 1.00> <FuncUnit> <Opcode : 'udiv' 'sdiv' 'urem' 'srem'> <InPorts = 2> <OutPorts = 1>
ST_7 : Operation 85 [6/9] (1.00ns)   --->   "%src_row_4 = urem i5 %src_eta_4, i5 7" [calorimeter.cpp:498]   --->   Operation 85 'urem' 'src_row_4' <Predicate = true> <Delay = 1.00> <CoreInst = "DivnS_SEQ">   --->   Core 7 'DivnS_SEQ' <Latency = 8> <II = 3> <Delay = 1.00> <FuncUnit> <Opcode : 'udiv' 'sdiv' 'urem' 'srem'> <InPorts = 2> <OutPorts = 1>
ST_7 : Operation 86 [6/9] (1.00ns)   --->   "%src_row_5 = urem i5 %src_eta_5, i5 7" [calorimeter.cpp:498]   --->   Operation 86 'urem' 'src_row_5' <Predicate = true> <Delay = 1.00> <CoreInst = "DivnS_SEQ">   --->   Core 7 'DivnS_SEQ' <Latency = 8> <II = 3> <Delay = 1.00> <FuncUnit> <Opcode : 'udiv' 'sdiv' 'urem' 'srem'> <InPorts = 2> <OutPorts = 1>

State 8 <SV = 7> <Delay = 1.00>
ST_8 : Operation 87 [5/9] (1.00ns)   --->   "%src_row = urem i5 %src_eta, i5 7" [calorimeter.cpp:498]   --->   Operation 87 'urem' 'src_row' <Predicate = true> <Delay = 1.00> <CoreInst = "DivnS_SEQ">   --->   Core 7 'DivnS_SEQ' <Latency = 8> <II = 3> <Delay = 1.00> <FuncUnit> <Opcode : 'udiv' 'sdiv' 'urem' 'srem'> <InPorts = 2> <OutPorts = 1>
ST_8 : Operation 88 [5/9] (1.00ns)   --->   "%src_row_1 = urem i5 %src_eta_1, i5 7" [calorimeter.cpp:498]   --->   Operation 88 'urem' 'src_row_1' <Predicate = true> <Delay = 1.00> <CoreInst = "DivnS_SEQ">   --->   Core 7 'DivnS_SEQ' <Latency = 8> <II = 3> <Delay = 1.00> <FuncUnit> <Opcode : 'udiv' 'sdiv' 'urem' 'srem'> <InPorts = 2> <OutPorts = 1>
ST_8 : Operation 89 [5/9] (1.00ns)   --->   "%src_row_2 = urem i5 %src_eta_2, i5 7" [calorimeter.cpp:498]   --->   Operation 89 'urem' 'src_row_2' <Predicate = true> <Delay = 1.00> <CoreInst = "DivnS_SEQ">   --->   Core 7 'DivnS_SEQ' <Latency = 8> <II = 3> <Delay = 1.00> <FuncUnit> <Opcode : 'udiv' 'sdiv' 'urem' 'srem'> <InPorts = 2> <OutPorts = 1>
ST_8 : Operation 90 [5/9] (1.00ns)   --->   "%src_row_3 = urem i5 %center_eta, i5 7" [calorimeter.cpp:498]   --->   Operation 90 'urem' 'src_row_3' <Predicate = true> <Delay = 1.00> <CoreInst = "DivnS_SEQ">   --->   Core 7 'DivnS_SEQ' <Latency = 8> <II = 3> <Delay = 1.00> <FuncUnit> <Opcode : 'udiv' 'sdiv' 'urem' 'srem'> <InPorts = 2> <OutPorts = 1>
ST_8 : Operation 91 [5/9] (1.00ns)   --->   "%src_row_4 = urem i5 %src_eta_4, i5 7" [calorimeter.cpp:498]   --->   Operation 91 'urem' 'src_row_4' <Predicate = true> <Delay = 1.00> <CoreInst = "DivnS_SEQ">   --->   Core 7 'DivnS_SEQ' <Latency = 8> <II = 3> <Delay = 1.00> <FuncUnit> <Opcode : 'udiv' 'sdiv' 'urem' 'srem'> <InPorts = 2> <OutPorts = 1>
ST_8 : Operation 92 [5/9] (1.00ns)   --->   "%src_row_5 = urem i5 %src_eta_5, i5 7" [calorimeter.cpp:498]   --->   Operation 92 'urem' 'src_row_5' <Predicate = true> <Delay = 1.00> <CoreInst = "DivnS_SEQ">   --->   Core 7 'DivnS_SEQ' <Latency = 8> <II = 3> <Delay = 1.00> <FuncUnit> <Opcode : 'udiv' 'sdiv' 'urem' 'srem'> <InPorts = 2> <OutPorts = 1>

State 9 <SV = 8> <Delay = 1.00>
ST_9 : Operation 93 [4/9] (1.00ns)   --->   "%src_row = urem i5 %src_eta, i5 7" [calorimeter.cpp:498]   --->   Operation 93 'urem' 'src_row' <Predicate = true> <Delay = 1.00> <CoreInst = "DivnS_SEQ">   --->   Core 7 'DivnS_SEQ' <Latency = 8> <II = 3> <Delay = 1.00> <FuncUnit> <Opcode : 'udiv' 'sdiv' 'urem' 'srem'> <InPorts = 2> <OutPorts = 1>
ST_9 : Operation 94 [4/9] (1.00ns)   --->   "%src_row_1 = urem i5 %src_eta_1, i5 7" [calorimeter.cpp:498]   --->   Operation 94 'urem' 'src_row_1' <Predicate = true> <Delay = 1.00> <CoreInst = "DivnS_SEQ">   --->   Core 7 'DivnS_SEQ' <Latency = 8> <II = 3> <Delay = 1.00> <FuncUnit> <Opcode : 'udiv' 'sdiv' 'urem' 'srem'> <InPorts = 2> <OutPorts = 1>
ST_9 : Operation 95 [4/9] (1.00ns)   --->   "%src_row_2 = urem i5 %src_eta_2, i5 7" [calorimeter.cpp:498]   --->   Operation 95 'urem' 'src_row_2' <Predicate = true> <Delay = 1.00> <CoreInst = "DivnS_SEQ">   --->   Core 7 'DivnS_SEQ' <Latency = 8> <II = 3> <Delay = 1.00> <FuncUnit> <Opcode : 'udiv' 'sdiv' 'urem' 'srem'> <InPorts = 2> <OutPorts = 1>
ST_9 : Operation 96 [4/9] (1.00ns)   --->   "%src_row_3 = urem i5 %center_eta, i5 7" [calorimeter.cpp:498]   --->   Operation 96 'urem' 'src_row_3' <Predicate = true> <Delay = 1.00> <CoreInst = "DivnS_SEQ">   --->   Core 7 'DivnS_SEQ' <Latency = 8> <II = 3> <Delay = 1.00> <FuncUnit> <Opcode : 'udiv' 'sdiv' 'urem' 'srem'> <InPorts = 2> <OutPorts = 1>
ST_9 : Operation 97 [4/9] (1.00ns)   --->   "%src_row_4 = urem i5 %src_eta_4, i5 7" [calorimeter.cpp:498]   --->   Operation 97 'urem' 'src_row_4' <Predicate = true> <Delay = 1.00> <CoreInst = "DivnS_SEQ">   --->   Core 7 'DivnS_SEQ' <Latency = 8> <II = 3> <Delay = 1.00> <FuncUnit> <Opcode : 'udiv' 'sdiv' 'urem' 'srem'> <InPorts = 2> <OutPorts = 1>
ST_9 : Operation 98 [4/9] (1.00ns)   --->   "%src_row_5 = urem i5 %src_eta_5, i5 7" [calorimeter.cpp:498]   --->   Operation 98 'urem' 'src_row_5' <Predicate = true> <Delay = 1.00> <CoreInst = "DivnS_SEQ">   --->   Core 7 'DivnS_SEQ' <Latency = 8> <II = 3> <Delay = 1.00> <FuncUnit> <Opcode : 'udiv' 'sdiv' 'urem' 'srem'> <InPorts = 2> <OutPorts = 1>

State 10 <SV = 9> <Delay = 1.00>
ST_10 : Operation 99 [3/9] (1.00ns)   --->   "%src_row = urem i5 %src_eta, i5 7" [calorimeter.cpp:498]   --->   Operation 99 'urem' 'src_row' <Predicate = true> <Delay = 1.00> <CoreInst = "DivnS_SEQ">   --->   Core 7 'DivnS_SEQ' <Latency = 8> <II = 3> <Delay = 1.00> <FuncUnit> <Opcode : 'udiv' 'sdiv' 'urem' 'srem'> <InPorts = 2> <OutPorts = 1>
ST_10 : Operation 100 [3/9] (1.00ns)   --->   "%src_row_1 = urem i5 %src_eta_1, i5 7" [calorimeter.cpp:498]   --->   Operation 100 'urem' 'src_row_1' <Predicate = true> <Delay = 1.00> <CoreInst = "DivnS_SEQ">   --->   Core 7 'DivnS_SEQ' <Latency = 8> <II = 3> <Delay = 1.00> <FuncUnit> <Opcode : 'udiv' 'sdiv' 'urem' 'srem'> <InPorts = 2> <OutPorts = 1>
ST_10 : Operation 101 [3/9] (1.00ns)   --->   "%src_row_2 = urem i5 %src_eta_2, i5 7" [calorimeter.cpp:498]   --->   Operation 101 'urem' 'src_row_2' <Predicate = true> <Delay = 1.00> <CoreInst = "DivnS_SEQ">   --->   Core 7 'DivnS_SEQ' <Latency = 8> <II = 3> <Delay = 1.00> <FuncUnit> <Opcode : 'udiv' 'sdiv' 'urem' 'srem'> <InPorts = 2> <OutPorts = 1>
ST_10 : Operation 102 [3/9] (1.00ns)   --->   "%src_row_3 = urem i5 %center_eta, i5 7" [calorimeter.cpp:498]   --->   Operation 102 'urem' 'src_row_3' <Predicate = true> <Delay = 1.00> <CoreInst = "DivnS_SEQ">   --->   Core 7 'DivnS_SEQ' <Latency = 8> <II = 3> <Delay = 1.00> <FuncUnit> <Opcode : 'udiv' 'sdiv' 'urem' 'srem'> <InPorts = 2> <OutPorts = 1>
ST_10 : Operation 103 [3/9] (1.00ns)   --->   "%src_row_4 = urem i5 %src_eta_4, i5 7" [calorimeter.cpp:498]   --->   Operation 103 'urem' 'src_row_4' <Predicate = true> <Delay = 1.00> <CoreInst = "DivnS_SEQ">   --->   Core 7 'DivnS_SEQ' <Latency = 8> <II = 3> <Delay = 1.00> <FuncUnit> <Opcode : 'udiv' 'sdiv' 'urem' 'srem'> <InPorts = 2> <OutPorts = 1>
ST_10 : Operation 104 [3/9] (1.00ns)   --->   "%src_row_5 = urem i5 %src_eta_5, i5 7" [calorimeter.cpp:498]   --->   Operation 104 'urem' 'src_row_5' <Predicate = true> <Delay = 1.00> <CoreInst = "DivnS_SEQ">   --->   Core 7 'DivnS_SEQ' <Latency = 8> <II = 3> <Delay = 1.00> <FuncUnit> <Opcode : 'udiv' 'sdiv' 'urem' 'srem'> <InPorts = 2> <OutPorts = 1>

State 11 <SV = 10> <Delay = 1.00>
ST_11 : Operation 105 [2/9] (1.00ns)   --->   "%src_row = urem i5 %src_eta, i5 7" [calorimeter.cpp:498]   --->   Operation 105 'urem' 'src_row' <Predicate = true> <Delay = 1.00> <CoreInst = "DivnS_SEQ">   --->   Core 7 'DivnS_SEQ' <Latency = 8> <II = 3> <Delay = 1.00> <FuncUnit> <Opcode : 'udiv' 'sdiv' 'urem' 'srem'> <InPorts = 2> <OutPorts = 1>
ST_11 : Operation 106 [2/9] (1.00ns)   --->   "%src_row_1 = urem i5 %src_eta_1, i5 7" [calorimeter.cpp:498]   --->   Operation 106 'urem' 'src_row_1' <Predicate = true> <Delay = 1.00> <CoreInst = "DivnS_SEQ">   --->   Core 7 'DivnS_SEQ' <Latency = 8> <II = 3> <Delay = 1.00> <FuncUnit> <Opcode : 'udiv' 'sdiv' 'urem' 'srem'> <InPorts = 2> <OutPorts = 1>
ST_11 : Operation 107 [2/9] (1.00ns)   --->   "%src_row_2 = urem i5 %src_eta_2, i5 7" [calorimeter.cpp:498]   --->   Operation 107 'urem' 'src_row_2' <Predicate = true> <Delay = 1.00> <CoreInst = "DivnS_SEQ">   --->   Core 7 'DivnS_SEQ' <Latency = 8> <II = 3> <Delay = 1.00> <FuncUnit> <Opcode : 'udiv' 'sdiv' 'urem' 'srem'> <InPorts = 2> <OutPorts = 1>
ST_11 : Operation 108 [2/9] (1.00ns)   --->   "%src_row_3 = urem i5 %center_eta, i5 7" [calorimeter.cpp:498]   --->   Operation 108 'urem' 'src_row_3' <Predicate = true> <Delay = 1.00> <CoreInst = "DivnS_SEQ">   --->   Core 7 'DivnS_SEQ' <Latency = 8> <II = 3> <Delay = 1.00> <FuncUnit> <Opcode : 'udiv' 'sdiv' 'urem' 'srem'> <InPorts = 2> <OutPorts = 1>
ST_11 : Operation 109 [2/9] (1.00ns)   --->   "%src_row_4 = urem i5 %src_eta_4, i5 7" [calorimeter.cpp:498]   --->   Operation 109 'urem' 'src_row_4' <Predicate = true> <Delay = 1.00> <CoreInst = "DivnS_SEQ">   --->   Core 7 'DivnS_SEQ' <Latency = 8> <II = 3> <Delay = 1.00> <FuncUnit> <Opcode : 'udiv' 'sdiv' 'urem' 'srem'> <InPorts = 2> <OutPorts = 1>
ST_11 : Operation 110 [2/9] (1.00ns)   --->   "%src_row_5 = urem i5 %src_eta_5, i5 7" [calorimeter.cpp:498]   --->   Operation 110 'urem' 'src_row_5' <Predicate = true> <Delay = 1.00> <CoreInst = "DivnS_SEQ">   --->   Core 7 'DivnS_SEQ' <Latency = 8> <II = 3> <Delay = 1.00> <FuncUnit> <Opcode : 'udiv' 'sdiv' 'urem' 'srem'> <InPorts = 2> <OutPorts = 1>

State 12 <SV = 11> <Delay = 1.00>
ST_12 : Operation 111 [1/9] (1.00ns)   --->   "%src_row = urem i5 %src_eta, i5 7" [calorimeter.cpp:498]   --->   Operation 111 'urem' 'src_row' <Predicate = true> <Delay = 1.00> <CoreInst = "DivnS_SEQ">   --->   Core 7 'DivnS_SEQ' <Latency = 8> <II = 3> <Delay = 1.00> <FuncUnit> <Opcode : 'udiv' 'sdiv' 'urem' 'srem'> <InPorts = 2> <OutPorts = 1>
ST_12 : Operation 112 [1/1] (0.00ns)   --->   "%empty_111 = trunc i3 %src_row" [calorimeter.cpp:498]   --->   Operation 112 'trunc' 'empty_111' <Predicate = true> <Delay = 0.00>
ST_12 : Operation 113 [1/9] (1.00ns)   --->   "%src_row_1 = urem i5 %src_eta_1, i5 7" [calorimeter.cpp:498]   --->   Operation 113 'urem' 'src_row_1' <Predicate = true> <Delay = 1.00> <CoreInst = "DivnS_SEQ">   --->   Core 7 'DivnS_SEQ' <Latency = 8> <II = 3> <Delay = 1.00> <FuncUnit> <Opcode : 'udiv' 'sdiv' 'urem' 'srem'> <InPorts = 2> <OutPorts = 1>
ST_12 : Operation 114 [1/1] (0.00ns)   --->   "%empty_112 = trunc i3 %src_row_1" [calorimeter.cpp:498]   --->   Operation 114 'trunc' 'empty_112' <Predicate = true> <Delay = 0.00>
ST_12 : Operation 115 [1/9] (1.00ns)   --->   "%src_row_2 = urem i5 %src_eta_2, i5 7" [calorimeter.cpp:498]   --->   Operation 115 'urem' 'src_row_2' <Predicate = true> <Delay = 1.00> <CoreInst = "DivnS_SEQ">   --->   Core 7 'DivnS_SEQ' <Latency = 8> <II = 3> <Delay = 1.00> <FuncUnit> <Opcode : 'udiv' 'sdiv' 'urem' 'srem'> <InPorts = 2> <OutPorts = 1>
ST_12 : Operation 116 [1/1] (0.00ns)   --->   "%empty_113 = trunc i3 %src_row_2" [calorimeter.cpp:498]   --->   Operation 116 'trunc' 'empty_113' <Predicate = true> <Delay = 0.00>
ST_12 : Operation 117 [1/9] (1.00ns)   --->   "%src_row_3 = urem i5 %center_eta, i5 7" [calorimeter.cpp:498]   --->   Operation 117 'urem' 'src_row_3' <Predicate = true> <Delay = 1.00> <CoreInst = "DivnS_SEQ">   --->   Core 7 'DivnS_SEQ' <Latency = 8> <II = 3> <Delay = 1.00> <FuncUnit> <Opcode : 'udiv' 'sdiv' 'urem' 'srem'> <InPorts = 2> <OutPorts = 1>
ST_12 : Operation 118 [1/1] (0.00ns)   --->   "%empty_114 = trunc i3 %src_row_3" [calorimeter.cpp:498]   --->   Operation 118 'trunc' 'empty_114' <Predicate = true> <Delay = 0.00>
ST_12 : Operation 119 [1/9] (1.00ns)   --->   "%src_row_4 = urem i5 %src_eta_4, i5 7" [calorimeter.cpp:498]   --->   Operation 119 'urem' 'src_row_4' <Predicate = true> <Delay = 1.00> <CoreInst = "DivnS_SEQ">   --->   Core 7 'DivnS_SEQ' <Latency = 8> <II = 3> <Delay = 1.00> <FuncUnit> <Opcode : 'udiv' 'sdiv' 'urem' 'srem'> <InPorts = 2> <OutPorts = 1>
ST_12 : Operation 120 [1/1] (0.00ns)   --->   "%empty_115 = trunc i3 %src_row_4" [calorimeter.cpp:498]   --->   Operation 120 'trunc' 'empty_115' <Predicate = true> <Delay = 0.00>
ST_12 : Operation 121 [1/9] (1.00ns)   --->   "%src_row_5 = urem i5 %src_eta_5, i5 7" [calorimeter.cpp:498]   --->   Operation 121 'urem' 'src_row_5' <Predicate = true> <Delay = 1.00> <CoreInst = "DivnS_SEQ">   --->   Core 7 'DivnS_SEQ' <Latency = 8> <II = 3> <Delay = 1.00> <FuncUnit> <Opcode : 'udiv' 'sdiv' 'urem' 'srem'> <InPorts = 2> <OutPorts = 1>
ST_12 : Operation 122 [1/1] (0.00ns)   --->   "%trunc_ln529 = trunc i3 %src_row_5" [calorimeter.cpp:529]   --->   Operation 122 'trunc' 'trunc_ln529' <Predicate = true> <Delay = 0.00>
ST_12 : Operation 123 [2/2] (0.00ns)   --->   "%call_ln498 = call void @produce_em_jet_cluster_stream_from_towers_Pipeline_VITIS_LOOP_500_3, i12 %linebuf, i12 %linebuf_1, i12 %linebuf_2, i12 %linebuf_3, i12 %linebuf_4, i12 %linebuf_5, i12 %linebuf_6, i3 %empty_111, i3 %empty_112, i3 %empty_113, i3 %empty_114, i3 %empty_115, i3 %trunc_ln529, i3 %empty, i12 %em_seed_threshold_read, i20 %em_cluster_threshold_read, i12 %jet_seed_threshold_read, i20 %jet_cluster_threshold_read, i5 %center_eta, i61 %em_cluster_stream, i61 %jet_cluster_stream" [calorimeter.cpp:498]   --->   Operation 123 'call' 'call_ln498' <Predicate = true> <Delay = 0.00> <CoreType = "Generic">   --->   Core 0 '' <Latency = 0> <II = 1> <Delay = 1.00> <Generic> <Opcode : >

State 13 <SV = 12> <Delay = 2.07>
ST_13 : Operation 124 [1/2] (1.48ns)   --->   "%call_ln498 = call void @produce_em_jet_cluster_stream_from_towers_Pipeline_VITIS_LOOP_500_3, i12 %linebuf, i12 %linebuf_1, i12 %linebuf_2, i12 %linebuf_3, i12 %linebuf_4, i12 %linebuf_5, i12 %linebuf_6, i3 %empty_111, i3 %empty_112, i3 %empty_113, i3 %empty_114, i3 %empty_115, i3 %trunc_ln529, i3 %empty, i12 %em_seed_threshold_read, i20 %em_cluster_threshold_read, i12 %jet_seed_threshold_read, i20 %jet_cluster_threshold_read, i5 %center_eta, i61 %em_cluster_stream, i61 %jet_cluster_stream" [calorimeter.cpp:498]   --->   Operation 124 'call' 'call_ln498' <Predicate = (icmp_ln496)> <Delay = 1.48> <CoreType = "Generic">   --->   Core 0 '' <Latency = 0> <II = 1> <Delay = 1.00> <Generic> <Opcode : >
ST_13 : Operation 125 [1/1] (0.00ns)   --->   "%br_ln0 = br void %for.inc46"   --->   Operation 125 'br' 'br_ln0' <Predicate = (icmp_ln496)> <Delay = 0.00>
ST_13 : Operation 126 [1/1] (0.00ns)   --->   "%phi_urem_load_1 = load i5 %phi_urem" [calorimeter.cpp:479]   --->   Operation 126 'load' 'phi_urem_load_1' <Predicate = true> <Delay = 0.00>
ST_13 : Operation 127 [1/1] (0.70ns)   --->   "%add_ln479 = add i5 %phi_urem_load_1, i5 1" [calorimeter.cpp:479]   --->   Operation 127 'add' 'add_ln479' <Predicate = true> <Delay = 0.70> <CoreInst = "Adder">   --->   Core 1 'Adder' <Latency = 0> <II = 1> <Delay = 0.70> <FuncUnit> <Opcode : 'add' 'sub'> <InPorts = 2> <OutPorts = 1>
ST_13 : Operation 128 [1/1] (0.70ns)   --->   "%icmp_ln479 = icmp_ult  i5 %add_ln479, i5 7" [calorimeter.cpp:479]   --->   Operation 128 'icmp' 'icmp_ln479' <Predicate = true> <Delay = 0.70> <CoreInst = "Cmp">   --->   Core 9 'Cmp' <Latency = 0> <II = 1> <Delay = 0.70> <FuncUnit> <Opcode : 'seteq' 'setne' 'setle' 'setge' 'setlt' 'setgt'> <InPorts = 2> <OutPorts = 1>
ST_13 : Operation 129 [1/1] (0.27ns)   --->   "%select_ln479 = select i1 %icmp_ln479, i5 %add_ln479, i5 0" [calorimeter.cpp:479]   --->   Operation 129 'select' 'select_ln479' <Predicate = true> <Delay = 0.27> <CoreInst = "Sel">   --->   Core 73 'Sel' <Latency = 0> <II = 1> <Delay = 0.27> <FuncUnit> <Opcode : 'select'> <InPorts = 3> <OutPorts = 1>
ST_13 : Operation 130 [1/1] (0.38ns)   --->   "%store_ln481 = store i5 %eta_2, i5 %eta_1" [calorimeter.cpp:481]   --->   Operation 130 'store' 'store_ln481' <Predicate = true> <Delay = 0.38>
ST_13 : Operation 131 [1/1] (0.38ns)   --->   "%store_ln479 = store i24 %local_ht_1_loc_load, i24 %local_ht" [calorimeter.cpp:479]   --->   Operation 131 'store' 'store_ln479' <Predicate = true> <Delay = 0.38>
ST_13 : Operation 132 [1/1] (0.38ns)   --->   "%store_ln479 = store i5 %select_ln479, i5 %phi_urem" [calorimeter.cpp:479]   --->   Operation 132 'store' 'store_ln479' <Predicate = true> <Delay = 0.38>
ST_13 : Operation 133 [1/1] (0.00ns)   --->   "%br_ln481 = br void %VITIS_LOOP_486_2" [calorimeter.cpp:481]   --->   Operation 133 'br' 'br_ln481' <Predicate = true> <Delay = 0.00>


============================================================
+ Verbose Summary: Timing violations
============================================================
Target clock period: 25.000ns, clock uncertainty: 6.750ns.

 <State 1>: 0.387ns
The critical path consists of the following:
	'alloca' operation 5 bit ('eta', calorimeter.cpp:481) [11]  (0.000 ns)
	'store' operation 0 bit ('store_ln481', calorimeter.cpp:481) of constant 0 on local variable 'eta', calorimeter.cpp:481 [27]  (0.387 ns)

 <State 2>: 2.314ns
The critical path consists of the following:
	'load' operation 5 bit ('eta', calorimeter.cpp:498) on local variable 'eta', calorimeter.cpp:481 [32]  (0.000 ns)
	'icmp' operation 1 bit ('icmp_ln481', calorimeter.cpp:481) [33]  (0.707 ns)
	'call' operation 0 bit ('call_ln0') to 'produce_em_jet_cluster_stream_from_towers_Pipeline_VITIS_LOOP_486_2' [44]  (1.607 ns)

 <State 3>: 1.480ns
The critical path consists of the following:
	'call' operation 0 bit ('call_ln0') to 'produce_em_jet_cluster_stream_from_towers_Pipeline_VITIS_LOOP_486_2' [44]  (1.480 ns)

 <State 4>: 1.716ns
The critical path consists of the following:
	'add' operation 5 bit ('src_eta', calorimeter.cpp:498) [51]  (0.707 ns)
	'urem' operation 3 bit ('src_row', calorimeter.cpp:498) [52]  (1.009 ns)

 <State 5>: 1.009ns
The critical path consists of the following:
	'urem' operation 3 bit ('src_row', calorimeter.cpp:498) [52]  (1.009 ns)

 <State 6>: 1.009ns
The critical path consists of the following:
	'urem' operation 3 bit ('src_row', calorimeter.cpp:498) [52]  (1.009 ns)

 <State 7>: 1.009ns
The critical path consists of the following:
	'urem' operation 3 bit ('src_row', calorimeter.cpp:498) [52]  (1.009 ns)

 <State 8>: 1.009ns
The critical path consists of the following:
	'urem' operation 3 bit ('src_row', calorimeter.cpp:498) [52]  (1.009 ns)

 <State 9>: 1.009ns
The critical path consists of the following:
	'urem' operation 3 bit ('src_row', calorimeter.cpp:498) [52]  (1.009 ns)

 <State 10>: 1.009ns
The critical path consists of the following:
	'urem' operation 3 bit ('src_row', calorimeter.cpp:498) [52]  (1.009 ns)

 <State 11>: 1.009ns
The critical path consists of the following:
	'urem' operation 3 bit ('src_row', calorimeter.cpp:498) [52]  (1.009 ns)

 <State 12>: 1.009ns
The critical path consists of the following:
	'urem' operation 3 bit ('src_row', calorimeter.cpp:498) [52]  (1.009 ns)

 <State 13>: 2.079ns
The critical path consists of the following:
	'load' operation 5 bit ('phi_urem_load_1', calorimeter.cpp:479) on local variable 'phi_urem' [72]  (0.000 ns)
	'add' operation 5 bit ('add_ln479', calorimeter.cpp:479) [73]  (0.707 ns)
	'icmp' operation 1 bit ('icmp_ln479', calorimeter.cpp:479) [74]  (0.707 ns)
	'select' operation 5 bit ('select_ln479', calorimeter.cpp:479) [75]  (0.278 ns)
	'store' operation 0 bit ('store_ln479', calorimeter.cpp:479) of variable 'select_ln479', calorimeter.cpp:479 on local variable 'phi_urem' [78]  (0.387 ns)


============================================================
+ Verbose Summary: Binding
============================================================
N/A
* FSMD analyzer results:
  - Output states:
 - Input state : 
  - Chain level:
	State 1
	State 2
	State 3
	State 4
	State 5
	State 6
	State 7
	State 8
	State 9
	State 10
	State 11
	State 12
	State 13


============================================================
+ Verbose Summary: Datapath Resource usage 
============================================================
N/A
