

================================================================
== Vitis HLS Report for 'produce_em_jet_cluster_stream_from_towers_Pipeline_VITIS_LOOP_486_2'
================================================================
* Date:           Tue May 12 23:41:51 2026

* Version:        2024.1 (Build 5069499 on May 21 2024)
* Project:        calorimeter
* Solution:       solution1 (Vivado IP Flow Target)
* Product family: virtexuplus
* Target device:  xcvu13p-fsga2577-2-e


================================================================
== Performance Estimates
================================================================
+ Timing: 
    * Summary: 
    +--------+----------+----------+------------+
    |  Clock |  Target  | Estimated| Uncertainty|
    +--------+----------+----------+------------+
    |ap_clk  |  25.00 ns|  2.392 ns|     6.75 ns|
    +--------+----------+----------+------------+

+ Latency: 
    * Summary: 
    +---------+---------+----------+----------+-----+-----+-----------------------------------------------+
    |  Latency (cycles) |  Latency (absolute) |  Interval |                    Pipeline                   |
    |   min   |   max   |    min   |    max   | min | max |                      Type                     |
    +---------+---------+----------+----------+-----+-----+-----------------------------------------------+
    |       62|       62|  1.550 us|  1.550 us|   61|   61|  loop auto-rewind stp(delay=0 clock cycles(s))|
    +---------+---------+----------+----------+-----+-----+-----------------------------------------------+

    + Detail: 
        * Instance: 
        N/A

        * Loop: 
        +--------------------+---------+---------+----------+-----------+-----------+------+----------+
        |                    |  Latency (cycles) | Iteration|  Initiation Interval  | Trip |          |
        |      Loop Name     |   min   |   max   |  Latency |  achieved |   target  | Count| Pipelined|
        +--------------------+---------+---------+----------+-----------+-----------+------+----------+
        |- VITIS_LOOP_486_2  |       60|       60|         1|          1|          1|    60|       yes|
        +--------------------+---------+---------+----------+-----------+-----------+------+----------+

============================================================
+ Verbose Summary: Synthesis Manager
============================================================
InlineROM: 1
ExposeGlobal: 0
============================================================
+ Verbose Summary: CDFG Model
============================================================
IsTopModel: 0
ResetActiveHigh: 1
IsCombinational: 0
IsDatapathOnly: 0
HasWiredReturn: 1
HasMFsm: 2
HasVarLatency: 1
IsPipeline: 0
IsRtlPipelined: 0
IsInstanceOverlapped: 0
IsDontTouch: 0
HasImplIP: 0
IsGatedGlobalClock: 0

+ Individual pipeline summary: 
  * Pipeline-0: initiation interval (II) = 1, depth = 1


============================================================
+ Verbose Summary: Schedule
============================================================
* Number of FSM states : 1
* Pipeline : 1
  Pipeline-0 : II = 1, D = 1, States = { 1 }
* Dataflow Pipeline: 0

* FSM state transitions: 
1 --> 

* FSM state operations: 

State 1 <SV = 0> <Delay = 2.39>
ST_1 : Operation 4 [1/1] (0.00ns)   --->   "%local_ht_1 = alloca i32 1" [calorimeter.cpp:479]   --->   Operation 4 'alloca' 'local_ht_1' <Predicate = true> <Delay = 0.00>
ST_1 : Operation 5 [1/1] (0.00ns)   --->   "%phi = alloca i32 1" [calorimeter.cpp:486]   --->   Operation 5 'alloca' 'phi' <Predicate = true> <Delay = 0.00>
ST_1 : Operation 6 [1/1] (0.00ns)   --->   "%specinterface_ln0 = specinterface void @_ssdm_op_SpecInterface, i16 %tower_in, void @empty_2, i32 0, i32 0, void @empty_3, i32 0, i32 0, void @empty_4, void @empty_4, void @empty_4, i32 0, i32 0, i32 0, i32 0, void @empty_4, void @empty_4, i32 4294967295, i32 0, i32 0"   --->   Operation 6 'specinterface' 'specinterface_ln0' <Predicate = true> <Delay = 0.00>
ST_1 : Operation 7 [1/1] (0.00ns)   --->   "%tmp = read i1 @_ssdm_op_Read.ap_auto.i1, i1 %empty"   --->   Operation 7 'read' 'tmp' <Predicate = true> <Delay = 0.00>
ST_1 : Operation 8 [1/1] (0.00ns)   --->   "%tmp_16 = read i3 @_ssdm_op_Read.ap_auto.i3, i3 %empty_25"   --->   Operation 8 'read' 'tmp_16' <Predicate = true> <Delay = 0.00>
ST_1 : Operation 9 [1/1] (0.00ns)   --->   "%local_ht_read = read i24 @_ssdm_op_Read.ap_auto.i24, i24 %local_ht"   --->   Operation 9 'read' 'local_ht_read' <Predicate = true> <Delay = 0.00>
ST_1 : Operation 10 [1/1] (0.38ns)   --->   "%store_ln486 = store i6 0, i6 %phi" [calorimeter.cpp:486]   --->   Operation 10 'store' 'store_ln486' <Predicate = true> <Delay = 0.38>
ST_1 : Operation 11 [1/1] (0.38ns)   --->   "%store_ln479 = store i24 %local_ht_read, i24 %local_ht_1" [calorimeter.cpp:479]   --->   Operation 11 'store' 'store_ln479' <Predicate = true> <Delay = 0.38>
ST_1 : Operation 12 [1/1] (0.00ns)   --->   "%br_ln486 = br void %for.inc" [calorimeter.cpp:486]   --->   Operation 12 'br' 'br_ln486' <Predicate = true> <Delay = 0.00>
ST_1 : Operation 13 [1/1] (0.00ns)   --->   "%phi_1 = load i6 %phi" [calorimeter.cpp:486]   --->   Operation 13 'load' 'phi_1' <Predicate = true> <Delay = 0.00>
ST_1 : Operation 14 [1/1] (0.70ns)   --->   "%icmp_ln486 = icmp_eq  i6 %phi_1, i6 60" [calorimeter.cpp:486]   --->   Operation 14 'icmp' 'icmp_ln486' <Predicate = true> <Delay = 0.70> <CoreInst = "Cmp">   --->   Core 9 'Cmp' <Latency = 0> <II = 1> <Delay = 0.70> <FuncUnit> <Opcode : 'seteq' 'setne' 'setle' 'setge' 'setlt' 'setgt'> <InPorts = 2> <OutPorts = 1>
ST_1 : Operation 15 [1/1] (0.70ns)   --->   "%add_ln486 = add i6 %phi_1, i6 1" [calorimeter.cpp:486]   --->   Operation 15 'add' 'add_ln486' <Predicate = true> <Delay = 0.70> <CoreInst = "Adder">   --->   Core 1 'Adder' <Latency = 0> <II = 1> <Delay = 0.70> <FuncUnit> <Opcode : 'add' 'sub'> <InPorts = 2> <OutPorts = 1>
ST_1 : Operation 16 [1/1] (0.00ns)   --->   "%br_ln486 = br i1 %icmp_ln486, void %for.inc.split, void %for.end.exitStub" [calorimeter.cpp:486]   --->   Operation 16 'br' 'br_ln486' <Predicate = true> <Delay = 0.00>
ST_1 : Operation 17 [1/1] (0.00ns)   --->   "%local_ht_1_load = load i24 %local_ht_1" [calorimeter.cpp:490]   --->   Operation 17 'load' 'local_ht_1_load' <Predicate = (!icmp_ln486)> <Delay = 0.00>
ST_1 : Operation 18 [1/1] (0.00ns)   --->   "%zext_ln486 = zext i6 %phi_1" [calorimeter.cpp:486]   --->   Operation 18 'zext' 'zext_ln486' <Predicate = (!icmp_ln486)> <Delay = 0.00>
ST_1 : Operation 19 [1/1] (0.00ns)   --->   "%specpipeline_ln487 = specpipeline void @_ssdm_op_SpecPipeline, i32 1, i32 0, i32 0, i32 0, void @empty_4" [calorimeter.cpp:487]   --->   Operation 19 'specpipeline' 'specpipeline_ln487' <Predicate = (!icmp_ln486)> <Delay = 0.00>
ST_1 : Operation 20 [1/1] (0.00ns)   --->   "%speclooptripcount_ln479 = speclooptripcount void @_ssdm_op_SpecLoopTripCount, i64 60, i64 60, i64 60" [calorimeter.cpp:479]   --->   Operation 20 'speclooptripcount' 'speclooptripcount_ln479' <Predicate = (!icmp_ln486)> <Delay = 0.00>
ST_1 : Operation 21 [1/1] (0.00ns)   --->   "%specloopname_ln486 = specloopname void @_ssdm_op_SpecLoopName, void @empty_14" [calorimeter.cpp:486]   --->   Operation 21 'specloopname' 'specloopname_ln486' <Predicate = (!icmp_ln486)> <Delay = 0.00>
ST_1 : Operation 22 [1/1] (0.07ns)   --->   "%tower_in_read = read i16 @_ssdm_op_Read.axis.volatile.i16P128A, i16 %tower_in" [calorimeter.cpp:489]   --->   Operation 22 'read' 'tower_in_read' <Predicate = (!icmp_ln486)> <Delay = 0.07> <CoreInst = "regslice">   --->   Core 148 'regslice' <Latency = 0> <II = 1> <Delay = 0.60> <Adapter> <Opcode : 'read' 'write'>
ST_1 : Operation 23 [1/1] (0.00ns)   --->   "%incoming = trunc i16 %tower_in_read" [calorimeter.cpp:489]   --->   Operation 23 'trunc' 'incoming' <Predicate = (!icmp_ln486)> <Delay = 0.00>
ST_1 : Operation 24 [1/1] (0.00ns)   --->   "%zext_ln490 = zext i12 %incoming" [calorimeter.cpp:490]   --->   Operation 24 'zext' 'zext_ln490' <Predicate = (!icmp_ln486)> <Delay = 0.00>
ST_1 : Operation 25 [1/1] (0.83ns)   --->   "%local_ht_2 = add i24 %zext_ln490, i24 %local_ht_1_load" [calorimeter.cpp:490]   --->   Operation 25 'add' 'local_ht_2' <Predicate = (!icmp_ln486)> <Delay = 0.83> <CoreInst = "Adder">   --->   Core 1 'Adder' <Latency = 0> <II = 1> <Delay = 0.83> <FuncUnit> <Opcode : 'add' 'sub'> <InPorts = 2> <OutPorts = 1>
ST_1 : Operation 26 [1/1] (0.00ns)   --->   "%linebuf_addr = getelementptr i12 %linebuf, i64 0, i64 %zext_ln486" [calorimeter.cpp:491]   --->   Operation 26 'getelementptr' 'linebuf_addr' <Predicate = (!icmp_ln486)> <Delay = 0.00>
ST_1 : Operation 27 [1/1] (0.00ns)   --->   "%linebuf_1_addr = getelementptr i12 %linebuf_1, i64 0, i64 %zext_ln486" [calorimeter.cpp:491]   --->   Operation 27 'getelementptr' 'linebuf_1_addr' <Predicate = (!icmp_ln486)> <Delay = 0.00>
ST_1 : Operation 28 [1/1] (0.00ns)   --->   "%linebuf_2_addr = getelementptr i12 %linebuf_2, i64 0, i64 %zext_ln486" [calorimeter.cpp:491]   --->   Operation 28 'getelementptr' 'linebuf_2_addr' <Predicate = (!icmp_ln486)> <Delay = 0.00>
ST_1 : Operation 29 [1/1] (0.00ns)   --->   "%linebuf_3_addr = getelementptr i12 %linebuf_3, i64 0, i64 %zext_ln486" [calorimeter.cpp:491]   --->   Operation 29 'getelementptr' 'linebuf_3_addr' <Predicate = (!icmp_ln486)> <Delay = 0.00>
ST_1 : Operation 30 [1/1] (0.00ns)   --->   "%linebuf_4_addr = getelementptr i12 %linebuf_4, i64 0, i64 %zext_ln486" [calorimeter.cpp:491]   --->   Operation 30 'getelementptr' 'linebuf_4_addr' <Predicate = (!icmp_ln486)> <Delay = 0.00>
ST_1 : Operation 31 [1/1] (0.00ns)   --->   "%linebuf_5_addr = getelementptr i12 %linebuf_5, i64 0, i64 %zext_ln486" [calorimeter.cpp:491]   --->   Operation 31 'getelementptr' 'linebuf_5_addr' <Predicate = (!icmp_ln486)> <Delay = 0.00>
ST_1 : Operation 32 [1/1] (0.00ns)   --->   "%linebuf_6_addr = getelementptr i12 %linebuf_6, i64 0, i64 %zext_ln486" [calorimeter.cpp:491]   --->   Operation 32 'getelementptr' 'linebuf_6_addr' <Predicate = (!icmp_ln486)> <Delay = 0.00>
ST_1 : Operation 33 [1/1] (0.67ns)   --->   "%switch_ln491 = switch i3 %tmp_16, void %arrayidx63.case.6, i3 0, void %arrayidx63.case.0, i3 1, void %arrayidx63.case.1, i3 2, void %arrayidx63.case.2, i3 3, void %arrayidx63.case.3, i3 4, void %arrayidx63.case.4, i3 5, void %arrayidx63.case.5" [calorimeter.cpp:491]   --->   Operation 33 'switch' 'switch_ln491' <Predicate = (!icmp_ln486)> <Delay = 0.67>
ST_1 : Operation 34 [1/1] (0.68ns)   --->   "%store_ln491 = store i12 %incoming, i6 %linebuf_5_addr" [calorimeter.cpp:491]   --->   Operation 34 'store' 'store_ln491' <Predicate = (!icmp_ln486 & tmp_16 == 5)> <Delay = 0.68> <CoreInst = "RAM_1WnR">   --->   Core 83 'RAM_1WnR' <Latency = 1> <II = 1> <Delay = 0.68> <Storage> <Opcode : 'load' 'store'> <Ports = 17> <Width = 12> <Depth = 60> <RAM>
ST_1 : Operation 35 [1/1] (0.00ns)   --->   "%br_ln491 = br void %arrayidx63.exit" [calorimeter.cpp:491]   --->   Operation 35 'br' 'br_ln491' <Predicate = (!icmp_ln486 & tmp_16 == 5)> <Delay = 0.00>
ST_1 : Operation 36 [1/1] (0.68ns)   --->   "%store_ln491 = store i12 %incoming, i6 %linebuf_4_addr" [calorimeter.cpp:491]   --->   Operation 36 'store' 'store_ln491' <Predicate = (!icmp_ln486 & tmp_16 == 4)> <Delay = 0.68> <CoreInst = "RAM_1WnR">   --->   Core 83 'RAM_1WnR' <Latency = 1> <II = 1> <Delay = 0.68> <Storage> <Opcode : 'load' 'store'> <Ports = 17> <Width = 12> <Depth = 60> <RAM>
ST_1 : Operation 37 [1/1] (0.00ns)   --->   "%br_ln491 = br void %arrayidx63.exit" [calorimeter.cpp:491]   --->   Operation 37 'br' 'br_ln491' <Predicate = (!icmp_ln486 & tmp_16 == 4)> <Delay = 0.00>
ST_1 : Operation 38 [1/1] (0.68ns)   --->   "%store_ln491 = store i12 %incoming, i6 %linebuf_3_addr" [calorimeter.cpp:491]   --->   Operation 38 'store' 'store_ln491' <Predicate = (!icmp_ln486 & tmp_16 == 3)> <Delay = 0.68> <CoreInst = "RAM_1WnR">   --->   Core 83 'RAM_1WnR' <Latency = 1> <II = 1> <Delay = 0.68> <Storage> <Opcode : 'load' 'store'> <Ports = 17> <Width = 12> <Depth = 60> <RAM>
ST_1 : Operation 39 [1/1] (0.00ns)   --->   "%br_ln491 = br void %arrayidx63.exit" [calorimeter.cpp:491]   --->   Operation 39 'br' 'br_ln491' <Predicate = (!icmp_ln486 & tmp_16 == 3)> <Delay = 0.00>
ST_1 : Operation 40 [1/1] (0.68ns)   --->   "%store_ln491 = store i12 %incoming, i6 %linebuf_2_addr" [calorimeter.cpp:491]   --->   Operation 40 'store' 'store_ln491' <Predicate = (!icmp_ln486 & tmp_16 == 2)> <Delay = 0.68> <CoreInst = "RAM_1WnR">   --->   Core 83 'RAM_1WnR' <Latency = 1> <II = 1> <Delay = 0.68> <Storage> <Opcode : 'load' 'store'> <Ports = 17> <Width = 12> <Depth = 60> <RAM>
ST_1 : Operation 41 [1/1] (0.00ns)   --->   "%br_ln491 = br void %arrayidx63.exit" [calorimeter.cpp:491]   --->   Operation 41 'br' 'br_ln491' <Predicate = (!icmp_ln486 & tmp_16 == 2)> <Delay = 0.00>
ST_1 : Operation 42 [1/1] (0.68ns)   --->   "%store_ln491 = store i12 %incoming, i6 %linebuf_1_addr" [calorimeter.cpp:491]   --->   Operation 42 'store' 'store_ln491' <Predicate = (!icmp_ln486 & tmp_16 == 1)> <Delay = 0.68> <CoreInst = "RAM_1WnR">   --->   Core 83 'RAM_1WnR' <Latency = 1> <II = 1> <Delay = 0.68> <Storage> <Opcode : 'load' 'store'> <Ports = 17> <Width = 12> <Depth = 60> <RAM>
ST_1 : Operation 43 [1/1] (0.00ns)   --->   "%br_ln491 = br void %arrayidx63.exit" [calorimeter.cpp:491]   --->   Operation 43 'br' 'br_ln491' <Predicate = (!icmp_ln486 & tmp_16 == 1)> <Delay = 0.00>
ST_1 : Operation 44 [1/1] (0.68ns)   --->   "%store_ln491 = store i12 %incoming, i6 %linebuf_addr" [calorimeter.cpp:491]   --->   Operation 44 'store' 'store_ln491' <Predicate = (!icmp_ln486 & tmp_16 == 0)> <Delay = 0.68> <CoreInst = "RAM_1WnR">   --->   Core 83 'RAM_1WnR' <Latency = 1> <II = 1> <Delay = 0.68> <Storage> <Opcode : 'load' 'store'> <Ports = 17> <Width = 12> <Depth = 60> <RAM>
ST_1 : Operation 45 [1/1] (0.00ns)   --->   "%br_ln491 = br void %arrayidx63.exit" [calorimeter.cpp:491]   --->   Operation 45 'br' 'br_ln491' <Predicate = (!icmp_ln486 & tmp_16 == 0)> <Delay = 0.00>
ST_1 : Operation 46 [1/1] (0.68ns)   --->   "%store_ln491 = store i12 %incoming, i6 %linebuf_6_addr" [calorimeter.cpp:491]   --->   Operation 46 'store' 'store_ln491' <Predicate = (!icmp_ln486 & tmp_16 == 7) | (!icmp_ln486 & tmp_16 == 6)> <Delay = 0.68> <CoreInst = "RAM_1WnR">   --->   Core 83 'RAM_1WnR' <Latency = 1> <II = 1> <Delay = 0.68> <Storage> <Opcode : 'load' 'store'> <Ports = 17> <Width = 12> <Depth = 60> <RAM>
ST_1 : Operation 47 [1/1] (0.00ns)   --->   "%br_ln491 = br void %arrayidx63.exit" [calorimeter.cpp:491]   --->   Operation 47 'br' 'br_ln491' <Predicate = (!icmp_ln486 & tmp_16 == 7) | (!icmp_ln486 & tmp_16 == 6)> <Delay = 0.00>
ST_1 : Operation 48 [1/1] (0.38ns)   --->   "%store_ln486 = store i6 %add_ln486, i6 %phi" [calorimeter.cpp:486]   --->   Operation 48 'store' 'store_ln486' <Predicate = (!icmp_ln486)> <Delay = 0.38>
ST_1 : Operation 49 [1/1] (0.38ns)   --->   "%store_ln479 = store i24 %local_ht_2, i24 %local_ht_1" [calorimeter.cpp:479]   --->   Operation 49 'store' 'store_ln479' <Predicate = (!icmp_ln486)> <Delay = 0.38>
ST_1 : Operation 50 [1/1] (0.00ns)   --->   "%br_ln486 = br void %for.inc" [calorimeter.cpp:486]   --->   Operation 50 'br' 'br_ln486' <Predicate = (!icmp_ln486)> <Delay = 0.00>
ST_1 : Operation 51 [1/1] (0.00ns)   --->   "%local_ht_1_load_1 = load i24 %local_ht_1"   --->   Operation 51 'load' 'local_ht_1_load_1' <Predicate = (icmp_ln486)> <Delay = 0.00>
ST_1 : Operation 52 [1/1] (0.00ns)   --->   "%write_ln0 = write void @_ssdm_op_Write.ap_auto.i24P0A, i24 %local_ht_1_out, i24 %local_ht_1_load_1"   --->   Operation 52 'write' 'write_ln0' <Predicate = (icmp_ln486)> <Delay = 0.00>
ST_1 : Operation 53 [1/1] (0.38ns)   --->   "%ret_ln0 = ret"   --->   Operation 53 'ret' 'ret_ln0' <Predicate = (icmp_ln486)> <Delay = 0.38>


============================================================
+ Verbose Summary: Timing violations
============================================================
Target clock period: 25.000ns, clock uncertainty: 6.750ns.

 <State 1>: 2.392ns
The critical path consists of the following:
	'store' operation 0 bit ('store_ln486', calorimeter.cpp:486) of constant 0 on local variable 'phi', calorimeter.cpp:486 [19]  (0.387 ns)
	'load' operation 6 bit ('phi', calorimeter.cpp:486) on local variable 'phi', calorimeter.cpp:486 [23]  (0.000 ns)
	'icmp' operation 1 bit ('icmp_ln486', calorimeter.cpp:486) [24]  (0.706 ns)
	axis read operation ('tower_in_read', calorimeter.cpp:489) on port 'tower_in' (calorimeter.cpp:489) [33]  (0.079 ns)
	'add' operation 24 bit ('local_ht', calorimeter.cpp:490) [36]  (0.833 ns)
	'store' operation 0 bit ('store_ln479', calorimeter.cpp:479) of variable 'local_ht', calorimeter.cpp:490 on local variable 'local_ht', calorimeter.cpp:479 [68]  (0.387 ns)


============================================================
+ Verbose Summary: Binding
============================================================
N/A
* FSMD analyzer results:
  - Output states:
 - Input state : 
  - Chain level:
	State 1


============================================================
+ Verbose Summary: Datapath Resource usage 
============================================================
N/A
