

================================================================
== Vitis HLS Report for 'calo_trigger_ref_Pipeline_VITIS_LOOP_145_1_VITIS_LOOP_146_2'
================================================================
* Date:           Tue May 12 15:59:07 2026

* Version:        2024.1 (Build 5069499 on May 21 2024)
* Project:        calorimeter
* Solution:       solution1 (Vivado IP Flow Target)
* Product family: virtexuplus
* Target device:  xcvu13p-fsga2577-2-e


================================================================
== Performance Estimates
================================================================
+ Timing: 
    * Summary: 
    +--------+----------+----------+------------+
    |  Clock |  Target  | Estimated| Uncertainty|
    +--------+----------+----------+------------+
    |ap_clk  |  25.00 ns|  3.366 ns|     6.75 ns|
    +--------+----------+----------+------------+

+ Latency: 
    * Summary: 
    +---------+---------+-----------+-----------+------+------+-----------------------------------------------+
    |  Latency (cycles) |   Latency (absolute)  |   Interval  |                    Pipeline                   |
    |   min   |   max   |    min    |    max    |  min |  max |                      Type                     |
    +---------+---------+-----------+-----------+------+------+-----------------------------------------------+
    |     1802|     1802|  45.050 us|  45.050 us|  1801|  1801|  loop auto-rewind stp(delay=0 clock cycles(s))|
    +---------+---------+-----------+-----------+------+------+-----------------------------------------------+

    + Detail: 
        * Instance: 
        N/A

        * Loop: 
        +-------------------------------------+---------+---------+----------+-----------+-----------+------+----------+
        |                                     |  Latency (cycles) | Iteration|  Initiation Interval  | Trip |          |
        |              Loop Name              |   min   |   max   |  Latency |  achieved |   target  | Count| Pipelined|
        +-------------------------------------+---------+---------+----------+-----------+-----------+------+----------+
        |- VITIS_LOOP_145_1_VITIS_LOOP_146_2  |     1800|     1800|         2|          1|          1|  1800|       yes|
        +-------------------------------------+---------+---------+----------+-----------+-----------+------+----------+

============================================================
+ Verbose Summary: Synthesis Manager
============================================================
InlineROM: 1
ExposeGlobal: 0
============================================================
+ Verbose Summary: CDFG Model
============================================================
IsTopModel: 0
ResetActiveHigh: 1
IsCombinational: 0
IsDatapathOnly: 0
HasWiredReturn: 1
HasMFsm: 2
HasVarLatency: 1
IsPipeline: 0
IsRtlPipelined: 0
IsInstanceOverlapped: 0
IsDontTouch: 0
HasImplIP: 0
IsGatedGlobalClock: 0

+ Individual pipeline summary: 
  * Pipeline-0: initiation interval (II) = 1, depth = 2


============================================================
+ Verbose Summary: Schedule
============================================================
* Number of FSM states : 2
* Pipeline : 1
  Pipeline-0 : II = 1, D = 2, States = { 1 2 }
* Dataflow Pipeline: 0

* FSM state transitions: 
1 --> 2 
2 --> 

* FSM state operations: 

State 1 <SV = 0> <Delay = 3.36>
ST_1 : Operation 5 [1/1] (0.00ns)   --->   "%conv4_i4_i_i = alloca i32 1"   --->   Operation 5 'alloca' 'conv4_i4_i_i' <Predicate = true> <Delay = 0.00>
ST_1 : Operation 6 [1/1] (0.00ns)   --->   "%phi = alloca i32 1" [calorimeter.cpp:146->calorimeter.cpp:15->calorimeter.cpp:201]   --->   Operation 6 'alloca' 'phi' <Predicate = true> <Delay = 0.00>
ST_1 : Operation 7 [1/1] (0.00ns)   --->   "%eta = alloca i32 1" [calorimeter.cpp:145->calorimeter.cpp:15->calorimeter.cpp:201]   --->   Operation 7 'alloca' 'eta' <Predicate = true> <Delay = 0.00>
ST_1 : Operation 8 [1/1] (0.00ns)   --->   "%indvar_flatten = alloca i32 1"   --->   Operation 8 'alloca' 'indvar_flatten' <Predicate = true> <Delay = 0.00>
ST_1 : Operation 9 [1/1] (0.00ns)   --->   "%specinterface_ln0 = specinterface void @_ssdm_op_SpecInterface, i12 %grid, void @empty, i32 0, i32 0, void @empty_0, i32 4294967295, i32 0, void @empty_0, void @empty_0, void @empty_0, i32 0, i32 0, i32 0, i32 0, void @empty_0, void @empty_0, i32 4294967295, i32 0, i32 0"   --->   Operation 9 'specinterface' 'specinterface_ln0' <Predicate = true> <Delay = 0.00>
ST_1 : Operation 10 [1/1] (0.38ns)   --->   "%store_ln0 = store i11 0, i11 %indvar_flatten"   --->   Operation 10 'store' 'store_ln0' <Predicate = true> <Delay = 0.38>
ST_1 : Operation 11 [1/1] (0.38ns)   --->   "%store_ln145 = store i5 0, i5 %eta" [calorimeter.cpp:145->calorimeter.cpp:15->calorimeter.cpp:201]   --->   Operation 11 'store' 'store_ln145' <Predicate = true> <Delay = 0.38>
ST_1 : Operation 12 [1/1] (0.38ns)   --->   "%store_ln146 = store i6 0, i6 %phi" [calorimeter.cpp:146->calorimeter.cpp:15->calorimeter.cpp:201]   --->   Operation 12 'store' 'store_ln146' <Predicate = true> <Delay = 0.38>
ST_1 : Operation 13 [1/1] (0.38ns)   --->   "%store_ln0 = store i23 0, i23 %conv4_i4_i_i"   --->   Operation 13 'store' 'store_ln0' <Predicate = true> <Delay = 0.38>
ST_1 : Operation 14 [1/1] (0.00ns)   --->   "%br_ln0 = br void %for.inc.i4.i"   --->   Operation 14 'br' 'br_ln0' <Predicate = true> <Delay = 0.00>
ST_1 : Operation 15 [1/1] (0.00ns)   --->   "%indvar_flatten_load = load i11 %indvar_flatten" [calorimeter.cpp:145->calorimeter.cpp:15->calorimeter.cpp:201]   --->   Operation 15 'load' 'indvar_flatten_load' <Predicate = true> <Delay = 0.00>
ST_1 : Operation 16 [1/1] (0.73ns)   --->   "%icmp_ln145 = icmp_eq  i11 %indvar_flatten_load, i11 1800" [calorimeter.cpp:145->calorimeter.cpp:15->calorimeter.cpp:201]   --->   Operation 16 'icmp' 'icmp_ln145' <Predicate = true> <Delay = 0.73> <CoreInst = "Cmp">   --->   Core 9 'Cmp' <Latency = 0> <II = 1> <Delay = 0.73> <FuncUnit> <Opcode : 'seteq' 'setne' 'setle' 'setge' 'setlt' 'setgt'> <InPorts = 2> <OutPorts = 1>
ST_1 : Operation 17 [1/1] (0.73ns)   --->   "%add_ln145_1 = add i11 %indvar_flatten_load, i11 1" [calorimeter.cpp:145->calorimeter.cpp:15->calorimeter.cpp:201]   --->   Operation 17 'add' 'add_ln145_1' <Predicate = true> <Delay = 0.73> <CoreInst = "Adder">   --->   Core 1 'Adder' <Latency = 0> <II = 1> <Delay = 0.73> <FuncUnit> <Opcode : 'add' 'sub'> <InPorts = 2> <OutPorts = 1>
ST_1 : Operation 18 [1/1] (0.00ns)   --->   "%br_ln145 = br i1 %icmp_ln145, void %for.inc7.i.i, void %_Z30run_reference_trigger_3x3_iso5PA60_K7ap_uintILi12EES0_S_ILi20EEP7ClusterRiS6_P13TriggerObjectRS_ILi24EE.exit.exitStub" [calorimeter.cpp:145->calorimeter.cpp:15->calorimeter.cpp:201]   --->   Operation 18 'br' 'br_ln145' <Predicate = true> <Delay = 0.00>
ST_1 : Operation 19 [1/1] (0.00ns)   --->   "%phi_load = load i6 %phi" [calorimeter.cpp:146->calorimeter.cpp:15->calorimeter.cpp:201]   --->   Operation 19 'load' 'phi_load' <Predicate = (!icmp_ln145)> <Delay = 0.00>
ST_1 : Operation 20 [1/1] (0.00ns)   --->   "%eta_load = load i5 %eta" [calorimeter.cpp:145->calorimeter.cpp:15->calorimeter.cpp:201]   --->   Operation 20 'load' 'eta_load' <Predicate = (!icmp_ln145)> <Delay = 0.00>
ST_1 : Operation 21 [1/1] (0.70ns)   --->   "%add_ln145 = add i5 %eta_load, i5 1" [calorimeter.cpp:145->calorimeter.cpp:15->calorimeter.cpp:201]   --->   Operation 21 'add' 'add_ln145' <Predicate = (!icmp_ln145)> <Delay = 0.70> <CoreInst = "Adder">   --->   Core 1 'Adder' <Latency = 0> <II = 1> <Delay = 0.70> <FuncUnit> <Opcode : 'add' 'sub'> <InPorts = 2> <OutPorts = 1>
ST_1 : Operation 22 [1/1] (0.70ns)   --->   "%icmp_ln146 = icmp_eq  i6 %phi_load, i6 60" [calorimeter.cpp:146->calorimeter.cpp:15->calorimeter.cpp:201]   --->   Operation 22 'icmp' 'icmp_ln146' <Predicate = (!icmp_ln145)> <Delay = 0.70> <CoreInst = "Cmp">   --->   Core 9 'Cmp' <Latency = 0> <II = 1> <Delay = 0.70> <FuncUnit> <Opcode : 'seteq' 'setne' 'setle' 'setge' 'setlt' 'setgt'> <InPorts = 2> <OutPorts = 1>
ST_1 : Operation 23 [1/1] (0.29ns)   --->   "%select_ln145 = select i1 %icmp_ln146, i6 0, i6 %phi_load" [calorimeter.cpp:145->calorimeter.cpp:15->calorimeter.cpp:201]   --->   Operation 23 'select' 'select_ln145' <Predicate = (!icmp_ln145)> <Delay = 0.29> <CoreInst = "Sel">   --->   Core 73 'Sel' <Latency = 0> <II = 1> <Delay = 0.29> <FuncUnit> <Opcode : 'select'> <InPorts = 3> <OutPorts = 1>
ST_1 : Operation 24 [1/1] (0.27ns)   --->   "%select_ln145_1 = select i1 %icmp_ln146, i5 %add_ln145, i5 %eta_load" [calorimeter.cpp:145->calorimeter.cpp:15->calorimeter.cpp:201]   --->   Operation 24 'select' 'select_ln145_1' <Predicate = (!icmp_ln145)> <Delay = 0.27> <CoreInst = "Sel">   --->   Core 73 'Sel' <Latency = 0> <II = 1> <Delay = 0.27> <FuncUnit> <Opcode : 'select'> <InPorts = 3> <OutPorts = 1>
ST_1 : Operation 25 [1/1] (0.00ns)   --->   "%p_shl = bitconcatenate i11 @_ssdm_op_BitConcatenate.i11.i5.i6, i5 %select_ln145_1, i6 0" [calorimeter.cpp:147->calorimeter.cpp:15->calorimeter.cpp:201]   --->   Operation 25 'bitconcatenate' 'p_shl' <Predicate = (!icmp_ln145)> <Delay = 0.00>
ST_1 : Operation 26 [1/1] (0.00ns)   --->   "%tmp = bitconcatenate i7 @_ssdm_op_BitConcatenate.i7.i5.i2, i5 %select_ln145_1, i2 0" [calorimeter.cpp:147->calorimeter.cpp:15->calorimeter.cpp:201]   --->   Operation 26 'bitconcatenate' 'tmp' <Predicate = (!icmp_ln145)> <Delay = 0.00>
ST_1 : Operation 27 [1/1] (0.00ns)   --->   "%zext_ln147 = zext i7 %tmp" [calorimeter.cpp:147->calorimeter.cpp:15->calorimeter.cpp:201]   --->   Operation 27 'zext' 'zext_ln147' <Predicate = (!icmp_ln145)> <Delay = 0.00>
ST_1 : Operation 28 [1/1] (0.00ns) (grouped into TernaryAdder)   --->   "%sub_ln147 = sub i11 %p_shl, i11 %zext_ln147" [calorimeter.cpp:147->calorimeter.cpp:15->calorimeter.cpp:201]   --->   Operation 28 'sub' 'sub_ln147' <Predicate = (!icmp_ln145)> <Delay = 0.00> <CoreInst = "TAddSub">   --->   Core 10 'TAddSub' <Latency = 0> <II = 1> <Delay = 0.38> <IPBlock> <Opcode : '' 'add' 'sub'> <InPorts = 3> <OutPorts = 1> <Sync> <CReg>
ST_1 : Operation 29 [1/1] (0.00ns)   --->   "%zext_ln147_1 = zext i6 %select_ln145" [calorimeter.cpp:147->calorimeter.cpp:15->calorimeter.cpp:201]   --->   Operation 29 'zext' 'zext_ln147_1' <Predicate = (!icmp_ln145)> <Delay = 0.00>
ST_1 : Operation 30 [1/1] (0.77ns) (root node of TernaryAdder)   --->   "%add_ln147_1 = add i11 %sub_ln147, i11 %zext_ln147_1" [calorimeter.cpp:147->calorimeter.cpp:15->calorimeter.cpp:201]   --->   Operation 30 'add' 'add_ln147_1' <Predicate = (!icmp_ln145)> <Delay = 0.77> <CoreInst = "TAddSub">   --->   Core 10 'TAddSub' <Latency = 0> <II = 1> <Delay = 0.38> <IPBlock> <Opcode : '' 'add' 'sub'> <InPorts = 3> <OutPorts = 1> <Sync> <CReg>
ST_1 : Operation 31 [1/1] (0.00ns)   --->   "%zext_ln147_2 = zext i11 %add_ln147_1" [calorimeter.cpp:147->calorimeter.cpp:15->calorimeter.cpp:201]   --->   Operation 31 'zext' 'zext_ln147_2' <Predicate = (!icmp_ln145)> <Delay = 0.00>
ST_1 : Operation 32 [1/1] (0.00ns)   --->   "%grid_addr = getelementptr i12 %grid, i64 0, i64 %zext_ln147_2" [calorimeter.cpp:147->calorimeter.cpp:15->calorimeter.cpp:201]   --->   Operation 32 'getelementptr' 'grid_addr' <Predicate = (!icmp_ln145)> <Delay = 0.00>
ST_1 : Operation 33 [2/2] (1.20ns)   --->   "%grid_load = load i11 %grid_addr" [calorimeter.cpp:147->calorimeter.cpp:15->calorimeter.cpp:201]   --->   Operation 33 'load' 'grid_load' <Predicate = (!icmp_ln145)> <Delay = 1.20> <CoreInst = "RAM">   --->   Core 82 'RAM' <Latency = 1> <II = 1> <Delay = 1.20> <Storage> <Opcode : 'load' 'store'> <Ports = 2> <Width = 12> <Depth = 1800> <RAM>
ST_1 : Operation 34 [1/1] (0.70ns)   --->   "%add_ln146 = add i6 %select_ln145, i6 1" [calorimeter.cpp:146->calorimeter.cpp:15->calorimeter.cpp:201]   --->   Operation 34 'add' 'add_ln146' <Predicate = (!icmp_ln145)> <Delay = 0.70> <CoreInst = "Adder">   --->   Core 1 'Adder' <Latency = 0> <II = 1> <Delay = 0.70> <FuncUnit> <Opcode : 'add' 'sub'> <InPorts = 2> <OutPorts = 1>
ST_1 : Operation 35 [1/1] (0.38ns)   --->   "%store_ln145 = store i11 %add_ln145_1, i11 %indvar_flatten" [calorimeter.cpp:145->calorimeter.cpp:15->calorimeter.cpp:201]   --->   Operation 35 'store' 'store_ln145' <Predicate = (!icmp_ln145)> <Delay = 0.38>
ST_1 : Operation 36 [1/1] (0.38ns)   --->   "%store_ln145 = store i5 %select_ln145_1, i5 %eta" [calorimeter.cpp:145->calorimeter.cpp:15->calorimeter.cpp:201]   --->   Operation 36 'store' 'store_ln145' <Predicate = (!icmp_ln145)> <Delay = 0.38>
ST_1 : Operation 37 [1/1] (0.38ns)   --->   "%store_ln146 = store i6 %add_ln146, i6 %phi" [calorimeter.cpp:146->calorimeter.cpp:15->calorimeter.cpp:201]   --->   Operation 37 'store' 'store_ln146' <Predicate = (!icmp_ln145)> <Delay = 0.38>
ST_1 : Operation 47 [1/1] (0.00ns)   --->   "%conv4_i4_i_i_load_1 = load i23 %conv4_i4_i_i"   --->   Operation 47 'load' 'conv4_i4_i_i_load_1' <Predicate = (icmp_ln145)> <Delay = 0.00>
ST_1 : Operation 48 [1/1] (0.00ns)   --->   "%write_ln0 = write void @_ssdm_op_Write.ap_auto.i23P0A, i23 %conv4_i4_i_i_out, i23 %conv4_i4_i_i_load_1"   --->   Operation 48 'write' 'write_ln0' <Predicate = (icmp_ln145)> <Delay = 0.00>
ST_1 : Operation 49 [1/1] (0.38ns)   --->   "%ret_ln0 = ret"   --->   Operation 49 'ret' 'ret_ln0' <Predicate = (icmp_ln145)> <Delay = 0.38>

State 2 <SV = 1> <Delay = 2.41>
ST_2 : Operation 38 [1/1] (0.00ns)   --->   "%conv4_i4_i_i_load = load i23 %conv4_i4_i_i" [calorimeter.cpp:147->calorimeter.cpp:15->calorimeter.cpp:201]   --->   Operation 38 'load' 'conv4_i4_i_i_load' <Predicate = true> <Delay = 0.00>
ST_2 : Operation 39 [1/1] (0.00ns)   --->   "%specloopname_ln0 = specloopname void @_ssdm_op_SpecLoopName, void @VITIS_LOOP_145_1_VITIS_LOOP_146_2_str"   --->   Operation 39 'specloopname' 'specloopname_ln0' <Predicate = true> <Delay = 0.00>
ST_2 : Operation 40 [1/1] (0.00ns)   --->   "%speclooptripcount_ln0 = speclooptripcount void @_ssdm_op_SpecLoopTripCount, i64 1800, i64 1800, i64 1800"   --->   Operation 40 'speclooptripcount' 'speclooptripcount_ln0' <Predicate = true> <Delay = 0.00>
ST_2 : Operation 41 [1/1] (0.00ns)   --->   "%specpipeline_ln146 = specpipeline void @_ssdm_op_SpecPipeline, i32 4294967295, i32 0, i32 0, i32 0, void @empty_0" [calorimeter.cpp:146->calorimeter.cpp:15->calorimeter.cpp:201]   --->   Operation 41 'specpipeline' 'specpipeline_ln146' <Predicate = true> <Delay = 0.00>
ST_2 : Operation 42 [1/2] (1.20ns)   --->   "%grid_load = load i11 %grid_addr" [calorimeter.cpp:147->calorimeter.cpp:15->calorimeter.cpp:201]   --->   Operation 42 'load' 'grid_load' <Predicate = true> <Delay = 1.20> <CoreInst = "RAM">   --->   Core 82 'RAM' <Latency = 1> <II = 1> <Delay = 1.20> <Storage> <Opcode : 'load' 'store'> <Ports = 2> <Width = 12> <Depth = 1800> <RAM>
ST_2 : Operation 43 [1/1] (0.00ns)   --->   "%zext_ln147_3 = zext i12 %grid_load" [calorimeter.cpp:147->calorimeter.cpp:15->calorimeter.cpp:201]   --->   Operation 43 'zext' 'zext_ln147_3' <Predicate = true> <Delay = 0.00>
ST_2 : Operation 44 [1/1] (0.82ns)   --->   "%add_ln147 = add i23 %conv4_i4_i_i_load, i23 %zext_ln147_3" [calorimeter.cpp:147->calorimeter.cpp:15->calorimeter.cpp:201]   --->   Operation 44 'add' 'add_ln147' <Predicate = true> <Delay = 0.82> <CoreInst = "Adder">   --->   Core 1 'Adder' <Latency = 0> <II = 1> <Delay = 0.82> <FuncUnit> <Opcode : 'add' 'sub'> <InPorts = 2> <OutPorts = 1>
ST_2 : Operation 45 [1/1] (0.38ns)   --->   "%store_ln147 = store i23 %add_ln147, i23 %conv4_i4_i_i" [calorimeter.cpp:147->calorimeter.cpp:15->calorimeter.cpp:201]   --->   Operation 45 'store' 'store_ln147' <Predicate = true> <Delay = 0.38>
ST_2 : Operation 46 [1/1] (0.00ns)   --->   "%br_ln146 = br void %for.inc.i4.i" [calorimeter.cpp:146->calorimeter.cpp:15->calorimeter.cpp:201]   --->   Operation 46 'br' 'br_ln146' <Predicate = true> <Delay = 0.00>


============================================================
+ Verbose Summary: Binding
============================================================
STG Binding: 
---------------- STG Properties BEGIN ----------------
- Is combinational: 0
- Is one-state seq: 0
- Is datapath-only: 0
- Is pipelined: 0
- Is top level: 0
Port [ Return ] is wired: 1; IO mode=ap_ctrl_hs:ce=0
Port [ grid]:  wired=1; compound=1; hidden=0; nouse=0; global=0; static=0; extern=0; dir=0; type=1; pingpong=0; private_global=0; MemPort=[13]; IO mode=ap_memory:ce=0
Port [ conv4_i4_i_i_out]:  wired=1; compound=0; hidden=0; nouse=0; global=0; static=0; extern=0; dir=1; type=0; pingpong=0; private_global=0; IO mode=ap_vld:ce=0
---------------- STG Properties END ------------------

---------------- Datapath Model BEGIN ----------------

<LifeTime>
<method=bitvector/>
conv4_i4_i_i          (alloca           ) [ 011]
phi                   (alloca           ) [ 010]
eta                   (alloca           ) [ 010]
indvar_flatten        (alloca           ) [ 010]
specinterface_ln0     (specinterface    ) [ 000]
store_ln0             (store            ) [ 000]
store_ln145           (store            ) [ 000]
store_ln146           (store            ) [ 000]
store_ln0             (store            ) [ 000]
br_ln0                (br               ) [ 000]
indvar_flatten_load   (load             ) [ 000]
icmp_ln145            (icmp             ) [ 010]
add_ln145_1           (add              ) [ 000]
br_ln145              (br               ) [ 000]
phi_load              (load             ) [ 000]
eta_load              (load             ) [ 000]
add_ln145             (add              ) [ 000]
icmp_ln146            (icmp             ) [ 000]
select_ln145          (select           ) [ 000]
select_ln145_1        (select           ) [ 000]
p_shl                 (bitconcatenate   ) [ 000]
tmp                   (bitconcatenate   ) [ 000]
zext_ln147            (zext             ) [ 000]
sub_ln147             (sub              ) [ 000]
zext_ln147_1          (zext             ) [ 000]
add_ln147_1           (add              ) [ 000]
zext_ln147_2          (zext             ) [ 000]
grid_addr             (getelementptr    ) [ 011]
add_ln146             (add              ) [ 000]
store_ln145           (store            ) [ 000]
store_ln145           (store            ) [ 000]
store_ln146           (store            ) [ 000]
conv4_i4_i_i_load     (load             ) [ 000]
specloopname_ln0      (specloopname     ) [ 000]
speclooptripcount_ln0 (speclooptripcount) [ 000]
specpipeline_ln146    (specpipeline     ) [ 000]
grid_load             (load             ) [ 000]
zext_ln147_3          (zext             ) [ 000]
add_ln147             (add              ) [ 000]
store_ln147           (store            ) [ 000]
br_ln146              (br               ) [ 000]
conv4_i4_i_i_load_1   (load             ) [ 000]
write_ln0             (write            ) [ 000]
ret_ln0               (ret              ) [ 000]
</LifeTime>

<model>

<comp_list>
<comp id="0" class="1000" name="grid">
<pin_list>
<pin id="1" dir="1" index="0" bw="1" slack="0"/>
</pin_list>
<bind>
<StgValue><ssdm name="grid"/><MemPortTyVec>1 3 </MemPortTyVec>
</StgValue>
</bind>
</comp>

<comp id="2" class="1000" name="conv4_i4_i_i_out">
<pin_list>
<pin id="3" dir="1" index="0" bw="1" slack="0"/>
</pin_list>
<bind>
<StgValue><ssdm name="conv4_i4_i_i_out"/></StgValue>
</bind>
</comp>

<comp id="4" class="1001" name="const_4">
<pin_list>
<pin id="5" dir="1" index="0" bw="1" slack="0"/>
</pin_list>
<bind>
<StgValue><ssdm name=""/></StgValue>
</bind>
</comp>

<comp id="6" class="1001" name="const_6">
<pin_list>
<pin id="7" dir="1" index="0" bw="1" slack="2147483647"/>
</pin_list>
<bind>
<StgValue><ssdm name="_ssdm_op_SpecInterface"/></StgValue>
</bind>
</comp>

<comp id="8" class="1001" name="const_8">
<pin_list>
<pin id="9" dir="1" index="0" bw="1" slack="2147483647"/>
</pin_list>
<bind>
<StgValue><ssdm name="empty"/></StgValue>
</bind>
</comp>

<comp id="10" class="1001" name="const_10">
<pin_list>
<pin id="11" dir="1" index="0" bw="1" slack="2147483647"/>
</pin_list>
<bind>
<StgValue><ssdm name=""/></StgValue>
</bind>
</comp>

<comp id="12" class="1001" name="const_12">
<pin_list>
<pin id="13" dir="1" index="0" bw="1" slack="2147483647"/>
</pin_list>
<bind>
<StgValue><ssdm name="empty_0"/></StgValue>
</bind>
</comp>

<comp id="14" class="1001" name="const_14">
<pin_list>
<pin id="15" dir="1" index="0" bw="1" slack="2147483647"/>
</pin_list>
<bind>
<StgValue><ssdm name=""/></StgValue>
</bind>
</comp>

<comp id="16" class="1001" name="const_16">
<pin_list>
<pin id="17" dir="1" index="0" bw="1" slack="0"/>
</pin_list>
<bind>
<StgValue><ssdm name=""/></StgValue>
</bind>
</comp>

<comp id="18" class="1001" name="const_18">
<pin_list>
<pin id="19" dir="1" index="0" bw="1" slack="0"/>
</pin_list>
<bind>
<StgValue><ssdm name=""/></StgValue>
</bind>
</comp>

<comp id="20" class="1001" name="const_20">
<pin_list>
<pin id="21" dir="1" index="0" bw="1" slack="0"/>
</pin_list>
<bind>
<StgValue><ssdm name=""/></StgValue>
</bind>
</comp>

<comp id="22" class="1001" name="const_22">
<pin_list>
<pin id="23" dir="1" index="0" bw="1" slack="0"/>
</pin_list>
<bind>
<StgValue><ssdm name=""/></StgValue>
</bind>
</comp>

<comp id="24" class="1001" name="const_24">
<pin_list>
<pin id="25" dir="1" index="0" bw="1" slack="0"/>
</pin_list>
<bind>
<StgValue><ssdm name=""/></StgValue>
</bind>
</comp>

<comp id="26" class="1001" name="const_26">
<pin_list>
<pin id="27" dir="1" index="0" bw="1" slack="0"/>
</pin_list>
<bind>
<StgValue><ssdm name=""/></StgValue>
</bind>
</comp>

<comp id="28" class="1001" name="const_28">
<pin_list>
<pin id="29" dir="1" index="0" bw="1" slack="0"/>
</pin_list>
<bind>
<StgValue><ssdm name=""/></StgValue>
</bind>
</comp>

<comp id="30" class="1001" name="const_30">
<pin_list>
<pin id="31" dir="1" index="0" bw="1" slack="0"/>
</pin_list>
<bind>
<StgValue><ssdm name=""/></StgValue>
</bind>
</comp>

<comp id="32" class="1001" name="const_32">
<pin_list>
<pin id="33" dir="1" index="0" bw="1" slack="0"/>
</pin_list>
<bind>
<StgValue><ssdm name="_ssdm_op_BitConcatenate.i11.i5.i6"/></StgValue>
</bind>
</comp>

<comp id="34" class="1001" name="const_34">
<pin_list>
<pin id="35" dir="1" index="0" bw="1" slack="0"/>
</pin_list>
<bind>
<StgValue><ssdm name="_ssdm_op_BitConcatenate.i7.i5.i2"/></StgValue>
</bind>
</comp>

<comp id="36" class="1001" name="const_36">
<pin_list>
<pin id="37" dir="1" index="0" bw="1" slack="0"/>
</pin_list>
<bind>
<StgValue><ssdm name=""/></StgValue>
</bind>
</comp>

<comp id="38" class="1001" name="const_38">
<pin_list>
<pin id="39" dir="1" index="0" bw="1" slack="0"/>
</pin_list>
<bind>
<StgValue><ssdm name=""/></StgValue>
</bind>
</comp>

<comp id="40" class="1001" name="const_40">
<pin_list>
<pin id="41" dir="1" index="0" bw="1" slack="0"/>
</pin_list>
<bind>
<StgValue><ssdm name=""/></StgValue>
</bind>
</comp>

<comp id="42" class="1001" name="const_42">
<pin_list>
<pin id="43" dir="1" index="0" bw="1" slack="2147483647"/>
</pin_list>
<bind>
<StgValue><ssdm name="_ssdm_op_SpecLoopName"/></StgValue>
</bind>
</comp>

<comp id="44" class="1001" name="const_44">
<pin_list>
<pin id="45" dir="1" index="0" bw="1" slack="2147483647"/>
</pin_list>
<bind>
<StgValue><ssdm name="VITIS_LOOP_145_1_VITIS_LOOP_146_2_str"/></StgValue>
</bind>
</comp>

<comp id="46" class="1001" name="const_46">
<pin_list>
<pin id="47" dir="1" index="0" bw="1" slack="2147483647"/>
</pin_list>
<bind>
<StgValue><ssdm name="_ssdm_op_SpecLoopTripCount"/></StgValue>
</bind>
</comp>

<comp id="48" class="1001" name="const_48">
<pin_list>
<pin id="49" dir="1" index="0" bw="1" slack="2147483647"/>
</pin_list>
<bind>
<StgValue><ssdm name=""/></StgValue>
</bind>
</comp>

<comp id="50" class="1001" name="const_50">
<pin_list>
<pin id="51" dir="1" index="0" bw="1" slack="2147483647"/>
</pin_list>
<bind>
<StgValue><ssdm name="_ssdm_op_SpecPipeline"/></StgValue>
</bind>
</comp>

<comp id="52" class="1001" name="const_52">
<pin_list>
<pin id="53" dir="1" index="0" bw="1" slack="0"/>
</pin_list>
<bind>
<StgValue><ssdm name="_ssdm_op_Write.ap_auto.i23P0A"/></StgValue>
</bind>
</comp>

<comp id="54" class="1004" name="conv4_i4_i_i_fu_54">
<pin_list>
<pin id="55" dir="0" index="0" bw="1" slack="0"/>
<pin id="56" dir="1" index="1" bw="23" slack="0"/>
</pin_list>
<bind>
<opcode="alloca(26) " fcode="alloca"/>
<opset="conv4_i4_i_i/1 "/>
</bind>
</comp>

<comp id="58" class="1004" name="phi_fu_58">
<pin_list>
<pin id="59" dir="0" index="0" bw="1" slack="0"/>
<pin id="60" dir="1" index="1" bw="6" slack="0"/>
</pin_list>
<bind>
<opcode="alloca(26) " fcode="alloca"/>
<opset="phi/1 "/>
</bind>
</comp>

<comp id="62" class="1004" name="eta_fu_62">
<pin_list>
<pin id="63" dir="0" index="0" bw="1" slack="0"/>
<pin id="64" dir="1" index="1" bw="5" slack="0"/>
</pin_list>
<bind>
<opcode="alloca(26) " fcode="alloca"/>
<opset="eta/1 "/>
</bind>
</comp>

<comp id="66" class="1004" name="indvar_flatten_fu_66">
<pin_list>
<pin id="67" dir="0" index="0" bw="1" slack="0"/>
<pin id="68" dir="1" index="1" bw="11" slack="0"/>
</pin_list>
<bind>
<opcode="alloca(26) " fcode="alloca"/>
<opset="indvar_flatten/1 "/>
</bind>
</comp>

<comp id="70" class="1004" name="write_ln0_write_fu_70">
<pin_list>
<pin id="71" dir="0" index="0" bw="0" slack="0"/>
<pin id="72" dir="0" index="1" bw="23" slack="0"/>
<pin id="73" dir="0" index="2" bw="23" slack="0"/>
<pin id="74" dir="1" index="3" bw="0" slack="2147483647"/>
</pin_list>
<bind>
<opcode="write(1151) " fcode="write"/>
<opset="write_ln0/1 "/>
</bind>
</comp>

<comp id="77" class="1004" name="grid_addr_gep_fu_77">
<pin_list>
<pin id="78" dir="0" index="0" bw="12" slack="0"/>
<pin id="79" dir="0" index="1" bw="1" slack="0"/>
<pin id="80" dir="0" index="2" bw="11" slack="0"/>
<pin id="81" dir="1" index="3" bw="11" slack="0"/>
</pin_list>
<bind>
<opcode="getelementptr(29) " fcode="getelementptr"/>
<opset="grid_addr/1 "/>
</bind>
</comp>

<comp id="84" class="1004" name="grp_access_fu_84">
<pin_list>
<pin id="85" dir="0" index="0" bw="11" slack="0"/>
<pin id="86" dir="0" index="1" bw="12" slack="2147483647"/>
<pin id="87" dir="0" index="2" bw="0" slack="2147483647"/>
<pin id="88" dir="1" index="3" bw="12" slack="0"/>
</pin_list>
<bind>
<opcode="load(27) " fcode="load"/>
<opset="grid_load/1 "/>
</bind>
</comp>

<comp id="90" class="1004" name="store_ln0_store_fu_90">
<pin_list>
<pin id="91" dir="0" index="0" bw="1" slack="0"/>
<pin id="92" dir="0" index="1" bw="11" slack="0"/>
<pin id="93" dir="1" index="2" bw="0" slack="2147483647"/>
</pin_list>
<bind>
<opcode="store(28) " fcode="store"/>
<opset="store_ln0/1 "/>
</bind>
</comp>

<comp id="95" class="1004" name="store_ln145_store_fu_95">
<pin_list>
<pin id="96" dir="0" index="0" bw="1" slack="0"/>
<pin id="97" dir="0" index="1" bw="5" slack="0"/>
<pin id="98" dir="1" index="2" bw="0" slack="2147483647"/>
</pin_list>
<bind>
<opcode="store(28) " fcode="store"/>
<opset="store_ln145/1 "/>
</bind>
</comp>

<comp id="100" class="1004" name="store_ln146_store_fu_100">
<pin_list>
<pin id="101" dir="0" index="0" bw="1" slack="0"/>
<pin id="102" dir="0" index="1" bw="6" slack="0"/>
<pin id="103" dir="1" index="2" bw="0" slack="2147483647"/>
</pin_list>
<bind>
<opcode="store(28) " fcode="store"/>
<opset="store_ln146/1 "/>
</bind>
</comp>

<comp id="105" class="1004" name="store_ln0_store_fu_105">
<pin_list>
<pin id="106" dir="0" index="0" bw="1" slack="0"/>
<pin id="107" dir="0" index="1" bw="23" slack="0"/>
<pin id="108" dir="1" index="2" bw="0" slack="2147483647"/>
</pin_list>
<bind>
<opcode="store(28) " fcode="store"/>
<opset="store_ln0/1 "/>
</bind>
</comp>

<comp id="110" class="1004" name="indvar_flatten_load_load_fu_110">
<pin_list>
<pin id="111" dir="0" index="0" bw="11" slack="0"/>
<pin id="112" dir="1" index="1" bw="11" slack="0"/>
</pin_list>
<bind>
<opcode="load(27) " fcode="load"/>
<opset="indvar_flatten_load/1 "/>
</bind>
</comp>

<comp id="113" class="1004" name="icmp_ln145_fu_113">
<pin_list>
<pin id="114" dir="0" index="0" bw="11" slack="0"/>
<pin id="115" dir="0" index="1" bw="9" slack="0"/>
<pin id="116" dir="1" index="2" bw="1" slack="2147483647"/>
</pin_list>
<bind>
<opcode="icmp(45) " fcode="icmp"/>
<opset="icmp_ln145/1 "/>
</bind>
</comp>

<comp id="119" class="1004" name="add_ln145_1_fu_119">
<pin_list>
<pin id="120" dir="0" index="0" bw="11" slack="0"/>
<pin id="121" dir="0" index="1" bw="1" slack="0"/>
<pin id="122" dir="1" index="2" bw="11" slack="0"/>
</pin_list>
<bind>
<opcode="add(8) " fcode="add"/>
<opset="add_ln145_1/1 "/>
</bind>
</comp>

<comp id="125" class="1004" name="phi_load_load_fu_125">
<pin_list>
<pin id="126" dir="0" index="0" bw="6" slack="0"/>
<pin id="127" dir="1" index="1" bw="6" slack="0"/>
</pin_list>
<bind>
<opcode="load(27) " fcode="load"/>
<opset="phi_load/1 "/>
</bind>
</comp>

<comp id="128" class="1004" name="eta_load_load_fu_128">
<pin_list>
<pin id="129" dir="0" index="0" bw="5" slack="0"/>
<pin id="130" dir="1" index="1" bw="5" slack="0"/>
</pin_list>
<bind>
<opcode="load(27) " fcode="load"/>
<opset="eta_load/1 "/>
</bind>
</comp>

<comp id="131" class="1004" name="add_ln145_fu_131">
<pin_list>
<pin id="132" dir="0" index="0" bw="5" slack="0"/>
<pin id="133" dir="0" index="1" bw="1" slack="0"/>
<pin id="134" dir="1" index="2" bw="5" slack="0"/>
</pin_list>
<bind>
<opcode="add(8) " fcode="add"/>
<opset="add_ln145/1 "/>
</bind>
</comp>

<comp id="137" class="1004" name="icmp_ln146_fu_137">
<pin_list>
<pin id="138" dir="0" index="0" bw="6" slack="0"/>
<pin id="139" dir="0" index="1" bw="3" slack="0"/>
<pin id="140" dir="1" index="2" bw="1" slack="0"/>
</pin_list>
<bind>
<opcode="icmp(45) " fcode="icmp"/>
<opset="icmp_ln146/1 "/>
</bind>
</comp>

<comp id="143" class="1004" name="select_ln145_fu_143">
<pin_list>
<pin id="144" dir="0" index="0" bw="1" slack="0"/>
<pin id="145" dir="0" index="1" bw="1" slack="0"/>
<pin id="146" dir="0" index="2" bw="6" slack="0"/>
<pin id="147" dir="1" index="3" bw="6" slack="0"/>
</pin_list>
<bind>
<opcode="select(49) " fcode="select"/>
<opset="select_ln145/1 "/>
</bind>
</comp>

<comp id="151" class="1004" name="select_ln145_1_fu_151">
<pin_list>
<pin id="152" dir="0" index="0" bw="1" slack="0"/>
<pin id="153" dir="0" index="1" bw="5" slack="0"/>
<pin id="154" dir="0" index="2" bw="5" slack="0"/>
<pin id="155" dir="1" index="3" bw="5" slack="0"/>
</pin_list>
<bind>
<opcode="select(49) " fcode="select"/>
<opset="select_ln145_1/1 "/>
</bind>
</comp>

<comp id="159" class="1004" name="p_shl_fu_159">
<pin_list>
<pin id="160" dir="0" index="0" bw="11" slack="0"/>
<pin id="161" dir="0" index="1" bw="5" slack="0"/>
<pin id="162" dir="0" index="2" bw="1" slack="0"/>
<pin id="163" dir="1" index="3" bw="11" slack="0"/>
</pin_list>
<bind>
<opcode="bitconcatenate(1004) " fcode="bitconcatenate"/>
<opset="p_shl/1 "/>
</bind>
</comp>

<comp id="167" class="1004" name="tmp_fu_167">
<pin_list>
<pin id="168" dir="0" index="0" bw="7" slack="0"/>
<pin id="169" dir="0" index="1" bw="5" slack="0"/>
<pin id="170" dir="0" index="2" bw="1" slack="0"/>
<pin id="171" dir="1" index="3" bw="7" slack="0"/>
</pin_list>
<bind>
<opcode="bitconcatenate(1004) " fcode="bitconcatenate"/>
<opset="tmp/1 "/>
</bind>
</comp>

<comp id="175" class="1004" name="zext_ln147_fu_175">
<pin_list>
<pin id="176" dir="0" index="0" bw="7" slack="0"/>
<pin id="177" dir="1" index="1" bw="11" slack="0"/>
</pin_list>
<bind>
<opcode="zext(34) " fcode="zext"/>
<opset="zext_ln147/1 "/>
</bind>
</comp>

<comp id="179" class="1004" name="sub_ln147_fu_179">
<pin_list>
<pin id="180" dir="0" index="0" bw="11" slack="0"/>
<pin id="181" dir="0" index="1" bw="7" slack="0"/>
<pin id="182" dir="1" index="2" bw="11" slack="0"/>
</pin_list>
<bind>
<opcode="sub(10) " fcode="sub"/>
<opset="sub_ln147/1 "/>
</bind>
</comp>

<comp id="185" class="1004" name="zext_ln147_1_fu_185">
<pin_list>
<pin id="186" dir="0" index="0" bw="6" slack="0"/>
<pin id="187" dir="1" index="1" bw="11" slack="0"/>
</pin_list>
<bind>
<opcode="zext(34) " fcode="zext"/>
<opset="zext_ln147_1/1 "/>
</bind>
</comp>

<comp id="189" class="1004" name="add_ln147_1_fu_189">
<pin_list>
<pin id="190" dir="0" index="0" bw="11" slack="0"/>
<pin id="191" dir="0" index="1" bw="6" slack="0"/>
<pin id="192" dir="1" index="2" bw="11" slack="0"/>
</pin_list>
<bind>
<opcode="add(8) " fcode="add"/>
<opset="add_ln147_1/1 "/>
</bind>
</comp>

<comp id="195" class="1004" name="zext_ln147_2_fu_195">
<pin_list>
<pin id="196" dir="0" index="0" bw="11" slack="0"/>
<pin id="197" dir="1" index="1" bw="64" slack="0"/>
</pin_list>
<bind>
<opcode="zext(34) " fcode="zext"/>
<opset="zext_ln147_2/1 "/>
</bind>
</comp>

<comp id="200" class="1004" name="add_ln146_fu_200">
<pin_list>
<pin id="201" dir="0" index="0" bw="6" slack="0"/>
<pin id="202" dir="0" index="1" bw="1" slack="0"/>
<pin id="203" dir="1" index="2" bw="6" slack="0"/>
</pin_list>
<bind>
<opcode="add(8) " fcode="add"/>
<opset="add_ln146/1 "/>
</bind>
</comp>

<comp id="206" class="1004" name="store_ln145_store_fu_206">
<pin_list>
<pin id="207" dir="0" index="0" bw="11" slack="0"/>
<pin id="208" dir="0" index="1" bw="11" slack="0"/>
<pin id="209" dir="1" index="2" bw="0" slack="2147483647"/>
</pin_list>
<bind>
<opcode="store(28) " fcode="store"/>
<opset="store_ln145/1 "/>
</bind>
</comp>

<comp id="211" class="1004" name="store_ln145_store_fu_211">
<pin_list>
<pin id="212" dir="0" index="0" bw="5" slack="0"/>
<pin id="213" dir="0" index="1" bw="5" slack="0"/>
<pin id="214" dir="1" index="2" bw="0" slack="2147483647"/>
</pin_list>
<bind>
<opcode="store(28) " fcode="store"/>
<opset="store_ln145/1 "/>
</bind>
</comp>

<comp id="216" class="1004" name="store_ln146_store_fu_216">
<pin_list>
<pin id="217" dir="0" index="0" bw="6" slack="0"/>
<pin id="218" dir="0" index="1" bw="6" slack="0"/>
<pin id="219" dir="1" index="2" bw="0" slack="2147483647"/>
</pin_list>
<bind>
<opcode="store(28) " fcode="store"/>
<opset="store_ln146/1 "/>
</bind>
</comp>

<comp id="221" class="1004" name="conv4_i4_i_i_load_load_fu_221">
<pin_list>
<pin id="222" dir="0" index="0" bw="23" slack="1"/>
<pin id="223" dir="1" index="1" bw="23" slack="0"/>
</pin_list>
<bind>
<opcode="load(27) " fcode="load"/>
<opset="conv4_i4_i_i_load/2 "/>
</bind>
</comp>

<comp id="224" class="1004" name="zext_ln147_3_fu_224">
<pin_list>
<pin id="225" dir="0" index="0" bw="12" slack="0"/>
<pin id="226" dir="1" index="1" bw="23" slack="0"/>
</pin_list>
<bind>
<opcode="zext(34) " fcode="zext"/>
<opset="zext_ln147_3/2 "/>
</bind>
</comp>

<comp id="228" class="1004" name="add_ln147_fu_228">
<pin_list>
<pin id="229" dir="0" index="0" bw="23" slack="0"/>
<pin id="230" dir="0" index="1" bw="12" slack="0"/>
<pin id="231" dir="1" index="2" bw="23" slack="0"/>
</pin_list>
<bind>
<opcode="add(8) " fcode="add"/>
<opset="add_ln147/2 "/>
</bind>
</comp>

<comp id="234" class="1004" name="store_ln147_store_fu_234">
<pin_list>
<pin id="235" dir="0" index="0" bw="23" slack="0"/>
<pin id="236" dir="0" index="1" bw="23" slack="1"/>
<pin id="237" dir="1" index="2" bw="0" slack="2147483647"/>
</pin_list>
<bind>
<opcode="store(28) " fcode="store"/>
<opset="store_ln147/2 "/>
</bind>
</comp>

<comp id="239" class="1004" name="conv4_i4_i_i_load_1_load_fu_239">
<pin_list>
<pin id="240" dir="0" index="0" bw="23" slack="0"/>
<pin id="241" dir="1" index="1" bw="23" slack="0"/>
</pin_list>
<bind>
<opcode="load(27) " fcode="load"/>
<opset="conv4_i4_i_i_load_1/1 "/>
</bind>
</comp>

<comp id="243" class="1005" name="conv4_i4_i_i_reg_243">
<pin_list>
<pin id="244" dir="0" index="0" bw="23" slack="0"/>
<pin id="245" dir="1" index="1" bw="23" slack="0"/>
</pin_list>
<bind>
<opset="conv4_i4_i_i "/>
</bind>
</comp>

<comp id="251" class="1005" name="phi_reg_251">
<pin_list>
<pin id="252" dir="0" index="0" bw="6" slack="0"/>
<pin id="253" dir="1" index="1" bw="6" slack="0"/>
</pin_list>
<bind>
<opset="phi "/>
</bind>
</comp>

<comp id="258" class="1005" name="eta_reg_258">
<pin_list>
<pin id="259" dir="0" index="0" bw="5" slack="0"/>
<pin id="260" dir="1" index="1" bw="5" slack="0"/>
</pin_list>
<bind>
<opset="eta "/>
</bind>
</comp>

<comp id="265" class="1005" name="indvar_flatten_reg_265">
<pin_list>
<pin id="266" dir="0" index="0" bw="11" slack="0"/>
<pin id="267" dir="1" index="1" bw="11" slack="0"/>
</pin_list>
<bind>
<opset="indvar_flatten "/>
</bind>
</comp>

<comp id="275" class="1005" name="grid_addr_reg_275">
<pin_list>
<pin id="276" dir="0" index="0" bw="11" slack="1"/>
<pin id="277" dir="1" index="1" bw="11" slack="1"/>
</pin_list>
<bind>
<opset="grid_addr "/>
</bind>
</comp>

</comp_list>

<net_list>
<net id="57"><net_src comp="4" pin="0"/><net_sink comp="54" pin=0"/></net>

<net id="61"><net_src comp="4" pin="0"/><net_sink comp="58" pin=0"/></net>

<net id="65"><net_src comp="4" pin="0"/><net_sink comp="62" pin=0"/></net>

<net id="69"><net_src comp="4" pin="0"/><net_sink comp="66" pin=0"/></net>

<net id="75"><net_src comp="52" pin="0"/><net_sink comp="70" pin=0"/></net>

<net id="76"><net_src comp="2" pin="0"/><net_sink comp="70" pin=1"/></net>

<net id="82"><net_src comp="0" pin="0"/><net_sink comp="77" pin=0"/></net>

<net id="83"><net_src comp="38" pin="0"/><net_sink comp="77" pin=1"/></net>

<net id="89"><net_src comp="77" pin="3"/><net_sink comp="84" pin=0"/></net>

<net id="94"><net_src comp="16" pin="0"/><net_sink comp="90" pin=0"/></net>

<net id="99"><net_src comp="18" pin="0"/><net_sink comp="95" pin=0"/></net>

<net id="104"><net_src comp="20" pin="0"/><net_sink comp="100" pin=0"/></net>

<net id="109"><net_src comp="22" pin="0"/><net_sink comp="105" pin=0"/></net>

<net id="117"><net_src comp="110" pin="1"/><net_sink comp="113" pin=0"/></net>

<net id="118"><net_src comp="24" pin="0"/><net_sink comp="113" pin=1"/></net>

<net id="123"><net_src comp="110" pin="1"/><net_sink comp="119" pin=0"/></net>

<net id="124"><net_src comp="26" pin="0"/><net_sink comp="119" pin=1"/></net>

<net id="135"><net_src comp="128" pin="1"/><net_sink comp="131" pin=0"/></net>

<net id="136"><net_src comp="28" pin="0"/><net_sink comp="131" pin=1"/></net>

<net id="141"><net_src comp="125" pin="1"/><net_sink comp="137" pin=0"/></net>

<net id="142"><net_src comp="30" pin="0"/><net_sink comp="137" pin=1"/></net>

<net id="148"><net_src comp="137" pin="2"/><net_sink comp="143" pin=0"/></net>

<net id="149"><net_src comp="20" pin="0"/><net_sink comp="143" pin=1"/></net>

<net id="150"><net_src comp="125" pin="1"/><net_sink comp="143" pin=2"/></net>

<net id="156"><net_src comp="137" pin="2"/><net_sink comp="151" pin=0"/></net>

<net id="157"><net_src comp="131" pin="2"/><net_sink comp="151" pin=1"/></net>

<net id="158"><net_src comp="128" pin="1"/><net_sink comp="151" pin=2"/></net>

<net id="164"><net_src comp="32" pin="0"/><net_sink comp="159" pin=0"/></net>

<net id="165"><net_src comp="151" pin="3"/><net_sink comp="159" pin=1"/></net>

<net id="166"><net_src comp="20" pin="0"/><net_sink comp="159" pin=2"/></net>

<net id="172"><net_src comp="34" pin="0"/><net_sink comp="167" pin=0"/></net>

<net id="173"><net_src comp="151" pin="3"/><net_sink comp="167" pin=1"/></net>

<net id="174"><net_src comp="36" pin="0"/><net_sink comp="167" pin=2"/></net>

<net id="178"><net_src comp="167" pin="3"/><net_sink comp="175" pin=0"/></net>

<net id="183"><net_src comp="159" pin="3"/><net_sink comp="179" pin=0"/></net>

<net id="184"><net_src comp="175" pin="1"/><net_sink comp="179" pin=1"/></net>

<net id="188"><net_src comp="143" pin="3"/><net_sink comp="185" pin=0"/></net>

<net id="193"><net_src comp="179" pin="2"/><net_sink comp="189" pin=0"/></net>

<net id="194"><net_src comp="185" pin="1"/><net_sink comp="189" pin=1"/></net>

<net id="198"><net_src comp="189" pin="2"/><net_sink comp="195" pin=0"/></net>

<net id="199"><net_src comp="195" pin="1"/><net_sink comp="77" pin=2"/></net>

<net id="204"><net_src comp="143" pin="3"/><net_sink comp="200" pin=0"/></net>

<net id="205"><net_src comp="40" pin="0"/><net_sink comp="200" pin=1"/></net>

<net id="210"><net_src comp="119" pin="2"/><net_sink comp="206" pin=0"/></net>

<net id="215"><net_src comp="151" pin="3"/><net_sink comp="211" pin=0"/></net>

<net id="220"><net_src comp="200" pin="2"/><net_sink comp="216" pin=0"/></net>

<net id="227"><net_src comp="84" pin="3"/><net_sink comp="224" pin=0"/></net>

<net id="232"><net_src comp="221" pin="1"/><net_sink comp="228" pin=0"/></net>

<net id="233"><net_src comp="224" pin="1"/><net_sink comp="228" pin=1"/></net>

<net id="238"><net_src comp="228" pin="2"/><net_sink comp="234" pin=0"/></net>

<net id="242"><net_src comp="239" pin="1"/><net_sink comp="70" pin=2"/></net>

<net id="246"><net_src comp="54" pin="1"/><net_sink comp="243" pin=0"/></net>

<net id="247"><net_src comp="243" pin="1"/><net_sink comp="105" pin=1"/></net>

<net id="248"><net_src comp="243" pin="1"/><net_sink comp="221" pin=0"/></net>

<net id="249"><net_src comp="243" pin="1"/><net_sink comp="234" pin=1"/></net>

<net id="250"><net_src comp="243" pin="1"/><net_sink comp="239" pin=0"/></net>

<net id="254"><net_src comp="58" pin="1"/><net_sink comp="251" pin=0"/></net>

<net id="255"><net_src comp="251" pin="1"/><net_sink comp="100" pin=1"/></net>

<net id="256"><net_src comp="251" pin="1"/><net_sink comp="125" pin=0"/></net>

<net id="257"><net_src comp="251" pin="1"/><net_sink comp="216" pin=1"/></net>

<net id="261"><net_src comp="62" pin="1"/><net_sink comp="258" pin=0"/></net>

<net id="262"><net_src comp="258" pin="1"/><net_sink comp="95" pin=1"/></net>

<net id="263"><net_src comp="258" pin="1"/><net_sink comp="128" pin=0"/></net>

<net id="264"><net_src comp="258" pin="1"/><net_sink comp="211" pin=1"/></net>

<net id="268"><net_src comp="66" pin="1"/><net_sink comp="265" pin=0"/></net>

<net id="269"><net_src comp="265" pin="1"/><net_sink comp="90" pin=1"/></net>

<net id="270"><net_src comp="265" pin="1"/><net_sink comp="110" pin=0"/></net>

<net id="271"><net_src comp="265" pin="1"/><net_sink comp="206" pin=1"/></net>

<net id="278"><net_src comp="77" pin="3"/><net_sink comp="275" pin=0"/></net>

<net id="279"><net_src comp="275" pin="1"/><net_sink comp="84" pin=0"/></net>

</net_list>

</model> 
---------------- Datapath Model END ------------------

* FSMD analyzer results:
  - Output states:
	Port: conv4_i4_i_i_out | {1 }
 - Input state : 
	Port: calo_trigger_ref_Pipeline_VITIS_LOOP_145_1_VITIS_LOOP_146_2 : grid | {1 2 }
  - Chain level:
	State 1
		store_ln0 : 1
		store_ln145 : 1
		store_ln146 : 1
		store_ln0 : 1
		indvar_flatten_load : 1
		icmp_ln145 : 2
		add_ln145_1 : 2
		br_ln145 : 3
		phi_load : 1
		eta_load : 1
		add_ln145 : 2
		icmp_ln146 : 2
		select_ln145 : 3
		select_ln145_1 : 3
		p_shl : 4
		tmp : 4
		zext_ln147 : 5
		sub_ln147 : 6
		zext_ln147_1 : 4
		add_ln147_1 : 7
		zext_ln147_2 : 8
		grid_addr : 9
		grid_load : 10
		add_ln146 : 4
		store_ln145 : 3
		store_ln145 : 4
		store_ln146 : 5
		conv4_i4_i_i_load_1 : 1
		write_ln0 : 2
	State 2
		zext_ln147_3 : 1
		add_ln147 : 2
		store_ln147 : 3


============================================================
+ Verbose Summary: Datapath Resource usage 
============================================================

* Functional unit list:
|----------|-----------------------|---------|---------|
| Operation|    Functional Unit    |    FF   |   LUT   |
|----------|-----------------------|---------|---------|
|          |   add_ln145_1_fu_119  |    0    |    18   |
|          |    add_ln145_fu_131   |    0    |    12   |
|    add   |   add_ln147_1_fu_189  |    0    |    17   |
|          |    add_ln146_fu_200   |    0    |    13   |
|          |    add_ln147_fu_228   |    0    |    30   |
|----------|-----------------------|---------|---------|
|   icmp   |   icmp_ln145_fu_113   |    0    |    18   |
|          |   icmp_ln146_fu_137   |    0    |    13   |
|----------|-----------------------|---------|---------|
|    sub   |    sub_ln147_fu_179   |    0    |    17   |
|----------|-----------------------|---------|---------|
|  select  |  select_ln145_fu_143  |    0    |    6    |
|          | select_ln145_1_fu_151 |    0    |    5    |
|----------|-----------------------|---------|---------|
|   write  | write_ln0_write_fu_70 |    0    |    0    |
|----------|-----------------------|---------|---------|
|bitconcatenate|      p_shl_fu_159     |    0    |    0    |
|          |       tmp_fu_167      |    0    |    0    |
|----------|-----------------------|---------|---------|
|          |   zext_ln147_fu_175   |    0    |    0    |
|   zext   |  zext_ln147_1_fu_185  |    0    |    0    |
|          |  zext_ln147_2_fu_195  |    0    |    0    |
|          |  zext_ln147_3_fu_224  |    0    |    0    |
|----------|-----------------------|---------|---------|
|   Total  |                       |    0    |   149   |
|----------|-----------------------|---------|---------|

Memories:
N/A

* Register list:
+----------------------+--------+
|                      |   FF   |
+----------------------+--------+
| conv4_i4_i_i_reg_243 |   23   |
|      eta_reg_258     |    5   |
|   grid_addr_reg_275  |   11   |
|indvar_flatten_reg_265|   11   |
|      phi_reg_251     |    6   |
+----------------------+--------+
|         Total        |   56   |
+----------------------+--------+

* Multiplexer (MUX) list: 
|------------------|------|------|------|--------||---------||---------||---------|
|       Comp       |  Pin | Size |  BW  | S x BW ||  Delay  ||    FF   ||   LUT   |
|------------------|------|------|------|--------||---------||---------||---------|
| grp_access_fu_84 |  p0  |   2  |  11  |   22   ||    0    ||    9    |
|------------------|------|------|------|--------||---------||---------||---------|
|       Total      |      |      |      |   22   ||  0.387  ||    0    ||    9    |
|------------------|------|------|------|--------||---------||---------||---------|



* Summary:
+-----------+--------+--------+--------+
|           |  Delay |   FF   |   LUT  |
+-----------+--------+--------+--------+
|  Function |    -   |    0   |   149  |
|   Memory  |    -   |    -   |    -   |
|Multiplexer|    0   |    0   |    9   |
|  Register |    -   |   56   |    -   |
+-----------+--------+--------+--------+
|   Total   |    0   |   56   |   158  |
+-----------+--------+--------+--------+
