

================================================================
== Vitis HLS Report for 'calo_trigger_ref_Pipeline_VITIS_LOOP_156_1'
================================================================
* Date:           Tue May 12 15:59:09 2026

* Version:        2024.1 (Build 5069499 on May 21 2024)
* Project:        calorimeter
* Solution:       solution1 (Vivado IP Flow Target)
* Product family: virtexuplus
* Target device:  xcvu13p-fsga2577-2-e


================================================================
== Performance Estimates
================================================================
+ Timing: 
    * Summary: 
    +--------+----------+----------+------------+
    |  Clock |  Target  | Estimated| Uncertainty|
    +--------+----------+----------+------------+
    |ap_clk  |  25.00 ns|  2.083 ns|     6.75 ns|
    +--------+----------+----------+------------+

+ Latency: 
    * Summary: 
    +---------+---------+----------+----------+-----+-----+-----------------------------------------------+
    |  Latency (cycles) |  Latency (absolute) |  Interval |                    Pipeline                   |
    |   min   |   max   |    min   |    max   | min | max |                      Type                     |
    +---------+---------+----------+----------+-----+-----+-----------------------------------------------+
    |       11|       11|  0.275 us|  0.275 us|    9|    9|  loop auto-rewind stp(delay=0 clock cycles(s))|
    +---------+---------+----------+----------+-----+-----+-----------------------------------------------+

    + Detail: 
        * Instance: 
        N/A

        * Loop: 
        +--------------------+---------+---------+----------+-----------+-----------+------+----------+
        |                    |  Latency (cycles) | Iteration|  Initiation Interval  | Trip |          |
        |      Loop Name     |   min   |   max   |  Latency |  achieved |   target  | Count| Pipelined|
        +--------------------+---------+---------+----------+-----------+-----------+------+----------+
        |- VITIS_LOOP_156_1  |        9|        9|         3|          1|          1|     8|       yes|
        +--------------------+---------+---------+----------+-----------+-----------+------+----------+



================================================================
== Utilization Estimates
================================================================
* Summary: 
+---------------------+---------+-------+---------+---------+------+
|         Name        | BRAM_18K|  DSP  |    FF   |   LUT   | URAM |
+---------------------+---------+-------+---------+---------+------+
|DSP                  |        -|      -|        -|        -|     -|
|Expression           |        -|      -|        0|       38|     -|
|FIFO                 |        -|      -|        -|        -|     -|
|Instance             |        -|      -|        -|        -|     -|
|Memory               |        -|      -|        -|        -|     -|
|Multiplexer          |        -|      -|        0|       36|     -|
|Register             |        -|      -|       20|        -|     -|
+---------------------+---------+-------+---------+---------+------+
|Total                |        0|      0|       20|       74|     0|
+---------------------+---------+-------+---------+---------+------+
|Available SLR        |     1344|   3072|   864000|   432000|   320|
+---------------------+---------+-------+---------+---------+------+
|Utilization SLR (%)  |        0|      0|       ~0|       ~0|     0|
+---------------------+---------+-------+---------+---------+------+
|Available            |     5376|  12288|  3456000|  1728000|  1280|
+---------------------+---------+-------+---------+---------+------+
|Utilization (%)      |        0|      0|       ~0|       ~0|     0|
+---------------------+---------+-------+---------+---------+------+

+ Detail: 
    * Instance: 
    N/A

    * DSP: 
    N/A

    * Memory: 
    N/A

    * FIFO: 
    N/A

    * Expression: 
    +------------------------+----------+----+---+----+------------+------------+
    |      Variable Name     | Operation| DSP| FF| LUT| Bitwidth P0| Bitwidth P1|
    +------------------------+----------+----+---+----+------------+------------+
    |add_ln156_fu_172_p2     |         +|   0|  0|  12|           4|           1|
    |icmp_ln156_fu_166_p2    |      icmp|   0|  0|  12|           4|           5|
    |icmp_ln177_fu_205_p2    |      icmp|   0|  0|   9|           2|           2|
    |select_ln177_fu_211_p3  |    select|   0|  0|   3|           1|           1|
    |ap_enable_pp0           |       xor|   0|  0|   2|           1|           2|
    +------------------------+----------+----+---+----+------------+------------+
    |Total                   |          |   0|  0|  38|          12|          11|
    +------------------------+----------+----+---+----+------------+------------+

    * Multiplexer: 
    +-------------------------+----+-----------+-----+-----------+
    |           Name          | LUT| Input Size| Bits| Total Bits|
    +-------------------------+----+-----------+-----+-----------+
    |ap_done_int              |   9|          2|    1|          2|
    |ap_enable_reg_pp0_iter1  |   9|          2|    1|          2|
    |ap_sig_allocacmp_i_2     |   9|          2|    4|          8|
    |i_fu_58                  |   9|          2|    4|          8|
    +-------------------------+----+-----------+-----+-----------+
    |Total                    |  36|          8|   10|         20|
    +-------------------------+----+-----------+-----+-----------+

    * Register: 
    +------------------------------------+---+----+-----+-----------+
    |                Name                | FF| LUT| Bits| Const Bits|
    +------------------------------------+---+----+-----+-----------+
    |ap_CS_fsm                           |  1|   0|    1|          0|
    |ap_done_reg                         |  1|   0|    1|          0|
    |ap_enable_reg_pp0_iter1             |  1|   0|    1|          0|
    |ap_enable_reg_pp0_iter2             |  1|   0|    1|          0|
    |ap_loop_exit_ready_pp0_iter1_reg    |  1|   0|    1|          0|
    |i_fu_58                             |  4|   0|    4|          0|
    |objects_addr_reg_268                |  3|   0|    3|          0|
    |objects_addr_reg_268_pp0_iter1_reg  |  3|   0|    3|          0|
    |top_clusters_valid_load_reg_278     |  1|   0|    1|          0|
    |zext_ln156_reg_259                  |  4|   0|   64|         60|
    +------------------------------------+---+----+-----+-----------+
    |Total                               | 20|   0|   80|         60|
    +------------------------------------+---+----+-----+-----------+



================================================================
== Interface
================================================================
* Summary: 
+------------------------------------+-----+-----+------------+--------------------------------------------+--------------+
|              RTL Ports             | Dir | Bits|  Protocol  |                Source Object               |    C Type    |
+------------------------------------+-----+-----+------------+--------------------------------------------+--------------+
|ap_clk                              |   in|    1|  ap_ctrl_hs|  calo_trigger_ref_Pipeline_VITIS_LOOP_156_1|  return value|
|ap_rst                              |   in|    1|  ap_ctrl_hs|  calo_trigger_ref_Pipeline_VITIS_LOOP_156_1|  return value|
|ap_start                            |   in|    1|  ap_ctrl_hs|  calo_trigger_ref_Pipeline_VITIS_LOOP_156_1|  return value|
|ap_done                             |  out|    1|  ap_ctrl_hs|  calo_trigger_ref_Pipeline_VITIS_LOOP_156_1|  return value|
|ap_idle                             |  out|    1|  ap_ctrl_hs|  calo_trigger_ref_Pipeline_VITIS_LOOP_156_1|  return value|
|ap_ready                            |  out|    1|  ap_ctrl_hs|  calo_trigger_ref_Pipeline_VITIS_LOOP_156_1|  return value|
|objects_address0                    |  out|    3|   ap_memory|                                     objects|         array|
|objects_ce0                         |  out|    1|   ap_memory|                                     objects|         array|
|objects_we0                         |  out|    1|   ap_memory|                                     objects|         array|
|objects_d0                          |  out|   89|   ap_memory|                                     objects|         array|
|objects_address1                    |  out|    3|   ap_memory|                                     objects|         array|
|objects_ce1                         |  out|    1|   ap_memory|                                     objects|         array|
|objects_we1                         |  out|    1|   ap_memory|                                     objects|         array|
|objects_d1                          |  out|   89|   ap_memory|                                     objects|         array|
|top_clusters_valid_address0         |  out|    3|   ap_memory|                          top_clusters_valid|         array|
|top_clusters_valid_ce0              |  out|    1|   ap_memory|                          top_clusters_valid|         array|
|top_clusters_valid_q0               |   in|    1|   ap_memory|                          top_clusters_valid|         array|
|top_clusters_et_address0            |  out|    3|   ap_memory|                             top_clusters_et|         array|
|top_clusters_et_ce0                 |  out|    1|   ap_memory|                             top_clusters_et|         array|
|top_clusters_et_q0                  |   in|   16|   ap_memory|                             top_clusters_et|         array|
|top_clusters_isolation_et_address0  |  out|    3|   ap_memory|                   top_clusters_isolation_et|         array|
|top_clusters_isolation_et_ce0       |  out|    1|   ap_memory|                   top_clusters_isolation_et|         array|
|top_clusters_isolation_et_q0        |   in|   18|   ap_memory|                   top_clusters_isolation_et|         array|
|top_clusters_eta_address0           |  out|    3|   ap_memory|                            top_clusters_eta|         array|
|top_clusters_eta_ce0                |  out|    1|   ap_memory|                            top_clusters_eta|         array|
|top_clusters_eta_q0                 |   in|    5|   ap_memory|                            top_clusters_eta|         array|
|top_clusters_phi_address0           |  out|    3|   ap_memory|                            top_clusters_phi|         array|
|top_clusters_phi_ce0                |  out|    1|   ap_memory|                            top_clusters_phi|         array|
|top_clusters_phi_q0                 |   in|    6|   ap_memory|                            top_clusters_phi|         array|
|top_clusters_window_size_address0   |  out|    3|   ap_memory|                    top_clusters_window_size|         array|
|top_clusters_window_size_ce0        |  out|    1|   ap_memory|                    top_clusters_window_size|         array|
|top_clusters_window_size_q0         |   in|    2|   ap_memory|                    top_clusters_window_size|         array|
+------------------------------------+-----+-----+------------+--------------------------------------------+--------------+

============================================================
+ Verbose Summary: Synthesis Manager
============================================================
InlineROM: 1
ExposeGlobal: 0
============================================================
+ Verbose Summary: CDFG Model
============================================================
IsTopModel: 0
ResetActiveHigh: 1
IsCombinational: 2
IsDatapathOnly: 2
HasWiredReturn: 1
HasMFsm: 2
HasVarLatency: 1
IsPipeline: 0
IsRtlPipelined: 0
IsInstanceOverlapped: 0
IsDontTouch: 0
HasImplIP: 0
IsGatedGlobalClock: 0

+ Individual pipeline summary: 
  * Pipeline-0: initiation interval (II) = 1, depth = 3


============================================================
+ Verbose Summary: Schedule
============================================================
* Number of FSM states : 3
* Pipeline : 1
  Pipeline-0 : II = 1, D = 3, States = { 1 2 3 }
* Dataflow Pipeline: 0

* FSM state transitions: 
1 --> 2 
2 --> 3 
3 --> 

* FSM state operations: 

State 1 <SV = 0> <Delay = 1.82>
ST_1 : Operation 6 [1/1] (0.00ns)   --->   "%i = alloca i32 1" [calorimeter.cpp:156->calorimeter.cpp:14->calorimeter.cpp:201]   --->   Operation 6 'alloca' 'i' <Predicate = true> <Delay = 0.00>
ST_1 : Operation 7 [1/1] (0.00ns)   --->   "%specinterface_ln0 = specinterface void @_ssdm_op_SpecInterface, i89 %objects, void @empty, i32 0, i32 0, void @empty_0, i32 4294967295, i32 0, void @empty_0, void @empty_0, void @empty_0, i32 0, i32 0, i32 0, i32 0, void @empty_0, void @empty_0, i32 4294967295, i32 0, i32 0"   --->   Operation 7 'specinterface' 'specinterface_ln0' <Predicate = true> <Delay = 0.00>
ST_1 : Operation 8 [1/1] (0.38ns)   --->   "%store_ln156 = store i4 0, i4 %i" [calorimeter.cpp:156->calorimeter.cpp:14->calorimeter.cpp:201]   --->   Operation 8 'store' 'store_ln156' <Predicate = true> <Delay = 0.38>
ST_1 : Operation 9 [1/1] (0.00ns)   --->   "%br_ln0 = br void %for.body.i.i"   --->   Operation 9 'br' 'br_ln0' <Predicate = true> <Delay = 0.00>
ST_1 : Operation 10 [1/1] (0.00ns)   --->   "%i_2 = load i4 %i" [calorimeter.cpp:156->calorimeter.cpp:14->calorimeter.cpp:201]   --->   Operation 10 'load' 'i_2' <Predicate = true> <Delay = 0.00>
ST_1 : Operation 11 [1/1] (0.70ns)   --->   "%icmp_ln156 = icmp_eq  i4 %i_2, i4 8" [calorimeter.cpp:156->calorimeter.cpp:14->calorimeter.cpp:201]   --->   Operation 11 'icmp' 'icmp_ln156' <Predicate = true> <Delay = 0.70> <CoreInst = "Cmp">   --->   Core 9 'Cmp' <Latency = 0> <II = 1> <Delay = 0.70> <FuncUnit> <Opcode : 'seteq' 'setne' 'setle' 'setge' 'setlt' 'setgt'> <InPorts = 2> <OutPorts = 1>
ST_1 : Operation 12 [1/1] (0.70ns)   --->   "%add_ln156 = add i4 %i_2, i4 1" [calorimeter.cpp:156->calorimeter.cpp:14->calorimeter.cpp:201]   --->   Operation 12 'add' 'add_ln156' <Predicate = true> <Delay = 0.70> <CoreInst = "Adder">   --->   Core 1 'Adder' <Latency = 0> <II = 1> <Delay = 0.70> <FuncUnit> <Opcode : 'add' 'sub'> <InPorts = 2> <OutPorts = 1>
ST_1 : Operation 13 [1/1] (0.00ns)   --->   "%br_ln156 = br i1 %icmp_ln156, void %for.body.i.i.split, void %for.inc.i4.i.preheader.exitStub" [calorimeter.cpp:156->calorimeter.cpp:14->calorimeter.cpp:201]   --->   Operation 13 'br' 'br_ln156' <Predicate = true> <Delay = 0.00>
ST_1 : Operation 14 [1/1] (0.00ns)   --->   "%zext_ln156 = zext i4 %i_2" [calorimeter.cpp:156->calorimeter.cpp:14->calorimeter.cpp:201]   --->   Operation 14 'zext' 'zext_ln156' <Predicate = (!icmp_ln156)> <Delay = 0.00>
ST_1 : Operation 15 [1/1] (0.00ns)   --->   "%objects_addr = getelementptr i89 %objects, i64 0, i64 %zext_ln156" [calorimeter.cpp:163->calorimeter.cpp:14->calorimeter.cpp:201]   --->   Operation 15 'getelementptr' 'objects_addr' <Predicate = (!icmp_ln156)> <Delay = 0.00>
ST_1 : Operation 16 [1/1] (0.73ns)   --->   "%store_ln163 = store i89 0, i3 %objects_addr" [calorimeter.cpp:163->calorimeter.cpp:14->calorimeter.cpp:201]   --->   Operation 16 'store' 'store_ln163' <Predicate = (!icmp_ln156)> <Delay = 0.73> <CoreInst = "RAM">   --->   Core 82 'RAM' <Latency = 1> <II = 1> <Delay = 0.73> <Storage> <Opcode : 'load' 'store'> <Ports = 2> <Width = 89> <Depth = 8> <RAM>
ST_1 : Operation 17 [1/1] (0.00ns)   --->   "%top_clusters_valid_addr = getelementptr i1 %top_clusters_valid, i64 0, i64 %zext_ln156" [calorimeter.cpp:165->calorimeter.cpp:14->calorimeter.cpp:201]   --->   Operation 17 'getelementptr' 'top_clusters_valid_addr' <Predicate = (!icmp_ln156)> <Delay = 0.00>
ST_1 : Operation 18 [2/2] (0.63ns)   --->   "%top_clusters_valid_load = load i3 %top_clusters_valid_addr" [calorimeter.cpp:165->calorimeter.cpp:14->calorimeter.cpp:201]   --->   Operation 18 'load' 'top_clusters_valid_load' <Predicate = (!icmp_ln156)> <Delay = 0.63> <CoreInst = "RAM">   --->   Core 82 'RAM' <Latency = 1> <II = 1> <Delay = 0.63> <Storage> <Opcode : 'load' 'store'> <Ports = 2> <Width = 1> <Depth = 8> <RAM>
ST_1 : Operation 19 [1/1] (0.38ns)   --->   "%store_ln156 = store i4 %add_ln156, i4 %i" [calorimeter.cpp:156->calorimeter.cpp:14->calorimeter.cpp:201]   --->   Operation 19 'store' 'store_ln156' <Predicate = (!icmp_ln156)> <Delay = 0.38>
ST_1 : Operation 20 [1/1] (0.00ns)   --->   "%br_ln156 = br void %for.body.i.i" [calorimeter.cpp:156->calorimeter.cpp:14->calorimeter.cpp:201]   --->   Operation 20 'br' 'br_ln156' <Predicate = (!icmp_ln156)> <Delay = 0.00>

State 2 <SV = 1> <Delay = 0.69>
ST_2 : Operation 21 [1/1] (0.00ns)   --->   "%specpipeline_ln156 = specpipeline void @_ssdm_op_SpecPipeline, i32 4294967295, i32 0, i32 0, i32 0, void @empty_0" [calorimeter.cpp:156->calorimeter.cpp:14->calorimeter.cpp:201]   --->   Operation 21 'specpipeline' 'specpipeline_ln156' <Predicate = true> <Delay = 0.00>
ST_2 : Operation 22 [1/1] (0.00ns)   --->   "%speclooptripcount_ln156 = speclooptripcount void @_ssdm_op_SpecLoopTripCount, i64 8, i64 8, i64 8" [calorimeter.cpp:156->calorimeter.cpp:14->calorimeter.cpp:201]   --->   Operation 22 'speclooptripcount' 'speclooptripcount_ln156' <Predicate = true> <Delay = 0.00>
ST_2 : Operation 23 [1/1] (0.00ns)   --->   "%specloopname_ln156 = specloopname void @_ssdm_op_SpecLoopName, void @empty_3" [calorimeter.cpp:156->calorimeter.cpp:14->calorimeter.cpp:201]   --->   Operation 23 'specloopname' 'specloopname_ln156' <Predicate = true> <Delay = 0.00>
ST_2 : Operation 24 [1/2] (0.63ns)   --->   "%top_clusters_valid_load = load i3 %top_clusters_valid_addr" [calorimeter.cpp:165->calorimeter.cpp:14->calorimeter.cpp:201]   --->   Operation 24 'load' 'top_clusters_valid_load' <Predicate = true> <Delay = 0.63> <CoreInst = "RAM">   --->   Core 82 'RAM' <Latency = 1> <II = 1> <Delay = 0.63> <Storage> <Opcode : 'load' 'store'> <Ports = 2> <Width = 1> <Depth = 8> <RAM>
ST_2 : Operation 25 [1/1] (0.00ns)   --->   "%br_ln165 = br i1 %top_clusters_valid_load, void %for.inc.i.i, void %if.end.i.i" [calorimeter.cpp:165->calorimeter.cpp:14->calorimeter.cpp:201]   --->   Operation 25 'br' 'br_ln165' <Predicate = true> <Delay = 0.00>
ST_2 : Operation 26 [1/1] (0.00ns)   --->   "%top_clusters_et_addr = getelementptr i16 %top_clusters_et, i64 0, i64 %zext_ln156" [calorimeter.cpp:169->calorimeter.cpp:14->calorimeter.cpp:201]   --->   Operation 26 'getelementptr' 'top_clusters_et_addr' <Predicate = (top_clusters_valid_load)> <Delay = 0.00>
ST_2 : Operation 27 [2/2] (0.68ns)   --->   "%top_clusters_et_load = load i3 %top_clusters_et_addr" [calorimeter.cpp:169->calorimeter.cpp:14->calorimeter.cpp:201]   --->   Operation 27 'load' 'top_clusters_et_load' <Predicate = (top_clusters_valid_load)> <Delay = 0.68> <CoreInst = "RAM">   --->   Core 82 'RAM' <Latency = 1> <II = 1> <Delay = 0.68> <Storage> <Opcode : 'load' 'store'> <Ports = 2> <Width = 16> <Depth = 8> <RAM>
ST_2 : Operation 28 [1/1] (0.00ns)   --->   "%top_clusters_isolation_et_addr = getelementptr i18 %top_clusters_isolation_et, i64 0, i64 %zext_ln156" [calorimeter.cpp:170->calorimeter.cpp:14->calorimeter.cpp:201]   --->   Operation 28 'getelementptr' 'top_clusters_isolation_et_addr' <Predicate = (top_clusters_valid_load)> <Delay = 0.00>
ST_2 : Operation 29 [2/2] (0.69ns)   --->   "%top_clusters_isolation_et_load = load i3 %top_clusters_isolation_et_addr" [calorimeter.cpp:170->calorimeter.cpp:14->calorimeter.cpp:201]   --->   Operation 29 'load' 'top_clusters_isolation_et_load' <Predicate = (top_clusters_valid_load)> <Delay = 0.69> <CoreInst = "RAM">   --->   Core 82 'RAM' <Latency = 1> <II = 1> <Delay = 0.69> <Storage> <Opcode : 'load' 'store'> <Ports = 2> <Width = 18> <Depth = 8> <RAM>
ST_2 : Operation 30 [1/1] (0.00ns)   --->   "%top_clusters_eta_addr = getelementptr i5 %top_clusters_eta, i64 0, i64 %zext_ln156" [calorimeter.cpp:171->calorimeter.cpp:14->calorimeter.cpp:201]   --->   Operation 30 'getelementptr' 'top_clusters_eta_addr' <Predicate = (top_clusters_valid_load)> <Delay = 0.00>
ST_2 : Operation 31 [2/2] (0.66ns)   --->   "%top_clusters_eta_load = load i3 %top_clusters_eta_addr" [calorimeter.cpp:171->calorimeter.cpp:14->calorimeter.cpp:201]   --->   Operation 31 'load' 'top_clusters_eta_load' <Predicate = (top_clusters_valid_load)> <Delay = 0.66> <CoreInst = "RAM">   --->   Core 82 'RAM' <Latency = 1> <II = 1> <Delay = 0.66> <Storage> <Opcode : 'load' 'store'> <Ports = 2> <Width = 5> <Depth = 8> <RAM>
ST_2 : Operation 32 [1/1] (0.00ns)   --->   "%top_clusters_phi_addr = getelementptr i6 %top_clusters_phi, i64 0, i64 %zext_ln156" [calorimeter.cpp:172->calorimeter.cpp:14->calorimeter.cpp:201]   --->   Operation 32 'getelementptr' 'top_clusters_phi_addr' <Predicate = (top_clusters_valid_load)> <Delay = 0.00>
ST_2 : Operation 33 [2/2] (0.66ns)   --->   "%top_clusters_phi_load = load i3 %top_clusters_phi_addr" [calorimeter.cpp:172->calorimeter.cpp:14->calorimeter.cpp:201]   --->   Operation 33 'load' 'top_clusters_phi_load' <Predicate = (top_clusters_valid_load)> <Delay = 0.66> <CoreInst = "RAM">   --->   Core 82 'RAM' <Latency = 1> <II = 1> <Delay = 0.66> <Storage> <Opcode : 'load' 'store'> <Ports = 2> <Width = 6> <Depth = 8> <RAM>
ST_2 : Operation 34 [1/1] (0.00ns)   --->   "%top_clusters_window_size_addr = getelementptr i2 %top_clusters_window_size, i64 0, i64 %zext_ln156" [calorimeter.cpp:173->calorimeter.cpp:14->calorimeter.cpp:201]   --->   Operation 34 'getelementptr' 'top_clusters_window_size_addr' <Predicate = (top_clusters_valid_load)> <Delay = 0.00>
ST_2 : Operation 35 [2/2] (0.63ns)   --->   "%top_clusters_window_size_load = load i3 %top_clusters_window_size_addr" [calorimeter.cpp:173->calorimeter.cpp:14->calorimeter.cpp:201]   --->   Operation 35 'load' 'top_clusters_window_size_load' <Predicate = (top_clusters_valid_load)> <Delay = 0.63> <CoreInst = "RAM">   --->   Core 82 'RAM' <Latency = 1> <II = 1> <Delay = 0.63> <Storage> <Opcode : 'load' 'store'> <Ports = 2> <Width = 2> <Depth = 8> <RAM>
ST_2 : Operation 52 [1/1] (0.38ns)   --->   "%ret_ln0 = ret"   --->   Operation 52 'ret' 'ret_ln0' <Predicate = (icmp_ln156)> <Delay = 0.38>

State 3 <SV = 2> <Delay = 2.08>
ST_3 : Operation 36 [1/2] (0.68ns)   --->   "%top_clusters_et_load = load i3 %top_clusters_et_addr" [calorimeter.cpp:169->calorimeter.cpp:14->calorimeter.cpp:201]   --->   Operation 36 'load' 'top_clusters_et_load' <Predicate = (top_clusters_valid_load)> <Delay = 0.68> <CoreInst = "RAM">   --->   Core 82 'RAM' <Latency = 1> <II = 1> <Delay = 0.68> <Storage> <Opcode : 'load' 'store'> <Ports = 2> <Width = 16> <Depth = 8> <RAM>
ST_3 : Operation 37 [1/1] (0.00ns)   --->   "%zext_ln170 = zext i16 %top_clusters_et_load" [calorimeter.cpp:170->calorimeter.cpp:14->calorimeter.cpp:201]   --->   Operation 37 'zext' 'zext_ln170' <Predicate = (top_clusters_valid_load)> <Delay = 0.00>
ST_3 : Operation 38 [1/2] (0.69ns)   --->   "%top_clusters_isolation_et_load = load i3 %top_clusters_isolation_et_addr" [calorimeter.cpp:170->calorimeter.cpp:14->calorimeter.cpp:201]   --->   Operation 38 'load' 'top_clusters_isolation_et_load' <Predicate = (top_clusters_valid_load)> <Delay = 0.69> <CoreInst = "RAM">   --->   Core 82 'RAM' <Latency = 1> <II = 1> <Delay = 0.69> <Storage> <Opcode : 'load' 'store'> <Ports = 2> <Width = 18> <Depth = 8> <RAM>
ST_3 : Operation 39 [1/1] (0.00ns)   --->   "%sext_ln171 = sext i18 %top_clusters_isolation_et_load" [calorimeter.cpp:171->calorimeter.cpp:14->calorimeter.cpp:201]   --->   Operation 39 'sext' 'sext_ln171' <Predicate = (top_clusters_valid_load)> <Delay = 0.00>
ST_3 : Operation 40 [1/2] (0.66ns)   --->   "%top_clusters_eta_load = load i3 %top_clusters_eta_addr" [calorimeter.cpp:171->calorimeter.cpp:14->calorimeter.cpp:201]   --->   Operation 40 'load' 'top_clusters_eta_load' <Predicate = (top_clusters_valid_load)> <Delay = 0.66> <CoreInst = "RAM">   --->   Core 82 'RAM' <Latency = 1> <II = 1> <Delay = 0.66> <Storage> <Opcode : 'load' 'store'> <Ports = 2> <Width = 5> <Depth = 8> <RAM>
ST_3 : Operation 41 [1/1] (0.00ns)   --->   "%zext_ln172 = zext i5 %top_clusters_eta_load" [calorimeter.cpp:172->calorimeter.cpp:14->calorimeter.cpp:201]   --->   Operation 41 'zext' 'zext_ln172' <Predicate = (top_clusters_valid_load)> <Delay = 0.00>
ST_3 : Operation 42 [1/2] (0.66ns)   --->   "%top_clusters_phi_load = load i3 %top_clusters_phi_addr" [calorimeter.cpp:172->calorimeter.cpp:14->calorimeter.cpp:201]   --->   Operation 42 'load' 'top_clusters_phi_load' <Predicate = (top_clusters_valid_load)> <Delay = 0.66> <CoreInst = "RAM">   --->   Core 82 'RAM' <Latency = 1> <II = 1> <Delay = 0.66> <Storage> <Opcode : 'load' 'store'> <Ports = 2> <Width = 6> <Depth = 8> <RAM>
ST_3 : Operation 43 [1/2] (0.63ns)   --->   "%top_clusters_window_size_load = load i3 %top_clusters_window_size_addr" [calorimeter.cpp:173->calorimeter.cpp:14->calorimeter.cpp:201]   --->   Operation 43 'load' 'top_clusters_window_size_load' <Predicate = (top_clusters_valid_load)> <Delay = 0.63> <CoreInst = "RAM">   --->   Core 82 'RAM' <Latency = 1> <II = 1> <Delay = 0.63> <Storage> <Opcode : 'load' 'store'> <Ports = 2> <Width = 2> <Depth = 8> <RAM>
ST_3 : Operation 44 [1/1] (0.00ns)   --->   "%zext_ln177 = zext i2 %top_clusters_window_size_load" [calorimeter.cpp:177->calorimeter.cpp:14->calorimeter.cpp:201]   --->   Operation 44 'zext' 'zext_ln177' <Predicate = (top_clusters_valid_load)> <Delay = 0.00>
ST_3 : Operation 45 [1/1] (0.43ns)   --->   "%icmp_ln177 = icmp_eq  i2 %top_clusters_window_size_load, i2 3" [calorimeter.cpp:177->calorimeter.cpp:14->calorimeter.cpp:201]   --->   Operation 45 'icmp' 'icmp_ln177' <Predicate = (top_clusters_valid_load)> <Delay = 0.43> <CoreInst = "Cmp">   --->   Core 9 'Cmp' <Latency = 0> <II = 1> <Delay = 0.43> <FuncUnit> <Opcode : 'seteq' 'setne' 'setle' 'setge' 'setlt' 'setgt'> <InPorts = 2> <OutPorts = 1>
ST_3 : Operation 46 [1/1] (0.27ns)   --->   "%select_ln177 = select i1 %icmp_ln177, i2 1, i2 2" [calorimeter.cpp:177->calorimeter.cpp:14->calorimeter.cpp:201]   --->   Operation 46 'select' 'select_ln177' <Predicate = (top_clusters_valid_load)> <Delay = 0.27> <CoreInst = "Sel">   --->   Core 73 'Sel' <Latency = 0> <II = 1> <Delay = 0.27> <FuncUnit> <Opcode : 'select'> <InPorts = 3> <OutPorts = 1>
ST_3 : Operation 47 [1/1] (0.00ns)   --->   "%or_ln = bitconcatenate i58 @_ssdm_op_BitConcatenate.i58.i2.i4.i6.i6.i20.i20, i2 %select_ln177, i4 %zext_ln177, i6 %top_clusters_phi_load, i6 %zext_ln172, i20 %sext_ln171, i20 %zext_ln170" [calorimeter.cpp:177->calorimeter.cpp:14->calorimeter.cpp:201]   --->   Operation 47 'bitconcatenate' 'or_ln' <Predicate = (top_clusters_valid_load)> <Delay = 0.00>
ST_3 : Operation 48 [1/1] (0.00ns)   --->   "%zext_ln183 = zext i58 %or_ln" [calorimeter.cpp:183->calorimeter.cpp:14->calorimeter.cpp:201]   --->   Operation 48 'zext' 'zext_ln183' <Predicate = (top_clusters_valid_load)> <Delay = 0.00>
ST_3 : Operation 49 [1/1] (0.00ns)   --->   "%or_ln1 = bitconcatenate i89 @_ssdm_op_BitConcatenate.i89.i1.i88, i1 1, i88 %zext_ln183" [calorimeter.cpp:183->calorimeter.cpp:14->calorimeter.cpp:201]   --->   Operation 49 'bitconcatenate' 'or_ln1' <Predicate = (top_clusters_valid_load)> <Delay = 0.00>
ST_3 : Operation 50 [1/1] (0.73ns)   --->   "%store_ln183 = store i89 %or_ln1, i3 %objects_addr" [calorimeter.cpp:183->calorimeter.cpp:14->calorimeter.cpp:201]   --->   Operation 50 'store' 'store_ln183' <Predicate = (top_clusters_valid_load)> <Delay = 0.73> <CoreInst = "RAM">   --->   Core 82 'RAM' <Latency = 1> <II = 1> <Delay = 0.73> <Storage> <Opcode : 'load' 'store'> <Ports = 2> <Width = 89> <Depth = 8> <RAM>
ST_3 : Operation 51 [1/1] (0.00ns)   --->   "%br_ln184 = br void %for.inc.i.i" [calorimeter.cpp:184->calorimeter.cpp:14->calorimeter.cpp:201]   --->   Operation 51 'br' 'br_ln184' <Predicate = (top_clusters_valid_load)> <Delay = 0.00>


============================================================
+ Verbose Summary: Binding
============================================================
STG Binding: 
---------------- STG Properties BEGIN ----------------
- Is combinational: 0
- Is one-state seq: 0
- Is datapath-only: 0
- Is pipelined: 0
- Is top level: 0
Port [ Return ] is wired: 1; IO mode=ap_ctrl_hs:ce=0
Port [ objects]:  wired=1; compound=1; hidden=0; nouse=0; global=0; static=0; extern=0; dir=1; type=1; pingpong=0; private_global=0; MemPort=[00]; IO mode=ap_memory:ce=0
Port [ top_clusters_valid]:  wired=1; compound=1; hidden=0; nouse=0; global=0; static=0; extern=0; dir=0; type=1; pingpong=0; private_global=0; MemPort=[13]; IO mode=ap_memory:ce=0
Port [ top_clusters_et]:  wired=1; compound=1; hidden=0; nouse=0; global=0; static=0; extern=0; dir=0; type=1; pingpong=0; private_global=0; MemPort=[13]; IO mode=ap_memory:ce=0
Port [ top_clusters_isolation_et]:  wired=1; compound=1; hidden=0; nouse=0; global=0; static=0; extern=0; dir=0; type=1; pingpong=0; private_global=0; MemPort=[13]; IO mode=ap_memory:ce=0
Port [ top_clusters_eta]:  wired=1; compound=1; hidden=0; nouse=0; global=0; static=0; extern=0; dir=0; type=1; pingpong=0; private_global=0; MemPort=[13]; IO mode=ap_memory:ce=0
Port [ top_clusters_phi]:  wired=1; compound=1; hidden=0; nouse=0; global=0; static=0; extern=0; dir=0; type=1; pingpong=0; private_global=0; MemPort=[13]; IO mode=ap_memory:ce=0
Port [ top_clusters_window_size]:  wired=1; compound=1; hidden=0; nouse=0; global=0; static=0; extern=0; dir=0; type=1; pingpong=0; private_global=0; MemPort=[13]; IO mode=ap_memory:ce=0
---------------- STG Properties END ------------------

---------------- Datapath Model BEGIN ----------------

<LifeTime>
<method=bitvector/>
i                              (alloca           ) [ 0100]
specinterface_ln0              (specinterface    ) [ 0000]
store_ln156                    (store            ) [ 0000]
br_ln0                         (br               ) [ 0000]
i_2                            (load             ) [ 0000]
icmp_ln156                     (icmp             ) [ 0110]
add_ln156                      (add              ) [ 0000]
br_ln156                       (br               ) [ 0000]
zext_ln156                     (zext             ) [ 0110]
objects_addr                   (getelementptr    ) [ 0111]
store_ln163                    (store            ) [ 0000]
top_clusters_valid_addr        (getelementptr    ) [ 0110]
store_ln156                    (store            ) [ 0000]
br_ln156                       (br               ) [ 0000]
specpipeline_ln156             (specpipeline     ) [ 0000]
speclooptripcount_ln156        (speclooptripcount) [ 0000]
specloopname_ln156             (specloopname     ) [ 0000]
top_clusters_valid_load        (load             ) [ 0111]
br_ln165                       (br               ) [ 0000]
top_clusters_et_addr           (getelementptr    ) [ 0101]
top_clusters_isolation_et_addr (getelementptr    ) [ 0101]
top_clusters_eta_addr          (getelementptr    ) [ 0101]
top_clusters_phi_addr          (getelementptr    ) [ 0101]
top_clusters_window_size_addr  (getelementptr    ) [ 0101]
top_clusters_et_load           (load             ) [ 0000]
zext_ln170                     (zext             ) [ 0000]
top_clusters_isolation_et_load (load             ) [ 0000]
sext_ln171                     (sext             ) [ 0000]
top_clusters_eta_load          (load             ) [ 0000]
zext_ln172                     (zext             ) [ 0000]
top_clusters_phi_load          (load             ) [ 0000]
top_clusters_window_size_load  (load             ) [ 0000]
zext_ln177                     (zext             ) [ 0000]
icmp_ln177                     (icmp             ) [ 0000]
select_ln177                   (select           ) [ 0000]
or_ln                          (bitconcatenate   ) [ 0000]
zext_ln183                     (zext             ) [ 0000]
or_ln1                         (bitconcatenate   ) [ 0000]
store_ln183                    (store            ) [ 0000]
br_ln184                       (br               ) [ 0000]
ret_ln0                        (ret              ) [ 0000]
</LifeTime>

<model>

<comp_list>
<comp id="0" class="1000" name="objects">
<pin_list>
<pin id="1" dir="1" index="0" bw="1" slack="0"/>
</pin_list>
<bind>
<StgValue><ssdm name="objects"/><MemPortTyVec>0 0 </MemPortTyVec>
</StgValue>
</bind>
</comp>

<comp id="2" class="1000" name="top_clusters_valid">
<pin_list>
<pin id="3" dir="1" index="0" bw="1" slack="0"/>
</pin_list>
<bind>
<StgValue><ssdm name="top_clusters_valid"/><MemPortTyVec>1 3 </MemPortTyVec>
</StgValue>
</bind>
</comp>

<comp id="4" class="1000" name="top_clusters_et">
<pin_list>
<pin id="5" dir="1" index="0" bw="1" slack="0"/>
</pin_list>
<bind>
<StgValue><ssdm name="top_clusters_et"/><MemPortTyVec>1 3 </MemPortTyVec>
</StgValue>
</bind>
</comp>

<comp id="6" class="1000" name="top_clusters_isolation_et">
<pin_list>
<pin id="7" dir="1" index="0" bw="1" slack="0"/>
</pin_list>
<bind>
<StgValue><ssdm name="top_clusters_isolation_et"/><MemPortTyVec>1 3 </MemPortTyVec>
</StgValue>
</bind>
</comp>

<comp id="8" class="1000" name="top_clusters_eta">
<pin_list>
<pin id="9" dir="1" index="0" bw="1" slack="0"/>
</pin_list>
<bind>
<StgValue><ssdm name="top_clusters_eta"/><MemPortTyVec>1 3 </MemPortTyVec>
</StgValue>
</bind>
</comp>

<comp id="10" class="1000" name="top_clusters_phi">
<pin_list>
<pin id="11" dir="1" index="0" bw="1" slack="0"/>
</pin_list>
<bind>
<StgValue><ssdm name="top_clusters_phi"/><MemPortTyVec>1 3 </MemPortTyVec>
</StgValue>
</bind>
</comp>

<comp id="12" class="1000" name="top_clusters_window_size">
<pin_list>
<pin id="13" dir="1" index="0" bw="1" slack="0"/>
</pin_list>
<bind>
<StgValue><ssdm name="top_clusters_window_size"/><MemPortTyVec>1 3 </MemPortTyVec>
</StgValue>
</bind>
</comp>

<comp id="14" class="1001" name="const_14">
<pin_list>
<pin id="15" dir="1" index="0" bw="1" slack="0"/>
</pin_list>
<bind>
<StgValue><ssdm name=""/></StgValue>
</bind>
</comp>

<comp id="16" class="1001" name="const_16">
<pin_list>
<pin id="17" dir="1" index="0" bw="1" slack="2147483647"/>
</pin_list>
<bind>
<StgValue><ssdm name="_ssdm_op_SpecInterface"/></StgValue>
</bind>
</comp>

<comp id="18" class="1001" name="const_18">
<pin_list>
<pin id="19" dir="1" index="0" bw="1" slack="2147483647"/>
</pin_list>
<bind>
<StgValue><ssdm name="empty"/></StgValue>
</bind>
</comp>

<comp id="20" class="1001" name="const_20">
<pin_list>
<pin id="21" dir="1" index="0" bw="1" slack="2147483647"/>
</pin_list>
<bind>
<StgValue><ssdm name=""/></StgValue>
</bind>
</comp>

<comp id="22" class="1001" name="const_22">
<pin_list>
<pin id="23" dir="1" index="0" bw="1" slack="2147483647"/>
</pin_list>
<bind>
<StgValue><ssdm name="empty_0"/></StgValue>
</bind>
</comp>

<comp id="24" class="1001" name="const_24">
<pin_list>
<pin id="25" dir="1" index="0" bw="1" slack="2147483647"/>
</pin_list>
<bind>
<StgValue><ssdm name=""/></StgValue>
</bind>
</comp>

<comp id="26" class="1001" name="const_26">
<pin_list>
<pin id="27" dir="1" index="0" bw="1" slack="0"/>
</pin_list>
<bind>
<StgValue><ssdm name=""/></StgValue>
</bind>
</comp>

<comp id="28" class="1001" name="const_28">
<pin_list>
<pin id="29" dir="1" index="0" bw="1" slack="0"/>
</pin_list>
<bind>
<StgValue><ssdm name=""/></StgValue>
</bind>
</comp>

<comp id="30" class="1001" name="const_30">
<pin_list>
<pin id="31" dir="1" index="0" bw="1" slack="0"/>
</pin_list>
<bind>
<StgValue><ssdm name=""/></StgValue>
</bind>
</comp>

<comp id="32" class="1001" name="const_32">
<pin_list>
<pin id="33" dir="1" index="0" bw="1" slack="0"/>
</pin_list>
<bind>
<StgValue><ssdm name=""/></StgValue>
</bind>
</comp>

<comp id="34" class="1001" name="const_34">
<pin_list>
<pin id="35" dir="1" index="0" bw="1" slack="0"/>
</pin_list>
<bind>
<StgValue><ssdm name=""/></StgValue>
</bind>
</comp>

<comp id="36" class="1001" name="const_36">
<pin_list>
<pin id="37" dir="1" index="0" bw="1" slack="2147483647"/>
</pin_list>
<bind>
<StgValue><ssdm name="_ssdm_op_SpecPipeline"/></StgValue>
</bind>
</comp>

<comp id="38" class="1001" name="const_38">
<pin_list>
<pin id="39" dir="1" index="0" bw="1" slack="2147483647"/>
</pin_list>
<bind>
<StgValue><ssdm name="_ssdm_op_SpecLoopTripCount"/></StgValue>
</bind>
</comp>

<comp id="40" class="1001" name="const_40">
<pin_list>
<pin id="41" dir="1" index="0" bw="1" slack="2147483647"/>
</pin_list>
<bind>
<StgValue><ssdm name=""/></StgValue>
</bind>
</comp>

<comp id="42" class="1001" name="const_42">
<pin_list>
<pin id="43" dir="1" index="0" bw="1" slack="2147483647"/>
</pin_list>
<bind>
<StgValue><ssdm name="_ssdm_op_SpecLoopName"/></StgValue>
</bind>
</comp>

<comp id="44" class="1001" name="const_44">
<pin_list>
<pin id="45" dir="1" index="0" bw="1" slack="2147483647"/>
</pin_list>
<bind>
<StgValue><ssdm name="empty_3"/></StgValue>
</bind>
</comp>

<comp id="46" class="1001" name="const_46">
<pin_list>
<pin id="47" dir="1" index="0" bw="1" slack="0"/>
</pin_list>
<bind>
<StgValue><ssdm name=""/></StgValue>
</bind>
</comp>

<comp id="48" class="1001" name="const_48">
<pin_list>
<pin id="49" dir="1" index="0" bw="1" slack="0"/>
</pin_list>
<bind>
<StgValue><ssdm name=""/></StgValue>
</bind>
</comp>

<comp id="50" class="1001" name="const_50">
<pin_list>
<pin id="51" dir="1" index="0" bw="1" slack="0"/>
</pin_list>
<bind>
<StgValue><ssdm name=""/></StgValue>
</bind>
</comp>

<comp id="52" class="1001" name="const_52">
<pin_list>
<pin id="53" dir="1" index="0" bw="1" slack="0"/>
</pin_list>
<bind>
<StgValue><ssdm name="_ssdm_op_BitConcatenate.i58.i2.i4.i6.i6.i20.i20"/></StgValue>
</bind>
</comp>

<comp id="54" class="1001" name="const_54">
<pin_list>
<pin id="55" dir="1" index="0" bw="1" slack="0"/>
</pin_list>
<bind>
<StgValue><ssdm name="_ssdm_op_BitConcatenate.i89.i1.i88"/></StgValue>
</bind>
</comp>

<comp id="56" class="1001" name="const_56">
<pin_list>
<pin id="57" dir="1" index="0" bw="1" slack="0"/>
</pin_list>
<bind>
<StgValue><ssdm name=""/></StgValue>
</bind>
</comp>

<comp id="58" class="1004" name="i_fu_58">
<pin_list>
<pin id="59" dir="0" index="0" bw="1" slack="0"/>
<pin id="60" dir="1" index="1" bw="4" slack="0"/>
</pin_list>
<bind>
<opcode="alloca(26) " fcode="alloca"/>
<opset="i/1 "/>
</bind>
</comp>

<comp id="62" class="1004" name="objects_addr_gep_fu_62">
<pin_list>
<pin id="63" dir="0" index="0" bw="89" slack="0"/>
<pin id="64" dir="0" index="1" bw="1" slack="0"/>
<pin id="65" dir="0" index="2" bw="4" slack="0"/>
<pin id="66" dir="1" index="3" bw="3" slack="0"/>
</pin_list>
<bind>
<opcode="getelementptr(29) " fcode="getelementptr"/>
<opset="objects_addr/1 "/>
</bind>
</comp>

<comp id="69" class="1004" name="grp_access_fu_69">
<pin_list>
<pin id="70" dir="0" index="0" bw="3" slack="2"/>
<pin id="71" dir="0" index="1" bw="89" slack="0"/>
<pin id="72" dir="0" index="2" bw="0" slack="0"/>
<pin id="74" dir="0" index="4" bw="3" slack="0"/>
<pin id="75" dir="0" index="5" bw="89" slack="2147483647"/>
<pin id="76" dir="0" index="6" bw="0" slack="2147483647"/>
<pin id="73" dir="1" index="3" bw="89" slack="2147483647"/>
<pin id="77" dir="1" index="7" bw="89" slack="2147483647"/>
</pin_list>
<bind>
<opcode="store(28) " fcode="store"/>
<opset="store_ln163/1 store_ln183/3 "/>
</bind>
</comp>

<comp id="80" class="1004" name="top_clusters_valid_addr_gep_fu_80">
<pin_list>
<pin id="81" dir="0" index="0" bw="1" slack="0"/>
<pin id="82" dir="0" index="1" bw="1" slack="0"/>
<pin id="83" dir="0" index="2" bw="4" slack="0"/>
<pin id="84" dir="1" index="3" bw="3" slack="0"/>
</pin_list>
<bind>
<opcode="getelementptr(29) " fcode="getelementptr"/>
<opset="top_clusters_valid_addr/1 "/>
</bind>
</comp>

<comp id="87" class="1004" name="grp_access_fu_87">
<pin_list>
<pin id="88" dir="0" index="0" bw="3" slack="0"/>
<pin id="89" dir="0" index="1" bw="1" slack="2147483647"/>
<pin id="90" dir="0" index="2" bw="0" slack="2147483647"/>
<pin id="91" dir="1" index="3" bw="1" slack="1"/>
</pin_list>
<bind>
<opcode="load(27) " fcode="load"/>
<opset="top_clusters_valid_load/1 "/>
</bind>
</comp>

<comp id="93" class="1004" name="top_clusters_et_addr_gep_fu_93">
<pin_list>
<pin id="94" dir="0" index="0" bw="16" slack="0"/>
<pin id="95" dir="0" index="1" bw="1" slack="0"/>
<pin id="96" dir="0" index="2" bw="4" slack="1"/>
<pin id="97" dir="1" index="3" bw="3" slack="0"/>
</pin_list>
<bind>
<opcode="getelementptr(29) " fcode="getelementptr"/>
<opset="top_clusters_et_addr/2 "/>
</bind>
</comp>

<comp id="100" class="1004" name="grp_access_fu_100">
<pin_list>
<pin id="101" dir="0" index="0" bw="3" slack="0"/>
<pin id="102" dir="0" index="1" bw="16" slack="2147483647"/>
<pin id="103" dir="0" index="2" bw="0" slack="2147483647"/>
<pin id="104" dir="1" index="3" bw="16" slack="0"/>
</pin_list>
<bind>
<opcode="load(27) " fcode="load"/>
<opset="top_clusters_et_load/2 "/>
</bind>
</comp>

<comp id="106" class="1004" name="top_clusters_isolation_et_addr_gep_fu_106">
<pin_list>
<pin id="107" dir="0" index="0" bw="18" slack="0"/>
<pin id="108" dir="0" index="1" bw="1" slack="0"/>
<pin id="109" dir="0" index="2" bw="4" slack="1"/>
<pin id="110" dir="1" index="3" bw="3" slack="0"/>
</pin_list>
<bind>
<opcode="getelementptr(29) " fcode="getelementptr"/>
<opset="top_clusters_isolation_et_addr/2 "/>
</bind>
</comp>

<comp id="113" class="1004" name="grp_access_fu_113">
<pin_list>
<pin id="114" dir="0" index="0" bw="3" slack="0"/>
<pin id="115" dir="0" index="1" bw="18" slack="2147483647"/>
<pin id="116" dir="0" index="2" bw="0" slack="2147483647"/>
<pin id="117" dir="1" index="3" bw="18" slack="0"/>
</pin_list>
<bind>
<opcode="load(27) " fcode="load"/>
<opset="top_clusters_isolation_et_load/2 "/>
</bind>
</comp>

<comp id="119" class="1004" name="top_clusters_eta_addr_gep_fu_119">
<pin_list>
<pin id="120" dir="0" index="0" bw="5" slack="0"/>
<pin id="121" dir="0" index="1" bw="1" slack="0"/>
<pin id="122" dir="0" index="2" bw="4" slack="1"/>
<pin id="123" dir="1" index="3" bw="3" slack="0"/>
</pin_list>
<bind>
<opcode="getelementptr(29) " fcode="getelementptr"/>
<opset="top_clusters_eta_addr/2 "/>
</bind>
</comp>

<comp id="126" class="1004" name="grp_access_fu_126">
<pin_list>
<pin id="127" dir="0" index="0" bw="3" slack="0"/>
<pin id="128" dir="0" index="1" bw="5" slack="2147483647"/>
<pin id="129" dir="0" index="2" bw="0" slack="2147483647"/>
<pin id="130" dir="1" index="3" bw="5" slack="0"/>
</pin_list>
<bind>
<opcode="load(27) " fcode="load"/>
<opset="top_clusters_eta_load/2 "/>
</bind>
</comp>

<comp id="132" class="1004" name="top_clusters_phi_addr_gep_fu_132">
<pin_list>
<pin id="133" dir="0" index="0" bw="6" slack="0"/>
<pin id="134" dir="0" index="1" bw="1" slack="0"/>
<pin id="135" dir="0" index="2" bw="4" slack="1"/>
<pin id="136" dir="1" index="3" bw="3" slack="0"/>
</pin_list>
<bind>
<opcode="getelementptr(29) " fcode="getelementptr"/>
<opset="top_clusters_phi_addr/2 "/>
</bind>
</comp>

<comp id="139" class="1004" name="grp_access_fu_139">
<pin_list>
<pin id="140" dir="0" index="0" bw="3" slack="0"/>
<pin id="141" dir="0" index="1" bw="6" slack="2147483647"/>
<pin id="142" dir="0" index="2" bw="0" slack="2147483647"/>
<pin id="143" dir="1" index="3" bw="6" slack="0"/>
</pin_list>
<bind>
<opcode="load(27) " fcode="load"/>
<opset="top_clusters_phi_load/2 "/>
</bind>
</comp>

<comp id="145" class="1004" name="top_clusters_window_size_addr_gep_fu_145">
<pin_list>
<pin id="146" dir="0" index="0" bw="2" slack="0"/>
<pin id="147" dir="0" index="1" bw="1" slack="0"/>
<pin id="148" dir="0" index="2" bw="4" slack="1"/>
<pin id="149" dir="1" index="3" bw="3" slack="0"/>
</pin_list>
<bind>
<opcode="getelementptr(29) " fcode="getelementptr"/>
<opset="top_clusters_window_size_addr/2 "/>
</bind>
</comp>

<comp id="152" class="1004" name="grp_access_fu_152">
<pin_list>
<pin id="153" dir="0" index="0" bw="3" slack="0"/>
<pin id="154" dir="0" index="1" bw="2" slack="2147483647"/>
<pin id="155" dir="0" index="2" bw="0" slack="2147483647"/>
<pin id="156" dir="1" index="3" bw="2" slack="0"/>
</pin_list>
<bind>
<opcode="load(27) " fcode="load"/>
<opset="top_clusters_window_size_load/2 "/>
</bind>
</comp>

<comp id="158" class="1004" name="store_ln156_store_fu_158">
<pin_list>
<pin id="159" dir="0" index="0" bw="1" slack="0"/>
<pin id="160" dir="0" index="1" bw="4" slack="0"/>
<pin id="161" dir="1" index="2" bw="0" slack="2147483647"/>
</pin_list>
<bind>
<opcode="store(28) " fcode="store"/>
<opset="store_ln156/1 "/>
</bind>
</comp>

<comp id="163" class="1004" name="i_2_load_fu_163">
<pin_list>
<pin id="164" dir="0" index="0" bw="4" slack="0"/>
<pin id="165" dir="1" index="1" bw="4" slack="0"/>
</pin_list>
<bind>
<opcode="load(27) " fcode="load"/>
<opset="i_2/1 "/>
</bind>
</comp>

<comp id="166" class="1004" name="icmp_ln156_fu_166">
<pin_list>
<pin id="167" dir="0" index="0" bw="4" slack="0"/>
<pin id="168" dir="0" index="1" bw="4" slack="0"/>
<pin id="169" dir="1" index="2" bw="1" slack="1"/>
</pin_list>
<bind>
<opcode="icmp(45) " fcode="icmp"/>
<opset="icmp_ln156/1 "/>
</bind>
</comp>

<comp id="172" class="1004" name="add_ln156_fu_172">
<pin_list>
<pin id="173" dir="0" index="0" bw="4" slack="0"/>
<pin id="174" dir="0" index="1" bw="1" slack="0"/>
<pin id="175" dir="1" index="2" bw="4" slack="0"/>
</pin_list>
<bind>
<opcode="add(8) " fcode="add"/>
<opset="add_ln156/1 "/>
</bind>
</comp>

<comp id="178" class="1004" name="zext_ln156_fu_178">
<pin_list>
<pin id="179" dir="0" index="0" bw="4" slack="0"/>
<pin id="180" dir="1" index="1" bw="64" slack="0"/>
</pin_list>
<bind>
<opcode="zext(34) " fcode="zext"/>
<opset="zext_ln156/1 "/>
</bind>
</comp>

<comp id="184" class="1004" name="store_ln156_store_fu_184">
<pin_list>
<pin id="185" dir="0" index="0" bw="4" slack="0"/>
<pin id="186" dir="0" index="1" bw="4" slack="0"/>
<pin id="187" dir="1" index="2" bw="0" slack="2147483647"/>
</pin_list>
<bind>
<opcode="store(28) " fcode="store"/>
<opset="store_ln156/1 "/>
</bind>
</comp>

<comp id="189" class="1004" name="zext_ln170_fu_189">
<pin_list>
<pin id="190" dir="0" index="0" bw="16" slack="0"/>
<pin id="191" dir="1" index="1" bw="20" slack="0"/>
</pin_list>
<bind>
<opcode="zext(34) " fcode="zext"/>
<opset="zext_ln170/3 "/>
</bind>
</comp>

<comp id="193" class="1004" name="sext_ln171_fu_193">
<pin_list>
<pin id="194" dir="0" index="0" bw="18" slack="0"/>
<pin id="195" dir="1" index="1" bw="20" slack="0"/>
</pin_list>
<bind>
<opcode="sext(35) " fcode="sext"/>
<opset="sext_ln171/3 "/>
</bind>
</comp>

<comp id="197" class="1004" name="zext_ln172_fu_197">
<pin_list>
<pin id="198" dir="0" index="0" bw="5" slack="0"/>
<pin id="199" dir="1" index="1" bw="6" slack="0"/>
</pin_list>
<bind>
<opcode="zext(34) " fcode="zext"/>
<opset="zext_ln172/3 "/>
</bind>
</comp>

<comp id="201" class="1004" name="zext_ln177_fu_201">
<pin_list>
<pin id="202" dir="0" index="0" bw="2" slack="0"/>
<pin id="203" dir="1" index="1" bw="4" slack="0"/>
</pin_list>
<bind>
<opcode="zext(34) " fcode="zext"/>
<opset="zext_ln177/3 "/>
</bind>
</comp>

<comp id="205" class="1004" name="icmp_ln177_fu_205">
<pin_list>
<pin id="206" dir="0" index="0" bw="2" slack="0"/>
<pin id="207" dir="0" index="1" bw="2" slack="0"/>
<pin id="208" dir="1" index="2" bw="1" slack="0"/>
</pin_list>
<bind>
<opcode="icmp(45) " fcode="icmp"/>
<opset="icmp_ln177/3 "/>
</bind>
</comp>

<comp id="211" class="1004" name="select_ln177_fu_211">
<pin_list>
<pin id="212" dir="0" index="0" bw="1" slack="0"/>
<pin id="213" dir="0" index="1" bw="2" slack="0"/>
<pin id="214" dir="0" index="2" bw="2" slack="0"/>
<pin id="215" dir="1" index="3" bw="2" slack="0"/>
</pin_list>
<bind>
<opcode="select(49) " fcode="select"/>
<opset="select_ln177/3 "/>
</bind>
</comp>

<comp id="219" class="1004" name="or_ln_fu_219">
<pin_list>
<pin id="220" dir="0" index="0" bw="58" slack="0"/>
<pin id="221" dir="0" index="1" bw="2" slack="0"/>
<pin id="222" dir="0" index="2" bw="2" slack="0"/>
<pin id="223" dir="0" index="3" bw="6" slack="0"/>
<pin id="224" dir="0" index="4" bw="5" slack="0"/>
<pin id="225" dir="0" index="5" bw="18" slack="0"/>
<pin id="226" dir="0" index="6" bw="16" slack="0"/>
<pin id="227" dir="1" index="7" bw="58" slack="0"/>
</pin_list>
<bind>
<opcode="bitconcatenate(1004) " fcode="bitconcatenate"/>
<opset="or_ln/3 "/>
</bind>
</comp>

<comp id="235" class="1004" name="zext_ln183_fu_235">
<pin_list>
<pin id="236" dir="0" index="0" bw="58" slack="0"/>
<pin id="237" dir="1" index="1" bw="88" slack="0"/>
</pin_list>
<bind>
<opcode="zext(34) " fcode="zext"/>
<opset="zext_ln183/3 "/>
</bind>
</comp>

<comp id="239" class="1004" name="or_ln1_fu_239">
<pin_list>
<pin id="240" dir="0" index="0" bw="89" slack="0"/>
<pin id="241" dir="0" index="1" bw="1" slack="0"/>
<pin id="242" dir="0" index="2" bw="58" slack="0"/>
<pin id="243" dir="1" index="3" bw="89" slack="0"/>
</pin_list>
<bind>
<opcode="bitconcatenate(1004) " fcode="bitconcatenate"/>
<opset="or_ln1/3 "/>
</bind>
</comp>

<comp id="248" class="1005" name="i_reg_248">
<pin_list>
<pin id="249" dir="0" index="0" bw="4" slack="0"/>
<pin id="250" dir="1" index="1" bw="4" slack="0"/>
</pin_list>
<bind>
<opset="i "/>
</bind>
</comp>

<comp id="255" class="1005" name="icmp_ln156_reg_255">
<pin_list>
<pin id="256" dir="0" index="0" bw="1" slack="1"/>
<pin id="257" dir="1" index="1" bw="1" slack="2147483647"/>
</pin_list>
<bind>
<opset="icmp_ln156 "/>
</bind>
</comp>

<comp id="259" class="1005" name="zext_ln156_reg_259">
<pin_list>
<pin id="260" dir="0" index="0" bw="64" slack="1"/>
<pin id="261" dir="1" index="1" bw="64" slack="1"/>
</pin_list>
<bind>
<opset="zext_ln156 "/>
</bind>
</comp>

<comp id="268" class="1005" name="objects_addr_reg_268">
<pin_list>
<pin id="269" dir="0" index="0" bw="3" slack="2"/>
<pin id="270" dir="1" index="1" bw="3" slack="2"/>
</pin_list>
<bind>
<opset="objects_addr "/>
</bind>
</comp>

<comp id="273" class="1005" name="top_clusters_valid_addr_reg_273">
<pin_list>
<pin id="274" dir="0" index="0" bw="3" slack="1"/>
<pin id="275" dir="1" index="1" bw="3" slack="1"/>
</pin_list>
<bind>
<opset="top_clusters_valid_addr "/>
</bind>
</comp>

<comp id="278" class="1005" name="top_clusters_valid_load_reg_278">
<pin_list>
<pin id="279" dir="0" index="0" bw="1" slack="1"/>
<pin id="280" dir="1" index="1" bw="1" slack="2147483647"/>
</pin_list>
<bind>
<opset="top_clusters_valid_load "/>
</bind>
</comp>

<comp id="282" class="1005" name="top_clusters_et_addr_reg_282">
<pin_list>
<pin id="283" dir="0" index="0" bw="3" slack="1"/>
<pin id="284" dir="1" index="1" bw="3" slack="1"/>
</pin_list>
<bind>
<opset="top_clusters_et_addr "/>
</bind>
</comp>

<comp id="287" class="1005" name="top_clusters_isolation_et_addr_reg_287">
<pin_list>
<pin id="288" dir="0" index="0" bw="3" slack="1"/>
<pin id="289" dir="1" index="1" bw="3" slack="1"/>
</pin_list>
<bind>
<opset="top_clusters_isolation_et_addr "/>
</bind>
</comp>

<comp id="292" class="1005" name="top_clusters_eta_addr_reg_292">
<pin_list>
<pin id="293" dir="0" index="0" bw="3" slack="1"/>
<pin id="294" dir="1" index="1" bw="3" slack="1"/>
</pin_list>
<bind>
<opset="top_clusters_eta_addr "/>
</bind>
</comp>

<comp id="297" class="1005" name="top_clusters_phi_addr_reg_297">
<pin_list>
<pin id="298" dir="0" index="0" bw="3" slack="1"/>
<pin id="299" dir="1" index="1" bw="3" slack="1"/>
</pin_list>
<bind>
<opset="top_clusters_phi_addr "/>
</bind>
</comp>

<comp id="302" class="1005" name="top_clusters_window_size_addr_reg_302">
<pin_list>
<pin id="303" dir="0" index="0" bw="3" slack="1"/>
<pin id="304" dir="1" index="1" bw="3" slack="1"/>
</pin_list>
<bind>
<opset="top_clusters_window_size_addr "/>
</bind>
</comp>

</comp_list>

<net_list>
<net id="61"><net_src comp="14" pin="0"/><net_sink comp="58" pin=0"/></net>

<net id="67"><net_src comp="0" pin="0"/><net_sink comp="62" pin=0"/></net>

<net id="68"><net_src comp="32" pin="0"/><net_sink comp="62" pin=1"/></net>

<net id="78"><net_src comp="34" pin="0"/><net_sink comp="69" pin=4"/></net>

<net id="79"><net_src comp="62" pin="3"/><net_sink comp="69" pin=2"/></net>

<net id="85"><net_src comp="2" pin="0"/><net_sink comp="80" pin=0"/></net>

<net id="86"><net_src comp="32" pin="0"/><net_sink comp="80" pin=1"/></net>

<net id="92"><net_src comp="80" pin="3"/><net_sink comp="87" pin=0"/></net>

<net id="98"><net_src comp="4" pin="0"/><net_sink comp="93" pin=0"/></net>

<net id="99"><net_src comp="32" pin="0"/><net_sink comp="93" pin=1"/></net>

<net id="105"><net_src comp="93" pin="3"/><net_sink comp="100" pin=0"/></net>

<net id="111"><net_src comp="6" pin="0"/><net_sink comp="106" pin=0"/></net>

<net id="112"><net_src comp="32" pin="0"/><net_sink comp="106" pin=1"/></net>

<net id="118"><net_src comp="106" pin="3"/><net_sink comp="113" pin=0"/></net>

<net id="124"><net_src comp="8" pin="0"/><net_sink comp="119" pin=0"/></net>

<net id="125"><net_src comp="32" pin="0"/><net_sink comp="119" pin=1"/></net>

<net id="131"><net_src comp="119" pin="3"/><net_sink comp="126" pin=0"/></net>

<net id="137"><net_src comp="10" pin="0"/><net_sink comp="132" pin=0"/></net>

<net id="138"><net_src comp="32" pin="0"/><net_sink comp="132" pin=1"/></net>

<net id="144"><net_src comp="132" pin="3"/><net_sink comp="139" pin=0"/></net>

<net id="150"><net_src comp="12" pin="0"/><net_sink comp="145" pin=0"/></net>

<net id="151"><net_src comp="32" pin="0"/><net_sink comp="145" pin=1"/></net>

<net id="157"><net_src comp="145" pin="3"/><net_sink comp="152" pin=0"/></net>

<net id="162"><net_src comp="26" pin="0"/><net_sink comp="158" pin=0"/></net>

<net id="170"><net_src comp="163" pin="1"/><net_sink comp="166" pin=0"/></net>

<net id="171"><net_src comp="28" pin="0"/><net_sink comp="166" pin=1"/></net>

<net id="176"><net_src comp="163" pin="1"/><net_sink comp="172" pin=0"/></net>

<net id="177"><net_src comp="30" pin="0"/><net_sink comp="172" pin=1"/></net>

<net id="181"><net_src comp="163" pin="1"/><net_sink comp="178" pin=0"/></net>

<net id="182"><net_src comp="178" pin="1"/><net_sink comp="62" pin=2"/></net>

<net id="183"><net_src comp="178" pin="1"/><net_sink comp="80" pin=2"/></net>

<net id="188"><net_src comp="172" pin="2"/><net_sink comp="184" pin=0"/></net>

<net id="192"><net_src comp="100" pin="3"/><net_sink comp="189" pin=0"/></net>

<net id="196"><net_src comp="113" pin="3"/><net_sink comp="193" pin=0"/></net>

<net id="200"><net_src comp="126" pin="3"/><net_sink comp="197" pin=0"/></net>

<net id="204"><net_src comp="152" pin="3"/><net_sink comp="201" pin=0"/></net>

<net id="209"><net_src comp="152" pin="3"/><net_sink comp="205" pin=0"/></net>

<net id="210"><net_src comp="46" pin="0"/><net_sink comp="205" pin=1"/></net>

<net id="216"><net_src comp="205" pin="2"/><net_sink comp="211" pin=0"/></net>

<net id="217"><net_src comp="48" pin="0"/><net_sink comp="211" pin=1"/></net>

<net id="218"><net_src comp="50" pin="0"/><net_sink comp="211" pin=2"/></net>

<net id="228"><net_src comp="52" pin="0"/><net_sink comp="219" pin=0"/></net>

<net id="229"><net_src comp="211" pin="3"/><net_sink comp="219" pin=1"/></net>

<net id="230"><net_src comp="201" pin="1"/><net_sink comp="219" pin=2"/></net>

<net id="231"><net_src comp="139" pin="3"/><net_sink comp="219" pin=3"/></net>

<net id="232"><net_src comp="197" pin="1"/><net_sink comp="219" pin=4"/></net>

<net id="233"><net_src comp="193" pin="1"/><net_sink comp="219" pin=5"/></net>

<net id="234"><net_src comp="189" pin="1"/><net_sink comp="219" pin=6"/></net>

<net id="238"><net_src comp="219" pin="7"/><net_sink comp="235" pin=0"/></net>

<net id="244"><net_src comp="54" pin="0"/><net_sink comp="239" pin=0"/></net>

<net id="245"><net_src comp="56" pin="0"/><net_sink comp="239" pin=1"/></net>

<net id="246"><net_src comp="235" pin="1"/><net_sink comp="239" pin=2"/></net>

<net id="247"><net_src comp="239" pin="3"/><net_sink comp="69" pin=1"/></net>

<net id="251"><net_src comp="58" pin="1"/><net_sink comp="248" pin=0"/></net>

<net id="252"><net_src comp="248" pin="1"/><net_sink comp="158" pin=1"/></net>

<net id="253"><net_src comp="248" pin="1"/><net_sink comp="163" pin=0"/></net>

<net id="254"><net_src comp="248" pin="1"/><net_sink comp="184" pin=1"/></net>

<net id="258"><net_src comp="166" pin="2"/><net_sink comp="255" pin=0"/></net>

<net id="262"><net_src comp="178" pin="1"/><net_sink comp="259" pin=0"/></net>

<net id="263"><net_src comp="259" pin="1"/><net_sink comp="93" pin=2"/></net>

<net id="264"><net_src comp="259" pin="1"/><net_sink comp="106" pin=2"/></net>

<net id="265"><net_src comp="259" pin="1"/><net_sink comp="119" pin=2"/></net>

<net id="266"><net_src comp="259" pin="1"/><net_sink comp="132" pin=2"/></net>

<net id="267"><net_src comp="259" pin="1"/><net_sink comp="145" pin=2"/></net>

<net id="271"><net_src comp="62" pin="3"/><net_sink comp="268" pin=0"/></net>

<net id="272"><net_src comp="268" pin="1"/><net_sink comp="69" pin=0"/></net>

<net id="276"><net_src comp="80" pin="3"/><net_sink comp="273" pin=0"/></net>

<net id="277"><net_src comp="273" pin="1"/><net_sink comp="87" pin=0"/></net>

<net id="281"><net_src comp="87" pin="3"/><net_sink comp="278" pin=0"/></net>

<net id="285"><net_src comp="93" pin="3"/><net_sink comp="282" pin=0"/></net>

<net id="286"><net_src comp="282" pin="1"/><net_sink comp="100" pin=0"/></net>

<net id="290"><net_src comp="106" pin="3"/><net_sink comp="287" pin=0"/></net>

<net id="291"><net_src comp="287" pin="1"/><net_sink comp="113" pin=0"/></net>

<net id="295"><net_src comp="119" pin="3"/><net_sink comp="292" pin=0"/></net>

<net id="296"><net_src comp="292" pin="1"/><net_sink comp="126" pin=0"/></net>

<net id="300"><net_src comp="132" pin="3"/><net_sink comp="297" pin=0"/></net>

<net id="301"><net_src comp="297" pin="1"/><net_sink comp="139" pin=0"/></net>

<net id="305"><net_src comp="145" pin="3"/><net_sink comp="302" pin=0"/></net>

<net id="306"><net_src comp="302" pin="1"/><net_sink comp="152" pin=0"/></net>

</net_list>

</model> 
---------------- Datapath Model END ------------------

* FSMD analyzer results:
  - Output states:
	Port: objects | {1 3 }
 - Input state : 
	Port: calo_trigger_ref_Pipeline_VITIS_LOOP_156_1 : objects | {}
	Port: calo_trigger_ref_Pipeline_VITIS_LOOP_156_1 : top_clusters_valid | {1 2 }
	Port: calo_trigger_ref_Pipeline_VITIS_LOOP_156_1 : top_clusters_et | {2 3 }
	Port: calo_trigger_ref_Pipeline_VITIS_LOOP_156_1 : top_clusters_isolation_et | {2 3 }
	Port: calo_trigger_ref_Pipeline_VITIS_LOOP_156_1 : top_clusters_eta | {2 3 }
	Port: calo_trigger_ref_Pipeline_VITIS_LOOP_156_1 : top_clusters_phi | {2 3 }
	Port: calo_trigger_ref_Pipeline_VITIS_LOOP_156_1 : top_clusters_window_size | {2 3 }
  - Chain level:
	State 1
		store_ln156 : 1
		i_2 : 1
		icmp_ln156 : 2
		add_ln156 : 2
		br_ln156 : 3
		zext_ln156 : 2
		objects_addr : 3
		store_ln163 : 4
		top_clusters_valid_addr : 3
		top_clusters_valid_load : 4
		store_ln156 : 3
	State 2
		br_ln165 : 1
		top_clusters_et_load : 1
		top_clusters_isolation_et_load : 1
		top_clusters_eta_load : 1
		top_clusters_phi_load : 1
		top_clusters_window_size_load : 1
	State 3
		zext_ln170 : 1
		sext_ln171 : 1
		zext_ln172 : 1
		zext_ln177 : 1
		icmp_ln177 : 1
		select_ln177 : 2
		or_ln : 3
		zext_ln183 : 4
		or_ln1 : 5
		store_ln183 : 6


============================================================
+ Verbose Summary: Datapath Resource usage 
============================================================

* Functional unit list:
|----------|---------------------|---------|---------|
| Operation|   Functional Unit   |    FF   |   LUT   |
|----------|---------------------|---------|---------|
|   icmp   |  icmp_ln156_fu_166  |    0    |    12   |
|          |  icmp_ln177_fu_205  |    0    |    9    |
|----------|---------------------|---------|---------|
|    add   |   add_ln156_fu_172  |    0    |    12   |
|----------|---------------------|---------|---------|
|  select  | select_ln177_fu_211 |    0    |    2    |
|----------|---------------------|---------|---------|
|          |  zext_ln156_fu_178  |    0    |    0    |
|          |  zext_ln170_fu_189  |    0    |    0    |
|   zext   |  zext_ln172_fu_197  |    0    |    0    |
|          |  zext_ln177_fu_201  |    0    |    0    |
|          |  zext_ln183_fu_235  |    0    |    0    |
|----------|---------------------|---------|---------|
|   sext   |  sext_ln171_fu_193  |    0    |    0    |
|----------|---------------------|---------|---------|
|bitconcatenate|     or_ln_fu_219    |    0    |    0    |
|          |    or_ln1_fu_239    |    0    |    0    |
|----------|---------------------|---------|---------|
|   Total  |                     |    0    |    35   |
|----------|---------------------|---------|---------|

Memories:
N/A

* Register list:
+--------------------------------------+--------+
|                                      |   FF   |
+--------------------------------------+--------+
|               i_reg_248              |    4   |
|          icmp_ln156_reg_255          |    1   |
|         objects_addr_reg_268         |    3   |
|     top_clusters_et_addr_reg_282     |    3   |
|     top_clusters_eta_addr_reg_292    |    3   |
|top_clusters_isolation_et_addr_reg_287|    3   |
|     top_clusters_phi_addr_reg_297    |    3   |
|    top_clusters_valid_addr_reg_273   |    3   |
|    top_clusters_valid_load_reg_278   |    1   |
| top_clusters_window_size_addr_reg_302|    3   |
|          zext_ln156_reg_259          |   64   |
+--------------------------------------+--------+
|                 Total                |   91   |
+--------------------------------------+--------+

* Multiplexer (MUX) list: 
|-------------------|------|------|------|--------||---------||---------||---------|
|        Comp       |  Pin | Size |  BW  | S x BW ||  Delay  ||    FF   ||   LUT   |
|-------------------|------|------|------|--------||---------||---------||---------|
|  grp_access_fu_87 |  p0  |   2  |   3  |    6   ||    0    ||    9    |
| grp_access_fu_100 |  p0  |   2  |   3  |    6   ||    0    ||    9    |
| grp_access_fu_113 |  p0  |   2  |   3  |    6   ||    0    ||    9    |
| grp_access_fu_126 |  p0  |   2  |   3  |    6   ||    0    ||    9    |
| grp_access_fu_139 |  p0  |   2  |   3  |    6   ||    0    ||    9    |
| grp_access_fu_152 |  p0  |   2  |   3  |    6   ||    0    ||    9    |
|-------------------|------|------|------|--------||---------||---------||---------|
|       Total       |      |      |      |   36   ||  2.322  ||    0    ||    54   |
|-------------------|------|------|------|--------||---------||---------||---------|



* Summary:
+-----------+--------+--------+--------+
|           |  Delay |   FF   |   LUT  |
+-----------+--------+--------+--------+
|  Function |    -   |    0   |   35   |
|   Memory  |    -   |    -   |    -   |
|Multiplexer|    2   |    0   |   54   |
|  Register |    -   |   91   |    -   |
+-----------+--------+--------+--------+
|   Total   |    2   |   91   |   89   |
+-----------+--------+--------+--------+
