

================================================================
== Vitis HLS Report for 'calo_trigger_ref_Pipeline_VITIS_LOOP_145_1_VITIS_LOOP_146_2'
================================================================
* Date:           Tue May 12 15:59:07 2026

* Version:        2024.1 (Build 5069499 on May 21 2024)
* Project:        calorimeter
* Solution:       solution1 (Vivado IP Flow Target)
* Product family: virtexuplus
* Target device:  xcvu13p-fsga2577-2-e


================================================================
== Performance Estimates
================================================================
+ Timing: 
    * Summary: 
    +--------+----------+----------+------------+
    |  Clock |  Target  | Estimated| Uncertainty|
    +--------+----------+----------+------------+
    |ap_clk  |  25.00 ns|  3.366 ns|     6.75 ns|
    +--------+----------+----------+------------+

+ Latency: 
    * Summary: 
    +---------+---------+-----------+-----------+------+------+-----------------------------------------------+
    |  Latency (cycles) |   Latency (absolute)  |   Interval  |                    Pipeline                   |
    |   min   |   max   |    min    |    max    |  min |  max |                      Type                     |
    +---------+---------+-----------+-----------+------+------+-----------------------------------------------+
    |     1802|     1802|  45.050 us|  45.050 us|  1801|  1801|  loop auto-rewind stp(delay=0 clock cycles(s))|
    +---------+---------+-----------+-----------+------+------+-----------------------------------------------+

    + Detail: 
        * Instance: 
        N/A

        * Loop: 
        +-------------------------------------+---------+---------+----------+-----------+-----------+------+----------+
        |                                     |  Latency (cycles) | Iteration|  Initiation Interval  | Trip |          |
        |              Loop Name              |   min   |   max   |  Latency |  achieved |   target  | Count| Pipelined|
        +-------------------------------------+---------+---------+----------+-----------+-----------+------+----------+
        |- VITIS_LOOP_145_1_VITIS_LOOP_146_2  |     1800|     1800|         2|          1|          1|  1800|       yes|
        +-------------------------------------+---------+---------+----------+-----------+-----------+------+----------+

============================================================
+ Verbose Summary: Synthesis Manager
============================================================
InlineROM: 1
ExposeGlobal: 0
============================================================
+ Verbose Summary: CDFG Model
============================================================
IsTopModel: 0
ResetActiveHigh: 1
IsCombinational: 0
IsDatapathOnly: 0
HasWiredReturn: 1
HasMFsm: 2
HasVarLatency: 1
IsPipeline: 0
IsRtlPipelined: 0
IsInstanceOverlapped: 0
IsDontTouch: 0
HasImplIP: 0
IsGatedGlobalClock: 0

+ Individual pipeline summary: 
  * Pipeline-0: initiation interval (II) = 1, depth = 2


============================================================
+ Verbose Summary: Schedule
============================================================
* Number of FSM states : 2
* Pipeline : 1
  Pipeline-0 : II = 1, D = 2, States = { 1 2 }
* Dataflow Pipeline: 0

* FSM state transitions: 
1 --> 2 
2 --> 

* FSM state operations: 

State 1 <SV = 0> <Delay = 3.36>
ST_1 : Operation 5 [1/1] (0.00ns)   --->   "%conv4_i4_i_i = alloca i32 1"   --->   Operation 5 'alloca' 'conv4_i4_i_i' <Predicate = true> <Delay = 0.00>
ST_1 : Operation 6 [1/1] (0.00ns)   --->   "%phi = alloca i32 1" [calorimeter.cpp:146->calorimeter.cpp:15->calorimeter.cpp:201]   --->   Operation 6 'alloca' 'phi' <Predicate = true> <Delay = 0.00>
ST_1 : Operation 7 [1/1] (0.00ns)   --->   "%eta = alloca i32 1" [calorimeter.cpp:145->calorimeter.cpp:15->calorimeter.cpp:201]   --->   Operation 7 'alloca' 'eta' <Predicate = true> <Delay = 0.00>
ST_1 : Operation 8 [1/1] (0.00ns)   --->   "%indvar_flatten = alloca i32 1"   --->   Operation 8 'alloca' 'indvar_flatten' <Predicate = true> <Delay = 0.00>
ST_1 : Operation 9 [1/1] (0.00ns)   --->   "%specinterface_ln0 = specinterface void @_ssdm_op_SpecInterface, i12 %grid, void @empty, i32 0, i32 0, void @empty_0, i32 4294967295, i32 0, void @empty_0, void @empty_0, void @empty_0, i32 0, i32 0, i32 0, i32 0, void @empty_0, void @empty_0, i32 4294967295, i32 0, i32 0"   --->   Operation 9 'specinterface' 'specinterface_ln0' <Predicate = true> <Delay = 0.00>
ST_1 : Operation 10 [1/1] (0.38ns)   --->   "%store_ln0 = store i11 0, i11 %indvar_flatten"   --->   Operation 10 'store' 'store_ln0' <Predicate = true> <Delay = 0.38>
ST_1 : Operation 11 [1/1] (0.38ns)   --->   "%store_ln145 = store i5 0, i5 %eta" [calorimeter.cpp:145->calorimeter.cpp:15->calorimeter.cpp:201]   --->   Operation 11 'store' 'store_ln145' <Predicate = true> <Delay = 0.38>
ST_1 : Operation 12 [1/1] (0.38ns)   --->   "%store_ln146 = store i6 0, i6 %phi" [calorimeter.cpp:146->calorimeter.cpp:15->calorimeter.cpp:201]   --->   Operation 12 'store' 'store_ln146' <Predicate = true> <Delay = 0.38>
ST_1 : Operation 13 [1/1] (0.38ns)   --->   "%store_ln0 = store i23 0, i23 %conv4_i4_i_i"   --->   Operation 13 'store' 'store_ln0' <Predicate = true> <Delay = 0.38>
ST_1 : Operation 14 [1/1] (0.00ns)   --->   "%br_ln0 = br void %for.inc.i4.i"   --->   Operation 14 'br' 'br_ln0' <Predicate = true> <Delay = 0.00>
ST_1 : Operation 15 [1/1] (0.00ns)   --->   "%indvar_flatten_load = load i11 %indvar_flatten" [calorimeter.cpp:145->calorimeter.cpp:15->calorimeter.cpp:201]   --->   Operation 15 'load' 'indvar_flatten_load' <Predicate = true> <Delay = 0.00>
ST_1 : Operation 16 [1/1] (0.73ns)   --->   "%icmp_ln145 = icmp_eq  i11 %indvar_flatten_load, i11 1800" [calorimeter.cpp:145->calorimeter.cpp:15->calorimeter.cpp:201]   --->   Operation 16 'icmp' 'icmp_ln145' <Predicate = true> <Delay = 0.73> <CoreInst = "Cmp">   --->   Core 9 'Cmp' <Latency = 0> <II = 1> <Delay = 0.73> <FuncUnit> <Opcode : 'seteq' 'setne' 'setle' 'setge' 'setlt' 'setgt'> <InPorts = 2> <OutPorts = 1>
ST_1 : Operation 17 [1/1] (0.73ns)   --->   "%add_ln145_1 = add i11 %indvar_flatten_load, i11 1" [calorimeter.cpp:145->calorimeter.cpp:15->calorimeter.cpp:201]   --->   Operation 17 'add' 'add_ln145_1' <Predicate = true> <Delay = 0.73> <CoreInst = "Adder">   --->   Core 1 'Adder' <Latency = 0> <II = 1> <Delay = 0.73> <FuncUnit> <Opcode : 'add' 'sub'> <InPorts = 2> <OutPorts = 1>
ST_1 : Operation 18 [1/1] (0.00ns)   --->   "%br_ln145 = br i1 %icmp_ln145, void %for.inc7.i.i, void %_Z30run_reference_trigger_3x3_iso5PA60_K7ap_uintILi12EES0_S_ILi20EEP7ClusterRiS6_P13TriggerObjectRS_ILi24EE.exit.exitStub" [calorimeter.cpp:145->calorimeter.cpp:15->calorimeter.cpp:201]   --->   Operation 18 'br' 'br_ln145' <Predicate = true> <Delay = 0.00>
ST_1 : Operation 19 [1/1] (0.00ns)   --->   "%phi_load = load i6 %phi" [calorimeter.cpp:146->calorimeter.cpp:15->calorimeter.cpp:201]   --->   Operation 19 'load' 'phi_load' <Predicate = (!icmp_ln145)> <Delay = 0.00>
ST_1 : Operation 20 [1/1] (0.00ns)   --->   "%eta_load = load i5 %eta" [calorimeter.cpp:145->calorimeter.cpp:15->calorimeter.cpp:201]   --->   Operation 20 'load' 'eta_load' <Predicate = (!icmp_ln145)> <Delay = 0.00>
ST_1 : Operation 21 [1/1] (0.70ns)   --->   "%add_ln145 = add i5 %eta_load, i5 1" [calorimeter.cpp:145->calorimeter.cpp:15->calorimeter.cpp:201]   --->   Operation 21 'add' 'add_ln145' <Predicate = (!icmp_ln145)> <Delay = 0.70> <CoreInst = "Adder">   --->   Core 1 'Adder' <Latency = 0> <II = 1> <Delay = 0.70> <FuncUnit> <Opcode : 'add' 'sub'> <InPorts = 2> <OutPorts = 1>
ST_1 : Operation 22 [1/1] (0.70ns)   --->   "%icmp_ln146 = icmp_eq  i6 %phi_load, i6 60" [calorimeter.cpp:146->calorimeter.cpp:15->calorimeter.cpp:201]   --->   Operation 22 'icmp' 'icmp_ln146' <Predicate = (!icmp_ln145)> <Delay = 0.70> <CoreInst = "Cmp">   --->   Core 9 'Cmp' <Latency = 0> <II = 1> <Delay = 0.70> <FuncUnit> <Opcode : 'seteq' 'setne' 'setle' 'setge' 'setlt' 'setgt'> <InPorts = 2> <OutPorts = 1>
ST_1 : Operation 23 [1/1] (0.29ns)   --->   "%select_ln145 = select i1 %icmp_ln146, i6 0, i6 %phi_load" [calorimeter.cpp:145->calorimeter.cpp:15->calorimeter.cpp:201]   --->   Operation 23 'select' 'select_ln145' <Predicate = (!icmp_ln145)> <Delay = 0.29> <CoreInst = "Sel">   --->   Core 73 'Sel' <Latency = 0> <II = 1> <Delay = 0.29> <FuncUnit> <Opcode : 'select'> <InPorts = 3> <OutPorts = 1>
ST_1 : Operation 24 [1/1] (0.27ns)   --->   "%select_ln145_1 = select i1 %icmp_ln146, i5 %add_ln145, i5 %eta_load" [calorimeter.cpp:145->calorimeter.cpp:15->calorimeter.cpp:201]   --->   Operation 24 'select' 'select_ln145_1' <Predicate = (!icmp_ln145)> <Delay = 0.27> <CoreInst = "Sel">   --->   Core 73 'Sel' <Latency = 0> <II = 1> <Delay = 0.27> <FuncUnit> <Opcode : 'select'> <InPorts = 3> <OutPorts = 1>
ST_1 : Operation 25 [1/1] (0.00ns)   --->   "%p_shl = bitconcatenate i11 @_ssdm_op_BitConcatenate.i11.i5.i6, i5 %select_ln145_1, i6 0" [calorimeter.cpp:147->calorimeter.cpp:15->calorimeter.cpp:201]   --->   Operation 25 'bitconcatenate' 'p_shl' <Predicate = (!icmp_ln145)> <Delay = 0.00>
ST_1 : Operation 26 [1/1] (0.00ns)   --->   "%tmp = bitconcatenate i7 @_ssdm_op_BitConcatenate.i7.i5.i2, i5 %select_ln145_1, i2 0" [calorimeter.cpp:147->calorimeter.cpp:15->calorimeter.cpp:201]   --->   Operation 26 'bitconcatenate' 'tmp' <Predicate = (!icmp_ln145)> <Delay = 0.00>
ST_1 : Operation 27 [1/1] (0.00ns)   --->   "%zext_ln147 = zext i7 %tmp" [calorimeter.cpp:147->calorimeter.cpp:15->calorimeter.cpp:201]   --->   Operation 27 'zext' 'zext_ln147' <Predicate = (!icmp_ln145)> <Delay = 0.00>
ST_1 : Operation 28 [1/1] (0.00ns) (grouped into TernaryAdder)   --->   "%sub_ln147 = sub i11 %p_shl, i11 %zext_ln147" [calorimeter.cpp:147->calorimeter.cpp:15->calorimeter.cpp:201]   --->   Operation 28 'sub' 'sub_ln147' <Predicate = (!icmp_ln145)> <Delay = 0.00> <CoreInst = "TAddSub">   --->   Core 10 'TAddSub' <Latency = 0> <II = 1> <Delay = 0.38> <IPBlock> <Opcode : '' 'add' 'sub'> <InPorts = 3> <OutPorts = 1> <Sync> <CReg>
ST_1 : Operation 29 [1/1] (0.00ns)   --->   "%zext_ln147_1 = zext i6 %select_ln145" [calorimeter.cpp:147->calorimeter.cpp:15->calorimeter.cpp:201]   --->   Operation 29 'zext' 'zext_ln147_1' <Predicate = (!icmp_ln145)> <Delay = 0.00>
ST_1 : Operation 30 [1/1] (0.77ns) (root node of TernaryAdder)   --->   "%add_ln147_1 = add i11 %sub_ln147, i11 %zext_ln147_1" [calorimeter.cpp:147->calorimeter.cpp:15->calorimeter.cpp:201]   --->   Operation 30 'add' 'add_ln147_1' <Predicate = (!icmp_ln145)> <Delay = 0.77> <CoreInst = "TAddSub">   --->   Core 10 'TAddSub' <Latency = 0> <II = 1> <Delay = 0.38> <IPBlock> <Opcode : '' 'add' 'sub'> <InPorts = 3> <OutPorts = 1> <Sync> <CReg>
ST_1 : Operation 31 [1/1] (0.00ns)   --->   "%zext_ln147_2 = zext i11 %add_ln147_1" [calorimeter.cpp:147->calorimeter.cpp:15->calorimeter.cpp:201]   --->   Operation 31 'zext' 'zext_ln147_2' <Predicate = (!icmp_ln145)> <Delay = 0.00>
ST_1 : Operation 32 [1/1] (0.00ns)   --->   "%grid_addr = getelementptr i12 %grid, i64 0, i64 %zext_ln147_2" [calorimeter.cpp:147->calorimeter.cpp:15->calorimeter.cpp:201]   --->   Operation 32 'getelementptr' 'grid_addr' <Predicate = (!icmp_ln145)> <Delay = 0.00>
ST_1 : Operation 33 [2/2] (1.20ns)   --->   "%grid_load = load i11 %grid_addr" [calorimeter.cpp:147->calorimeter.cpp:15->calorimeter.cpp:201]   --->   Operation 33 'load' 'grid_load' <Predicate = (!icmp_ln145)> <Delay = 1.20> <CoreInst = "RAM">   --->   Core 82 'RAM' <Latency = 1> <II = 1> <Delay = 1.20> <Storage> <Opcode : 'load' 'store'> <Ports = 2> <Width = 12> <Depth = 1800> <RAM>
ST_1 : Operation 34 [1/1] (0.70ns)   --->   "%add_ln146 = add i6 %select_ln145, i6 1" [calorimeter.cpp:146->calorimeter.cpp:15->calorimeter.cpp:201]   --->   Operation 34 'add' 'add_ln146' <Predicate = (!icmp_ln145)> <Delay = 0.70> <CoreInst = "Adder">   --->   Core 1 'Adder' <Latency = 0> <II = 1> <Delay = 0.70> <FuncUnit> <Opcode : 'add' 'sub'> <InPorts = 2> <OutPorts = 1>
ST_1 : Operation 35 [1/1] (0.38ns)   --->   "%store_ln145 = store i11 %add_ln145_1, i11 %indvar_flatten" [calorimeter.cpp:145->calorimeter.cpp:15->calorimeter.cpp:201]   --->   Operation 35 'store' 'store_ln145' <Predicate = (!icmp_ln145)> <Delay = 0.38>
ST_1 : Operation 36 [1/1] (0.38ns)   --->   "%store_ln145 = store i5 %select_ln145_1, i5 %eta" [calorimeter.cpp:145->calorimeter.cpp:15->calorimeter.cpp:201]   --->   Operation 36 'store' 'store_ln145' <Predicate = (!icmp_ln145)> <Delay = 0.38>
ST_1 : Operation 37 [1/1] (0.38ns)   --->   "%store_ln146 = store i6 %add_ln146, i6 %phi" [calorimeter.cpp:146->calorimeter.cpp:15->calorimeter.cpp:201]   --->   Operation 37 'store' 'store_ln146' <Predicate = (!icmp_ln145)> <Delay = 0.38>
ST_1 : Operation 47 [1/1] (0.00ns)   --->   "%conv4_i4_i_i_load_1 = load i23 %conv4_i4_i_i"   --->   Operation 47 'load' 'conv4_i4_i_i_load_1' <Predicate = (icmp_ln145)> <Delay = 0.00>
ST_1 : Operation 48 [1/1] (0.00ns)   --->   "%write_ln0 = write void @_ssdm_op_Write.ap_auto.i23P0A, i23 %conv4_i4_i_i_out, i23 %conv4_i4_i_i_load_1"   --->   Operation 48 'write' 'write_ln0' <Predicate = (icmp_ln145)> <Delay = 0.00>
ST_1 : Operation 49 [1/1] (0.38ns)   --->   "%ret_ln0 = ret"   --->   Operation 49 'ret' 'ret_ln0' <Predicate = (icmp_ln145)> <Delay = 0.38>

State 2 <SV = 1> <Delay = 2.41>
ST_2 : Operation 38 [1/1] (0.00ns)   --->   "%conv4_i4_i_i_load = load i23 %conv4_i4_i_i" [calorimeter.cpp:147->calorimeter.cpp:15->calorimeter.cpp:201]   --->   Operation 38 'load' 'conv4_i4_i_i_load' <Predicate = true> <Delay = 0.00>
ST_2 : Operation 39 [1/1] (0.00ns)   --->   "%specloopname_ln0 = specloopname void @_ssdm_op_SpecLoopName, void @VITIS_LOOP_145_1_VITIS_LOOP_146_2_str"   --->   Operation 39 'specloopname' 'specloopname_ln0' <Predicate = true> <Delay = 0.00>
ST_2 : Operation 40 [1/1] (0.00ns)   --->   "%speclooptripcount_ln0 = speclooptripcount void @_ssdm_op_SpecLoopTripCount, i64 1800, i64 1800, i64 1800"   --->   Operation 40 'speclooptripcount' 'speclooptripcount_ln0' <Predicate = true> <Delay = 0.00>
ST_2 : Operation 41 [1/1] (0.00ns)   --->   "%specpipeline_ln146 = specpipeline void @_ssdm_op_SpecPipeline, i32 4294967295, i32 0, i32 0, i32 0, void @empty_0" [calorimeter.cpp:146->calorimeter.cpp:15->calorimeter.cpp:201]   --->   Operation 41 'specpipeline' 'specpipeline_ln146' <Predicate = true> <Delay = 0.00>
ST_2 : Operation 42 [1/2] (1.20ns)   --->   "%grid_load = load i11 %grid_addr" [calorimeter.cpp:147->calorimeter.cpp:15->calorimeter.cpp:201]   --->   Operation 42 'load' 'grid_load' <Predicate = true> <Delay = 1.20> <CoreInst = "RAM">   --->   Core 82 'RAM' <Latency = 1> <II = 1> <Delay = 1.20> <Storage> <Opcode : 'load' 'store'> <Ports = 2> <Width = 12> <Depth = 1800> <RAM>
ST_2 : Operation 43 [1/1] (0.00ns)   --->   "%zext_ln147_3 = zext i12 %grid_load" [calorimeter.cpp:147->calorimeter.cpp:15->calorimeter.cpp:201]   --->   Operation 43 'zext' 'zext_ln147_3' <Predicate = true> <Delay = 0.00>
ST_2 : Operation 44 [1/1] (0.82ns)   --->   "%add_ln147 = add i23 %conv4_i4_i_i_load, i23 %zext_ln147_3" [calorimeter.cpp:147->calorimeter.cpp:15->calorimeter.cpp:201]   --->   Operation 44 'add' 'add_ln147' <Predicate = true> <Delay = 0.82> <CoreInst = "Adder">   --->   Core 1 'Adder' <Latency = 0> <II = 1> <Delay = 0.82> <FuncUnit> <Opcode : 'add' 'sub'> <InPorts = 2> <OutPorts = 1>
ST_2 : Operation 45 [1/1] (0.38ns)   --->   "%store_ln147 = store i23 %add_ln147, i23 %conv4_i4_i_i" [calorimeter.cpp:147->calorimeter.cpp:15->calorimeter.cpp:201]   --->   Operation 45 'store' 'store_ln147' <Predicate = true> <Delay = 0.38>
ST_2 : Operation 46 [1/1] (0.00ns)   --->   "%br_ln146 = br void %for.inc.i4.i" [calorimeter.cpp:146->calorimeter.cpp:15->calorimeter.cpp:201]   --->   Operation 46 'br' 'br_ln146' <Predicate = true> <Delay = 0.00>


============================================================
+ Verbose Summary: Timing violations
============================================================
Target clock period: 25.000ns, clock uncertainty: 6.750ns.

 <State 1>: 3.366ns
The critical path consists of the following:
	'store' operation 0 bit ('store_ln146', calorimeter.cpp:146->calorimeter.cpp:15->calorimeter.cpp:201) of constant 0 on local variable 'phi', calorimeter.cpp:146->calorimeter.cpp:15->calorimeter.cpp:201 [10]  (0.387 ns)
	'load' operation 6 bit ('phi_load', calorimeter.cpp:146->calorimeter.cpp:15->calorimeter.cpp:201) on local variable 'phi', calorimeter.cpp:146->calorimeter.cpp:15->calorimeter.cpp:201 [20]  (0.000 ns)
	'icmp' operation 1 bit ('icmp_ln146', calorimeter.cpp:146->calorimeter.cpp:15->calorimeter.cpp:201) [25]  (0.706 ns)
	'select' operation 6 bit ('select_ln145', calorimeter.cpp:145->calorimeter.cpp:15->calorimeter.cpp:201) [26]  (0.293 ns)
	'add' operation 11 bit ('add_ln147_1', calorimeter.cpp:147->calorimeter.cpp:15->calorimeter.cpp:201) [33]  (0.777 ns)
	'getelementptr' operation 11 bit ('grid_addr', calorimeter.cpp:147->calorimeter.cpp:15->calorimeter.cpp:201) [35]  (0.000 ns)
	'load' operation 12 bit ('grid_load', calorimeter.cpp:147->calorimeter.cpp:15->calorimeter.cpp:201) on array 'grid' [37]  (1.203 ns)

 <State 2>: 2.417ns
The critical path consists of the following:
	'load' operation 12 bit ('grid_load', calorimeter.cpp:147->calorimeter.cpp:15->calorimeter.cpp:201) on array 'grid' [37]  (1.203 ns)
	'add' operation 23 bit ('add_ln147', calorimeter.cpp:147->calorimeter.cpp:15->calorimeter.cpp:201) [39]  (0.827 ns)
	'store' operation 0 bit ('store_ln147', calorimeter.cpp:147->calorimeter.cpp:15->calorimeter.cpp:201) of variable 'add_ln147', calorimeter.cpp:147->calorimeter.cpp:15->calorimeter.cpp:201 on local variable 'conv4_i4_i_i' [44]  (0.387 ns)


============================================================
+ Verbose Summary: Binding
============================================================
N/A
* FSMD analyzer results:
  - Output states:
 - Input state : 
  - Chain level:
	State 1
	State 2


============================================================
+ Verbose Summary: Datapath Resource usage 
============================================================
N/A
