

================================================================
== Vitis HLS Report for 'calo_trigger_ref_Pipeline_VITIS_LOOP_156_1'
================================================================
* Date:           Tue May 12 15:59:06 2026

* Version:        2024.1 (Build 5069499 on May 21 2024)
* Project:        calorimeter
* Solution:       solution1 (Vivado IP Flow Target)
* Product family: virtexuplus
* Target device:  xcvu13p-fsga2577-2-e


================================================================
== Performance Estimates
================================================================
+ Timing: 
    * Summary: 
    +--------+----------+----------+------------+
    |  Clock |  Target  | Estimated| Uncertainty|
    +--------+----------+----------+------------+
    |ap_clk  |  25.00 ns|  2.083 ns|     6.75 ns|
    +--------+----------+----------+------------+

+ Latency: 
    * Summary: 
    +---------+---------+----------+----------+-----+-----+-----------------------------------------------+
    |  Latency (cycles) |  Latency (absolute) |  Interval |                    Pipeline                   |
    |   min   |   max   |    min   |    max   | min | max |                      Type                     |
    +---------+---------+----------+----------+-----+-----+-----------------------------------------------+
    |       11|       11|  0.275 us|  0.275 us|    9|    9|  loop auto-rewind stp(delay=0 clock cycles(s))|
    +---------+---------+----------+----------+-----+-----+-----------------------------------------------+

    + Detail: 
        * Instance: 
        N/A

        * Loop: 
        +--------------------+---------+---------+----------+-----------+-----------+------+----------+
        |                    |  Latency (cycles) | Iteration|  Initiation Interval  | Trip |          |
        |      Loop Name     |   min   |   max   |  Latency |  achieved |   target  | Count| Pipelined|
        +--------------------+---------+---------+----------+-----------+-----------+------+----------+
        |- VITIS_LOOP_156_1  |        9|        9|         3|          1|          1|     8|       yes|
        +--------------------+---------+---------+----------+-----------+-----------+------+----------+

============================================================
+ Verbose Summary: Synthesis Manager
============================================================
InlineROM: 1
ExposeGlobal: 0
============================================================
+ Verbose Summary: CDFG Model
============================================================
IsTopModel: 0
ResetActiveHigh: 1
IsCombinational: 0
IsDatapathOnly: 0
HasWiredReturn: 1
HasMFsm: 2
HasVarLatency: 1
IsPipeline: 0
IsRtlPipelined: 0
IsInstanceOverlapped: 0
IsDontTouch: 0
HasImplIP: 0
IsGatedGlobalClock: 0

+ Individual pipeline summary: 
  * Pipeline-0: initiation interval (II) = 1, depth = 3


============================================================
+ Verbose Summary: Schedule
============================================================
* Number of FSM states : 3
* Pipeline : 1
  Pipeline-0 : II = 1, D = 3, States = { 1 2 3 }
* Dataflow Pipeline: 0

* FSM state transitions: 
1 --> 2 
2 --> 3 
3 --> 

* FSM state operations: 

State 1 <SV = 0> <Delay = 1.82>
ST_1 : Operation 6 [1/1] (0.00ns)   --->   "%i = alloca i32 1" [calorimeter.cpp:156->calorimeter.cpp:14->calorimeter.cpp:201]   --->   Operation 6 'alloca' 'i' <Predicate = true> <Delay = 0.00>
ST_1 : Operation 7 [1/1] (0.00ns)   --->   "%specinterface_ln0 = specinterface void @_ssdm_op_SpecInterface, i89 %objects, void @empty, i32 0, i32 0, void @empty_0, i32 4294967295, i32 0, void @empty_0, void @empty_0, void @empty_0, i32 0, i32 0, i32 0, i32 0, void @empty_0, void @empty_0, i32 4294967295, i32 0, i32 0"   --->   Operation 7 'specinterface' 'specinterface_ln0' <Predicate = true> <Delay = 0.00>
ST_1 : Operation 8 [1/1] (0.38ns)   --->   "%store_ln156 = store i4 0, i4 %i" [calorimeter.cpp:156->calorimeter.cpp:14->calorimeter.cpp:201]   --->   Operation 8 'store' 'store_ln156' <Predicate = true> <Delay = 0.38>
ST_1 : Operation 9 [1/1] (0.00ns)   --->   "%br_ln0 = br void %for.body.i.i"   --->   Operation 9 'br' 'br_ln0' <Predicate = true> <Delay = 0.00>
ST_1 : Operation 10 [1/1] (0.00ns)   --->   "%i_2 = load i4 %i" [calorimeter.cpp:156->calorimeter.cpp:14->calorimeter.cpp:201]   --->   Operation 10 'load' 'i_2' <Predicate = true> <Delay = 0.00>
ST_1 : Operation 11 [1/1] (0.70ns)   --->   "%icmp_ln156 = icmp_eq  i4 %i_2, i4 8" [calorimeter.cpp:156->calorimeter.cpp:14->calorimeter.cpp:201]   --->   Operation 11 'icmp' 'icmp_ln156' <Predicate = true> <Delay = 0.70> <CoreInst = "Cmp">   --->   Core 9 'Cmp' <Latency = 0> <II = 1> <Delay = 0.70> <FuncUnit> <Opcode : 'seteq' 'setne' 'setle' 'setge' 'setlt' 'setgt'> <InPorts = 2> <OutPorts = 1>
ST_1 : Operation 12 [1/1] (0.70ns)   --->   "%add_ln156 = add i4 %i_2, i4 1" [calorimeter.cpp:156->calorimeter.cpp:14->calorimeter.cpp:201]   --->   Operation 12 'add' 'add_ln156' <Predicate = true> <Delay = 0.70> <CoreInst = "Adder">   --->   Core 1 'Adder' <Latency = 0> <II = 1> <Delay = 0.70> <FuncUnit> <Opcode : 'add' 'sub'> <InPorts = 2> <OutPorts = 1>
ST_1 : Operation 13 [1/1] (0.00ns)   --->   "%br_ln156 = br i1 %icmp_ln156, void %for.body.i.i.split, void %for.inc.i4.i.preheader.exitStub" [calorimeter.cpp:156->calorimeter.cpp:14->calorimeter.cpp:201]   --->   Operation 13 'br' 'br_ln156' <Predicate = true> <Delay = 0.00>
ST_1 : Operation 14 [1/1] (0.00ns)   --->   "%zext_ln156 = zext i4 %i_2" [calorimeter.cpp:156->calorimeter.cpp:14->calorimeter.cpp:201]   --->   Operation 14 'zext' 'zext_ln156' <Predicate = (!icmp_ln156)> <Delay = 0.00>
ST_1 : Operation 15 [1/1] (0.00ns)   --->   "%objects_addr = getelementptr i89 %objects, i64 0, i64 %zext_ln156" [calorimeter.cpp:163->calorimeter.cpp:14->calorimeter.cpp:201]   --->   Operation 15 'getelementptr' 'objects_addr' <Predicate = (!icmp_ln156)> <Delay = 0.00>
ST_1 : Operation 16 [1/1] (0.73ns)   --->   "%store_ln163 = store i89 0, i3 %objects_addr" [calorimeter.cpp:163->calorimeter.cpp:14->calorimeter.cpp:201]   --->   Operation 16 'store' 'store_ln163' <Predicate = (!icmp_ln156)> <Delay = 0.73> <CoreInst = "RAM">   --->   Core 82 'RAM' <Latency = 1> <II = 1> <Delay = 0.73> <Storage> <Opcode : 'load' 'store'> <Ports = 2> <Width = 89> <Depth = 8> <RAM>
ST_1 : Operation 17 [1/1] (0.00ns)   --->   "%top_clusters_valid_addr = getelementptr i1 %top_clusters_valid, i64 0, i64 %zext_ln156" [calorimeter.cpp:165->calorimeter.cpp:14->calorimeter.cpp:201]   --->   Operation 17 'getelementptr' 'top_clusters_valid_addr' <Predicate = (!icmp_ln156)> <Delay = 0.00>
ST_1 : Operation 18 [2/2] (0.63ns)   --->   "%top_clusters_valid_load = load i3 %top_clusters_valid_addr" [calorimeter.cpp:165->calorimeter.cpp:14->calorimeter.cpp:201]   --->   Operation 18 'load' 'top_clusters_valid_load' <Predicate = (!icmp_ln156)> <Delay = 0.63> <CoreInst = "RAM">   --->   Core 82 'RAM' <Latency = 1> <II = 1> <Delay = 0.63> <Storage> <Opcode : 'load' 'store'> <Ports = 2> <Width = 1> <Depth = 8> <RAM>
ST_1 : Operation 19 [1/1] (0.38ns)   --->   "%store_ln156 = store i4 %add_ln156, i4 %i" [calorimeter.cpp:156->calorimeter.cpp:14->calorimeter.cpp:201]   --->   Operation 19 'store' 'store_ln156' <Predicate = (!icmp_ln156)> <Delay = 0.38>
ST_1 : Operation 20 [1/1] (0.00ns)   --->   "%br_ln156 = br void %for.body.i.i" [calorimeter.cpp:156->calorimeter.cpp:14->calorimeter.cpp:201]   --->   Operation 20 'br' 'br_ln156' <Predicate = (!icmp_ln156)> <Delay = 0.00>

State 2 <SV = 1> <Delay = 0.69>
ST_2 : Operation 21 [1/1] (0.00ns)   --->   "%specpipeline_ln156 = specpipeline void @_ssdm_op_SpecPipeline, i32 4294967295, i32 0, i32 0, i32 0, void @empty_0" [calorimeter.cpp:156->calorimeter.cpp:14->calorimeter.cpp:201]   --->   Operation 21 'specpipeline' 'specpipeline_ln156' <Predicate = true> <Delay = 0.00>
ST_2 : Operation 22 [1/1] (0.00ns)   --->   "%speclooptripcount_ln156 = speclooptripcount void @_ssdm_op_SpecLoopTripCount, i64 8, i64 8, i64 8" [calorimeter.cpp:156->calorimeter.cpp:14->calorimeter.cpp:201]   --->   Operation 22 'speclooptripcount' 'speclooptripcount_ln156' <Predicate = true> <Delay = 0.00>
ST_2 : Operation 23 [1/1] (0.00ns)   --->   "%specloopname_ln156 = specloopname void @_ssdm_op_SpecLoopName, void @empty_3" [calorimeter.cpp:156->calorimeter.cpp:14->calorimeter.cpp:201]   --->   Operation 23 'specloopname' 'specloopname_ln156' <Predicate = true> <Delay = 0.00>
ST_2 : Operation 24 [1/2] (0.63ns)   --->   "%top_clusters_valid_load = load i3 %top_clusters_valid_addr" [calorimeter.cpp:165->calorimeter.cpp:14->calorimeter.cpp:201]   --->   Operation 24 'load' 'top_clusters_valid_load' <Predicate = true> <Delay = 0.63> <CoreInst = "RAM">   --->   Core 82 'RAM' <Latency = 1> <II = 1> <Delay = 0.63> <Storage> <Opcode : 'load' 'store'> <Ports = 2> <Width = 1> <Depth = 8> <RAM>
ST_2 : Operation 25 [1/1] (0.00ns)   --->   "%br_ln165 = br i1 %top_clusters_valid_load, void %for.inc.i.i, void %if.end.i.i" [calorimeter.cpp:165->calorimeter.cpp:14->calorimeter.cpp:201]   --->   Operation 25 'br' 'br_ln165' <Predicate = true> <Delay = 0.00>
ST_2 : Operation 26 [1/1] (0.00ns)   --->   "%top_clusters_et_addr = getelementptr i16 %top_clusters_et, i64 0, i64 %zext_ln156" [calorimeter.cpp:169->calorimeter.cpp:14->calorimeter.cpp:201]   --->   Operation 26 'getelementptr' 'top_clusters_et_addr' <Predicate = (top_clusters_valid_load)> <Delay = 0.00>
ST_2 : Operation 27 [2/2] (0.68ns)   --->   "%top_clusters_et_load = load i3 %top_clusters_et_addr" [calorimeter.cpp:169->calorimeter.cpp:14->calorimeter.cpp:201]   --->   Operation 27 'load' 'top_clusters_et_load' <Predicate = (top_clusters_valid_load)> <Delay = 0.68> <CoreInst = "RAM">   --->   Core 82 'RAM' <Latency = 1> <II = 1> <Delay = 0.68> <Storage> <Opcode : 'load' 'store'> <Ports = 2> <Width = 16> <Depth = 8> <RAM>
ST_2 : Operation 28 [1/1] (0.00ns)   --->   "%top_clusters_isolation_et_addr = getelementptr i18 %top_clusters_isolation_et, i64 0, i64 %zext_ln156" [calorimeter.cpp:170->calorimeter.cpp:14->calorimeter.cpp:201]   --->   Operation 28 'getelementptr' 'top_clusters_isolation_et_addr' <Predicate = (top_clusters_valid_load)> <Delay = 0.00>
ST_2 : Operation 29 [2/2] (0.69ns)   --->   "%top_clusters_isolation_et_load = load i3 %top_clusters_isolation_et_addr" [calorimeter.cpp:170->calorimeter.cpp:14->calorimeter.cpp:201]   --->   Operation 29 'load' 'top_clusters_isolation_et_load' <Predicate = (top_clusters_valid_load)> <Delay = 0.69> <CoreInst = "RAM">   --->   Core 82 'RAM' <Latency = 1> <II = 1> <Delay = 0.69> <Storage> <Opcode : 'load' 'store'> <Ports = 2> <Width = 18> <Depth = 8> <RAM>
ST_2 : Operation 30 [1/1] (0.00ns)   --->   "%top_clusters_eta_addr = getelementptr i5 %top_clusters_eta, i64 0, i64 %zext_ln156" [calorimeter.cpp:171->calorimeter.cpp:14->calorimeter.cpp:201]   --->   Operation 30 'getelementptr' 'top_clusters_eta_addr' <Predicate = (top_clusters_valid_load)> <Delay = 0.00>
ST_2 : Operation 31 [2/2] (0.66ns)   --->   "%top_clusters_eta_load = load i3 %top_clusters_eta_addr" [calorimeter.cpp:171->calorimeter.cpp:14->calorimeter.cpp:201]   --->   Operation 31 'load' 'top_clusters_eta_load' <Predicate = (top_clusters_valid_load)> <Delay = 0.66> <CoreInst = "RAM">   --->   Core 82 'RAM' <Latency = 1> <II = 1> <Delay = 0.66> <Storage> <Opcode : 'load' 'store'> <Ports = 2> <Width = 5> <Depth = 8> <RAM>
ST_2 : Operation 32 [1/1] (0.00ns)   --->   "%top_clusters_phi_addr = getelementptr i6 %top_clusters_phi, i64 0, i64 %zext_ln156" [calorimeter.cpp:172->calorimeter.cpp:14->calorimeter.cpp:201]   --->   Operation 32 'getelementptr' 'top_clusters_phi_addr' <Predicate = (top_clusters_valid_load)> <Delay = 0.00>
ST_2 : Operation 33 [2/2] (0.66ns)   --->   "%top_clusters_phi_load = load i3 %top_clusters_phi_addr" [calorimeter.cpp:172->calorimeter.cpp:14->calorimeter.cpp:201]   --->   Operation 33 'load' 'top_clusters_phi_load' <Predicate = (top_clusters_valid_load)> <Delay = 0.66> <CoreInst = "RAM">   --->   Core 82 'RAM' <Latency = 1> <II = 1> <Delay = 0.66> <Storage> <Opcode : 'load' 'store'> <Ports = 2> <Width = 6> <Depth = 8> <RAM>
ST_2 : Operation 34 [1/1] (0.00ns)   --->   "%top_clusters_window_size_addr = getelementptr i2 %top_clusters_window_size, i64 0, i64 %zext_ln156" [calorimeter.cpp:173->calorimeter.cpp:14->calorimeter.cpp:201]   --->   Operation 34 'getelementptr' 'top_clusters_window_size_addr' <Predicate = (top_clusters_valid_load)> <Delay = 0.00>
ST_2 : Operation 35 [2/2] (0.63ns)   --->   "%top_clusters_window_size_load = load i3 %top_clusters_window_size_addr" [calorimeter.cpp:173->calorimeter.cpp:14->calorimeter.cpp:201]   --->   Operation 35 'load' 'top_clusters_window_size_load' <Predicate = (top_clusters_valid_load)> <Delay = 0.63> <CoreInst = "RAM">   --->   Core 82 'RAM' <Latency = 1> <II = 1> <Delay = 0.63> <Storage> <Opcode : 'load' 'store'> <Ports = 2> <Width = 2> <Depth = 8> <RAM>
ST_2 : Operation 52 [1/1] (0.38ns)   --->   "%ret_ln0 = ret"   --->   Operation 52 'ret' 'ret_ln0' <Predicate = (icmp_ln156)> <Delay = 0.38>

State 3 <SV = 2> <Delay = 2.08>
ST_3 : Operation 36 [1/2] (0.68ns)   --->   "%top_clusters_et_load = load i3 %top_clusters_et_addr" [calorimeter.cpp:169->calorimeter.cpp:14->calorimeter.cpp:201]   --->   Operation 36 'load' 'top_clusters_et_load' <Predicate = (top_clusters_valid_load)> <Delay = 0.68> <CoreInst = "RAM">   --->   Core 82 'RAM' <Latency = 1> <II = 1> <Delay = 0.68> <Storage> <Opcode : 'load' 'store'> <Ports = 2> <Width = 16> <Depth = 8> <RAM>
ST_3 : Operation 37 [1/1] (0.00ns)   --->   "%zext_ln170 = zext i16 %top_clusters_et_load" [calorimeter.cpp:170->calorimeter.cpp:14->calorimeter.cpp:201]   --->   Operation 37 'zext' 'zext_ln170' <Predicate = (top_clusters_valid_load)> <Delay = 0.00>
ST_3 : Operation 38 [1/2] (0.69ns)   --->   "%top_clusters_isolation_et_load = load i3 %top_clusters_isolation_et_addr" [calorimeter.cpp:170->calorimeter.cpp:14->calorimeter.cpp:201]   --->   Operation 38 'load' 'top_clusters_isolation_et_load' <Predicate = (top_clusters_valid_load)> <Delay = 0.69> <CoreInst = "RAM">   --->   Core 82 'RAM' <Latency = 1> <II = 1> <Delay = 0.69> <Storage> <Opcode : 'load' 'store'> <Ports = 2> <Width = 18> <Depth = 8> <RAM>
ST_3 : Operation 39 [1/1] (0.00ns)   --->   "%sext_ln171 = sext i18 %top_clusters_isolation_et_load" [calorimeter.cpp:171->calorimeter.cpp:14->calorimeter.cpp:201]   --->   Operation 39 'sext' 'sext_ln171' <Predicate = (top_clusters_valid_load)> <Delay = 0.00>
ST_3 : Operation 40 [1/2] (0.66ns)   --->   "%top_clusters_eta_load = load i3 %top_clusters_eta_addr" [calorimeter.cpp:171->calorimeter.cpp:14->calorimeter.cpp:201]   --->   Operation 40 'load' 'top_clusters_eta_load' <Predicate = (top_clusters_valid_load)> <Delay = 0.66> <CoreInst = "RAM">   --->   Core 82 'RAM' <Latency = 1> <II = 1> <Delay = 0.66> <Storage> <Opcode : 'load' 'store'> <Ports = 2> <Width = 5> <Depth = 8> <RAM>
ST_3 : Operation 41 [1/1] (0.00ns)   --->   "%zext_ln172 = zext i5 %top_clusters_eta_load" [calorimeter.cpp:172->calorimeter.cpp:14->calorimeter.cpp:201]   --->   Operation 41 'zext' 'zext_ln172' <Predicate = (top_clusters_valid_load)> <Delay = 0.00>
ST_3 : Operation 42 [1/2] (0.66ns)   --->   "%top_clusters_phi_load = load i3 %top_clusters_phi_addr" [calorimeter.cpp:172->calorimeter.cpp:14->calorimeter.cpp:201]   --->   Operation 42 'load' 'top_clusters_phi_load' <Predicate = (top_clusters_valid_load)> <Delay = 0.66> <CoreInst = "RAM">   --->   Core 82 'RAM' <Latency = 1> <II = 1> <Delay = 0.66> <Storage> <Opcode : 'load' 'store'> <Ports = 2> <Width = 6> <Depth = 8> <RAM>
ST_3 : Operation 43 [1/2] (0.63ns)   --->   "%top_clusters_window_size_load = load i3 %top_clusters_window_size_addr" [calorimeter.cpp:173->calorimeter.cpp:14->calorimeter.cpp:201]   --->   Operation 43 'load' 'top_clusters_window_size_load' <Predicate = (top_clusters_valid_load)> <Delay = 0.63> <CoreInst = "RAM">   --->   Core 82 'RAM' <Latency = 1> <II = 1> <Delay = 0.63> <Storage> <Opcode : 'load' 'store'> <Ports = 2> <Width = 2> <Depth = 8> <RAM>
ST_3 : Operation 44 [1/1] (0.00ns)   --->   "%zext_ln177 = zext i2 %top_clusters_window_size_load" [calorimeter.cpp:177->calorimeter.cpp:14->calorimeter.cpp:201]   --->   Operation 44 'zext' 'zext_ln177' <Predicate = (top_clusters_valid_load)> <Delay = 0.00>
ST_3 : Operation 45 [1/1] (0.43ns)   --->   "%icmp_ln177 = icmp_eq  i2 %top_clusters_window_size_load, i2 3" [calorimeter.cpp:177->calorimeter.cpp:14->calorimeter.cpp:201]   --->   Operation 45 'icmp' 'icmp_ln177' <Predicate = (top_clusters_valid_load)> <Delay = 0.43> <CoreInst = "Cmp">   --->   Core 9 'Cmp' <Latency = 0> <II = 1> <Delay = 0.43> <FuncUnit> <Opcode : 'seteq' 'setne' 'setle' 'setge' 'setlt' 'setgt'> <InPorts = 2> <OutPorts = 1>
ST_3 : Operation 46 [1/1] (0.27ns)   --->   "%select_ln177 = select i1 %icmp_ln177, i2 1, i2 2" [calorimeter.cpp:177->calorimeter.cpp:14->calorimeter.cpp:201]   --->   Operation 46 'select' 'select_ln177' <Predicate = (top_clusters_valid_load)> <Delay = 0.27> <CoreInst = "Sel">   --->   Core 73 'Sel' <Latency = 0> <II = 1> <Delay = 0.27> <FuncUnit> <Opcode : 'select'> <InPorts = 3> <OutPorts = 1>
ST_3 : Operation 47 [1/1] (0.00ns)   --->   "%or_ln = bitconcatenate i58 @_ssdm_op_BitConcatenate.i58.i2.i4.i6.i6.i20.i20, i2 %select_ln177, i4 %zext_ln177, i6 %top_clusters_phi_load, i6 %zext_ln172, i20 %sext_ln171, i20 %zext_ln170" [calorimeter.cpp:177->calorimeter.cpp:14->calorimeter.cpp:201]   --->   Operation 47 'bitconcatenate' 'or_ln' <Predicate = (top_clusters_valid_load)> <Delay = 0.00>
ST_3 : Operation 48 [1/1] (0.00ns)   --->   "%zext_ln183 = zext i58 %or_ln" [calorimeter.cpp:183->calorimeter.cpp:14->calorimeter.cpp:201]   --->   Operation 48 'zext' 'zext_ln183' <Predicate = (top_clusters_valid_load)> <Delay = 0.00>
ST_3 : Operation 49 [1/1] (0.00ns)   --->   "%or_ln1 = bitconcatenate i89 @_ssdm_op_BitConcatenate.i89.i1.i88, i1 1, i88 %zext_ln183" [calorimeter.cpp:183->calorimeter.cpp:14->calorimeter.cpp:201]   --->   Operation 49 'bitconcatenate' 'or_ln1' <Predicate = (top_clusters_valid_load)> <Delay = 0.00>
ST_3 : Operation 50 [1/1] (0.73ns)   --->   "%store_ln183 = store i89 %or_ln1, i3 %objects_addr" [calorimeter.cpp:183->calorimeter.cpp:14->calorimeter.cpp:201]   --->   Operation 50 'store' 'store_ln183' <Predicate = (top_clusters_valid_load)> <Delay = 0.73> <CoreInst = "RAM">   --->   Core 82 'RAM' <Latency = 1> <II = 1> <Delay = 0.73> <Storage> <Opcode : 'load' 'store'> <Ports = 2> <Width = 89> <Depth = 8> <RAM>
ST_3 : Operation 51 [1/1] (0.00ns)   --->   "%br_ln184 = br void %for.inc.i.i" [calorimeter.cpp:184->calorimeter.cpp:14->calorimeter.cpp:201]   --->   Operation 51 'br' 'br_ln184' <Predicate = (top_clusters_valid_load)> <Delay = 0.00>


============================================================
+ Verbose Summary: Timing violations
============================================================
Target clock period: 25.000ns, clock uncertainty: 6.750ns.

 <State 1>: 1.825ns
The critical path consists of the following:
	'store' operation 0 bit ('store_ln156', calorimeter.cpp:156->calorimeter.cpp:14->calorimeter.cpp:201) of constant 0 on local variable 'i', calorimeter.cpp:156->calorimeter.cpp:14->calorimeter.cpp:201 [10]  (0.387 ns)
	'load' operation 4 bit ('i', calorimeter.cpp:156->calorimeter.cpp:14->calorimeter.cpp:201) on local variable 'i', calorimeter.cpp:156->calorimeter.cpp:14->calorimeter.cpp:201 [13]  (0.000 ns)
	'icmp' operation 1 bit ('icmp_ln156', calorimeter.cpp:156->calorimeter.cpp:14->calorimeter.cpp:201) [14]  (0.708 ns)
	'store' operation 0 bit ('store_ln163', calorimeter.cpp:163->calorimeter.cpp:14->calorimeter.cpp:201) of constant 0 on array 'objects' [23]  (0.730 ns)

 <State 2>: 0.699ns
The critical path consists of the following:
	'getelementptr' operation 3 bit ('top_clusters_isolation_et_addr', calorimeter.cpp:170->calorimeter.cpp:14->calorimeter.cpp:201) [31]  (0.000 ns)
	'load' operation 18 bit ('top_clusters_isolation_et_load', calorimeter.cpp:170->calorimeter.cpp:14->calorimeter.cpp:201) on array 'top_clusters_isolation_et' [32]  (0.699 ns)

 <State 3>: 2.083ns
The critical path consists of the following:
	'load' operation 2 bit ('top_clusters_window_size_load', calorimeter.cpp:173->calorimeter.cpp:14->calorimeter.cpp:201) on array 'top_clusters_window_size' [40]  (0.639 ns)
	'icmp' operation 1 bit ('icmp_ln177', calorimeter.cpp:177->calorimeter.cpp:14->calorimeter.cpp:201) [42]  (0.436 ns)
	'select' operation 2 bit ('select_ln177', calorimeter.cpp:177->calorimeter.cpp:14->calorimeter.cpp:201) [43]  (0.278 ns)
	'store' operation 0 bit ('store_ln183', calorimeter.cpp:183->calorimeter.cpp:14->calorimeter.cpp:201) of variable 'or_ln1', calorimeter.cpp:183->calorimeter.cpp:14->calorimeter.cpp:201 on array 'objects' [47]  (0.730 ns)


============================================================
+ Verbose Summary: Binding
============================================================
N/A
* FSMD analyzer results:
  - Output states:
 - Input state : 
  - Chain level:
	State 1
	State 2
	State 3


============================================================
+ Verbose Summary: Datapath Resource usage 
============================================================
N/A
