

================================================================
== Vitis HLS Report for 'select_top_n_Pipeline_VITIS_LOOP_108_1'
================================================================
* Date:           Tue May 12 15:59:06 2026

* Version:        2024.1 (Build 5069499 on May 21 2024)
* Project:        calorimeter
* Solution:       solution1 (Vivado IP Flow Target)
* Product family: virtexuplus
* Target device:  xcvu13p-fsga2577-2-e


================================================================
== Performance Estimates
================================================================
+ Timing: 
    * Summary: 
    +--------+----------+----------+------------+
    |  Clock |  Target  | Estimated| Uncertainty|
    +--------+----------+----------+------------+
    |ap_clk  |  25.00 ns|  1.794 ns|     6.75 ns|
    +--------+----------+----------+------------+

+ Latency: 
    * Summary: 
    +---------+---------+----------+----------+-----+-----+-----------------------------------------------+
    |  Latency (cycles) |  Latency (absolute) |  Interval |                    Pipeline                   |
    |   min   |   max   |    min   |    max   | min | max |                      Type                     |
    +---------+---------+----------+----------+-----+-----+-----------------------------------------------+
    |       10|       10|  0.250 us|  0.250 us|    9|    9|  loop auto-rewind stp(delay=0 clock cycles(s))|
    +---------+---------+----------+----------+-----+-----+-----------------------------------------------+

    + Detail: 
        * Instance: 
        N/A

        * Loop: 
        +--------------------+---------+---------+----------+-----------+-----------+------+----------+
        |                    |  Latency (cycles) | Iteration|  Initiation Interval  | Trip |          |
        |      Loop Name     |   min   |   max   |  Latency |  achieved |   target  | Count| Pipelined|
        +--------------------+---------+---------+----------+-----------+-----------+------+----------+
        |- VITIS_LOOP_108_1  |        8|        8|         1|          1|          1|     8|       yes|
        +--------------------+---------+---------+----------+-----------+-----------+------+----------+

============================================================
+ Verbose Summary: Synthesis Manager
============================================================
InlineROM: 1
ExposeGlobal: 0
============================================================
+ Verbose Summary: CDFG Model
============================================================
IsTopModel: 0
ResetActiveHigh: 1
IsCombinational: 0
IsDatapathOnly: 0
HasWiredReturn: 1
HasMFsm: 2
HasVarLatency: 1
IsPipeline: 0
IsRtlPipelined: 0
IsInstanceOverlapped: 0
IsDontTouch: 0
HasImplIP: 0
IsGatedGlobalClock: 0

+ Individual pipeline summary: 
  * Pipeline-0: initiation interval (II) = 1, depth = 1


============================================================
+ Verbose Summary: Schedule
============================================================
* Number of FSM states : 1
* Pipeline : 1
  Pipeline-0 : II = 1, D = 1, States = { 1 }
* Dataflow Pipeline: 0

* FSM state transitions: 
1 --> 

* FSM state operations: 

State 1 <SV = 0> <Delay = 1.79>
ST_1 : Operation 4 [1/1] (0.00ns)   --->   "%i = alloca i32 1" [calorimeter.cpp:108]   --->   Operation 4 'alloca' 'i' <Predicate = true> <Delay = 0.00>
ST_1 : Operation 5 [1/1] (0.38ns)   --->   "%store_ln108 = store i4 0, i4 %i" [calorimeter.cpp:108]   --->   Operation 5 'store' 'store_ln108' <Predicate = true> <Delay = 0.38>
ST_1 : Operation 6 [1/1] (0.00ns)   --->   "%br_ln0 = br void %for.inc"   --->   Operation 6 'br' 'br_ln0' <Predicate = true> <Delay = 0.00>
ST_1 : Operation 7 [1/1] (0.00ns)   --->   "%i_1 = load i4 %i" [calorimeter.cpp:108]   --->   Operation 7 'load' 'i_1' <Predicate = true> <Delay = 0.00>
ST_1 : Operation 8 [1/1] (0.70ns)   --->   "%icmp_ln108 = icmp_eq  i4 %i_1, i4 8" [calorimeter.cpp:108]   --->   Operation 8 'icmp' 'icmp_ln108' <Predicate = true> <Delay = 0.70> <CoreInst = "Cmp">   --->   Core 9 'Cmp' <Latency = 0> <II = 1> <Delay = 0.70> <FuncUnit> <Opcode : 'seteq' 'setne' 'setle' 'setge' 'setlt' 'setgt'> <InPorts = 2> <OutPorts = 1>
ST_1 : Operation 9 [1/1] (0.70ns)   --->   "%add_ln108 = add i4 %i_1, i4 1" [calorimeter.cpp:108]   --->   Operation 9 'add' 'add_ln108' <Predicate = true> <Delay = 0.70> <CoreInst = "Adder">   --->   Core 1 'Adder' <Latency = 0> <II = 1> <Delay = 0.70> <FuncUnit> <Opcode : 'add' 'sub'> <InPorts = 2> <OutPorts = 1>
ST_1 : Operation 10 [1/1] (0.00ns)   --->   "%br_ln108 = br i1 %icmp_ln108, void %for.inc.split, void %for.body22.preheader.exitStub" [calorimeter.cpp:108]   --->   Operation 10 'br' 'br_ln108' <Predicate = true> <Delay = 0.00>
ST_1 : Operation 11 [1/1] (0.00ns)   --->   "%zext_ln108 = zext i4 %i_1" [calorimeter.cpp:108]   --->   Operation 11 'zext' 'zext_ln108' <Predicate = (!icmp_ln108)> <Delay = 0.00>
ST_1 : Operation 12 [1/1] (0.00ns)   --->   "%specpipeline_ln108 = specpipeline void @_ssdm_op_SpecPipeline, i32 4294967295, i32 0, i32 0, i32 0, void @empty_0" [calorimeter.cpp:108]   --->   Operation 12 'specpipeline' 'specpipeline_ln108' <Predicate = (!icmp_ln108)> <Delay = 0.00>
ST_1 : Operation 13 [1/1] (0.00ns)   --->   "%speclooptripcount_ln108 = speclooptripcount void @_ssdm_op_SpecLoopTripCount, i64 8, i64 8, i64 8" [calorimeter.cpp:108]   --->   Operation 13 'speclooptripcount' 'speclooptripcount_ln108' <Predicate = (!icmp_ln108)> <Delay = 0.00>
ST_1 : Operation 14 [1/1] (0.00ns)   --->   "%specloopname_ln108 = specloopname void @_ssdm_op_SpecLoopName, void @empty_7" [calorimeter.cpp:108]   --->   Operation 14 'specloopname' 'specloopname_ln108' <Predicate = (!icmp_ln108)> <Delay = 0.00>
ST_1 : Operation 15 [1/1] (0.00ns)   --->   "%top_clusters_et_addr = getelementptr i16 %top_clusters_et, i64 0, i64 %zext_ln108" [calorimeter.cpp:109]   --->   Operation 15 'getelementptr' 'top_clusters_et_addr' <Predicate = (!icmp_ln108)> <Delay = 0.00>
ST_1 : Operation 16 [1/1] (0.68ns)   --->   "%store_ln109 = store i16 0, i3 %top_clusters_et_addr" [calorimeter.cpp:109]   --->   Operation 16 'store' 'store_ln109' <Predicate = (!icmp_ln108)> <Delay = 0.68> <CoreInst = "RAM">   --->   Core 82 'RAM' <Latency = 1> <II = 1> <Delay = 0.68> <Storage> <Opcode : 'load' 'store'> <Ports = 2> <Width = 16> <Depth = 8> <RAM>
ST_1 : Operation 17 [1/1] (0.00ns)   --->   "%top_clusters_isolation_et_addr = getelementptr i18 %top_clusters_isolation_et, i64 0, i64 %zext_ln108" [calorimeter.cpp:110]   --->   Operation 17 'getelementptr' 'top_clusters_isolation_et_addr' <Predicate = (!icmp_ln108)> <Delay = 0.00>
ST_1 : Operation 18 [1/1] (0.69ns)   --->   "%store_ln110 = store i18 0, i3 %top_clusters_isolation_et_addr" [calorimeter.cpp:110]   --->   Operation 18 'store' 'store_ln110' <Predicate = (!icmp_ln108)> <Delay = 0.69> <CoreInst = "RAM">   --->   Core 82 'RAM' <Latency = 1> <II = 1> <Delay = 0.69> <Storage> <Opcode : 'load' 'store'> <Ports = 2> <Width = 18> <Depth = 8> <RAM>
ST_1 : Operation 19 [1/1] (0.00ns)   --->   "%top_clusters_eta_addr = getelementptr i5 %top_clusters_eta, i64 0, i64 %zext_ln108" [calorimeter.cpp:111]   --->   Operation 19 'getelementptr' 'top_clusters_eta_addr' <Predicate = (!icmp_ln108)> <Delay = 0.00>
ST_1 : Operation 20 [1/1] (0.66ns)   --->   "%store_ln111 = store i5 0, i3 %top_clusters_eta_addr" [calorimeter.cpp:111]   --->   Operation 20 'store' 'store_ln111' <Predicate = (!icmp_ln108)> <Delay = 0.66> <CoreInst = "RAM">   --->   Core 82 'RAM' <Latency = 1> <II = 1> <Delay = 0.66> <Storage> <Opcode : 'load' 'store'> <Ports = 2> <Width = 5> <Depth = 8> <RAM>
ST_1 : Operation 21 [1/1] (0.00ns)   --->   "%top_clusters_phi_addr = getelementptr i6 %top_clusters_phi, i64 0, i64 %zext_ln108" [calorimeter.cpp:112]   --->   Operation 21 'getelementptr' 'top_clusters_phi_addr' <Predicate = (!icmp_ln108)> <Delay = 0.00>
ST_1 : Operation 22 [1/1] (0.66ns)   --->   "%store_ln112 = store i6 0, i3 %top_clusters_phi_addr" [calorimeter.cpp:112]   --->   Operation 22 'store' 'store_ln112' <Predicate = (!icmp_ln108)> <Delay = 0.66> <CoreInst = "RAM">   --->   Core 82 'RAM' <Latency = 1> <II = 1> <Delay = 0.66> <Storage> <Opcode : 'load' 'store'> <Ports = 2> <Width = 6> <Depth = 8> <RAM>
ST_1 : Operation 23 [1/1] (0.00ns)   --->   "%top_clusters_window_size_addr = getelementptr i2 %top_clusters_window_size, i64 0, i64 %zext_ln108" [calorimeter.cpp:113]   --->   Operation 23 'getelementptr' 'top_clusters_window_size_addr' <Predicate = (!icmp_ln108)> <Delay = 0.00>
ST_1 : Operation 24 [1/1] (0.63ns)   --->   "%store_ln113 = store i2 0, i3 %top_clusters_window_size_addr" [calorimeter.cpp:113]   --->   Operation 24 'store' 'store_ln113' <Predicate = (!icmp_ln108)> <Delay = 0.63> <CoreInst = "RAM">   --->   Core 82 'RAM' <Latency = 1> <II = 1> <Delay = 0.63> <Storage> <Opcode : 'load' 'store'> <Ports = 2> <Width = 2> <Depth = 8> <RAM>
ST_1 : Operation 25 [1/1] (0.00ns)   --->   "%top_clusters_iso_outer_size_addr = getelementptr i3 %top_clusters_iso_outer_size, i64 0, i64 %zext_ln108" [calorimeter.cpp:114]   --->   Operation 25 'getelementptr' 'top_clusters_iso_outer_size_addr' <Predicate = (!icmp_ln108)> <Delay = 0.00>
ST_1 : Operation 26 [1/1] (0.65ns)   --->   "%store_ln114 = store i3 0, i3 %top_clusters_iso_outer_size_addr" [calorimeter.cpp:114]   --->   Operation 26 'store' 'store_ln114' <Predicate = (!icmp_ln108)> <Delay = 0.65> <CoreInst = "RAM">   --->   Core 82 'RAM' <Latency = 1> <II = 1> <Delay = 0.65> <Storage> <Opcode : 'load' 'store'> <Ports = 2> <Width = 3> <Depth = 8> <RAM>
ST_1 : Operation 27 [1/1] (0.00ns)   --->   "%top_clusters_valid_addr = getelementptr i1 %top_clusters_valid, i64 0, i64 %zext_ln108" [calorimeter.cpp:115]   --->   Operation 27 'getelementptr' 'top_clusters_valid_addr' <Predicate = (!icmp_ln108)> <Delay = 0.00>
ST_1 : Operation 28 [1/1] (0.63ns)   --->   "%store_ln115 = store i1 0, i3 %top_clusters_valid_addr" [calorimeter.cpp:115]   --->   Operation 28 'store' 'store_ln115' <Predicate = (!icmp_ln108)> <Delay = 0.63> <CoreInst = "RAM">   --->   Core 82 'RAM' <Latency = 1> <II = 1> <Delay = 0.63> <Storage> <Opcode : 'load' 'store'> <Ports = 2> <Width = 1> <Depth = 8> <RAM>
ST_1 : Operation 29 [1/1] (0.38ns)   --->   "%store_ln108 = store i4 %add_ln108, i4 %i" [calorimeter.cpp:108]   --->   Operation 29 'store' 'store_ln108' <Predicate = (!icmp_ln108)> <Delay = 0.38>
ST_1 : Operation 30 [1/1] (0.00ns)   --->   "%br_ln108 = br void %for.inc" [calorimeter.cpp:108]   --->   Operation 30 'br' 'br_ln108' <Predicate = (!icmp_ln108)> <Delay = 0.00>
ST_1 : Operation 31 [1/1] (0.38ns)   --->   "%ret_ln0 = ret"   --->   Operation 31 'ret' 'ret_ln0' <Predicate = (icmp_ln108)> <Delay = 0.38>


============================================================
+ Verbose Summary: Timing violations
============================================================
Target clock period: 25.000ns, clock uncertainty: 6.750ns.

 <State 1>: 1.794ns
The critical path consists of the following:
	'store' operation 0 bit ('store_ln108', calorimeter.cpp:108) of constant 0 on local variable 'i', calorimeter.cpp:108 [9]  (0.387 ns)
	'load' operation 4 bit ('i', calorimeter.cpp:108) on local variable 'i', calorimeter.cpp:108 [12]  (0.000 ns)
	'icmp' operation 1 bit ('icmp_ln108', calorimeter.cpp:108) [13]  (0.708 ns)
	'store' operation 0 bit ('store_ln110', calorimeter.cpp:110) of constant 0 on array 'top_clusters_isolation_et' [24]  (0.699 ns)


============================================================
+ Verbose Summary: Binding
============================================================
N/A
* FSMD analyzer results:
  - Output states:
 - Input state : 
  - Chain level:
	State 1


============================================================
+ Verbose Summary: Datapath Resource usage 
============================================================
N/A
