

================================================================
== Vitis HLS Report for 'select_top_n'
================================================================
* Date:           Tue May 12 15:59:06 2026

* Version:        2024.1 (Build 5069499 on May 21 2024)
* Project:        calorimeter
* Solution:       solution1 (Vivado IP Flow Target)
* Product family: virtexuplus
* Target device:  xcvu13p-fsga2577-2-e


================================================================
== Performance Estimates
================================================================
+ Timing: 
    * Summary: 
    +--------+----------+----------+------------+
    |  Clock |  Target  | Estimated| Uncertainty|
    +--------+----------+----------+------------+
    |ap_clk  |  25.00 ns|  1.794 ns|     6.75 ns|
    +--------+----------+----------+------------+

+ Latency: 
    * Summary: 
    +---------+---------+-----------+----------+------+--------+---------+
    |  Latency (cycles) |  Latency (absolute)  |    Interval   | Pipeline|
    |   min   |   max   |    min    |    max   |  min |   max  |   Type  |
    +---------+---------+-----------+----------+------+--------+---------+
    |     3612|   113412|  90.300 us|  2.835 ms|  3612|  113412|       no|
    +---------+---------+-----------+----------+------+--------+---------+

    + Detail: 
        * Instance: 
        +---------------------------------------------------+----------------------------------------+---------+---------+-----------+----------+-----+-----+-----------------------------------------------+
        |                                                   |                                        |  Latency (cycles) |  Latency (absolute)  |  Interval |                    Pipeline                   |
        |                      Instance                     |                 Module                 |   min   |   max   |    min    |    max   | min | max |                      Type                     |
        +---------------------------------------------------+----------------------------------------+---------+---------+-----------+----------+-----+-----+-----------------------------------------------+
        |grp_select_top_n_Pipeline_VITIS_LOOP_108_1_fu_267  |select_top_n_Pipeline_VITIS_LOOP_108_1  |       10|       10|   0.250 us|  0.250 us|    9|    9|  loop auto-rewind stp(delay=0 clock cycles(s))|
        |grp_select_top_n_Pipeline_VITIS_LOOP_128_3_fu_285  |select_top_n_Pipeline_VITIS_LOOP_128_3  |        6|       47|   0.150 us|  1.175 us|    6|   47|                                             no|
        |grp_select_top_n_Pipeline_VITIS_LOOP_131_4_fu_305  |select_top_n_Pipeline_VITIS_LOOP_131_4  |        2|        9|  50.000 ns|  0.225 us|    1|    8|  loop auto-rewind stp(delay=0 clock cycles(s))|
        +---------------------------------------------------+----------------------------------------+---------+---------+-----------+----------+-----+-----+-----------------------------------------------+

        * Loop: 
        +--------------------+---------+---------+----------+-----------+-----------+------+----------+
        |                    |  Latency (cycles) | Iteration|  Initiation Interval  | Trip |          |
        |      Loop Name     |   min   |   max   |  Latency |  achieved |   target  | Count| Pipelined|
        +--------------------+---------+---------+----------+-----------+-----------+------+----------+
        |- VITIS_LOOP_118_2  |     3600|   113400|    2 ~ 63|          -|          -|  1800|        no|
        +--------------------+---------+---------+----------+-----------+-----------+------+----------+

============================================================
+ Verbose Summary: Synthesis Manager
============================================================
InlineROM: 1
ExposeGlobal: 0
============================================================
+ Verbose Summary: CDFG Model
============================================================
IsTopModel: 0
ResetActiveHigh: 1
IsCombinational: 0
IsDatapathOnly: 0
HasWiredReturn: 1
HasMFsm: 0
HasVarLatency: 1
IsPipeline: 0
IsRtlPipelined: 0
IsInstanceOverlapped: 0
IsDontTouch: 0
HasImplIP: 0
IsGatedGlobalClock: 0


============================================================
+ Verbose Summary: Schedule
============================================================
* Number of FSM states : 9
* Pipeline : 0
* Dataflow Pipeline: 0

* FSM state transitions: 
1 --> 2 
2 --> 3 
3 --> 4 9 
4 --> 5 9 
5 --> 6 
6 --> 7 
7 --> 8 9 
8 --> 9 
9 --> 3 

* FSM state operations: 

State 1 <SV = 0> <Delay = 0.38>
ST_1 : Operation 10 [1/1] (0.00ns)   --->   "%i_1 = alloca i32 1" [calorimeter.cpp:118]   --->   Operation 10 'alloca' 'i_1' <Predicate = true> <Delay = 0.00>
ST_1 : Operation 11 [1/1] (0.00ns)   --->   "%zext_ln128_loc = alloca i64 1"   --->   Operation 11 'alloca' 'zext_ln128_loc' <Predicate = true> <Delay = 0.00>
ST_1 : Operation 12 [1/1] (0.00ns)   --->   "%j_loc = alloca i64 1"   --->   Operation 12 'alloca' 'j_loc' <Predicate = true> <Delay = 0.00>
ST_1 : Operation 13 [2/2] (0.00ns)   --->   "%call_ln0 = call void @select_top_n_Pipeline_VITIS_LOOP_108_1, i16 %top_clusters_et, i18 %top_clusters_isolation_et, i5 %top_clusters_eta, i6 %top_clusters_phi, i2 %top_clusters_window_size, i3 %top_clusters_iso_outer_size, i1 %top_clusters_valid"   --->   Operation 13 'call' 'call_ln0' <Predicate = true> <Delay = 0.00> <CoreType = "Generic">   --->   Core 0 '' <Latency = 0> <II = 1> <Delay = 1.00> <Generic> <Opcode : >
ST_1 : Operation 14 [1/1] (0.38ns)   --->   "%store_ln118 = store i11 0, i11 %i_1" [calorimeter.cpp:118]   --->   Operation 14 'store' 'store_ln118' <Predicate = true> <Delay = 0.38>

State 2 <SV = 1> <Delay = 1.48>
ST_2 : Operation 15 [1/1] (0.00ns)   --->   "%num_clusters_read = read i32 @_ssdm_op_Read.ap_auto.i32, i32 %num_clusters"   --->   Operation 15 'read' 'num_clusters_read' <Predicate = true> <Delay = 0.00>
ST_2 : Operation 16 [1/2] (1.48ns)   --->   "%call_ln0 = call void @select_top_n_Pipeline_VITIS_LOOP_108_1, i16 %top_clusters_et, i18 %top_clusters_isolation_et, i5 %top_clusters_eta, i6 %top_clusters_phi, i2 %top_clusters_window_size, i3 %top_clusters_iso_outer_size, i1 %top_clusters_valid"   --->   Operation 16 'call' 'call_ln0' <Predicate = true> <Delay = 1.48> <CoreType = "Generic">   --->   Core 0 '' <Latency = 0> <II = 1> <Delay = 1.00> <Generic> <Opcode : >
ST_2 : Operation 17 [1/1] (0.00ns)   --->   "%br_ln118 = br void %for.body22" [calorimeter.cpp:118]   --->   Operation 17 'br' 'br_ln118' <Predicate = true> <Delay = 0.00>

State 3 <SV = 2> <Delay = 1.17>
ST_3 : Operation 18 [1/1] (0.00ns)   --->   "%i = load i11 %i_1" [calorimeter.cpp:118]   --->   Operation 18 'load' 'i' <Predicate = true> <Delay = 0.00>
ST_3 : Operation 19 [1/1] (0.73ns)   --->   "%icmp_ln118 = icmp_eq  i11 %i, i11 1800" [calorimeter.cpp:118]   --->   Operation 19 'icmp' 'icmp_ln118' <Predicate = true> <Delay = 0.73> <CoreInst = "Cmp">   --->   Core 9 'Cmp' <Latency = 0> <II = 1> <Delay = 0.73> <FuncUnit> <Opcode : 'seteq' 'setne' 'setle' 'setge' 'setlt' 'setgt'> <InPorts = 2> <OutPorts = 1>
ST_3 : Operation 20 [1/1] (0.73ns)   --->   "%add_ln118 = add i11 %i, i11 1" [calorimeter.cpp:118]   --->   Operation 20 'add' 'add_ln118' <Predicate = true> <Delay = 0.73> <CoreInst = "Adder">   --->   Core 1 'Adder' <Latency = 0> <II = 1> <Delay = 0.73> <FuncUnit> <Opcode : 'add' 'sub'> <InPorts = 2> <OutPorts = 1>
ST_3 : Operation 21 [1/1] (0.00ns)   --->   "%br_ln118 = br i1 %icmp_ln118, void %for.body22.split, void %for.end60" [calorimeter.cpp:118]   --->   Operation 21 'br' 'br_ln118' <Predicate = true> <Delay = 0.00>
ST_3 : Operation 22 [1/1] (0.00ns)   --->   "%zext_ln118 = zext i11 %i" [calorimeter.cpp:118]   --->   Operation 22 'zext' 'zext_ln118' <Predicate = (!icmp_ln118)> <Delay = 0.00>
ST_3 : Operation 23 [1/1] (0.00ns)   --->   "%zext_ln118_1 = zext i11 %i" [calorimeter.cpp:118]   --->   Operation 23 'zext' 'zext_ln118_1' <Predicate = (!icmp_ln118)> <Delay = 0.00>
ST_3 : Operation 24 [1/1] (0.00ns)   --->   "%speclooptripcount_ln118 = speclooptripcount void @_ssdm_op_SpecLoopTripCount, i64 1800, i64 1800, i64 1800" [calorimeter.cpp:118]   --->   Operation 24 'speclooptripcount' 'speclooptripcount_ln118' <Predicate = (!icmp_ln118)> <Delay = 0.00>
ST_3 : Operation 25 [1/1] (0.00ns)   --->   "%specloopname_ln118 = specloopname void @_ssdm_op_SpecLoopName, void @empty_6" [calorimeter.cpp:118]   --->   Operation 25 'specloopname' 'specloopname_ln118' <Predicate = (!icmp_ln118)> <Delay = 0.00>
ST_3 : Operation 26 [1/1] (0.88ns)   --->   "%icmp_ln119 = icmp_slt  i32 %zext_ln118_1, i32 %num_clusters_read" [calorimeter.cpp:119]   --->   Operation 26 'icmp' 'icmp_ln119' <Predicate = (!icmp_ln118)> <Delay = 0.88> <CoreInst = "Cmp">   --->   Core 9 'Cmp' <Latency = 0> <II = 1> <Delay = 0.88> <FuncUnit> <Opcode : 'seteq' 'setne' 'setle' 'setge' 'setlt' 'setgt'> <InPorts = 2> <OutPorts = 1>
ST_3 : Operation 27 [1/1] (0.00ns)   --->   "%br_ln119 = br i1 %icmp_ln119, void %for.inc57, void %if.end" [calorimeter.cpp:119]   --->   Operation 27 'br' 'br_ln119' <Predicate = (!icmp_ln118)> <Delay = 0.00>
ST_3 : Operation 28 [1/1] (0.00ns)   --->   "%clusters_valid_addr = getelementptr i1 %clusters_valid, i64 0, i64 %zext_ln118" [calorimeter.cpp:122]   --->   Operation 28 'getelementptr' 'clusters_valid_addr' <Predicate = (!icmp_ln118 & icmp_ln119)> <Delay = 0.00>
ST_3 : Operation 29 [2/2] (1.17ns)   --->   "%clusters_valid_load = load i11 %clusters_valid_addr" [calorimeter.cpp:122]   --->   Operation 29 'load' 'clusters_valid_load' <Predicate = (!icmp_ln118 & icmp_ln119)> <Delay = 1.17> <CoreInst = "RAM">   --->   Core 82 'RAM' <Latency = 1> <II = 1> <Delay = 1.17> <Storage> <Opcode : 'load' 'store'> <Ports = 2> <Width = 1> <Depth = 1800> <RAM>
ST_3 : Operation 30 [1/1] (0.00ns)   --->   "%ret_ln139 = ret" [calorimeter.cpp:139]   --->   Operation 30 'ret' 'ret_ln139' <Predicate = (icmp_ln118)> <Delay = 0.00>

State 4 <SV = 3> <Delay = 1.20>
ST_4 : Operation 31 [1/2] (1.17ns)   --->   "%clusters_valid_load = load i11 %clusters_valid_addr" [calorimeter.cpp:122]   --->   Operation 31 'load' 'clusters_valid_load' <Predicate = true> <Delay = 1.17> <CoreInst = "RAM">   --->   Core 82 'RAM' <Latency = 1> <II = 1> <Delay = 1.17> <Storage> <Opcode : 'load' 'store'> <Ports = 2> <Width = 1> <Depth = 1800> <RAM>
ST_4 : Operation 32 [1/1] (0.00ns)   --->   "%br_ln122 = br i1 %clusters_valid_load, void %for.inc57, void %VITIS_LOOP_128_3" [calorimeter.cpp:122]   --->   Operation 32 'br' 'br_ln122' <Predicate = true> <Delay = 0.00>
ST_4 : Operation 33 [1/1] (0.00ns)   --->   "%clusters_et_addr = getelementptr i16 %clusters_et, i64 0, i64 %zext_ln118" [calorimeter.cpp:126]   --->   Operation 33 'getelementptr' 'clusters_et_addr' <Predicate = (clusters_valid_load)> <Delay = 0.00>
ST_4 : Operation 34 [1/1] (0.00ns)   --->   "%clusters_isolation_et_addr = getelementptr i18 %clusters_isolation_et, i64 0, i64 %zext_ln118" [calorimeter.cpp:126]   --->   Operation 34 'getelementptr' 'clusters_isolation_et_addr' <Predicate = (clusters_valid_load)> <Delay = 0.00>
ST_4 : Operation 35 [1/1] (0.00ns)   --->   "%clusters_eta_addr = getelementptr i5 %clusters_eta, i64 0, i64 %zext_ln118" [calorimeter.cpp:126]   --->   Operation 35 'getelementptr' 'clusters_eta_addr' <Predicate = (clusters_valid_load)> <Delay = 0.00>
ST_4 : Operation 36 [1/1] (0.00ns)   --->   "%clusters_phi_addr = getelementptr i6 %clusters_phi, i64 0, i64 %zext_ln118" [calorimeter.cpp:126]   --->   Operation 36 'getelementptr' 'clusters_phi_addr' <Predicate = (clusters_valid_load)> <Delay = 0.00>
ST_4 : Operation 37 [1/1] (0.00ns)   --->   "%clusters_window_size_addr = getelementptr i1 %clusters_window_size, i64 0, i64 %zext_ln118" [calorimeter.cpp:126]   --->   Operation 37 'getelementptr' 'clusters_window_size_addr' <Predicate = (clusters_valid_load)> <Delay = 0.00>
ST_4 : Operation 38 [1/1] (0.00ns)   --->   "%clusters_iso_outer_size_addr = getelementptr i3 %clusters_iso_outer_size, i64 0, i64 %zext_ln118" [calorimeter.cpp:126]   --->   Operation 38 'getelementptr' 'clusters_iso_outer_size_addr' <Predicate = (clusters_valid_load)> <Delay = 0.00>
ST_4 : Operation 39 [2/2] (1.20ns)   --->   "%candidate_et = load i11 %clusters_et_addr" [calorimeter.cpp:126]   --->   Operation 39 'load' 'candidate_et' <Predicate = (clusters_valid_load)> <Delay = 1.20> <CoreInst = "RAM">   --->   Core 82 'RAM' <Latency = 1> <II = 1> <Delay = 1.20> <Storage> <Opcode : 'load' 'store'> <Ports = 2> <Width = 16> <Depth = 1800> <RAM>
ST_4 : Operation 40 [2/2] (1.20ns)   --->   "%candidate_isolation_et = load i11 %clusters_isolation_et_addr" [calorimeter.cpp:126]   --->   Operation 40 'load' 'candidate_isolation_et' <Predicate = (clusters_valid_load)> <Delay = 1.20> <CoreInst = "RAM">   --->   Core 82 'RAM' <Latency = 1> <II = 1> <Delay = 1.20> <Storage> <Opcode : 'load' 'store'> <Ports = 2> <Width = 18> <Depth = 1800> <RAM>
ST_4 : Operation 41 [2/2] (1.17ns)   --->   "%candidate_eta = load i11 %clusters_eta_addr" [calorimeter.cpp:126]   --->   Operation 41 'load' 'candidate_eta' <Predicate = (clusters_valid_load)> <Delay = 1.17> <CoreInst = "RAM">   --->   Core 82 'RAM' <Latency = 1> <II = 1> <Delay = 1.17> <Storage> <Opcode : 'load' 'store'> <Ports = 2> <Width = 5> <Depth = 1800> <RAM>
ST_4 : Operation 42 [2/2] (1.17ns)   --->   "%candidate_phi = load i11 %clusters_phi_addr" [calorimeter.cpp:126]   --->   Operation 42 'load' 'candidate_phi' <Predicate = (clusters_valid_load)> <Delay = 1.17> <CoreInst = "RAM">   --->   Core 82 'RAM' <Latency = 1> <II = 1> <Delay = 1.17> <Storage> <Opcode : 'load' 'store'> <Ports = 2> <Width = 6> <Depth = 1800> <RAM>
ST_4 : Operation 43 [2/2] (1.17ns)   --->   "%candidate_window_size = load i11 %clusters_window_size_addr" [calorimeter.cpp:126]   --->   Operation 43 'load' 'candidate_window_size' <Predicate = (clusters_valid_load)> <Delay = 1.17> <CoreInst = "RAM">   --->   Core 82 'RAM' <Latency = 1> <II = 1> <Delay = 1.17> <Storage> <Opcode : 'load' 'store'> <Ports = 2> <Width = 1> <Depth = 1800> <RAM>
ST_4 : Operation 44 [2/2] (1.17ns)   --->   "%candidate_iso_outer_size = load i11 %clusters_iso_outer_size_addr" [calorimeter.cpp:126]   --->   Operation 44 'load' 'candidate_iso_outer_size' <Predicate = (clusters_valid_load)> <Delay = 1.17> <CoreInst = "RAM">   --->   Core 82 'RAM' <Latency = 1> <II = 1> <Delay = 1.17> <Storage> <Opcode : 'load' 'store'> <Ports = 2> <Width = 3> <Depth = 1800> <RAM>

State 5 <SV = 4> <Delay = 1.20>
ST_5 : Operation 45 [1/2] (1.20ns)   --->   "%candidate_et = load i11 %clusters_et_addr" [calorimeter.cpp:126]   --->   Operation 45 'load' 'candidate_et' <Predicate = true> <Delay = 1.20> <CoreInst = "RAM">   --->   Core 82 'RAM' <Latency = 1> <II = 1> <Delay = 1.20> <Storage> <Opcode : 'load' 'store'> <Ports = 2> <Width = 16> <Depth = 1800> <RAM>
ST_5 : Operation 46 [1/2] (1.20ns)   --->   "%candidate_isolation_et = load i11 %clusters_isolation_et_addr" [calorimeter.cpp:126]   --->   Operation 46 'load' 'candidate_isolation_et' <Predicate = true> <Delay = 1.20> <CoreInst = "RAM">   --->   Core 82 'RAM' <Latency = 1> <II = 1> <Delay = 1.20> <Storage> <Opcode : 'load' 'store'> <Ports = 2> <Width = 18> <Depth = 1800> <RAM>
ST_5 : Operation 47 [1/2] (1.17ns)   --->   "%candidate_eta = load i11 %clusters_eta_addr" [calorimeter.cpp:126]   --->   Operation 47 'load' 'candidate_eta' <Predicate = true> <Delay = 1.17> <CoreInst = "RAM">   --->   Core 82 'RAM' <Latency = 1> <II = 1> <Delay = 1.17> <Storage> <Opcode : 'load' 'store'> <Ports = 2> <Width = 5> <Depth = 1800> <RAM>
ST_5 : Operation 48 [1/2] (1.17ns)   --->   "%candidate_phi = load i11 %clusters_phi_addr" [calorimeter.cpp:126]   --->   Operation 48 'load' 'candidate_phi' <Predicate = true> <Delay = 1.17> <CoreInst = "RAM">   --->   Core 82 'RAM' <Latency = 1> <II = 1> <Delay = 1.17> <Storage> <Opcode : 'load' 'store'> <Ports = 2> <Width = 6> <Depth = 1800> <RAM>
ST_5 : Operation 49 [1/2] (1.17ns)   --->   "%candidate_window_size = load i11 %clusters_window_size_addr" [calorimeter.cpp:126]   --->   Operation 49 'load' 'candidate_window_size' <Predicate = true> <Delay = 1.17> <CoreInst = "RAM">   --->   Core 82 'RAM' <Latency = 1> <II = 1> <Delay = 1.17> <Storage> <Opcode : 'load' 'store'> <Ports = 2> <Width = 1> <Depth = 1800> <RAM>
ST_5 : Operation 50 [1/2] (1.17ns)   --->   "%candidate_iso_outer_size = load i11 %clusters_iso_outer_size_addr" [calorimeter.cpp:126]   --->   Operation 50 'load' 'candidate_iso_outer_size' <Predicate = true> <Delay = 1.17> <CoreInst = "RAM">   --->   Core 82 'RAM' <Latency = 1> <II = 1> <Delay = 1.17> <Storage> <Opcode : 'load' 'store'> <Ports = 2> <Width = 3> <Depth = 1800> <RAM>
ST_5 : Operation 51 [2/2] (0.00ns)   --->   "%targetBlock = call i3 @select_top_n_Pipeline_VITIS_LOOP_128_3, i16 %candidate_et, i16 %top_clusters_et, i5 %top_clusters_eta, i6 %top_clusters_phi, i1 %top_clusters_valid, i5 %candidate_eta, i6 %candidate_phi, i3 %j_loc, i3 %zext_ln128_loc" [calorimeter.cpp:126]   --->   Operation 51 'call' 'targetBlock' <Predicate = true> <Delay = 0.00> <CoreType = "Generic">   --->   Core 0 '' <Latency = 0> <II = 1> <Delay = 1.00> <Generic> <Opcode : >

State 6 <SV = 5> <Delay = 1.44>
ST_6 : Operation 52 [1/2] (0.87ns)   --->   "%targetBlock = call i3 @select_top_n_Pipeline_VITIS_LOOP_128_3, i16 %candidate_et, i16 %top_clusters_et, i5 %top_clusters_eta, i6 %top_clusters_phi, i1 %top_clusters_valid, i5 %candidate_eta, i6 %candidate_phi, i3 %j_loc, i3 %zext_ln128_loc" [calorimeter.cpp:126]   --->   Operation 52 'call' 'targetBlock' <Predicate = true> <Delay = 0.87> <CoreType = "Generic">   --->   Core 0 '' <Latency = 0> <II = 1> <Delay = 1.00> <Generic> <Opcode : >
ST_6 : Operation 53 [1/1] (0.57ns)   --->   "%cond = icmp_eq  i3 %targetBlock, i3 0" [calorimeter.cpp:126]   --->   Operation 53 'icmp' 'cond' <Predicate = true> <Delay = 0.57> <CoreInst = "Cmp">   --->   Core 9 'Cmp' <Latency = 0> <II = 1> <Delay = 0.57> <FuncUnit> <Opcode : 'seteq' 'setne' 'setle' 'setge' 'setlt' 'setgt'> <InPorts = 2> <OutPorts = 1>

State 7 <SV = 6> <Delay = 0.95>
ST_7 : Operation 54 [1/1] (0.27ns)   --->   "%select_ln126 = select i1 %candidate_window_size, i2 3, i2 0" [calorimeter.cpp:126]   --->   Operation 54 'select' 'select_ln126' <Predicate = true> <Delay = 0.27> <CoreInst = "Sel">   --->   Core 73 'Sel' <Latency = 0> <II = 1> <Delay = 0.27> <FuncUnit> <Opcode : 'select'> <InPorts = 3> <OutPorts = 1>
ST_7 : Operation 55 [1/1] (0.00ns)   --->   "%j_loc_load = load i3 %j_loc" [calorimeter.cpp:129]   --->   Operation 55 'load' 'j_loc_load' <Predicate = true> <Delay = 0.00>
ST_7 : Operation 56 [1/1] (0.00ns)   --->   "%zext_ln128_loc_load = load i3 %zext_ln128_loc"   --->   Operation 56 'load' 'zext_ln128_loc_load' <Predicate = true> <Delay = 0.00>
ST_7 : Operation 57 [1/1] (0.00ns)   --->   "%zext_ln128_reload_cast = zext i3 %zext_ln128_loc_load"   --->   Operation 57 'zext' 'zext_ln128_reload_cast' <Predicate = true> <Delay = 0.00>
ST_7 : Operation 58 [1/1] (0.00ns)   --->   "%br_ln126 = br i1 %cond, void %VITIS_LOOP_131_4, void %for.end56" [calorimeter.cpp:126]   --->   Operation 58 'br' 'br_ln126' <Predicate = true> <Delay = 0.00>
ST_7 : Operation 59 [2/2] (0.95ns)   --->   "%call_ln129 = call void @select_top_n_Pipeline_VITIS_LOOP_131_4, i3 %j_loc_load, i16 %top_clusters_et, i18 %top_clusters_isolation_et, i5 %top_clusters_eta, i6 %top_clusters_phi, i2 %top_clusters_window_size, i3 %top_clusters_iso_outer_size, i1 %top_clusters_valid" [calorimeter.cpp:129]   --->   Operation 59 'call' 'call_ln129' <Predicate = (!cond)> <Delay = 0.95> <CoreType = "Generic">   --->   Core 0 '' <Latency = 0> <II = 1> <Delay = 1.00> <Generic> <Opcode : >

State 8 <SV = 7> <Delay = 1.34>
ST_8 : Operation 60 [1/2] (1.34ns)   --->   "%call_ln129 = call void @select_top_n_Pipeline_VITIS_LOOP_131_4, i3 %j_loc_load, i16 %top_clusters_et, i18 %top_clusters_isolation_et, i5 %top_clusters_eta, i6 %top_clusters_phi, i2 %top_clusters_window_size, i3 %top_clusters_iso_outer_size, i1 %top_clusters_valid" [calorimeter.cpp:129]   --->   Operation 60 'call' 'call_ln129' <Predicate = true> <Delay = 1.34> <CoreType = "Generic">   --->   Core 0 '' <Latency = 0> <II = 1> <Delay = 1.00> <Generic> <Opcode : >

State 9 <SV = 8> <Delay = 0.69>
ST_9 : Operation 61 [1/1] (0.00ns)   --->   "%top_clusters_valid_addr = getelementptr i1 %top_clusters_valid, i64 0, i64 %zext_ln128_reload_cast" [calorimeter.cpp:129]   --->   Operation 61 'getelementptr' 'top_clusters_valid_addr' <Predicate = (icmp_ln119 & clusters_valid_load & !cond)> <Delay = 0.00>
ST_9 : Operation 62 [1/1] (0.00ns)   --->   "%zext_ln128 = zext i3 %j_loc_load" [calorimeter.cpp:128]   --->   Operation 62 'zext' 'zext_ln128' <Predicate = (icmp_ln119 & clusters_valid_load & !cond)> <Delay = 0.00>
ST_9 : Operation 63 [1/1] (0.00ns)   --->   "%top_clusters_et_addr = getelementptr i16 %top_clusters_et, i64 0, i64 %zext_ln128" [calorimeter.cpp:134]   --->   Operation 63 'getelementptr' 'top_clusters_et_addr' <Predicate = (icmp_ln119 & clusters_valid_load & !cond)> <Delay = 0.00>
ST_9 : Operation 64 [1/1] (0.00ns)   --->   "%top_clusters_isolation_et_addr = getelementptr i18 %top_clusters_isolation_et, i64 0, i64 %zext_ln128" [calorimeter.cpp:134]   --->   Operation 64 'getelementptr' 'top_clusters_isolation_et_addr' <Predicate = (icmp_ln119 & clusters_valid_load & !cond)> <Delay = 0.00>
ST_9 : Operation 65 [1/1] (0.00ns)   --->   "%top_clusters_eta_addr = getelementptr i5 %top_clusters_eta, i64 0, i64 %zext_ln128" [calorimeter.cpp:134]   --->   Operation 65 'getelementptr' 'top_clusters_eta_addr' <Predicate = (icmp_ln119 & clusters_valid_load & !cond)> <Delay = 0.00>
ST_9 : Operation 66 [1/1] (0.00ns)   --->   "%top_clusters_phi_addr = getelementptr i6 %top_clusters_phi, i64 0, i64 %zext_ln128" [calorimeter.cpp:134]   --->   Operation 66 'getelementptr' 'top_clusters_phi_addr' <Predicate = (icmp_ln119 & clusters_valid_load & !cond)> <Delay = 0.00>
ST_9 : Operation 67 [1/1] (0.00ns)   --->   "%top_clusters_window_size_addr = getelementptr i2 %top_clusters_window_size, i64 0, i64 %zext_ln128" [calorimeter.cpp:134]   --->   Operation 67 'getelementptr' 'top_clusters_window_size_addr' <Predicate = (icmp_ln119 & clusters_valid_load & !cond)> <Delay = 0.00>
ST_9 : Operation 68 [1/1] (0.00ns)   --->   "%top_clusters_iso_outer_size_addr = getelementptr i3 %top_clusters_iso_outer_size, i64 0, i64 %zext_ln128" [calorimeter.cpp:134]   --->   Operation 68 'getelementptr' 'top_clusters_iso_outer_size_addr' <Predicate = (icmp_ln119 & clusters_valid_load & !cond)> <Delay = 0.00>
ST_9 : Operation 69 [1/1] (0.68ns)   --->   "%store_ln134 = store i16 %candidate_et, i3 %top_clusters_et_addr" [calorimeter.cpp:134]   --->   Operation 69 'store' 'store_ln134' <Predicate = (icmp_ln119 & clusters_valid_load & !cond)> <Delay = 0.68> <CoreInst = "RAM">   --->   Core 82 'RAM' <Latency = 1> <II = 1> <Delay = 0.68> <Storage> <Opcode : 'load' 'store'> <Ports = 2> <Width = 16> <Depth = 8> <RAM>
ST_9 : Operation 70 [1/1] (0.69ns)   --->   "%store_ln134 = store i18 %candidate_isolation_et, i3 %top_clusters_isolation_et_addr" [calorimeter.cpp:134]   --->   Operation 70 'store' 'store_ln134' <Predicate = (icmp_ln119 & clusters_valid_load & !cond)> <Delay = 0.69> <CoreInst = "RAM">   --->   Core 82 'RAM' <Latency = 1> <II = 1> <Delay = 0.69> <Storage> <Opcode : 'load' 'store'> <Ports = 2> <Width = 18> <Depth = 8> <RAM>
ST_9 : Operation 71 [1/1] (0.66ns)   --->   "%store_ln134 = store i5 %candidate_eta, i3 %top_clusters_eta_addr" [calorimeter.cpp:134]   --->   Operation 71 'store' 'store_ln134' <Predicate = (icmp_ln119 & clusters_valid_load & !cond)> <Delay = 0.66> <CoreInst = "RAM">   --->   Core 82 'RAM' <Latency = 1> <II = 1> <Delay = 0.66> <Storage> <Opcode : 'load' 'store'> <Ports = 2> <Width = 5> <Depth = 8> <RAM>
ST_9 : Operation 72 [1/1] (0.66ns)   --->   "%store_ln134 = store i6 %candidate_phi, i3 %top_clusters_phi_addr" [calorimeter.cpp:134]   --->   Operation 72 'store' 'store_ln134' <Predicate = (icmp_ln119 & clusters_valid_load & !cond)> <Delay = 0.66> <CoreInst = "RAM">   --->   Core 82 'RAM' <Latency = 1> <II = 1> <Delay = 0.66> <Storage> <Opcode : 'load' 'store'> <Ports = 2> <Width = 6> <Depth = 8> <RAM>
ST_9 : Operation 73 [1/1] (0.63ns)   --->   "%store_ln134 = store i2 %select_ln126, i3 %top_clusters_window_size_addr" [calorimeter.cpp:134]   --->   Operation 73 'store' 'store_ln134' <Predicate = (icmp_ln119 & clusters_valid_load & !cond)> <Delay = 0.63> <CoreInst = "RAM">   --->   Core 82 'RAM' <Latency = 1> <II = 1> <Delay = 0.63> <Storage> <Opcode : 'load' 'store'> <Ports = 2> <Width = 2> <Depth = 8> <RAM>
ST_9 : Operation 74 [1/1] (0.65ns)   --->   "%store_ln134 = store i3 %candidate_iso_outer_size, i3 %top_clusters_iso_outer_size_addr" [calorimeter.cpp:134]   --->   Operation 74 'store' 'store_ln134' <Predicate = (icmp_ln119 & clusters_valid_load & !cond)> <Delay = 0.65> <CoreInst = "RAM">   --->   Core 82 'RAM' <Latency = 1> <II = 1> <Delay = 0.65> <Storage> <Opcode : 'load' 'store'> <Ports = 2> <Width = 3> <Depth = 8> <RAM>
ST_9 : Operation 75 [1/1] (0.63ns)   --->   "%store_ln134 = store i1 1, i3 %top_clusters_valid_addr" [calorimeter.cpp:134]   --->   Operation 75 'store' 'store_ln134' <Predicate = (icmp_ln119 & clusters_valid_load & !cond)> <Delay = 0.63> <CoreInst = "RAM">   --->   Core 82 'RAM' <Latency = 1> <II = 1> <Delay = 0.63> <Storage> <Opcode : 'load' 'store'> <Ports = 2> <Width = 1> <Depth = 8> <RAM>
ST_9 : Operation 76 [1/1] (0.00ns)   --->   "%br_ln135 = br void %for.end56" [calorimeter.cpp:135]   --->   Operation 76 'br' 'br_ln135' <Predicate = (icmp_ln119 & clusters_valid_load & !cond)> <Delay = 0.00>
ST_9 : Operation 77 [1/1] (0.00ns)   --->   "%br_ln138 = br void %for.inc57" [calorimeter.cpp:138]   --->   Operation 77 'br' 'br_ln138' <Predicate = (icmp_ln119 & clusters_valid_load)> <Delay = 0.00>
ST_9 : Operation 78 [1/1] (0.38ns)   --->   "%store_ln118 = store i11 %add_ln118, i11 %i_1" [calorimeter.cpp:118]   --->   Operation 78 'store' 'store_ln118' <Predicate = true> <Delay = 0.38>
ST_9 : Operation 79 [1/1] (0.00ns)   --->   "%br_ln118 = br void %for.body22" [calorimeter.cpp:118]   --->   Operation 79 'br' 'br_ln118' <Predicate = true> <Delay = 0.00>


============================================================
+ Verbose Summary: Binding
============================================================
STG Binding: 
---------------- STG Properties BEGIN ----------------
- Is combinational: 0
- Is one-state seq: 0
- Is datapath-only: 0
- Is pipelined: 0
- Is top level: 0
Port [ Return ] is wired: 1; IO mode=ap_ctrl_hs:ce=0
Port [ clusters_et]:  wired=1; compound=1; hidden=0; nouse=0; global=0; static=0; extern=0; dir=0; type=1; pingpong=0; private_global=0; MemPort=[13]; IO mode=ap_memory:ce=0
Port [ clusters_isolation_et]:  wired=1; compound=1; hidden=0; nouse=0; global=0; static=0; extern=0; dir=0; type=1; pingpong=0; private_global=0; MemPort=[13]; IO mode=ap_memory:ce=0
Port [ clusters_eta]:  wired=1; compound=1; hidden=0; nouse=0; global=0; static=0; extern=0; dir=0; type=1; pingpong=0; private_global=0; MemPort=[13]; IO mode=ap_memory:ce=0
Port [ clusters_phi]:  wired=1; compound=1; hidden=0; nouse=0; global=0; static=0; extern=0; dir=0; type=1; pingpong=0; private_global=0; MemPort=[13]; IO mode=ap_memory:ce=0
Port [ clusters_window_size]:  wired=1; compound=1; hidden=0; nouse=0; global=0; static=0; extern=0; dir=0; type=1; pingpong=0; private_global=0; MemPort=[13]; IO mode=ap_memory:ce=0
Port [ clusters_iso_outer_size]:  wired=1; compound=1; hidden=0; nouse=0; global=0; static=0; extern=0; dir=0; type=1; pingpong=0; private_global=0; MemPort=[13]; IO mode=ap_memory:ce=0
Port [ clusters_valid]:  wired=1; compound=1; hidden=0; nouse=0; global=0; static=0; extern=0; dir=0; type=1; pingpong=0; private_global=0; MemPort=[13]; IO mode=ap_memory:ce=0
Port [ num_clusters]:  wired=1; compound=0; hidden=0; nouse=0; global=0; static=0; extern=0; dir=0; type=0; pingpong=0; private_global=0; IO mode=ap_none:ce=0
Port [ top_clusters_et]:  wired=1; compound=1; hidden=0; nouse=0; global=0; static=0; extern=0; dir=2; type=1; pingpong=0; private_global=0; MemPort=[21]; IO mode=ap_memory:ce=0
Port [ top_clusters_isolation_et]:  wired=1; compound=1; hidden=0; nouse=0; global=0; static=0; extern=0; dir=2; type=1; pingpong=0; private_global=0; MemPort=[01]; IO mode=ap_memory:ce=0
Port [ top_clusters_eta]:  wired=1; compound=1; hidden=0; nouse=0; global=0; static=0; extern=0; dir=2; type=1; pingpong=0; private_global=0; MemPort=[21]; IO mode=ap_memory:ce=0
Port [ top_clusters_phi]:  wired=1; compound=1; hidden=0; nouse=0; global=0; static=0; extern=0; dir=2; type=1; pingpong=0; private_global=0; MemPort=[21]; IO mode=ap_memory:ce=0
Port [ top_clusters_window_size]:  wired=1; compound=1; hidden=0; nouse=0; global=0; static=0; extern=0; dir=2; type=1; pingpong=0; private_global=0; MemPort=[01]; IO mode=ap_memory:ce=0
Port [ top_clusters_iso_outer_size]:  wired=1; compound=1; hidden=0; nouse=0; global=0; static=0; extern=0; dir=2; type=1; pingpong=0; private_global=0; MemPort=[01]; IO mode=ap_memory:ce=0
Port [ top_clusters_valid]:  wired=1; compound=1; hidden=0; nouse=0; global=0; static=0; extern=0; dir=2; type=1; pingpong=0; private_global=0; MemPort=[21]; IO mode=ap_memory:ce=0
---------------- STG Properties END ------------------

---------------- Datapath Model BEGIN ----------------

<LifeTime>
<method=bitvector/>
i_1                              (alloca           ) [ 0111111111]
zext_ln128_loc                   (alloca           ) [ 0011111111]
j_loc                            (alloca           ) [ 0011111111]
store_ln118                      (store            ) [ 0000000000]
num_clusters_read                (read             ) [ 0001111111]
call_ln0                         (call             ) [ 0000000000]
br_ln118                         (br               ) [ 0000000000]
i                                (load             ) [ 0000000000]
icmp_ln118                       (icmp             ) [ 0001111111]
add_ln118                        (add              ) [ 0000111111]
br_ln118                         (br               ) [ 0000000000]
zext_ln118                       (zext             ) [ 0000100000]
zext_ln118_1                     (zext             ) [ 0000000000]
speclooptripcount_ln118          (speclooptripcount) [ 0000000000]
specloopname_ln118               (specloopname     ) [ 0000000000]
icmp_ln119                       (icmp             ) [ 0001111111]
br_ln119                         (br               ) [ 0000000000]
clusters_valid_addr              (getelementptr    ) [ 0000100000]
ret_ln139                        (ret              ) [ 0000000000]
clusters_valid_load              (load             ) [ 0001111111]
br_ln122                         (br               ) [ 0000000000]
clusters_et_addr                 (getelementptr    ) [ 0000010000]
clusters_isolation_et_addr       (getelementptr    ) [ 0000010000]
clusters_eta_addr                (getelementptr    ) [ 0000010000]
clusters_phi_addr                (getelementptr    ) [ 0000010000]
clusters_window_size_addr        (getelementptr    ) [ 0000010000]
clusters_iso_outer_size_addr     (getelementptr    ) [ 0000010000]
candidate_et                     (load             ) [ 0001101111]
candidate_isolation_et           (load             ) [ 0001101111]
candidate_eta                    (load             ) [ 0001101111]
candidate_phi                    (load             ) [ 0001101111]
candidate_window_size            (load             ) [ 0000001100]
candidate_iso_outer_size         (load             ) [ 0001101111]
targetBlock                      (call             ) [ 0000000000]
cond                             (icmp             ) [ 0001100111]
select_ln126                     (select           ) [ 0001100011]
j_loc_load                       (load             ) [ 0001100011]
zext_ln128_loc_load              (load             ) [ 0000000000]
zext_ln128_reload_cast           (zext             ) [ 0001100011]
br_ln126                         (br               ) [ 0000000000]
call_ln129                       (call             ) [ 0000000000]
top_clusters_valid_addr          (getelementptr    ) [ 0000000000]
zext_ln128                       (zext             ) [ 0000000000]
top_clusters_et_addr             (getelementptr    ) [ 0000000000]
top_clusters_isolation_et_addr   (getelementptr    ) [ 0000000000]
top_clusters_eta_addr            (getelementptr    ) [ 0000000000]
top_clusters_phi_addr            (getelementptr    ) [ 0000000000]
top_clusters_window_size_addr    (getelementptr    ) [ 0000000000]
top_clusters_iso_outer_size_addr (getelementptr    ) [ 0000000000]
store_ln134                      (store            ) [ 0000000000]
store_ln134                      (store            ) [ 0000000000]
store_ln134                      (store            ) [ 0000000000]
store_ln134                      (store            ) [ 0000000000]
store_ln134                      (store            ) [ 0000000000]
store_ln134                      (store            ) [ 0000000000]
store_ln134                      (store            ) [ 0000000000]
br_ln135                         (br               ) [ 0000000000]
br_ln138                         (br               ) [ 0000000000]
store_ln118                      (store            ) [ 0000000000]
br_ln118                         (br               ) [ 0000000000]
</LifeTime>

<model>

<comp_list>
<comp id="0" class="1000" name="clusters_et">
<pin_list>
<pin id="1" dir="1" index="0" bw="1" slack="0"/>
</pin_list>
<bind>
<StgValue><ssdm name="clusters_et"/><MemPortTyVec>1 3 </MemPortTyVec>
</StgValue>
</bind>
</comp>

<comp id="2" class="1000" name="clusters_isolation_et">
<pin_list>
<pin id="3" dir="1" index="0" bw="1" slack="0"/>
</pin_list>
<bind>
<StgValue><ssdm name="clusters_isolation_et"/><MemPortTyVec>1 3 </MemPortTyVec>
</StgValue>
</bind>
</comp>

<comp id="4" class="1000" name="clusters_eta">
<pin_list>
<pin id="5" dir="1" index="0" bw="1" slack="0"/>
</pin_list>
<bind>
<StgValue><ssdm name="clusters_eta"/><MemPortTyVec>1 3 </MemPortTyVec>
</StgValue>
</bind>
</comp>

<comp id="6" class="1000" name="clusters_phi">
<pin_list>
<pin id="7" dir="1" index="0" bw="1" slack="0"/>
</pin_list>
<bind>
<StgValue><ssdm name="clusters_phi"/><MemPortTyVec>1 3 </MemPortTyVec>
</StgValue>
</bind>
</comp>

<comp id="8" class="1000" name="clusters_window_size">
<pin_list>
<pin id="9" dir="1" index="0" bw="1" slack="0"/>
</pin_list>
<bind>
<StgValue><ssdm name="clusters_window_size"/><MemPortTyVec>1 3 </MemPortTyVec>
</StgValue>
</bind>
</comp>

<comp id="10" class="1000" name="clusters_iso_outer_size">
<pin_list>
<pin id="11" dir="1" index="0" bw="1" slack="0"/>
</pin_list>
<bind>
<StgValue><ssdm name="clusters_iso_outer_size"/><MemPortTyVec>1 3 </MemPortTyVec>
</StgValue>
</bind>
</comp>

<comp id="12" class="1000" name="clusters_valid">
<pin_list>
<pin id="13" dir="1" index="0" bw="1" slack="0"/>
</pin_list>
<bind>
<StgValue><ssdm name="clusters_valid"/><MemPortTyVec>1 3 </MemPortTyVec>
</StgValue>
</bind>
</comp>

<comp id="14" class="1000" name="num_clusters">
<pin_list>
<pin id="15" dir="1" index="0" bw="1" slack="0"/>
</pin_list>
<bind>
<StgValue><ssdm name="num_clusters"/></StgValue>
</bind>
</comp>

<comp id="16" class="1000" name="top_clusters_et">
<pin_list>
<pin id="17" dir="1" index="0" bw="1" slack="0"/>
</pin_list>
<bind>
<StgValue><ssdm name="top_clusters_et"/><MemPortTyVec>2 1 </MemPortTyVec>
</StgValue>
</bind>
</comp>

<comp id="18" class="1000" name="top_clusters_isolation_et">
<pin_list>
<pin id="19" dir="1" index="0" bw="1" slack="0"/>
</pin_list>
<bind>
<StgValue><ssdm name="top_clusters_isolation_et"/><MemPortTyVec>0 1 </MemPortTyVec>
</StgValue>
</bind>
</comp>

<comp id="20" class="1000" name="top_clusters_eta">
<pin_list>
<pin id="21" dir="1" index="0" bw="1" slack="0"/>
</pin_list>
<bind>
<StgValue><ssdm name="top_clusters_eta"/><MemPortTyVec>2 1 </MemPortTyVec>
</StgValue>
</bind>
</comp>

<comp id="22" class="1000" name="top_clusters_phi">
<pin_list>
<pin id="23" dir="1" index="0" bw="1" slack="0"/>
</pin_list>
<bind>
<StgValue><ssdm name="top_clusters_phi"/><MemPortTyVec>2 1 </MemPortTyVec>
</StgValue>
</bind>
</comp>

<comp id="24" class="1000" name="top_clusters_window_size">
<pin_list>
<pin id="25" dir="1" index="0" bw="1" slack="0"/>
</pin_list>
<bind>
<StgValue><ssdm name="top_clusters_window_size"/><MemPortTyVec>0 1 </MemPortTyVec>
</StgValue>
</bind>
</comp>

<comp id="26" class="1000" name="top_clusters_iso_outer_size">
<pin_list>
<pin id="27" dir="1" index="0" bw="1" slack="0"/>
</pin_list>
<bind>
<StgValue><ssdm name="top_clusters_iso_outer_size"/><MemPortTyVec>0 1 </MemPortTyVec>
</StgValue>
</bind>
</comp>

<comp id="28" class="1000" name="top_clusters_valid">
<pin_list>
<pin id="29" dir="1" index="0" bw="1" slack="0"/>
</pin_list>
<bind>
<StgValue><ssdm name="top_clusters_valid"/><MemPortTyVec>2 1 </MemPortTyVec>
</StgValue>
</bind>
</comp>

<comp id="30" class="1001" name="const_30">
<pin_list>
<pin id="31" dir="1" index="0" bw="1" slack="0"/>
</pin_list>
<bind>
<StgValue><ssdm name=""/></StgValue>
</bind>
</comp>

<comp id="32" class="1001" name="const_32">
<pin_list>
<pin id="33" dir="1" index="0" bw="1" slack="0"/>
</pin_list>
<bind>
<StgValue><ssdm name=""/></StgValue>
</bind>
</comp>

<comp id="34" class="1001" name="const_34">
<pin_list>
<pin id="35" dir="1" index="0" bw="1" slack="0"/>
</pin_list>
<bind>
<StgValue><ssdm name="select_top_n_Pipeline_VITIS_LOOP_108_1"/></StgValue>
</bind>
</comp>

<comp id="36" class="1001" name="const_36">
<pin_list>
<pin id="37" dir="1" index="0" bw="1" slack="0"/>
</pin_list>
<bind>
<StgValue><ssdm name=""/></StgValue>
</bind>
</comp>

<comp id="38" class="1001" name="const_38">
<pin_list>
<pin id="39" dir="1" index="0" bw="1" slack="0"/>
</pin_list>
<bind>
<StgValue><ssdm name="_ssdm_op_Read.ap_auto.i32"/></StgValue>
</bind>
</comp>

<comp id="40" class="1001" name="const_40">
<pin_list>
<pin id="41" dir="1" index="0" bw="1" slack="0"/>
</pin_list>
<bind>
<StgValue><ssdm name=""/></StgValue>
</bind>
</comp>

<comp id="42" class="1001" name="const_42">
<pin_list>
<pin id="43" dir="1" index="0" bw="1" slack="0"/>
</pin_list>
<bind>
<StgValue><ssdm name=""/></StgValue>
</bind>
</comp>

<comp id="44" class="1001" name="const_44">
<pin_list>
<pin id="45" dir="1" index="0" bw="1" slack="2147483647"/>
</pin_list>
<bind>
<StgValue><ssdm name="_ssdm_op_SpecLoopTripCount"/></StgValue>
</bind>
</comp>

<comp id="46" class="1001" name="const_46">
<pin_list>
<pin id="47" dir="1" index="0" bw="1" slack="2147483647"/>
</pin_list>
<bind>
<StgValue><ssdm name=""/></StgValue>
</bind>
</comp>

<comp id="48" class="1001" name="const_48">
<pin_list>
<pin id="49" dir="1" index="0" bw="1" slack="2147483647"/>
</pin_list>
<bind>
<StgValue><ssdm name="_ssdm_op_SpecLoopName"/></StgValue>
</bind>
</comp>

<comp id="50" class="1001" name="const_50">
<pin_list>
<pin id="51" dir="1" index="0" bw="1" slack="2147483647"/>
</pin_list>
<bind>
<StgValue><ssdm name="empty_6"/></StgValue>
</bind>
</comp>

<comp id="52" class="1001" name="const_52">
<pin_list>
<pin id="53" dir="1" index="0" bw="1" slack="0"/>
</pin_list>
<bind>
<StgValue><ssdm name=""/></StgValue>
</bind>
</comp>

<comp id="54" class="1001" name="const_54">
<pin_list>
<pin id="55" dir="1" index="0" bw="1" slack="0"/>
</pin_list>
<bind>
<StgValue><ssdm name="select_top_n_Pipeline_VITIS_LOOP_128_3"/></StgValue>
</bind>
</comp>

<comp id="56" class="1001" name="const_56">
<pin_list>
<pin id="57" dir="1" index="0" bw="1" slack="0"/>
</pin_list>
<bind>
<StgValue><ssdm name=""/></StgValue>
</bind>
</comp>

<comp id="58" class="1001" name="const_58">
<pin_list>
<pin id="59" dir="1" index="0" bw="1" slack="0"/>
</pin_list>
<bind>
<StgValue><ssdm name=""/></StgValue>
</bind>
</comp>

<comp id="60" class="1001" name="const_60">
<pin_list>
<pin id="61" dir="1" index="0" bw="1" slack="0"/>
</pin_list>
<bind>
<StgValue><ssdm name=""/></StgValue>
</bind>
</comp>

<comp id="62" class="1001" name="const_62">
<pin_list>
<pin id="63" dir="1" index="0" bw="1" slack="0"/>
</pin_list>
<bind>
<StgValue><ssdm name="select_top_n_Pipeline_VITIS_LOOP_131_4"/></StgValue>
</bind>
</comp>

<comp id="64" class="1001" name="const_64">
<pin_list>
<pin id="65" dir="1" index="0" bw="1" slack="0"/>
</pin_list>
<bind>
<StgValue><ssdm name=""/></StgValue>
</bind>
</comp>

<comp id="66" class="1004" name="i_1_fu_66">
<pin_list>
<pin id="67" dir="0" index="0" bw="1" slack="0"/>
<pin id="68" dir="1" index="1" bw="11" slack="0"/>
</pin_list>
<bind>
<opcode="alloca(26) " fcode="alloca"/>
<opset="i_1/1 "/>
</bind>
</comp>

<comp id="70" class="1004" name="zext_ln128_loc_fu_70">
<pin_list>
<pin id="71" dir="0" index="0" bw="1" slack="0"/>
<pin id="72" dir="1" index="1" bw="3" slack="4"/>
</pin_list>
<bind>
<opcode="alloca(26) " fcode="alloca"/>
<opset="zext_ln128_loc/1 "/>
</bind>
</comp>

<comp id="74" class="1004" name="j_loc_fu_74">
<pin_list>
<pin id="75" dir="0" index="0" bw="1" slack="0"/>
<pin id="76" dir="1" index="1" bw="3" slack="4"/>
</pin_list>
<bind>
<opcode="alloca(26) " fcode="alloca"/>
<opset="j_loc/1 "/>
</bind>
</comp>

<comp id="78" class="1004" name="num_clusters_read_read_fu_78">
<pin_list>
<pin id="79" dir="0" index="0" bw="32" slack="0"/>
<pin id="80" dir="0" index="1" bw="32" slack="0"/>
<pin id="81" dir="1" index="2" bw="32" slack="1"/>
</pin_list>
<bind>
<opcode="read(1150) " fcode="read"/>
<opset="num_clusters_read/2 "/>
</bind>
</comp>

<comp id="84" class="1004" name="clusters_valid_addr_gep_fu_84">
<pin_list>
<pin id="85" dir="0" index="0" bw="1" slack="0"/>
<pin id="86" dir="0" index="1" bw="1" slack="0"/>
<pin id="87" dir="0" index="2" bw="11" slack="0"/>
<pin id="88" dir="1" index="3" bw="11" slack="0"/>
</pin_list>
<bind>
<opcode="getelementptr(29) " fcode="getelementptr"/>
<opset="clusters_valid_addr/3 "/>
</bind>
</comp>

<comp id="91" class="1004" name="grp_access_fu_91">
<pin_list>
<pin id="92" dir="0" index="0" bw="11" slack="0"/>
<pin id="93" dir="0" index="1" bw="1" slack="2147483647"/>
<pin id="94" dir="0" index="2" bw="0" slack="2147483647"/>
<pin id="95" dir="1" index="3" bw="1" slack="5"/>
</pin_list>
<bind>
<opcode="load(27) " fcode="load"/>
<opset="clusters_valid_load/3 "/>
</bind>
</comp>

<comp id="97" class="1004" name="clusters_et_addr_gep_fu_97">
<pin_list>
<pin id="98" dir="0" index="0" bw="16" slack="0"/>
<pin id="99" dir="0" index="1" bw="1" slack="0"/>
<pin id="100" dir="0" index="2" bw="11" slack="1"/>
<pin id="101" dir="1" index="3" bw="11" slack="0"/>
</pin_list>
<bind>
<opcode="getelementptr(29) " fcode="getelementptr"/>
<opset="clusters_et_addr/4 "/>
</bind>
</comp>

<comp id="104" class="1004" name="clusters_isolation_et_addr_gep_fu_104">
<pin_list>
<pin id="105" dir="0" index="0" bw="18" slack="0"/>
<pin id="106" dir="0" index="1" bw="1" slack="0"/>
<pin id="107" dir="0" index="2" bw="11" slack="1"/>
<pin id="108" dir="1" index="3" bw="11" slack="0"/>
</pin_list>
<bind>
<opcode="getelementptr(29) " fcode="getelementptr"/>
<opset="clusters_isolation_et_addr/4 "/>
</bind>
</comp>

<comp id="111" class="1004" name="clusters_eta_addr_gep_fu_111">
<pin_list>
<pin id="112" dir="0" index="0" bw="5" slack="0"/>
<pin id="113" dir="0" index="1" bw="1" slack="0"/>
<pin id="114" dir="0" index="2" bw="11" slack="1"/>
<pin id="115" dir="1" index="3" bw="11" slack="0"/>
</pin_list>
<bind>
<opcode="getelementptr(29) " fcode="getelementptr"/>
<opset="clusters_eta_addr/4 "/>
</bind>
</comp>

<comp id="118" class="1004" name="clusters_phi_addr_gep_fu_118">
<pin_list>
<pin id="119" dir="0" index="0" bw="6" slack="0"/>
<pin id="120" dir="0" index="1" bw="1" slack="0"/>
<pin id="121" dir="0" index="2" bw="11" slack="1"/>
<pin id="122" dir="1" index="3" bw="11" slack="0"/>
</pin_list>
<bind>
<opcode="getelementptr(29) " fcode="getelementptr"/>
<opset="clusters_phi_addr/4 "/>
</bind>
</comp>

<comp id="125" class="1004" name="clusters_window_size_addr_gep_fu_125">
<pin_list>
<pin id="126" dir="0" index="0" bw="1" slack="0"/>
<pin id="127" dir="0" index="1" bw="1" slack="0"/>
<pin id="128" dir="0" index="2" bw="11" slack="1"/>
<pin id="129" dir="1" index="3" bw="11" slack="0"/>
</pin_list>
<bind>
<opcode="getelementptr(29) " fcode="getelementptr"/>
<opset="clusters_window_size_addr/4 "/>
</bind>
</comp>

<comp id="132" class="1004" name="clusters_iso_outer_size_addr_gep_fu_132">
<pin_list>
<pin id="133" dir="0" index="0" bw="3" slack="0"/>
<pin id="134" dir="0" index="1" bw="1" slack="0"/>
<pin id="135" dir="0" index="2" bw="11" slack="1"/>
<pin id="136" dir="1" index="3" bw="11" slack="0"/>
</pin_list>
<bind>
<opcode="getelementptr(29) " fcode="getelementptr"/>
<opset="clusters_iso_outer_size_addr/4 "/>
</bind>
</comp>

<comp id="139" class="1004" name="grp_access_fu_139">
<pin_list>
<pin id="140" dir="0" index="0" bw="11" slack="0"/>
<pin id="141" dir="0" index="1" bw="16" slack="2147483647"/>
<pin id="142" dir="0" index="2" bw="0" slack="2147483647"/>
<pin id="143" dir="1" index="3" bw="16" slack="0"/>
</pin_list>
<bind>
<opcode="load(27) " fcode="load"/>
<opset="candidate_et/4 "/>
</bind>
</comp>

<comp id="145" class="1004" name="grp_access_fu_145">
<pin_list>
<pin id="146" dir="0" index="0" bw="11" slack="0"/>
<pin id="147" dir="0" index="1" bw="18" slack="2147483647"/>
<pin id="148" dir="0" index="2" bw="0" slack="2147483647"/>
<pin id="149" dir="1" index="3" bw="18" slack="4"/>
</pin_list>
<bind>
<opcode="load(27) " fcode="load"/>
<opset="candidate_isolation_et/4 "/>
</bind>
</comp>

<comp id="151" class="1004" name="grp_access_fu_151">
<pin_list>
<pin id="152" dir="0" index="0" bw="11" slack="0"/>
<pin id="153" dir="0" index="1" bw="5" slack="2147483647"/>
<pin id="154" dir="0" index="2" bw="0" slack="2147483647"/>
<pin id="155" dir="1" index="3" bw="5" slack="0"/>
</pin_list>
<bind>
<opcode="load(27) " fcode="load"/>
<opset="candidate_eta/4 "/>
</bind>
</comp>

<comp id="157" class="1004" name="grp_access_fu_157">
<pin_list>
<pin id="158" dir="0" index="0" bw="11" slack="0"/>
<pin id="159" dir="0" index="1" bw="6" slack="2147483647"/>
<pin id="160" dir="0" index="2" bw="0" slack="2147483647"/>
<pin id="161" dir="1" index="3" bw="6" slack="0"/>
</pin_list>
<bind>
<opcode="load(27) " fcode="load"/>
<opset="candidate_phi/4 "/>
</bind>
</comp>

<comp id="163" class="1004" name="grp_access_fu_163">
<pin_list>
<pin id="164" dir="0" index="0" bw="11" slack="0"/>
<pin id="165" dir="0" index="1" bw="1" slack="2147483647"/>
<pin id="166" dir="0" index="2" bw="0" slack="2147483647"/>
<pin id="167" dir="1" index="3" bw="1" slack="2"/>
</pin_list>
<bind>
<opcode="load(27) " fcode="load"/>
<opset="candidate_window_size/4 "/>
</bind>
</comp>

<comp id="169" class="1004" name="grp_access_fu_169">
<pin_list>
<pin id="170" dir="0" index="0" bw="11" slack="0"/>
<pin id="171" dir="0" index="1" bw="3" slack="2147483647"/>
<pin id="172" dir="0" index="2" bw="0" slack="2147483647"/>
<pin id="173" dir="1" index="3" bw="3" slack="4"/>
</pin_list>
<bind>
<opcode="load(27) " fcode="load"/>
<opset="candidate_iso_outer_size/4 "/>
</bind>
</comp>

<comp id="175" class="1004" name="top_clusters_valid_addr_gep_fu_175">
<pin_list>
<pin id="176" dir="0" index="0" bw="1" slack="0"/>
<pin id="177" dir="0" index="1" bw="1" slack="0"/>
<pin id="178" dir="0" index="2" bw="3" slack="2"/>
<pin id="179" dir="1" index="3" bw="3" slack="0"/>
</pin_list>
<bind>
<opcode="getelementptr(29) " fcode="getelementptr"/>
<opset="top_clusters_valid_addr/9 "/>
</bind>
</comp>

<comp id="182" class="1004" name="top_clusters_et_addr_gep_fu_182">
<pin_list>
<pin id="183" dir="0" index="0" bw="16" slack="0"/>
<pin id="184" dir="0" index="1" bw="1" slack="0"/>
<pin id="185" dir="0" index="2" bw="3" slack="0"/>
<pin id="186" dir="1" index="3" bw="3" slack="0"/>
</pin_list>
<bind>
<opcode="getelementptr(29) " fcode="getelementptr"/>
<opset="top_clusters_et_addr/9 "/>
</bind>
</comp>

<comp id="189" class="1004" name="top_clusters_isolation_et_addr_gep_fu_189">
<pin_list>
<pin id="190" dir="0" index="0" bw="18" slack="0"/>
<pin id="191" dir="0" index="1" bw="1" slack="0"/>
<pin id="192" dir="0" index="2" bw="3" slack="0"/>
<pin id="193" dir="1" index="3" bw="3" slack="0"/>
</pin_list>
<bind>
<opcode="getelementptr(29) " fcode="getelementptr"/>
<opset="top_clusters_isolation_et_addr/9 "/>
</bind>
</comp>

<comp id="196" class="1004" name="top_clusters_eta_addr_gep_fu_196">
<pin_list>
<pin id="197" dir="0" index="0" bw="5" slack="0"/>
<pin id="198" dir="0" index="1" bw="1" slack="0"/>
<pin id="199" dir="0" index="2" bw="3" slack="0"/>
<pin id="200" dir="1" index="3" bw="3" slack="0"/>
</pin_list>
<bind>
<opcode="getelementptr(29) " fcode="getelementptr"/>
<opset="top_clusters_eta_addr/9 "/>
</bind>
</comp>

<comp id="203" class="1004" name="top_clusters_phi_addr_gep_fu_203">
<pin_list>
<pin id="204" dir="0" index="0" bw="6" slack="0"/>
<pin id="205" dir="0" index="1" bw="1" slack="0"/>
<pin id="206" dir="0" index="2" bw="3" slack="0"/>
<pin id="207" dir="1" index="3" bw="3" slack="0"/>
</pin_list>
<bind>
<opcode="getelementptr(29) " fcode="getelementptr"/>
<opset="top_clusters_phi_addr/9 "/>
</bind>
</comp>

<comp id="210" class="1004" name="top_clusters_window_size_addr_gep_fu_210">
<pin_list>
<pin id="211" dir="0" index="0" bw="2" slack="0"/>
<pin id="212" dir="0" index="1" bw="1" slack="0"/>
<pin id="213" dir="0" index="2" bw="3" slack="0"/>
<pin id="214" dir="1" index="3" bw="3" slack="0"/>
</pin_list>
<bind>
<opcode="getelementptr(29) " fcode="getelementptr"/>
<opset="top_clusters_window_size_addr/9 "/>
</bind>
</comp>

<comp id="217" class="1004" name="top_clusters_iso_outer_size_addr_gep_fu_217">
<pin_list>
<pin id="218" dir="0" index="0" bw="3" slack="0"/>
<pin id="219" dir="0" index="1" bw="1" slack="0"/>
<pin id="220" dir="0" index="2" bw="3" slack="0"/>
<pin id="221" dir="1" index="3" bw="3" slack="0"/>
</pin_list>
<bind>
<opcode="getelementptr(29) " fcode="getelementptr"/>
<opset="top_clusters_iso_outer_size_addr/9 "/>
</bind>
</comp>

<comp id="224" class="1004" name="store_ln134_access_fu_224">
<pin_list>
<pin id="225" dir="0" index="0" bw="3" slack="0"/>
<pin id="226" dir="0" index="1" bw="16" slack="4"/>
<pin id="227" dir="0" index="2" bw="0" slack="2147483647"/>
<pin id="228" dir="1" index="3" bw="16" slack="2147483647"/>
</pin_list>
<bind>
<opcode="store(28) " fcode="store"/>
<opset="store_ln134/9 "/>
</bind>
</comp>

<comp id="230" class="1004" name="store_ln134_access_fu_230">
<pin_list>
<pin id="231" dir="0" index="0" bw="3" slack="0"/>
<pin id="232" dir="0" index="1" bw="18" slack="4"/>
<pin id="233" dir="0" index="2" bw="0" slack="2147483647"/>
<pin id="234" dir="1" index="3" bw="18" slack="2147483647"/>
</pin_list>
<bind>
<opcode="store(28) " fcode="store"/>
<opset="store_ln134/9 "/>
</bind>
</comp>

<comp id="236" class="1004" name="store_ln134_access_fu_236">
<pin_list>
<pin id="237" dir="0" index="0" bw="3" slack="0"/>
<pin id="238" dir="0" index="1" bw="5" slack="4"/>
<pin id="239" dir="0" index="2" bw="0" slack="2147483647"/>
<pin id="240" dir="1" index="3" bw="5" slack="2147483647"/>
</pin_list>
<bind>
<opcode="store(28) " fcode="store"/>
<opset="store_ln134/9 "/>
</bind>
</comp>

<comp id="242" class="1004" name="store_ln134_access_fu_242">
<pin_list>
<pin id="243" dir="0" index="0" bw="3" slack="0"/>
<pin id="244" dir="0" index="1" bw="6" slack="4"/>
<pin id="245" dir="0" index="2" bw="0" slack="2147483647"/>
<pin id="246" dir="1" index="3" bw="6" slack="2147483647"/>
</pin_list>
<bind>
<opcode="store(28) " fcode="store"/>
<opset="store_ln134/9 "/>
</bind>
</comp>

<comp id="248" class="1004" name="store_ln134_access_fu_248">
<pin_list>
<pin id="249" dir="0" index="0" bw="3" slack="0"/>
<pin id="250" dir="0" index="1" bw="2" slack="2"/>
<pin id="251" dir="0" index="2" bw="0" slack="2147483647"/>
<pin id="252" dir="1" index="3" bw="2" slack="2147483647"/>
</pin_list>
<bind>
<opcode="store(28) " fcode="store"/>
<opset="store_ln134/9 "/>
</bind>
</comp>

<comp id="254" class="1004" name="store_ln134_access_fu_254">
<pin_list>
<pin id="255" dir="0" index="0" bw="3" slack="0"/>
<pin id="256" dir="0" index="1" bw="3" slack="4"/>
<pin id="257" dir="0" index="2" bw="0" slack="2147483647"/>
<pin id="258" dir="1" index="3" bw="3" slack="2147483647"/>
</pin_list>
<bind>
<opcode="store(28) " fcode="store"/>
<opset="store_ln134/9 "/>
</bind>
</comp>

<comp id="260" class="1004" name="store_ln134_access_fu_260">
<pin_list>
<pin id="261" dir="0" index="0" bw="3" slack="0"/>
<pin id="262" dir="0" index="1" bw="1" slack="0"/>
<pin id="263" dir="0" index="2" bw="0" slack="2147483647"/>
<pin id="264" dir="1" index="3" bw="1" slack="2147483647"/>
</pin_list>
<bind>
<opcode="store(28) " fcode="store"/>
<opset="store_ln134/9 "/>
</bind>
</comp>

<comp id="267" class="1004" name="grp_select_top_n_Pipeline_VITIS_LOOP_108_1_fu_267">
<pin_list>
<pin id="268" dir="0" index="0" bw="0" slack="0"/>
<pin id="269" dir="0" index="1" bw="16" slack="0"/>
<pin id="270" dir="0" index="2" bw="18" slack="0"/>
<pin id="271" dir="0" index="3" bw="5" slack="0"/>
<pin id="272" dir="0" index="4" bw="6" slack="0"/>
<pin id="273" dir="0" index="5" bw="2" slack="0"/>
<pin id="274" dir="0" index="6" bw="3" slack="0"/>
<pin id="275" dir="0" index="7" bw="1" slack="0"/>
<pin id="276" dir="1" index="8" bw="0" slack="2147483647"/>
</pin_list>
<bind>
<opcode="call(48) " fcode="call"/>
<opset="call_ln0/1 "/>
</bind>
</comp>

<comp id="285" class="1004" name="grp_select_top_n_Pipeline_VITIS_LOOP_128_3_fu_285">
<pin_list>
<pin id="286" dir="0" index="0" bw="3" slack="0"/>
<pin id="287" dir="0" index="1" bw="16" slack="0"/>
<pin id="288" dir="0" index="2" bw="16" slack="0"/>
<pin id="289" dir="0" index="3" bw="5" slack="0"/>
<pin id="290" dir="0" index="4" bw="6" slack="0"/>
<pin id="291" dir="0" index="5" bw="1" slack="0"/>
<pin id="292" dir="0" index="6" bw="5" slack="0"/>
<pin id="293" dir="0" index="7" bw="6" slack="0"/>
<pin id="294" dir="0" index="8" bw="3" slack="4"/>
<pin id="295" dir="0" index="9" bw="3" slack="4"/>
<pin id="296" dir="1" index="10" bw="3" slack="0"/>
</pin_list>
<bind>
<opcode="call(48) " fcode="call"/>
<opset="targetBlock/5 "/>
</bind>
</comp>

<comp id="305" class="1004" name="grp_select_top_n_Pipeline_VITIS_LOOP_131_4_fu_305">
<pin_list>
<pin id="306" dir="0" index="0" bw="0" slack="0"/>
<pin id="307" dir="0" index="1" bw="3" slack="0"/>
<pin id="308" dir="0" index="2" bw="16" slack="0"/>
<pin id="309" dir="0" index="3" bw="18" slack="0"/>
<pin id="310" dir="0" index="4" bw="5" slack="0"/>
<pin id="311" dir="0" index="5" bw="6" slack="0"/>
<pin id="312" dir="0" index="6" bw="2" slack="0"/>
<pin id="313" dir="0" index="7" bw="3" slack="0"/>
<pin id="314" dir="0" index="8" bw="1" slack="0"/>
<pin id="315" dir="1" index="9" bw="0" slack="2147483647"/>
</pin_list>
<bind>
<opcode="call(48) " fcode="call"/>
<opset="call_ln129/7 "/>
</bind>
</comp>

<comp id="324" class="1004" name="store_ln118_store_fu_324">
<pin_list>
<pin id="325" dir="0" index="0" bw="1" slack="0"/>
<pin id="326" dir="0" index="1" bw="11" slack="0"/>
<pin id="327" dir="1" index="2" bw="0" slack="2147483647"/>
</pin_list>
<bind>
<opcode="store(28) " fcode="store"/>
<opset="store_ln118/1 "/>
</bind>
</comp>

<comp id="329" class="1004" name="i_load_fu_329">
<pin_list>
<pin id="330" dir="0" index="0" bw="11" slack="2"/>
<pin id="331" dir="1" index="1" bw="11" slack="0"/>
</pin_list>
<bind>
<opcode="load(27) " fcode="load"/>
<opset="i/3 "/>
</bind>
</comp>

<comp id="332" class="1004" name="icmp_ln118_fu_332">
<pin_list>
<pin id="333" dir="0" index="0" bw="11" slack="0"/>
<pin id="334" dir="0" index="1" bw="9" slack="0"/>
<pin id="335" dir="1" index="2" bw="1" slack="2147483647"/>
</pin_list>
<bind>
<opcode="icmp(45) " fcode="icmp"/>
<opset="icmp_ln118/3 "/>
</bind>
</comp>

<comp id="338" class="1004" name="add_ln118_fu_338">
<pin_list>
<pin id="339" dir="0" index="0" bw="11" slack="0"/>
<pin id="340" dir="0" index="1" bw="1" slack="0"/>
<pin id="341" dir="1" index="2" bw="11" slack="6"/>
</pin_list>
<bind>
<opcode="add(8) " fcode="add"/>
<opset="add_ln118/3 "/>
</bind>
</comp>

<comp id="344" class="1004" name="zext_ln118_fu_344">
<pin_list>
<pin id="345" dir="0" index="0" bw="11" slack="0"/>
<pin id="346" dir="1" index="1" bw="64" slack="0"/>
</pin_list>
<bind>
<opcode="zext(34) " fcode="zext"/>
<opset="zext_ln118/3 "/>
</bind>
</comp>

<comp id="349" class="1004" name="zext_ln118_1_fu_349">
<pin_list>
<pin id="350" dir="0" index="0" bw="11" slack="0"/>
<pin id="351" dir="1" index="1" bw="32" slack="0"/>
</pin_list>
<bind>
<opcode="zext(34) " fcode="zext"/>
<opset="zext_ln118_1/3 "/>
</bind>
</comp>

<comp id="353" class="1004" name="icmp_ln119_fu_353">
<pin_list>
<pin id="354" dir="0" index="0" bw="11" slack="0"/>
<pin id="355" dir="0" index="1" bw="32" slack="1"/>
<pin id="356" dir="1" index="2" bw="1" slack="6"/>
</pin_list>
<bind>
<opcode="icmp(45) " fcode="icmp"/>
<opset="icmp_ln119/3 "/>
</bind>
</comp>

<comp id="358" class="1004" name="cond_fu_358">
<pin_list>
<pin id="359" dir="0" index="0" bw="3" slack="0"/>
<pin id="360" dir="0" index="1" bw="1" slack="0"/>
<pin id="361" dir="1" index="2" bw="1" slack="1"/>
</pin_list>
<bind>
<opcode="icmp(45) " fcode="icmp"/>
<opset="cond/6 "/>
</bind>
</comp>

<comp id="364" class="1004" name="select_ln126_fu_364">
<pin_list>
<pin id="365" dir="0" index="0" bw="1" slack="2"/>
<pin id="366" dir="0" index="1" bw="1" slack="0"/>
<pin id="367" dir="0" index="2" bw="1" slack="0"/>
<pin id="368" dir="1" index="3" bw="2" slack="2"/>
</pin_list>
<bind>
<opcode="select(49) " fcode="select"/>
<opset="select_ln126/7 "/>
</bind>
</comp>

<comp id="371" class="1004" name="j_loc_load_load_fu_371">
<pin_list>
<pin id="372" dir="0" index="0" bw="3" slack="6"/>
<pin id="373" dir="1" index="1" bw="3" slack="0"/>
</pin_list>
<bind>
<opcode="load(27) " fcode="load"/>
<opset="j_loc_load/7 "/>
</bind>
</comp>

<comp id="375" class="1004" name="zext_ln128_loc_load_load_fu_375">
<pin_list>
<pin id="376" dir="0" index="0" bw="3" slack="6"/>
<pin id="377" dir="1" index="1" bw="3" slack="0"/>
</pin_list>
<bind>
<opcode="load(27) " fcode="load"/>
<opset="zext_ln128_loc_load/7 "/>
</bind>
</comp>

<comp id="378" class="1004" name="zext_ln128_reload_cast_fu_378">
<pin_list>
<pin id="379" dir="0" index="0" bw="3" slack="0"/>
<pin id="380" dir="1" index="1" bw="64" slack="2"/>
</pin_list>
<bind>
<opcode="zext(34) " fcode="zext"/>
<opset="zext_ln128_reload_cast/7 "/>
</bind>
</comp>

<comp id="382" class="1004" name="zext_ln128_fu_382">
<pin_list>
<pin id="383" dir="0" index="0" bw="3" slack="2147483647"/>
<pin id="384" dir="1" index="1" bw="64" slack="0"/>
</pin_list>
<bind>
<opcode="zext(34) " fcode="zext"/>
<opset="zext_ln128/9 "/>
</bind>
</comp>

<comp id="391" class="1004" name="store_ln118_store_fu_391">
<pin_list>
<pin id="392" dir="0" index="0" bw="11" slack="6"/>
<pin id="393" dir="0" index="1" bw="11" slack="8"/>
<pin id="394" dir="1" index="2" bw="0" slack="2147483647"/>
</pin_list>
<bind>
<opcode="store(28) " fcode="store"/>
<opset="store_ln118/9 "/>
</bind>
</comp>

<comp id="395" class="1005" name="i_1_reg_395">
<pin_list>
<pin id="396" dir="0" index="0" bw="11" slack="0"/>
<pin id="397" dir="1" index="1" bw="11" slack="0"/>
</pin_list>
<bind>
<opset="i_1 "/>
</bind>
</comp>

<comp id="402" class="1005" name="zext_ln128_loc_reg_402">
<pin_list>
<pin id="403" dir="0" index="0" bw="3" slack="4"/>
<pin id="404" dir="1" index="1" bw="3" slack="4"/>
</pin_list>
<bind>
<opset="zext_ln128_loc "/>
</bind>
</comp>

<comp id="408" class="1005" name="j_loc_reg_408">
<pin_list>
<pin id="409" dir="0" index="0" bw="3" slack="4"/>
<pin id="410" dir="1" index="1" bw="3" slack="4"/>
</pin_list>
<bind>
<opset="j_loc "/>
</bind>
</comp>

<comp id="414" class="1005" name="num_clusters_read_reg_414">
<pin_list>
<pin id="415" dir="0" index="0" bw="32" slack="1"/>
<pin id="416" dir="1" index="1" bw="32" slack="1"/>
</pin_list>
<bind>
<opset="num_clusters_read "/>
</bind>
</comp>

<comp id="422" class="1005" name="add_ln118_reg_422">
<pin_list>
<pin id="423" dir="0" index="0" bw="11" slack="6"/>
<pin id="424" dir="1" index="1" bw="11" slack="6"/>
</pin_list>
<bind>
<opset="add_ln118 "/>
</bind>
</comp>

<comp id="427" class="1005" name="zext_ln118_reg_427">
<pin_list>
<pin id="428" dir="0" index="0" bw="64" slack="1"/>
<pin id="429" dir="1" index="1" bw="64" slack="1"/>
</pin_list>
<bind>
<opset="zext_ln118 "/>
</bind>
</comp>

<comp id="437" class="1005" name="icmp_ln119_reg_437">
<pin_list>
<pin id="438" dir="0" index="0" bw="1" slack="6"/>
<pin id="439" dir="1" index="1" bw="1" slack="2147483647"/>
</pin_list>
<bind>
<opset="icmp_ln119 "/>
</bind>
</comp>

<comp id="441" class="1005" name="clusters_valid_addr_reg_441">
<pin_list>
<pin id="442" dir="0" index="0" bw="11" slack="1"/>
<pin id="443" dir="1" index="1" bw="11" slack="1"/>
</pin_list>
<bind>
<opset="clusters_valid_addr "/>
</bind>
</comp>

<comp id="446" class="1005" name="clusters_valid_load_reg_446">
<pin_list>
<pin id="447" dir="0" index="0" bw="1" slack="5"/>
<pin id="448" dir="1" index="1" bw="1" slack="2147483647"/>
</pin_list>
<bind>
<opset="clusters_valid_load "/>
</bind>
</comp>

<comp id="450" class="1005" name="clusters_et_addr_reg_450">
<pin_list>
<pin id="451" dir="0" index="0" bw="11" slack="1"/>
<pin id="452" dir="1" index="1" bw="11" slack="1"/>
</pin_list>
<bind>
<opset="clusters_et_addr "/>
</bind>
</comp>

<comp id="455" class="1005" name="clusters_isolation_et_addr_reg_455">
<pin_list>
<pin id="456" dir="0" index="0" bw="11" slack="1"/>
<pin id="457" dir="1" index="1" bw="11" slack="1"/>
</pin_list>
<bind>
<opset="clusters_isolation_et_addr "/>
</bind>
</comp>

<comp id="460" class="1005" name="clusters_eta_addr_reg_460">
<pin_list>
<pin id="461" dir="0" index="0" bw="11" slack="1"/>
<pin id="462" dir="1" index="1" bw="11" slack="1"/>
</pin_list>
<bind>
<opset="clusters_eta_addr "/>
</bind>
</comp>

<comp id="465" class="1005" name="clusters_phi_addr_reg_465">
<pin_list>
<pin id="466" dir="0" index="0" bw="11" slack="1"/>
<pin id="467" dir="1" index="1" bw="11" slack="1"/>
</pin_list>
<bind>
<opset="clusters_phi_addr "/>
</bind>
</comp>

<comp id="470" class="1005" name="clusters_window_size_addr_reg_470">
<pin_list>
<pin id="471" dir="0" index="0" bw="11" slack="1"/>
<pin id="472" dir="1" index="1" bw="11" slack="1"/>
</pin_list>
<bind>
<opset="clusters_window_size_addr "/>
</bind>
</comp>

<comp id="475" class="1005" name="clusters_iso_outer_size_addr_reg_475">
<pin_list>
<pin id="476" dir="0" index="0" bw="11" slack="1"/>
<pin id="477" dir="1" index="1" bw="11" slack="1"/>
</pin_list>
<bind>
<opset="clusters_iso_outer_size_addr "/>
</bind>
</comp>

<comp id="480" class="1005" name="candidate_et_reg_480">
<pin_list>
<pin id="481" dir="0" index="0" bw="16" slack="1"/>
<pin id="482" dir="1" index="1" bw="16" slack="1"/>
</pin_list>
<bind>
<opset="candidate_et "/>
</bind>
</comp>

<comp id="486" class="1005" name="candidate_isolation_et_reg_486">
<pin_list>
<pin id="487" dir="0" index="0" bw="18" slack="4"/>
<pin id="488" dir="1" index="1" bw="18" slack="4"/>
</pin_list>
<bind>
<opset="candidate_isolation_et "/>
</bind>
</comp>

<comp id="491" class="1005" name="candidate_eta_reg_491">
<pin_list>
<pin id="492" dir="0" index="0" bw="5" slack="1"/>
<pin id="493" dir="1" index="1" bw="5" slack="1"/>
</pin_list>
<bind>
<opset="candidate_eta "/>
</bind>
</comp>

<comp id="497" class="1005" name="candidate_phi_reg_497">
<pin_list>
<pin id="498" dir="0" index="0" bw="6" slack="1"/>
<pin id="499" dir="1" index="1" bw="6" slack="1"/>
</pin_list>
<bind>
<opset="candidate_phi "/>
</bind>
</comp>

<comp id="503" class="1005" name="candidate_window_size_reg_503">
<pin_list>
<pin id="504" dir="0" index="0" bw="1" slack="2"/>
<pin id="505" dir="1" index="1" bw="1" slack="2"/>
</pin_list>
<bind>
<opset="candidate_window_size "/>
</bind>
</comp>

<comp id="508" class="1005" name="candidate_iso_outer_size_reg_508">
<pin_list>
<pin id="509" dir="0" index="0" bw="3" slack="4"/>
<pin id="510" dir="1" index="1" bw="3" slack="4"/>
</pin_list>
<bind>
<opset="candidate_iso_outer_size "/>
</bind>
</comp>

<comp id="513" class="1005" name="cond_reg_513">
<pin_list>
<pin id="514" dir="0" index="0" bw="1" slack="1"/>
<pin id="515" dir="1" index="1" bw="1" slack="2147483647"/>
</pin_list>
<bind>
<opset="cond "/>
</bind>
</comp>

<comp id="517" class="1005" name="select_ln126_reg_517">
<pin_list>
<pin id="518" dir="0" index="0" bw="2" slack="2"/>
<pin id="519" dir="1" index="1" bw="2" slack="2"/>
</pin_list>
<bind>
<opset="select_ln126 "/>
</bind>
</comp>

<comp id="525" class="1005" name="zext_ln128_reload_cast_reg_525">
<pin_list>
<pin id="526" dir="0" index="0" bw="64" slack="2"/>
<pin id="527" dir="1" index="1" bw="64" slack="2"/>
</pin_list>
<bind>
<opset="zext_ln128_reload_cast "/>
</bind>
</comp>

</comp_list>

<net_list>
<net id="69"><net_src comp="30" pin="0"/><net_sink comp="66" pin=0"/></net>

<net id="73"><net_src comp="32" pin="0"/><net_sink comp="70" pin=0"/></net>

<net id="77"><net_src comp="32" pin="0"/><net_sink comp="74" pin=0"/></net>

<net id="82"><net_src comp="38" pin="0"/><net_sink comp="78" pin=0"/></net>

<net id="83"><net_src comp="14" pin="0"/><net_sink comp="78" pin=1"/></net>

<net id="89"><net_src comp="12" pin="0"/><net_sink comp="84" pin=0"/></net>

<net id="90"><net_src comp="52" pin="0"/><net_sink comp="84" pin=1"/></net>

<net id="96"><net_src comp="84" pin="3"/><net_sink comp="91" pin=0"/></net>

<net id="102"><net_src comp="0" pin="0"/><net_sink comp="97" pin=0"/></net>

<net id="103"><net_src comp="52" pin="0"/><net_sink comp="97" pin=1"/></net>

<net id="109"><net_src comp="2" pin="0"/><net_sink comp="104" pin=0"/></net>

<net id="110"><net_src comp="52" pin="0"/><net_sink comp="104" pin=1"/></net>

<net id="116"><net_src comp="4" pin="0"/><net_sink comp="111" pin=0"/></net>

<net id="117"><net_src comp="52" pin="0"/><net_sink comp="111" pin=1"/></net>

<net id="123"><net_src comp="6" pin="0"/><net_sink comp="118" pin=0"/></net>

<net id="124"><net_src comp="52" pin="0"/><net_sink comp="118" pin=1"/></net>

<net id="130"><net_src comp="8" pin="0"/><net_sink comp="125" pin=0"/></net>

<net id="131"><net_src comp="52" pin="0"/><net_sink comp="125" pin=1"/></net>

<net id="137"><net_src comp="10" pin="0"/><net_sink comp="132" pin=0"/></net>

<net id="138"><net_src comp="52" pin="0"/><net_sink comp="132" pin=1"/></net>

<net id="144"><net_src comp="97" pin="3"/><net_sink comp="139" pin=0"/></net>

<net id="150"><net_src comp="104" pin="3"/><net_sink comp="145" pin=0"/></net>

<net id="156"><net_src comp="111" pin="3"/><net_sink comp="151" pin=0"/></net>

<net id="162"><net_src comp="118" pin="3"/><net_sink comp="157" pin=0"/></net>

<net id="168"><net_src comp="125" pin="3"/><net_sink comp="163" pin=0"/></net>

<net id="174"><net_src comp="132" pin="3"/><net_sink comp="169" pin=0"/></net>

<net id="180"><net_src comp="28" pin="0"/><net_sink comp="175" pin=0"/></net>

<net id="181"><net_src comp="52" pin="0"/><net_sink comp="175" pin=1"/></net>

<net id="187"><net_src comp="16" pin="0"/><net_sink comp="182" pin=0"/></net>

<net id="188"><net_src comp="52" pin="0"/><net_sink comp="182" pin=1"/></net>

<net id="194"><net_src comp="18" pin="0"/><net_sink comp="189" pin=0"/></net>

<net id="195"><net_src comp="52" pin="0"/><net_sink comp="189" pin=1"/></net>

<net id="201"><net_src comp="20" pin="0"/><net_sink comp="196" pin=0"/></net>

<net id="202"><net_src comp="52" pin="0"/><net_sink comp="196" pin=1"/></net>

<net id="208"><net_src comp="22" pin="0"/><net_sink comp="203" pin=0"/></net>

<net id="209"><net_src comp="52" pin="0"/><net_sink comp="203" pin=1"/></net>

<net id="215"><net_src comp="24" pin="0"/><net_sink comp="210" pin=0"/></net>

<net id="216"><net_src comp="52" pin="0"/><net_sink comp="210" pin=1"/></net>

<net id="222"><net_src comp="26" pin="0"/><net_sink comp="217" pin=0"/></net>

<net id="223"><net_src comp="52" pin="0"/><net_sink comp="217" pin=1"/></net>

<net id="229"><net_src comp="182" pin="3"/><net_sink comp="224" pin=0"/></net>

<net id="235"><net_src comp="189" pin="3"/><net_sink comp="230" pin=0"/></net>

<net id="241"><net_src comp="196" pin="3"/><net_sink comp="236" pin=0"/></net>

<net id="247"><net_src comp="203" pin="3"/><net_sink comp="242" pin=0"/></net>

<net id="253"><net_src comp="210" pin="3"/><net_sink comp="248" pin=0"/></net>

<net id="259"><net_src comp="217" pin="3"/><net_sink comp="254" pin=0"/></net>

<net id="265"><net_src comp="64" pin="0"/><net_sink comp="260" pin=1"/></net>

<net id="266"><net_src comp="175" pin="3"/><net_sink comp="260" pin=0"/></net>

<net id="277"><net_src comp="34" pin="0"/><net_sink comp="267" pin=0"/></net>

<net id="278"><net_src comp="16" pin="0"/><net_sink comp="267" pin=1"/></net>

<net id="279"><net_src comp="18" pin="0"/><net_sink comp="267" pin=2"/></net>

<net id="280"><net_src comp="20" pin="0"/><net_sink comp="267" pin=3"/></net>

<net id="281"><net_src comp="22" pin="0"/><net_sink comp="267" pin=4"/></net>

<net id="282"><net_src comp="24" pin="0"/><net_sink comp="267" pin=5"/></net>

<net id="283"><net_src comp="26" pin="0"/><net_sink comp="267" pin=6"/></net>

<net id="284"><net_src comp="28" pin="0"/><net_sink comp="267" pin=7"/></net>

<net id="297"><net_src comp="54" pin="0"/><net_sink comp="285" pin=0"/></net>

<net id="298"><net_src comp="139" pin="3"/><net_sink comp="285" pin=1"/></net>

<net id="299"><net_src comp="16" pin="0"/><net_sink comp="285" pin=2"/></net>

<net id="300"><net_src comp="20" pin="0"/><net_sink comp="285" pin=3"/></net>

<net id="301"><net_src comp="22" pin="0"/><net_sink comp="285" pin=4"/></net>

<net id="302"><net_src comp="28" pin="0"/><net_sink comp="285" pin=5"/></net>

<net id="303"><net_src comp="151" pin="3"/><net_sink comp="285" pin=6"/></net>

<net id="304"><net_src comp="157" pin="3"/><net_sink comp="285" pin=7"/></net>

<net id="316"><net_src comp="62" pin="0"/><net_sink comp="305" pin=0"/></net>

<net id="317"><net_src comp="16" pin="0"/><net_sink comp="305" pin=2"/></net>

<net id="318"><net_src comp="18" pin="0"/><net_sink comp="305" pin=3"/></net>

<net id="319"><net_src comp="20" pin="0"/><net_sink comp="305" pin=4"/></net>

<net id="320"><net_src comp="22" pin="0"/><net_sink comp="305" pin=5"/></net>

<net id="321"><net_src comp="24" pin="0"/><net_sink comp="305" pin=6"/></net>

<net id="322"><net_src comp="26" pin="0"/><net_sink comp="305" pin=7"/></net>

<net id="323"><net_src comp="28" pin="0"/><net_sink comp="305" pin=8"/></net>

<net id="328"><net_src comp="36" pin="0"/><net_sink comp="324" pin=0"/></net>

<net id="336"><net_src comp="329" pin="1"/><net_sink comp="332" pin=0"/></net>

<net id="337"><net_src comp="40" pin="0"/><net_sink comp="332" pin=1"/></net>

<net id="342"><net_src comp="329" pin="1"/><net_sink comp="338" pin=0"/></net>

<net id="343"><net_src comp="42" pin="0"/><net_sink comp="338" pin=1"/></net>

<net id="347"><net_src comp="329" pin="1"/><net_sink comp="344" pin=0"/></net>

<net id="348"><net_src comp="344" pin="1"/><net_sink comp="84" pin=2"/></net>

<net id="352"><net_src comp="329" pin="1"/><net_sink comp="349" pin=0"/></net>

<net id="357"><net_src comp="349" pin="1"/><net_sink comp="353" pin=0"/></net>

<net id="362"><net_src comp="285" pin="10"/><net_sink comp="358" pin=0"/></net>

<net id="363"><net_src comp="56" pin="0"/><net_sink comp="358" pin=1"/></net>

<net id="369"><net_src comp="58" pin="0"/><net_sink comp="364" pin=1"/></net>

<net id="370"><net_src comp="60" pin="0"/><net_sink comp="364" pin=2"/></net>

<net id="374"><net_src comp="371" pin="1"/><net_sink comp="305" pin=1"/></net>

<net id="381"><net_src comp="375" pin="1"/><net_sink comp="378" pin=0"/></net>

<net id="385"><net_src comp="382" pin="1"/><net_sink comp="182" pin=2"/></net>

<net id="386"><net_src comp="382" pin="1"/><net_sink comp="189" pin=2"/></net>

<net id="387"><net_src comp="382" pin="1"/><net_sink comp="196" pin=2"/></net>

<net id="388"><net_src comp="382" pin="1"/><net_sink comp="203" pin=2"/></net>

<net id="389"><net_src comp="382" pin="1"/><net_sink comp="210" pin=2"/></net>

<net id="390"><net_src comp="382" pin="1"/><net_sink comp="217" pin=2"/></net>

<net id="398"><net_src comp="66" pin="1"/><net_sink comp="395" pin=0"/></net>

<net id="399"><net_src comp="395" pin="1"/><net_sink comp="324" pin=1"/></net>

<net id="400"><net_src comp="395" pin="1"/><net_sink comp="329" pin=0"/></net>

<net id="401"><net_src comp="395" pin="1"/><net_sink comp="391" pin=1"/></net>

<net id="405"><net_src comp="70" pin="1"/><net_sink comp="402" pin=0"/></net>

<net id="406"><net_src comp="402" pin="1"/><net_sink comp="285" pin=9"/></net>

<net id="407"><net_src comp="402" pin="1"/><net_sink comp="375" pin=0"/></net>

<net id="411"><net_src comp="74" pin="1"/><net_sink comp="408" pin=0"/></net>

<net id="412"><net_src comp="408" pin="1"/><net_sink comp="285" pin=8"/></net>

<net id="413"><net_src comp="408" pin="1"/><net_sink comp="371" pin=0"/></net>

<net id="417"><net_src comp="78" pin="2"/><net_sink comp="414" pin=0"/></net>

<net id="418"><net_src comp="414" pin="1"/><net_sink comp="353" pin=1"/></net>

<net id="425"><net_src comp="338" pin="2"/><net_sink comp="422" pin=0"/></net>

<net id="426"><net_src comp="422" pin="1"/><net_sink comp="391" pin=0"/></net>

<net id="430"><net_src comp="344" pin="1"/><net_sink comp="427" pin=0"/></net>

<net id="431"><net_src comp="427" pin="1"/><net_sink comp="97" pin=2"/></net>

<net id="432"><net_src comp="427" pin="1"/><net_sink comp="104" pin=2"/></net>

<net id="433"><net_src comp="427" pin="1"/><net_sink comp="111" pin=2"/></net>

<net id="434"><net_src comp="427" pin="1"/><net_sink comp="118" pin=2"/></net>

<net id="435"><net_src comp="427" pin="1"/><net_sink comp="125" pin=2"/></net>

<net id="436"><net_src comp="427" pin="1"/><net_sink comp="132" pin=2"/></net>

<net id="440"><net_src comp="353" pin="2"/><net_sink comp="437" pin=0"/></net>

<net id="444"><net_src comp="84" pin="3"/><net_sink comp="441" pin=0"/></net>

<net id="445"><net_src comp="441" pin="1"/><net_sink comp="91" pin=0"/></net>

<net id="449"><net_src comp="91" pin="3"/><net_sink comp="446" pin=0"/></net>

<net id="453"><net_src comp="97" pin="3"/><net_sink comp="450" pin=0"/></net>

<net id="454"><net_src comp="450" pin="1"/><net_sink comp="139" pin=0"/></net>

<net id="458"><net_src comp="104" pin="3"/><net_sink comp="455" pin=0"/></net>

<net id="459"><net_src comp="455" pin="1"/><net_sink comp="145" pin=0"/></net>

<net id="463"><net_src comp="111" pin="3"/><net_sink comp="460" pin=0"/></net>

<net id="464"><net_src comp="460" pin="1"/><net_sink comp="151" pin=0"/></net>

<net id="468"><net_src comp="118" pin="3"/><net_sink comp="465" pin=0"/></net>

<net id="469"><net_src comp="465" pin="1"/><net_sink comp="157" pin=0"/></net>

<net id="473"><net_src comp="125" pin="3"/><net_sink comp="470" pin=0"/></net>

<net id="474"><net_src comp="470" pin="1"/><net_sink comp="163" pin=0"/></net>

<net id="478"><net_src comp="132" pin="3"/><net_sink comp="475" pin=0"/></net>

<net id="479"><net_src comp="475" pin="1"/><net_sink comp="169" pin=0"/></net>

<net id="483"><net_src comp="139" pin="3"/><net_sink comp="480" pin=0"/></net>

<net id="484"><net_src comp="480" pin="1"/><net_sink comp="285" pin=1"/></net>

<net id="485"><net_src comp="480" pin="1"/><net_sink comp="224" pin=1"/></net>

<net id="489"><net_src comp="145" pin="3"/><net_sink comp="486" pin=0"/></net>

<net id="490"><net_src comp="486" pin="1"/><net_sink comp="230" pin=1"/></net>

<net id="494"><net_src comp="151" pin="3"/><net_sink comp="491" pin=0"/></net>

<net id="495"><net_src comp="491" pin="1"/><net_sink comp="285" pin=6"/></net>

<net id="496"><net_src comp="491" pin="1"/><net_sink comp="236" pin=1"/></net>

<net id="500"><net_src comp="157" pin="3"/><net_sink comp="497" pin=0"/></net>

<net id="501"><net_src comp="497" pin="1"/><net_sink comp="285" pin=7"/></net>

<net id="502"><net_src comp="497" pin="1"/><net_sink comp="242" pin=1"/></net>

<net id="506"><net_src comp="163" pin="3"/><net_sink comp="503" pin=0"/></net>

<net id="507"><net_src comp="503" pin="1"/><net_sink comp="364" pin=0"/></net>

<net id="511"><net_src comp="169" pin="3"/><net_sink comp="508" pin=0"/></net>

<net id="512"><net_src comp="508" pin="1"/><net_sink comp="254" pin=1"/></net>

<net id="516"><net_src comp="358" pin="2"/><net_sink comp="513" pin=0"/></net>

<net id="520"><net_src comp="364" pin="3"/><net_sink comp="517" pin=0"/></net>

<net id="521"><net_src comp="517" pin="1"/><net_sink comp="248" pin=1"/></net>

<net id="528"><net_src comp="378" pin="1"/><net_sink comp="525" pin=0"/></net>

<net id="529"><net_src comp="525" pin="1"/><net_sink comp="175" pin=2"/></net>

</net_list>

</model> 
---------------- Datapath Model END ------------------

* FSMD analyzer results:
  - Output states:
	Port: top_clusters_et | {1 2 7 8 9 }
	Port: top_clusters_isolation_et | {1 2 7 8 9 }
	Port: top_clusters_eta | {1 2 7 8 9 }
	Port: top_clusters_phi | {1 2 7 8 9 }
	Port: top_clusters_window_size | {1 2 7 8 9 }
	Port: top_clusters_iso_outer_size | {1 2 7 8 9 }
	Port: top_clusters_valid | {1 2 7 8 9 }
 - Input state : 
	Port: select_top_n : clusters_et | {4 5 }
	Port: select_top_n : clusters_isolation_et | {4 5 }
	Port: select_top_n : clusters_eta | {4 5 }
	Port: select_top_n : clusters_phi | {4 5 }
	Port: select_top_n : clusters_window_size | {4 5 }
	Port: select_top_n : clusters_iso_outer_size | {4 5 }
	Port: select_top_n : clusters_valid | {3 4 }
	Port: select_top_n : num_clusters | {2 }
	Port: select_top_n : top_clusters_et | {5 6 7 8 }
	Port: select_top_n : top_clusters_isolation_et | {7 8 }
	Port: select_top_n : top_clusters_eta | {5 6 7 8 }
	Port: select_top_n : top_clusters_phi | {5 6 7 8 }
	Port: select_top_n : top_clusters_window_size | {7 8 }
	Port: select_top_n : top_clusters_iso_outer_size | {7 8 }
	Port: select_top_n : top_clusters_valid | {5 6 7 8 }
  - Chain level:
	State 1
		store_ln118 : 1
	State 2
	State 3
		icmp_ln118 : 1
		add_ln118 : 1
		br_ln118 : 2
		zext_ln118 : 1
		zext_ln118_1 : 1
		icmp_ln119 : 2
		br_ln119 : 3
		clusters_valid_addr : 2
		clusters_valid_load : 3
	State 4
		br_ln122 : 1
		candidate_et : 1
		candidate_isolation_et : 1
		candidate_eta : 1
		candidate_phi : 1
		candidate_window_size : 1
		candidate_iso_outer_size : 1
	State 5
		targetBlock : 1
	State 6
		cond : 1
	State 7
		zext_ln128_reload_cast : 1
		call_ln129 : 1
	State 8
	State 9
		top_clusters_et_addr : 1
		top_clusters_isolation_et_addr : 1
		top_clusters_eta_addr : 1
		top_clusters_phi_addr : 1
		top_clusters_window_size_addr : 1
		top_clusters_iso_outer_size_addr : 1
		store_ln134 : 2
		store_ln134 : 2
		store_ln134 : 2
		store_ln134 : 2
		store_ln134 : 2
		store_ln134 : 2
		store_ln134 : 1


============================================================
+ Verbose Summary: Datapath Resource usage 
============================================================

* Functional unit list:
|----------|---------------------------------------------------|---------|---------|---------|
| Operation|                  Functional Unit                  |  Delay  |    FF   |   LUT   |
|----------|---------------------------------------------------|---------|---------|---------|
|          | grp_select_top_n_Pipeline_VITIS_LOOP_108_1_fu_267 |    0    |    4    |    24   |
|   call   | grp_select_top_n_Pipeline_VITIS_LOOP_128_3_fu_285 | 1.22671 |   123   |   134   |
|          | grp_select_top_n_Pipeline_VITIS_LOOP_131_4_fu_305 |  2.709  |    27   |    83   |
|----------|---------------------------------------------------|---------|---------|---------|
|          |                 icmp_ln118_fu_332                 |    0    |    0    |    18   |
|   icmp   |                 icmp_ln119_fu_353                 |    0    |    0    |    39   |
|          |                    cond_fu_358                    |    0    |    0    |    10   |
|----------|---------------------------------------------------|---------|---------|---------|
|    add   |                  add_ln118_fu_338                 |    0    |    0    |    18   |
|----------|---------------------------------------------------|---------|---------|---------|
|  select  |                select_ln126_fu_364                |    0    |    0    |    2    |
|----------|---------------------------------------------------|---------|---------|---------|
|   read   |            num_clusters_read_read_fu_78           |    0    |    0    |    0    |
|----------|---------------------------------------------------|---------|---------|---------|
|          |                 zext_ln118_fu_344                 |    0    |    0    |    0    |
|   zext   |                zext_ln118_1_fu_349                |    0    |    0    |    0    |
|          |           zext_ln128_reload_cast_fu_378           |    0    |    0    |    0    |
|          |                 zext_ln128_fu_382                 |    0    |    0    |    0    |
|----------|---------------------------------------------------|---------|---------|---------|
|   Total  |                                                   | 3.93571 |   154   |   328   |
|----------|---------------------------------------------------|---------|---------|---------|

Memories:
N/A

* Register list:
+------------------------------------+--------+
|                                    |   FF   |
+------------------------------------+--------+
|          add_ln118_reg_422         |   11   |
|        candidate_et_reg_480        |   16   |
|        candidate_eta_reg_491       |    5   |
|  candidate_iso_outer_size_reg_508  |    3   |
|   candidate_isolation_et_reg_486   |   18   |
|        candidate_phi_reg_497       |    6   |
|    candidate_window_size_reg_503   |    1   |
|      clusters_et_addr_reg_450      |   11   |
|      clusters_eta_addr_reg_460     |   11   |
|clusters_iso_outer_size_addr_reg_475|   11   |
| clusters_isolation_et_addr_reg_455 |   11   |
|      clusters_phi_addr_reg_465     |   11   |
|     clusters_valid_addr_reg_441    |   11   |
|     clusters_valid_load_reg_446    |    1   |
|  clusters_window_size_addr_reg_470 |   11   |
|            cond_reg_513            |    1   |
|             i_1_reg_395            |   11   |
|         icmp_ln119_reg_437         |    1   |
|            j_loc_reg_408           |    3   |
|      num_clusters_read_reg_414     |   32   |
|        select_ln126_reg_517        |    2   |
|         zext_ln118_reg_427         |   64   |
|       zext_ln128_loc_reg_402       |    3   |
|   zext_ln128_reload_cast_reg_525   |   64   |
+------------------------------------+--------+
|                Total               |   319  |
+------------------------------------+--------+

* Multiplexer (MUX) list: 
|---------------------------------------------------|------|------|------|--------||---------||---------||---------|
|                        Comp                       |  Pin | Size |  BW  | S x BW ||  Delay  ||    FF   ||   LUT   |
|---------------------------------------------------|------|------|------|--------||---------||---------||---------|
|                  grp_access_fu_91                 |  p0  |   2  |  11  |   22   ||    0    ||    9    |
|                 grp_access_fu_139                 |  p0  |   2  |  11  |   22   ||    0    ||    9    |
|                 grp_access_fu_145                 |  p0  |   2  |  11  |   22   ||    0    ||    9    |
|                 grp_access_fu_151                 |  p0  |   2  |  11  |   22   ||    0    ||    9    |
|                 grp_access_fu_157                 |  p0  |   2  |  11  |   22   ||    0    ||    9    |
|                 grp_access_fu_163                 |  p0  |   2  |  11  |   22   ||    0    ||    9    |
|                 grp_access_fu_169                 |  p0  |   2  |  11  |   22   ||    0    ||    9    |
| grp_select_top_n_Pipeline_VITIS_LOOP_128_3_fu_285 |  p1  |   2  |  16  |   32   ||    0    ||    9    |
| grp_select_top_n_Pipeline_VITIS_LOOP_128_3_fu_285 |  p6  |   2  |   5  |   10   ||    0    ||    9    |
| grp_select_top_n_Pipeline_VITIS_LOOP_128_3_fu_285 |  p7  |   2  |   6  |   12   ||    0    ||    9    |
|---------------------------------------------------|------|------|------|--------||---------||---------||---------|
|                       Total                       |      |      |      |   208  ||   3.87  ||    0    ||    90   |
|---------------------------------------------------|------|------|------|--------||---------||---------||---------|



* Summary:
+-----------+--------+--------+--------+
|           |  Delay |   FF   |   LUT  |
+-----------+--------+--------+--------+
|  Function |    3   |   154  |   328  |
|   Memory  |    -   |    -   |    -   |
|Multiplexer|    3   |    0   |   90   |
|  Register |    -   |   319  |    -   |
+-----------+--------+--------+--------+
|   Total   |    7   |   473  |   418  |
+-----------+--------+--------+--------+
