

================================================================
== Vitis HLS Report for 'select_top_n_Pipeline_VITIS_LOOP_128_3'
================================================================
* Date:           Tue May 12 15:59:06 2026

* Version:        2024.1 (Build 5069499 on May 21 2024)
* Project:        calorimeter
* Solution:       solution1 (Vivado IP Flow Target)
* Product family: virtexuplus
* Target device:  xcvu13p-fsga2577-2-e


================================================================
== Performance Estimates
================================================================
+ Timing: 
    * Summary: 
    +--------+----------+----------+------------+
    |  Clock |  Target  | Estimated| Uncertainty|
    +--------+----------+----------+------------+
    |ap_clk  |  25.00 ns|  1.760 ns|     6.75 ns|
    +--------+----------+----------+------------+

+ Latency: 
    * Summary: 
    +---------+---------+----------+----------+-----+-----+---------+
    |  Latency (cycles) |  Latency (absolute) |  Interval | Pipeline|
    |   min   |   max   |    min   |    max   | min | max |   Type  |
    +---------+---------+----------+----------+-----+-----+---------+
    |        6|       47|  0.150 us|  1.175 us|    6|   47|       no|
    +---------+---------+----------+----------+-----+-----+---------+

    + Detail: 
        * Instance: 
        N/A

        * Loop: 
        +--------------------+---------+---------+----------+-----------+-----------+-------+----------+
        |                    |  Latency (cycles) | Iteration|  Initiation Interval  |  Trip |          |
        |      Loop Name     |   min   |   max   |  Latency |  achieved |   target  | Count | Pipelined|
        +--------------------+---------+---------+----------+-----------+-----------+-------+----------+
        |- VITIS_LOOP_128_3  |        4|       44|         5|          5|          1|  0 ~ 8|       yes|
        +--------------------+---------+---------+----------+-----------+-----------+-------+----------+

============================================================
+ Verbose Summary: Synthesis Manager
============================================================
InlineROM: 1
ExposeGlobal: 0
============================================================
+ Verbose Summary: CDFG Model
============================================================
IsTopModel: 0
ResetActiveHigh: 1
IsCombinational: 0
IsDatapathOnly: 0
HasWiredReturn: 1
HasMFsm: 2
HasVarLatency: 1
IsPipeline: 0
IsRtlPipelined: 0
IsInstanceOverlapped: 0
IsDontTouch: 0
HasImplIP: 0
IsGatedGlobalClock: 0

+ Individual pipeline summary: 
  * Pipeline-0: initiation interval (II) = 5, depth = 5


============================================================
+ Verbose Summary: Schedule
============================================================
* Number of FSM states : 11
* Pipeline : 1
  Pipeline-0 : II = 5, D = 5, States = { 2 3 4 5 6 }
* Dataflow Pipeline: 0

* FSM state transitions: 
1 --> 2 
2 --> 3 
3 --> 4 
4 --> 5 
5 --> 6 
6 --> 7 8 9 10 11 2 
7 --> 
8 --> 7 
9 --> 7 
10 --> 7 
11 --> 7 

* FSM state operations: 

State 1 <SV = 0> <Delay = 0.38>
ST_1 : Operation 12 [1/1] (0.00ns)   --->   "%b_valid = alloca i32 1" [calorimeter.cpp:68->calorimeter.cpp:129]   --->   Operation 12 'alloca' 'b_valid' <Predicate = true> <Delay = 0.00>
ST_1 : Operation 13 [1/1] (0.00ns)   --->   "%candidate_phi_read = read i6 @_ssdm_op_Read.ap_auto.i6, i6 %candidate_phi"   --->   Operation 13 'read' 'candidate_phi_read' <Predicate = true> <Delay = 0.00>
ST_1 : Operation 14 [1/1] (0.00ns)   --->   "%candidate_eta_read = read i5 @_ssdm_op_Read.ap_auto.i5, i5 %candidate_eta"   --->   Operation 14 'read' 'candidate_eta_read' <Predicate = true> <Delay = 0.00>
ST_1 : Operation 15 [1/1] (0.00ns)   --->   "%candidate_et_read = read i16 @_ssdm_op_Read.ap_auto.i16, i16 %candidate_et"   --->   Operation 15 'read' 'candidate_et_read' <Predicate = true> <Delay = 0.00>
ST_1 : Operation 16 [1/1] (0.38ns)   --->   "%store_ln68 = store i4 0, i4 %b_valid" [calorimeter.cpp:68->calorimeter.cpp:129]   --->   Operation 16 'store' 'store_ln68' <Predicate = true> <Delay = 0.38>
ST_1 : Operation 17 [1/1] (0.00ns)   --->   "%br_ln0 = br void %for.body34"   --->   Operation 17 'br' 'br_ln0' <Predicate = true> <Delay = 0.00>

State 2 <SV = 1> <Delay = 0.70>
ST_2 : Operation 18 [1/1] (0.00ns)   --->   "%b_valid_1 = load i4 %b_valid" [calorimeter.cpp:128]   --->   Operation 18 'load' 'b_valid_1' <Predicate = true> <Delay = 0.00>
ST_2 : Operation 19 [1/1] (0.00ns)   --->   "%trunc_ln128 = trunc i4 %b_valid_1" [calorimeter.cpp:128]   --->   Operation 19 'trunc' 'trunc_ln128' <Predicate = true> <Delay = 0.00>
ST_2 : Operation 20 [1/1] (0.70ns)   --->   "%icmp_ln128 = icmp_eq  i4 %b_valid_1, i4 8" [calorimeter.cpp:128]   --->   Operation 20 'icmp' 'icmp_ln128' <Predicate = true> <Delay = 0.70> <CoreInst = "Cmp">   --->   Core 9 'Cmp' <Latency = 0> <II = 1> <Delay = 0.70> <FuncUnit> <Opcode : 'seteq' 'setne' 'setle' 'setge' 'setlt' 'setgt'> <InPorts = 2> <OutPorts = 1>
ST_2 : Operation 21 [1/1] (0.70ns)   --->   "%add_ln128 = add i4 %b_valid_1, i4 1" [calorimeter.cpp:128]   --->   Operation 21 'add' 'add_ln128' <Predicate = true> <Delay = 0.70> <CoreInst = "Adder">   --->   Core 1 'Adder' <Latency = 0> <II = 1> <Delay = 0.70> <FuncUnit> <Opcode : 'add' 'sub'> <InPorts = 2> <OutPorts = 1>
ST_2 : Operation 22 [1/1] (0.00ns)   --->   "%br_ln128 = br i1 %icmp_ln128, void %for.body34.split, void %for.end56.loopexit.exitStub" [calorimeter.cpp:128]   --->   Operation 22 'br' 'br_ln128' <Predicate = true> <Delay = 0.00>
ST_2 : Operation 23 [1/1] (0.00ns)   --->   "%zext_ln128 = zext i4 %b_valid_1" [calorimeter.cpp:128]   --->   Operation 23 'zext' 'zext_ln128' <Predicate = (!icmp_ln128)> <Delay = 0.00>
ST_2 : Operation 24 [1/1] (0.00ns)   --->   "%top_clusters_valid_addr_1 = getelementptr i1 %top_clusters_valid, i64 0, i64 %zext_ln128" [calorimeter.cpp:129]   --->   Operation 24 'getelementptr' 'top_clusters_valid_addr_1' <Predicate = (!icmp_ln128)> <Delay = 0.00>
ST_2 : Operation 25 [2/2] (0.63ns)   --->   "%top_clusters_valid_load = load i3 %top_clusters_valid_addr_1" [calorimeter.cpp:129]   --->   Operation 25 'load' 'top_clusters_valid_load' <Predicate = (!icmp_ln128)> <Delay = 0.63> <CoreInst = "RAM">   --->   Core 82 'RAM' <Latency = 1> <II = 1> <Delay = 0.63> <Storage> <Opcode : 'load' 'store'> <Ports = 2> <Width = 1> <Depth = 8> <RAM>

State 3 <SV = 2> <Delay = 0.68>
ST_3 : Operation 26 [1/1] (0.00ns)   --->   "%specpipeline_ln128 = specpipeline void @_ssdm_op_SpecPipeline, i32 4294967295, i32 0, i32 0, i32 0, void @empty_0" [calorimeter.cpp:128]   --->   Operation 26 'specpipeline' 'specpipeline_ln128' <Predicate = (!icmp_ln128)> <Delay = 0.00>
ST_3 : Operation 27 [1/1] (0.00ns)   --->   "%speclooptripcount_ln128 = speclooptripcount void @_ssdm_op_SpecLoopTripCount, i64 0, i64 8, i64 4" [calorimeter.cpp:128]   --->   Operation 27 'speclooptripcount' 'speclooptripcount_ln128' <Predicate = (!icmp_ln128)> <Delay = 0.00>
ST_3 : Operation 28 [1/1] (0.00ns)   --->   "%specloopname_ln128 = specloopname void @_ssdm_op_SpecLoopName, void @empty_4" [calorimeter.cpp:128]   --->   Operation 28 'specloopname' 'specloopname_ln128' <Predicate = (!icmp_ln128)> <Delay = 0.00>
ST_3 : Operation 29 [1/2] (0.63ns)   --->   "%top_clusters_valid_load = load i3 %top_clusters_valid_addr_1" [calorimeter.cpp:129]   --->   Operation 29 'load' 'top_clusters_valid_load' <Predicate = (!icmp_ln128)> <Delay = 0.63> <CoreInst = "RAM">   --->   Core 82 'RAM' <Latency = 1> <II = 1> <Delay = 0.63> <Storage> <Opcode : 'load' 'store'> <Ports = 2> <Width = 1> <Depth = 8> <RAM>
ST_3 : Operation 30 [1/1] (0.00ns)   --->   "%br_ln129 = br i1 %top_clusters_valid_load, void %for.body34.split.VITIS_LOOP_131_4_crit_edge.exitStub, void %lor.lhs.false" [calorimeter.cpp:129]   --->   Operation 30 'br' 'br_ln129' <Predicate = (!icmp_ln128)> <Delay = 0.00>
ST_3 : Operation 31 [1/1] (0.00ns)   --->   "%b_et = getelementptr i16 %top_clusters_et, i64 0, i64 %zext_ln128" [calorimeter.cpp:129]   --->   Operation 31 'getelementptr' 'b_et' <Predicate = (!icmp_ln128 & top_clusters_valid_load)> <Delay = 0.00>
ST_3 : Operation 32 [1/1] (0.00ns)   --->   "%b_eta = getelementptr i5 %top_clusters_eta, i64 0, i64 %zext_ln128" [calorimeter.cpp:129]   --->   Operation 32 'getelementptr' 'b_eta' <Predicate = (!icmp_ln128 & top_clusters_valid_load)> <Delay = 0.00>
ST_3 : Operation 33 [1/1] (0.00ns)   --->   "%b_phi = getelementptr i6 %top_clusters_phi, i64 0, i64 %zext_ln128" [calorimeter.cpp:129]   --->   Operation 33 'getelementptr' 'b_phi' <Predicate = (!icmp_ln128 & top_clusters_valid_load)> <Delay = 0.00>
ST_3 : Operation 34 [2/2] (0.68ns)   --->   "%b_et_load = load i3 %b_et" [calorimeter.cpp:78->calorimeter.cpp:129]   --->   Operation 34 'load' 'b_et_load' <Predicate = (!icmp_ln128 & top_clusters_valid_load)> <Delay = 0.68> <CoreInst = "RAM">   --->   Core 82 'RAM' <Latency = 1> <II = 1> <Delay = 0.68> <Storage> <Opcode : 'load' 'store'> <Ports = 2> <Width = 16> <Depth = 8> <RAM>

State 4 <SV = 3> <Delay = 1.46>
ST_4 : Operation 35 [1/2] (0.68ns)   --->   "%b_et_load = load i3 %b_et" [calorimeter.cpp:78->calorimeter.cpp:129]   --->   Operation 35 'load' 'b_et_load' <Predicate = (!icmp_ln128 & top_clusters_valid_load)> <Delay = 0.68> <CoreInst = "RAM">   --->   Core 82 'RAM' <Latency = 1> <II = 1> <Delay = 0.68> <Storage> <Opcode : 'load' 'store'> <Ports = 2> <Width = 16> <Depth = 8> <RAM>
ST_4 : Operation 36 [1/1] (0.78ns)   --->   "%icmp_ln78 = icmp_ugt  i16 %candidate_et_read, i16 %b_et_load" [calorimeter.cpp:78->calorimeter.cpp:129]   --->   Operation 36 'icmp' 'icmp_ln78' <Predicate = (!icmp_ln128 & top_clusters_valid_load)> <Delay = 0.78> <CoreInst = "Cmp">   --->   Core 9 'Cmp' <Latency = 0> <II = 1> <Delay = 0.78> <FuncUnit> <Opcode : 'seteq' 'setne' 'setle' 'setge' 'setlt' 'setgt'> <InPorts = 2> <OutPorts = 1>
ST_4 : Operation 37 [1/1] (0.00ns)   --->   "%br_ln78 = br i1 %icmp_ln78, void %if.end6.i, void %lor.lhs.false.VITIS_LOOP_131_4_crit_edge.exitStub" [calorimeter.cpp:78->calorimeter.cpp:129]   --->   Operation 37 'br' 'br_ln78' <Predicate = (!icmp_ln128 & top_clusters_valid_load)> <Delay = 0.00>
ST_4 : Operation 38 [1/1] (0.78ns)   --->   "%icmp_ln82 = icmp_ult  i16 %candidate_et_read, i16 %b_et_load" [calorimeter.cpp:82->calorimeter.cpp:129]   --->   Operation 38 'icmp' 'icmp_ln82' <Predicate = (!icmp_ln128 & top_clusters_valid_load & !icmp_ln78)> <Delay = 0.78> <CoreInst = "Cmp">   --->   Core 9 'Cmp' <Latency = 0> <II = 1> <Delay = 0.78> <FuncUnit> <Opcode : 'seteq' 'setne' 'setle' 'setge' 'setlt' 'setgt'> <InPorts = 2> <OutPorts = 1>
ST_4 : Operation 39 [1/1] (0.00ns)   --->   "%br_ln82 = br i1 %icmp_ln82, void %if.end11.i, void %for.inc54" [calorimeter.cpp:82->calorimeter.cpp:129]   --->   Operation 39 'br' 'br_ln82' <Predicate = (!icmp_ln128 & top_clusters_valid_load & !icmp_ln78)> <Delay = 0.00>
ST_4 : Operation 40 [2/2] (0.66ns)   --->   "%b_eta_load = load i3 %b_eta" [calorimeter.cpp:86->calorimeter.cpp:129]   --->   Operation 40 'load' 'b_eta_load' <Predicate = (!icmp_ln128 & top_clusters_valid_load & !icmp_ln78 & !icmp_ln82)> <Delay = 0.66> <CoreInst = "RAM">   --->   Core 82 'RAM' <Latency = 1> <II = 1> <Delay = 0.66> <Storage> <Opcode : 'load' 'store'> <Ports = 2> <Width = 5> <Depth = 8> <RAM>

State 5 <SV = 4> <Delay = 1.37>
ST_5 : Operation 41 [1/2] (0.66ns)   --->   "%b_eta_load = load i3 %b_eta" [calorimeter.cpp:86->calorimeter.cpp:129]   --->   Operation 41 'load' 'b_eta_load' <Predicate = (!icmp_ln128 & top_clusters_valid_load & !icmp_ln78 & !icmp_ln82)> <Delay = 0.66> <CoreInst = "RAM">   --->   Core 82 'RAM' <Latency = 1> <II = 1> <Delay = 0.66> <Storage> <Opcode : 'load' 'store'> <Ports = 2> <Width = 5> <Depth = 8> <RAM>
ST_5 : Operation 42 [1/1] (0.70ns)   --->   "%icmp_ln86 = icmp_ult  i5 %candidate_eta_read, i5 %b_eta_load" [calorimeter.cpp:86->calorimeter.cpp:129]   --->   Operation 42 'icmp' 'icmp_ln86' <Predicate = (!icmp_ln128 & top_clusters_valid_load & !icmp_ln78 & !icmp_ln82)> <Delay = 0.70> <CoreInst = "Cmp">   --->   Core 9 'Cmp' <Latency = 0> <II = 1> <Delay = 0.70> <FuncUnit> <Opcode : 'seteq' 'setne' 'setle' 'setge' 'setlt' 'setgt'> <InPorts = 2> <OutPorts = 1>
ST_5 : Operation 43 [1/1] (0.00ns)   --->   "%br_ln86 = br i1 %icmp_ln86, void %if.end15.i, void %if.end11.i.VITIS_LOOP_131_4_crit_edge.exitStub" [calorimeter.cpp:86->calorimeter.cpp:129]   --->   Operation 43 'br' 'br_ln86' <Predicate = (!icmp_ln128 & top_clusters_valid_load & !icmp_ln78 & !icmp_ln82)> <Delay = 0.00>
ST_5 : Operation 44 [1/1] (0.70ns)   --->   "%icmp_ln90 = icmp_ugt  i5 %candidate_eta_read, i5 %b_eta_load" [calorimeter.cpp:90->calorimeter.cpp:129]   --->   Operation 44 'icmp' 'icmp_ln90' <Predicate = (!icmp_ln128 & top_clusters_valid_load & !icmp_ln78 & !icmp_ln82 & !icmp_ln86)> <Delay = 0.70> <CoreInst = "Cmp">   --->   Core 9 'Cmp' <Latency = 0> <II = 1> <Delay = 0.70> <FuncUnit> <Opcode : 'seteq' 'setne' 'setle' 'setge' 'setlt' 'setgt'> <InPorts = 2> <OutPorts = 1>
ST_5 : Operation 45 [1/1] (0.00ns)   --->   "%br_ln90 = br i1 %icmp_ln90, void %if.end20.i, void %for.inc54" [calorimeter.cpp:90->calorimeter.cpp:129]   --->   Operation 45 'br' 'br_ln90' <Predicate = (!icmp_ln128 & top_clusters_valid_load & !icmp_ln78 & !icmp_ln82 & !icmp_ln86)> <Delay = 0.00>
ST_5 : Operation 46 [2/2] (0.66ns)   --->   "%b_phi_load = load i3 %b_phi" [calorimeter.cpp:94->calorimeter.cpp:129]   --->   Operation 46 'load' 'b_phi_load' <Predicate = (!icmp_ln128 & top_clusters_valid_load & !icmp_ln78 & !icmp_ln82 & !icmp_ln86 & !icmp_ln90)> <Delay = 0.66> <CoreInst = "RAM">   --->   Core 82 'RAM' <Latency = 1> <II = 1> <Delay = 0.66> <Storage> <Opcode : 'load' 'store'> <Ports = 2> <Width = 6> <Depth = 8> <RAM>

State 6 <SV = 5> <Delay = 1.76>
ST_6 : Operation 47 [1/2] (0.66ns)   --->   "%b_phi_load = load i3 %b_phi" [calorimeter.cpp:94->calorimeter.cpp:129]   --->   Operation 47 'load' 'b_phi_load' <Predicate = (!icmp_ln128 & top_clusters_valid_load & !icmp_ln78 & !icmp_ln82 & !icmp_ln86 & !icmp_ln90)> <Delay = 0.66> <CoreInst = "RAM">   --->   Core 82 'RAM' <Latency = 1> <II = 1> <Delay = 0.66> <Storage> <Opcode : 'load' 'store'> <Ports = 2> <Width = 6> <Depth = 8> <RAM>
ST_6 : Operation 48 [1/1] (0.70ns)   --->   "%icmp_ln94 = icmp_ult  i6 %candidate_phi_read, i6 %b_phi_load" [calorimeter.cpp:94->calorimeter.cpp:129]   --->   Operation 48 'icmp' 'icmp_ln94' <Predicate = (!icmp_ln128 & top_clusters_valid_load & !icmp_ln78 & !icmp_ln82 & !icmp_ln86 & !icmp_ln90)> <Delay = 0.70> <CoreInst = "Cmp">   --->   Core 9 'Cmp' <Latency = 0> <II = 1> <Delay = 0.70> <FuncUnit> <Opcode : 'seteq' 'setne' 'setle' 'setge' 'setlt' 'setgt'> <InPorts = 2> <OutPorts = 1>
ST_6 : Operation 49 [1/1] (0.00ns)   --->   "%br_ln129 = br i1 %icmp_ln94, void %for.inc54, void %if.end20.i.VITIS_LOOP_131_4_crit_edge.exitStub" [calorimeter.cpp:129]   --->   Operation 49 'br' 'br_ln129' <Predicate = (!icmp_ln128 & top_clusters_valid_load & !icmp_ln78 & !icmp_ln82 & !icmp_ln86 & !icmp_ln90)> <Delay = 0.00>
ST_6 : Operation 50 [1/1] (0.38ns)   --->   "%store_ln68 = store i4 %add_ln128, i4 %b_valid" [calorimeter.cpp:68->calorimeter.cpp:129]   --->   Operation 50 'store' 'store_ln68' <Predicate = (!icmp_ln128 & top_clusters_valid_load & !icmp_ln78 & !icmp_ln86 & !icmp_ln94) | (!icmp_ln128 & top_clusters_valid_load & !icmp_ln78 & !icmp_ln86 & icmp_ln90) | (!icmp_ln128 & top_clusters_valid_load & !icmp_ln78 & icmp_ln82)> <Delay = 0.38>
ST_6 : Operation 51 [1/1] (0.00ns)   --->   "%br_ln128 = br void %for.body34" [calorimeter.cpp:128]   --->   Operation 51 'br' 'br_ln128' <Predicate = (!icmp_ln128 & top_clusters_valid_load & !icmp_ln78 & !icmp_ln86 & !icmp_ln94) | (!icmp_ln128 & top_clusters_valid_load & !icmp_ln78 & !icmp_ln86 & icmp_ln90) | (!icmp_ln128 & top_clusters_valid_load & !icmp_ln78 & icmp_ln82)> <Delay = 0.00>

State 7 <SV = 6> <Delay = 0.87>
ST_7 : Operation 52 [1/1] (0.00ns)   --->   "%write_ln128 = write void @_ssdm_op_Write.ap_auto.i3P0A, i3 %j_out, i3 %trunc_ln128" [calorimeter.cpp:128]   --->   Operation 52 'write' 'write_ln128' <Predicate = (!icmp_ln128 & top_clusters_valid_load & !icmp_ln78 & !icmp_ln86)> <Delay = 0.00>
ST_7 : Operation 53 [1/1] (0.00ns)   --->   "%write_ln128 = write void @_ssdm_op_Write.ap_auto.i3P0A, i3 %zext_ln128_out, i3 %trunc_ln128" [calorimeter.cpp:128]   --->   Operation 53 'write' 'write_ln128' <Predicate = (!icmp_ln128 & top_clusters_valid_load & !icmp_ln78 & !icmp_ln86)> <Delay = 0.00>
ST_7 : Operation 54 [1/1] (0.48ns)   --->   "%br_ln0 = br void %UnifiedReturnBlock"   --->   Operation 54 'br' 'br_ln0' <Predicate = (!icmp_ln128 & top_clusters_valid_load & !icmp_ln78 & !icmp_ln86)> <Delay = 0.48>
ST_7 : Operation 55 [1/1] (0.00ns) (grouped into LUT with out node ret_ln0)   --->   "%UnifiedRetVal = phi i3 0, void %for.end56.loopexit.exitStub, i3 1, void %lor.lhs.false.VITIS_LOOP_131_4_crit_edge.exitStub, i3 2, void %for.body34.split.VITIS_LOOP_131_4_crit_edge.exitStub, i3 3, void %if.end11.i.VITIS_LOOP_131_4_crit_edge.exitStub, i3 4, void %if.end20.i.VITIS_LOOP_131_4_crit_edge.exitStub"   --->   Operation 55 'phi' 'UnifiedRetVal' <Predicate = true> <Delay = 0.00>
ST_7 : Operation 56 [1/1] (0.38ns) (out node of the LUT)   --->   "%ret_ln0 = ret i3 %UnifiedRetVal"   --->   Operation 56 'ret' 'ret_ln0' <Predicate = true> <Delay = 0.38>

State 8 <SV = 5> <Delay = 0.48>
ST_8 : Operation 57 [1/1] (0.00ns)   --->   "%write_ln128 = write void @_ssdm_op_Write.ap_auto.i3P0A, i3 %j_out, i3 %trunc_ln128" [calorimeter.cpp:128]   --->   Operation 57 'write' 'write_ln128' <Predicate = true> <Delay = 0.00>
ST_8 : Operation 58 [1/1] (0.00ns)   --->   "%write_ln128 = write void @_ssdm_op_Write.ap_auto.i3P0A, i3 %zext_ln128_out, i3 %trunc_ln128" [calorimeter.cpp:128]   --->   Operation 58 'write' 'write_ln128' <Predicate = true> <Delay = 0.00>
ST_8 : Operation 59 [1/1] (0.48ns)   --->   "%br_ln0 = br void %UnifiedReturnBlock"   --->   Operation 59 'br' 'br_ln0' <Predicate = true> <Delay = 0.48>

State 9 <SV = 4> <Delay = 0.48>
ST_9 : Operation 60 [1/1] (0.00ns)   --->   "%write_ln128 = write void @_ssdm_op_Write.ap_auto.i3P0A, i3 %j_out, i3 %trunc_ln128" [calorimeter.cpp:128]   --->   Operation 60 'write' 'write_ln128' <Predicate = true> <Delay = 0.00>
ST_9 : Operation 61 [1/1] (0.00ns)   --->   "%write_ln128 = write void @_ssdm_op_Write.ap_auto.i3P0A, i3 %zext_ln128_out, i3 %trunc_ln128" [calorimeter.cpp:128]   --->   Operation 61 'write' 'write_ln128' <Predicate = true> <Delay = 0.00>
ST_9 : Operation 62 [1/1] (0.48ns)   --->   "%br_ln0 = br void %UnifiedReturnBlock"   --->   Operation 62 'br' 'br_ln0' <Predicate = true> <Delay = 0.48>

State 10 <SV = 3> <Delay = 0.48>
ST_10 : Operation 63 [1/1] (0.00ns)   --->   "%write_ln128 = write void @_ssdm_op_Write.ap_auto.i3P0A, i3 %j_out, i3 %trunc_ln128" [calorimeter.cpp:128]   --->   Operation 63 'write' 'write_ln128' <Predicate = true> <Delay = 0.00>
ST_10 : Operation 64 [1/1] (0.00ns)   --->   "%write_ln128 = write void @_ssdm_op_Write.ap_auto.i3P0A, i3 %zext_ln128_out, i3 %trunc_ln128" [calorimeter.cpp:128]   --->   Operation 64 'write' 'write_ln128' <Predicate = true> <Delay = 0.00>
ST_10 : Operation 65 [1/1] (0.48ns)   --->   "%br_ln0 = br void %UnifiedReturnBlock"   --->   Operation 65 'br' 'br_ln0' <Predicate = true> <Delay = 0.48>

State 11 <SV = 2> <Delay = 0.48>
ST_11 : Operation 66 [1/1] (0.00ns)   --->   "%write_ln128 = write void @_ssdm_op_Write.ap_auto.i3P0A, i3 %j_out, i3 %trunc_ln128" [calorimeter.cpp:128]   --->   Operation 66 'write' 'write_ln128' <Predicate = true> <Delay = 0.00>
ST_11 : Operation 67 [1/1] (0.48ns)   --->   "%br_ln0 = br void %UnifiedReturnBlock"   --->   Operation 67 'br' 'br_ln0' <Predicate = true> <Delay = 0.48>


============================================================
+ Verbose Summary: Timing violations
============================================================
Target clock period: 25.000ns, clock uncertainty: 6.750ns.

 <State 1>: 0.387ns
The critical path consists of the following:
	'alloca' operation 4 bit ('b.valid', calorimeter.cpp:68->calorimeter.cpp:129) [10]  (0.000 ns)
	'store' operation 0 bit ('store_ln68', calorimeter.cpp:68->calorimeter.cpp:129) of constant 0 on local variable 'b.valid', calorimeter.cpp:68->calorimeter.cpp:129 [14]  (0.387 ns)

 <State 2>: 0.708ns
The critical path consists of the following:
	'load' operation 4 bit ('j', calorimeter.cpp:128) on local variable 'b.valid', calorimeter.cpp:68->calorimeter.cpp:129 [17]  (0.000 ns)
	'icmp' operation 1 bit ('icmp_ln128', calorimeter.cpp:128) [19]  (0.708 ns)

 <State 3>: 0.683ns
The critical path consists of the following:
	'getelementptr' operation 3 bit ('b.et', calorimeter.cpp:129) [31]  (0.000 ns)
	'load' operation 16 bit ('b_et_load', calorimeter.cpp:78->calorimeter.cpp:129) on array 'top_clusters_et' [34]  (0.683 ns)

 <State 4>: 1.468ns
The critical path consists of the following:
	'load' operation 16 bit ('b_et_load', calorimeter.cpp:78->calorimeter.cpp:129) on array 'top_clusters_et' [34]  (0.683 ns)
	'icmp' operation 1 bit ('icmp_ln82', calorimeter.cpp:82->calorimeter.cpp:129) [38]  (0.785 ns)

 <State 5>: 1.374ns
The critical path consists of the following:
	'load' operation 5 bit ('b_eta_load', calorimeter.cpp:86->calorimeter.cpp:129) on array 'top_clusters_eta' [41]  (0.667 ns)
	'icmp' operation 1 bit ('icmp_ln90', calorimeter.cpp:90->calorimeter.cpp:129) [45]  (0.707 ns)

 <State 6>: 1.760ns
The critical path consists of the following:
	'load' operation 6 bit ('b_phi_load', calorimeter.cpp:94->calorimeter.cpp:129) on array 'top_clusters_phi' [48]  (0.667 ns)
	'icmp' operation 1 bit ('icmp_ln94', calorimeter.cpp:94->calorimeter.cpp:129) [49]  (0.706 ns)
	blocking operation 0.387 ns on control path)

 <State 7>: 0.873ns
The critical path consists of the following:
	multiplexor before 'phi' operation 3 bit ('UnifiedRetVal') [74]  (0.486 ns)
	'phi' operation 3 bit ('UnifiedRetVal') [74]  (0.000 ns)
	blocking operation 0.387 ns on control path)

 <State 8>: 0.486ns
The critical path consists of the following:
	multiplexor before 'phi' operation 3 bit ('UnifiedRetVal') [74]  (0.486 ns)

 <State 9>: 0.486ns
The critical path consists of the following:
	multiplexor before 'phi' operation 3 bit ('UnifiedRetVal') [74]  (0.486 ns)

 <State 10>: 0.486ns
The critical path consists of the following:
	multiplexor before 'phi' operation 3 bit ('UnifiedRetVal') [74]  (0.486 ns)

 <State 11>: 0.486ns
The critical path consists of the following:
	multiplexor before 'phi' operation 3 bit ('UnifiedRetVal') [74]  (0.486 ns)


============================================================
+ Verbose Summary: Binding
============================================================
N/A
* FSMD analyzer results:
  - Output states:
 - Input state : 
  - Chain level:
	State 1
	State 2
	State 3
	State 4
	State 5
	State 6
	State 7
	State 8
	State 9
	State 10
	State 11


============================================================
+ Verbose Summary: Datapath Resource usage 
============================================================
N/A
