

================================================================
== Vitis HLS Report for 'select_top_n'
================================================================
* Date:           Tue May 12 15:59:06 2026

* Version:        2024.1 (Build 5069499 on May 21 2024)
* Project:        calorimeter
* Solution:       solution1 (Vivado IP Flow Target)
* Product family: virtexuplus
* Target device:  xcvu13p-fsga2577-2-e


================================================================
== Performance Estimates
================================================================
+ Timing: 
    * Summary: 
    +--------+----------+----------+------------+
    |  Clock |  Target  | Estimated| Uncertainty|
    +--------+----------+----------+------------+
    |ap_clk  |  25.00 ns|  1.794 ns|     6.75 ns|
    +--------+----------+----------+------------+

+ Latency: 
    * Summary: 
    +---------+---------+-----------+----------+------+--------+---------+
    |  Latency (cycles) |  Latency (absolute)  |    Interval   | Pipeline|
    |   min   |   max   |    min    |    max   |  min |   max  |   Type  |
    +---------+---------+-----------+----------+------+--------+---------+
    |     3612|   113412|  90.300 us|  2.835 ms|  3612|  113412|       no|
    +---------+---------+-----------+----------+------+--------+---------+

    + Detail: 
        * Instance: 
        N/A

        * Loop: 
        +--------------------+---------+---------+----------+-----------+-----------+------+----------+
        |                    |  Latency (cycles) | Iteration|  Initiation Interval  | Trip |          |
        |      Loop Name     |   min   |   max   |  Latency |  achieved |   target  | Count| Pipelined|
        +--------------------+---------+---------+----------+-----------+-----------+------+----------+
        |- VITIS_LOOP_118_2  |     3600|   113400|    2 ~ 63|          -|          -|  1800|        no|
        +--------------------+---------+---------+----------+-----------+-----------+------+----------+

============================================================
+ Verbose Summary: Synthesis Manager
============================================================
InlineROM: 1
ExposeGlobal: 0
============================================================
+ Verbose Summary: CDFG Model
============================================================
IsTopModel: 0
ResetActiveHigh: 1
IsCombinational: 0
IsDatapathOnly: 0
HasWiredReturn: 1
HasMFsm: 0
HasVarLatency: 1
IsPipeline: 0
IsRtlPipelined: 0
IsInstanceOverlapped: 0
IsDontTouch: 0
HasImplIP: 0
IsGatedGlobalClock: 0


============================================================
+ Verbose Summary: Schedule
============================================================
* Number of FSM states : 9
* Pipeline : 0
* Dataflow Pipeline: 0

* FSM state transitions: 
1 --> 2 
2 --> 3 
3 --> 4 9 
4 --> 5 9 
5 --> 6 
6 --> 7 
7 --> 8 9 
8 --> 9 
9 --> 3 

* FSM state operations: 

State 1 <SV = 0> <Delay = 0.38>
ST_1 : Operation 10 [1/1] (0.00ns)   --->   "%i_1 = alloca i32 1" [calorimeter.cpp:118]   --->   Operation 10 'alloca' 'i_1' <Predicate = true> <Delay = 0.00>
ST_1 : Operation 11 [1/1] (0.00ns)   --->   "%zext_ln128_loc = alloca i64 1"   --->   Operation 11 'alloca' 'zext_ln128_loc' <Predicate = true> <Delay = 0.00>
ST_1 : Operation 12 [1/1] (0.00ns)   --->   "%j_loc = alloca i64 1"   --->   Operation 12 'alloca' 'j_loc' <Predicate = true> <Delay = 0.00>
ST_1 : Operation 13 [2/2] (0.00ns)   --->   "%call_ln0 = call void @select_top_n_Pipeline_VITIS_LOOP_108_1, i16 %top_clusters_et, i18 %top_clusters_isolation_et, i5 %top_clusters_eta, i6 %top_clusters_phi, i2 %top_clusters_window_size, i3 %top_clusters_iso_outer_size, i1 %top_clusters_valid"   --->   Operation 13 'call' 'call_ln0' <Predicate = true> <Delay = 0.00> <CoreType = "Generic">   --->   Core 0 '' <Latency = 0> <II = 1> <Delay = 1.00> <Generic> <Opcode : >
ST_1 : Operation 14 [1/1] (0.38ns)   --->   "%store_ln118 = store i11 0, i11 %i_1" [calorimeter.cpp:118]   --->   Operation 14 'store' 'store_ln118' <Predicate = true> <Delay = 0.38>

State 2 <SV = 1> <Delay = 1.48>
ST_2 : Operation 15 [1/1] (0.00ns)   --->   "%num_clusters_read = read i32 @_ssdm_op_Read.ap_auto.i32, i32 %num_clusters"   --->   Operation 15 'read' 'num_clusters_read' <Predicate = true> <Delay = 0.00>
ST_2 : Operation 16 [1/2] (1.48ns)   --->   "%call_ln0 = call void @select_top_n_Pipeline_VITIS_LOOP_108_1, i16 %top_clusters_et, i18 %top_clusters_isolation_et, i5 %top_clusters_eta, i6 %top_clusters_phi, i2 %top_clusters_window_size, i3 %top_clusters_iso_outer_size, i1 %top_clusters_valid"   --->   Operation 16 'call' 'call_ln0' <Predicate = true> <Delay = 1.48> <CoreType = "Generic">   --->   Core 0 '' <Latency = 0> <II = 1> <Delay = 1.00> <Generic> <Opcode : >
ST_2 : Operation 17 [1/1] (0.00ns)   --->   "%br_ln118 = br void %for.body22" [calorimeter.cpp:118]   --->   Operation 17 'br' 'br_ln118' <Predicate = true> <Delay = 0.00>

State 3 <SV = 2> <Delay = 1.17>
ST_3 : Operation 18 [1/1] (0.00ns)   --->   "%i = load i11 %i_1" [calorimeter.cpp:118]   --->   Operation 18 'load' 'i' <Predicate = true> <Delay = 0.00>
ST_3 : Operation 19 [1/1] (0.73ns)   --->   "%icmp_ln118 = icmp_eq  i11 %i, i11 1800" [calorimeter.cpp:118]   --->   Operation 19 'icmp' 'icmp_ln118' <Predicate = true> <Delay = 0.73> <CoreInst = "Cmp">   --->   Core 9 'Cmp' <Latency = 0> <II = 1> <Delay = 0.73> <FuncUnit> <Opcode : 'seteq' 'setne' 'setle' 'setge' 'setlt' 'setgt'> <InPorts = 2> <OutPorts = 1>
ST_3 : Operation 20 [1/1] (0.73ns)   --->   "%add_ln118 = add i11 %i, i11 1" [calorimeter.cpp:118]   --->   Operation 20 'add' 'add_ln118' <Predicate = true> <Delay = 0.73> <CoreInst = "Adder">   --->   Core 1 'Adder' <Latency = 0> <II = 1> <Delay = 0.73> <FuncUnit> <Opcode : 'add' 'sub'> <InPorts = 2> <OutPorts = 1>
ST_3 : Operation 21 [1/1] (0.00ns)   --->   "%br_ln118 = br i1 %icmp_ln118, void %for.body22.split, void %for.end60" [calorimeter.cpp:118]   --->   Operation 21 'br' 'br_ln118' <Predicate = true> <Delay = 0.00>
ST_3 : Operation 22 [1/1] (0.00ns)   --->   "%zext_ln118 = zext i11 %i" [calorimeter.cpp:118]   --->   Operation 22 'zext' 'zext_ln118' <Predicate = (!icmp_ln118)> <Delay = 0.00>
ST_3 : Operation 23 [1/1] (0.00ns)   --->   "%zext_ln118_1 = zext i11 %i" [calorimeter.cpp:118]   --->   Operation 23 'zext' 'zext_ln118_1' <Predicate = (!icmp_ln118)> <Delay = 0.00>
ST_3 : Operation 24 [1/1] (0.00ns)   --->   "%speclooptripcount_ln118 = speclooptripcount void @_ssdm_op_SpecLoopTripCount, i64 1800, i64 1800, i64 1800" [calorimeter.cpp:118]   --->   Operation 24 'speclooptripcount' 'speclooptripcount_ln118' <Predicate = (!icmp_ln118)> <Delay = 0.00>
ST_3 : Operation 25 [1/1] (0.00ns)   --->   "%specloopname_ln118 = specloopname void @_ssdm_op_SpecLoopName, void @empty_6" [calorimeter.cpp:118]   --->   Operation 25 'specloopname' 'specloopname_ln118' <Predicate = (!icmp_ln118)> <Delay = 0.00>
ST_3 : Operation 26 [1/1] (0.88ns)   --->   "%icmp_ln119 = icmp_slt  i32 %zext_ln118_1, i32 %num_clusters_read" [calorimeter.cpp:119]   --->   Operation 26 'icmp' 'icmp_ln119' <Predicate = (!icmp_ln118)> <Delay = 0.88> <CoreInst = "Cmp">   --->   Core 9 'Cmp' <Latency = 0> <II = 1> <Delay = 0.88> <FuncUnit> <Opcode : 'seteq' 'setne' 'setle' 'setge' 'setlt' 'setgt'> <InPorts = 2> <OutPorts = 1>
ST_3 : Operation 27 [1/1] (0.00ns)   --->   "%br_ln119 = br i1 %icmp_ln119, void %for.inc57, void %if.end" [calorimeter.cpp:119]   --->   Operation 27 'br' 'br_ln119' <Predicate = (!icmp_ln118)> <Delay = 0.00>
ST_3 : Operation 28 [1/1] (0.00ns)   --->   "%clusters_valid_addr = getelementptr i1 %clusters_valid, i64 0, i64 %zext_ln118" [calorimeter.cpp:122]   --->   Operation 28 'getelementptr' 'clusters_valid_addr' <Predicate = (!icmp_ln118 & icmp_ln119)> <Delay = 0.00>
ST_3 : Operation 29 [2/2] (1.17ns)   --->   "%clusters_valid_load = load i11 %clusters_valid_addr" [calorimeter.cpp:122]   --->   Operation 29 'load' 'clusters_valid_load' <Predicate = (!icmp_ln118 & icmp_ln119)> <Delay = 1.17> <CoreInst = "RAM">   --->   Core 82 'RAM' <Latency = 1> <II = 1> <Delay = 1.17> <Storage> <Opcode : 'load' 'store'> <Ports = 2> <Width = 1> <Depth = 1800> <RAM>
ST_3 : Operation 30 [1/1] (0.00ns)   --->   "%ret_ln139 = ret" [calorimeter.cpp:139]   --->   Operation 30 'ret' 'ret_ln139' <Predicate = (icmp_ln118)> <Delay = 0.00>

State 4 <SV = 3> <Delay = 1.20>
ST_4 : Operation 31 [1/2] (1.17ns)   --->   "%clusters_valid_load = load i11 %clusters_valid_addr" [calorimeter.cpp:122]   --->   Operation 31 'load' 'clusters_valid_load' <Predicate = true> <Delay = 1.17> <CoreInst = "RAM">   --->   Core 82 'RAM' <Latency = 1> <II = 1> <Delay = 1.17> <Storage> <Opcode : 'load' 'store'> <Ports = 2> <Width = 1> <Depth = 1800> <RAM>
ST_4 : Operation 32 [1/1] (0.00ns)   --->   "%br_ln122 = br i1 %clusters_valid_load, void %for.inc57, void %VITIS_LOOP_128_3" [calorimeter.cpp:122]   --->   Operation 32 'br' 'br_ln122' <Predicate = true> <Delay = 0.00>
ST_4 : Operation 33 [1/1] (0.00ns)   --->   "%clusters_et_addr = getelementptr i16 %clusters_et, i64 0, i64 %zext_ln118" [calorimeter.cpp:126]   --->   Operation 33 'getelementptr' 'clusters_et_addr' <Predicate = (clusters_valid_load)> <Delay = 0.00>
ST_4 : Operation 34 [1/1] (0.00ns)   --->   "%clusters_isolation_et_addr = getelementptr i18 %clusters_isolation_et, i64 0, i64 %zext_ln118" [calorimeter.cpp:126]   --->   Operation 34 'getelementptr' 'clusters_isolation_et_addr' <Predicate = (clusters_valid_load)> <Delay = 0.00>
ST_4 : Operation 35 [1/1] (0.00ns)   --->   "%clusters_eta_addr = getelementptr i5 %clusters_eta, i64 0, i64 %zext_ln118" [calorimeter.cpp:126]   --->   Operation 35 'getelementptr' 'clusters_eta_addr' <Predicate = (clusters_valid_load)> <Delay = 0.00>
ST_4 : Operation 36 [1/1] (0.00ns)   --->   "%clusters_phi_addr = getelementptr i6 %clusters_phi, i64 0, i64 %zext_ln118" [calorimeter.cpp:126]   --->   Operation 36 'getelementptr' 'clusters_phi_addr' <Predicate = (clusters_valid_load)> <Delay = 0.00>
ST_4 : Operation 37 [1/1] (0.00ns)   --->   "%clusters_window_size_addr = getelementptr i1 %clusters_window_size, i64 0, i64 %zext_ln118" [calorimeter.cpp:126]   --->   Operation 37 'getelementptr' 'clusters_window_size_addr' <Predicate = (clusters_valid_load)> <Delay = 0.00>
ST_4 : Operation 38 [1/1] (0.00ns)   --->   "%clusters_iso_outer_size_addr = getelementptr i3 %clusters_iso_outer_size, i64 0, i64 %zext_ln118" [calorimeter.cpp:126]   --->   Operation 38 'getelementptr' 'clusters_iso_outer_size_addr' <Predicate = (clusters_valid_load)> <Delay = 0.00>
ST_4 : Operation 39 [2/2] (1.20ns)   --->   "%candidate_et = load i11 %clusters_et_addr" [calorimeter.cpp:126]   --->   Operation 39 'load' 'candidate_et' <Predicate = (clusters_valid_load)> <Delay = 1.20> <CoreInst = "RAM">   --->   Core 82 'RAM' <Latency = 1> <II = 1> <Delay = 1.20> <Storage> <Opcode : 'load' 'store'> <Ports = 2> <Width = 16> <Depth = 1800> <RAM>
ST_4 : Operation 40 [2/2] (1.20ns)   --->   "%candidate_isolation_et = load i11 %clusters_isolation_et_addr" [calorimeter.cpp:126]   --->   Operation 40 'load' 'candidate_isolation_et' <Predicate = (clusters_valid_load)> <Delay = 1.20> <CoreInst = "RAM">   --->   Core 82 'RAM' <Latency = 1> <II = 1> <Delay = 1.20> <Storage> <Opcode : 'load' 'store'> <Ports = 2> <Width = 18> <Depth = 1800> <RAM>
ST_4 : Operation 41 [2/2] (1.17ns)   --->   "%candidate_eta = load i11 %clusters_eta_addr" [calorimeter.cpp:126]   --->   Operation 41 'load' 'candidate_eta' <Predicate = (clusters_valid_load)> <Delay = 1.17> <CoreInst = "RAM">   --->   Core 82 'RAM' <Latency = 1> <II = 1> <Delay = 1.17> <Storage> <Opcode : 'load' 'store'> <Ports = 2> <Width = 5> <Depth = 1800> <RAM>
ST_4 : Operation 42 [2/2] (1.17ns)   --->   "%candidate_phi = load i11 %clusters_phi_addr" [calorimeter.cpp:126]   --->   Operation 42 'load' 'candidate_phi' <Predicate = (clusters_valid_load)> <Delay = 1.17> <CoreInst = "RAM">   --->   Core 82 'RAM' <Latency = 1> <II = 1> <Delay = 1.17> <Storage> <Opcode : 'load' 'store'> <Ports = 2> <Width = 6> <Depth = 1800> <RAM>
ST_4 : Operation 43 [2/2] (1.17ns)   --->   "%candidate_window_size = load i11 %clusters_window_size_addr" [calorimeter.cpp:126]   --->   Operation 43 'load' 'candidate_window_size' <Predicate = (clusters_valid_load)> <Delay = 1.17> <CoreInst = "RAM">   --->   Core 82 'RAM' <Latency = 1> <II = 1> <Delay = 1.17> <Storage> <Opcode : 'load' 'store'> <Ports = 2> <Width = 1> <Depth = 1800> <RAM>
ST_4 : Operation 44 [2/2] (1.17ns)   --->   "%candidate_iso_outer_size = load i11 %clusters_iso_outer_size_addr" [calorimeter.cpp:126]   --->   Operation 44 'load' 'candidate_iso_outer_size' <Predicate = (clusters_valid_load)> <Delay = 1.17> <CoreInst = "RAM">   --->   Core 82 'RAM' <Latency = 1> <II = 1> <Delay = 1.17> <Storage> <Opcode : 'load' 'store'> <Ports = 2> <Width = 3> <Depth = 1800> <RAM>

State 5 <SV = 4> <Delay = 1.20>
ST_5 : Operation 45 [1/2] (1.20ns)   --->   "%candidate_et = load i11 %clusters_et_addr" [calorimeter.cpp:126]   --->   Operation 45 'load' 'candidate_et' <Predicate = true> <Delay = 1.20> <CoreInst = "RAM">   --->   Core 82 'RAM' <Latency = 1> <II = 1> <Delay = 1.20> <Storage> <Opcode : 'load' 'store'> <Ports = 2> <Width = 16> <Depth = 1800> <RAM>
ST_5 : Operation 46 [1/2] (1.20ns)   --->   "%candidate_isolation_et = load i11 %clusters_isolation_et_addr" [calorimeter.cpp:126]   --->   Operation 46 'load' 'candidate_isolation_et' <Predicate = true> <Delay = 1.20> <CoreInst = "RAM">   --->   Core 82 'RAM' <Latency = 1> <II = 1> <Delay = 1.20> <Storage> <Opcode : 'load' 'store'> <Ports = 2> <Width = 18> <Depth = 1800> <RAM>
ST_5 : Operation 47 [1/2] (1.17ns)   --->   "%candidate_eta = load i11 %clusters_eta_addr" [calorimeter.cpp:126]   --->   Operation 47 'load' 'candidate_eta' <Predicate = true> <Delay = 1.17> <CoreInst = "RAM">   --->   Core 82 'RAM' <Latency = 1> <II = 1> <Delay = 1.17> <Storage> <Opcode : 'load' 'store'> <Ports = 2> <Width = 5> <Depth = 1800> <RAM>
ST_5 : Operation 48 [1/2] (1.17ns)   --->   "%candidate_phi = load i11 %clusters_phi_addr" [calorimeter.cpp:126]   --->   Operation 48 'load' 'candidate_phi' <Predicate = true> <Delay = 1.17> <CoreInst = "RAM">   --->   Core 82 'RAM' <Latency = 1> <II = 1> <Delay = 1.17> <Storage> <Opcode : 'load' 'store'> <Ports = 2> <Width = 6> <Depth = 1800> <RAM>
ST_5 : Operation 49 [1/2] (1.17ns)   --->   "%candidate_window_size = load i11 %clusters_window_size_addr" [calorimeter.cpp:126]   --->   Operation 49 'load' 'candidate_window_size' <Predicate = true> <Delay = 1.17> <CoreInst = "RAM">   --->   Core 82 'RAM' <Latency = 1> <II = 1> <Delay = 1.17> <Storage> <Opcode : 'load' 'store'> <Ports = 2> <Width = 1> <Depth = 1800> <RAM>
ST_5 : Operation 50 [1/2] (1.17ns)   --->   "%candidate_iso_outer_size = load i11 %clusters_iso_outer_size_addr" [calorimeter.cpp:126]   --->   Operation 50 'load' 'candidate_iso_outer_size' <Predicate = true> <Delay = 1.17> <CoreInst = "RAM">   --->   Core 82 'RAM' <Latency = 1> <II = 1> <Delay = 1.17> <Storage> <Opcode : 'load' 'store'> <Ports = 2> <Width = 3> <Depth = 1800> <RAM>
ST_5 : Operation 51 [2/2] (0.00ns)   --->   "%targetBlock = call i3 @select_top_n_Pipeline_VITIS_LOOP_128_3, i16 %candidate_et, i16 %top_clusters_et, i5 %top_clusters_eta, i6 %top_clusters_phi, i1 %top_clusters_valid, i5 %candidate_eta, i6 %candidate_phi, i3 %j_loc, i3 %zext_ln128_loc" [calorimeter.cpp:126]   --->   Operation 51 'call' 'targetBlock' <Predicate = true> <Delay = 0.00> <CoreType = "Generic">   --->   Core 0 '' <Latency = 0> <II = 1> <Delay = 1.00> <Generic> <Opcode : >

State 6 <SV = 5> <Delay = 1.44>
ST_6 : Operation 52 [1/2] (0.87ns)   --->   "%targetBlock = call i3 @select_top_n_Pipeline_VITIS_LOOP_128_3, i16 %candidate_et, i16 %top_clusters_et, i5 %top_clusters_eta, i6 %top_clusters_phi, i1 %top_clusters_valid, i5 %candidate_eta, i6 %candidate_phi, i3 %j_loc, i3 %zext_ln128_loc" [calorimeter.cpp:126]   --->   Operation 52 'call' 'targetBlock' <Predicate = true> <Delay = 0.87> <CoreType = "Generic">   --->   Core 0 '' <Latency = 0> <II = 1> <Delay = 1.00> <Generic> <Opcode : >
ST_6 : Operation 53 [1/1] (0.57ns)   --->   "%cond = icmp_eq  i3 %targetBlock, i3 0" [calorimeter.cpp:126]   --->   Operation 53 'icmp' 'cond' <Predicate = true> <Delay = 0.57> <CoreInst = "Cmp">   --->   Core 9 'Cmp' <Latency = 0> <II = 1> <Delay = 0.57> <FuncUnit> <Opcode : 'seteq' 'setne' 'setle' 'setge' 'setlt' 'setgt'> <InPorts = 2> <OutPorts = 1>

State 7 <SV = 6> <Delay = 0.95>
ST_7 : Operation 54 [1/1] (0.27ns)   --->   "%select_ln126 = select i1 %candidate_window_size, i2 3, i2 0" [calorimeter.cpp:126]   --->   Operation 54 'select' 'select_ln126' <Predicate = true> <Delay = 0.27> <CoreInst = "Sel">   --->   Core 73 'Sel' <Latency = 0> <II = 1> <Delay = 0.27> <FuncUnit> <Opcode : 'select'> <InPorts = 3> <OutPorts = 1>
ST_7 : Operation 55 [1/1] (0.00ns)   --->   "%j_loc_load = load i3 %j_loc" [calorimeter.cpp:129]   --->   Operation 55 'load' 'j_loc_load' <Predicate = true> <Delay = 0.00>
ST_7 : Operation 56 [1/1] (0.00ns)   --->   "%zext_ln128_loc_load = load i3 %zext_ln128_loc"   --->   Operation 56 'load' 'zext_ln128_loc_load' <Predicate = true> <Delay = 0.00>
ST_7 : Operation 57 [1/1] (0.00ns)   --->   "%zext_ln128_reload_cast = zext i3 %zext_ln128_loc_load"   --->   Operation 57 'zext' 'zext_ln128_reload_cast' <Predicate = true> <Delay = 0.00>
ST_7 : Operation 58 [1/1] (0.00ns)   --->   "%br_ln126 = br i1 %cond, void %VITIS_LOOP_131_4, void %for.end56" [calorimeter.cpp:126]   --->   Operation 58 'br' 'br_ln126' <Predicate = true> <Delay = 0.00>
ST_7 : Operation 59 [2/2] (0.95ns)   --->   "%call_ln129 = call void @select_top_n_Pipeline_VITIS_LOOP_131_4, i3 %j_loc_load, i16 %top_clusters_et, i18 %top_clusters_isolation_et, i5 %top_clusters_eta, i6 %top_clusters_phi, i2 %top_clusters_window_size, i3 %top_clusters_iso_outer_size, i1 %top_clusters_valid" [calorimeter.cpp:129]   --->   Operation 59 'call' 'call_ln129' <Predicate = (!cond)> <Delay = 0.95> <CoreType = "Generic">   --->   Core 0 '' <Latency = 0> <II = 1> <Delay = 1.00> <Generic> <Opcode : >

State 8 <SV = 7> <Delay = 1.34>
ST_8 : Operation 60 [1/2] (1.34ns)   --->   "%call_ln129 = call void @select_top_n_Pipeline_VITIS_LOOP_131_4, i3 %j_loc_load, i16 %top_clusters_et, i18 %top_clusters_isolation_et, i5 %top_clusters_eta, i6 %top_clusters_phi, i2 %top_clusters_window_size, i3 %top_clusters_iso_outer_size, i1 %top_clusters_valid" [calorimeter.cpp:129]   --->   Operation 60 'call' 'call_ln129' <Predicate = true> <Delay = 1.34> <CoreType = "Generic">   --->   Core 0 '' <Latency = 0> <II = 1> <Delay = 1.00> <Generic> <Opcode : >

State 9 <SV = 8> <Delay = 0.69>
ST_9 : Operation 61 [1/1] (0.00ns)   --->   "%top_clusters_valid_addr = getelementptr i1 %top_clusters_valid, i64 0, i64 %zext_ln128_reload_cast" [calorimeter.cpp:129]   --->   Operation 61 'getelementptr' 'top_clusters_valid_addr' <Predicate = (icmp_ln119 & clusters_valid_load & !cond)> <Delay = 0.00>
ST_9 : Operation 62 [1/1] (0.00ns)   --->   "%zext_ln128 = zext i3 %j_loc_load" [calorimeter.cpp:128]   --->   Operation 62 'zext' 'zext_ln128' <Predicate = (icmp_ln119 & clusters_valid_load & !cond)> <Delay = 0.00>
ST_9 : Operation 63 [1/1] (0.00ns)   --->   "%top_clusters_et_addr = getelementptr i16 %top_clusters_et, i64 0, i64 %zext_ln128" [calorimeter.cpp:134]   --->   Operation 63 'getelementptr' 'top_clusters_et_addr' <Predicate = (icmp_ln119 & clusters_valid_load & !cond)> <Delay = 0.00>
ST_9 : Operation 64 [1/1] (0.00ns)   --->   "%top_clusters_isolation_et_addr = getelementptr i18 %top_clusters_isolation_et, i64 0, i64 %zext_ln128" [calorimeter.cpp:134]   --->   Operation 64 'getelementptr' 'top_clusters_isolation_et_addr' <Predicate = (icmp_ln119 & clusters_valid_load & !cond)> <Delay = 0.00>
ST_9 : Operation 65 [1/1] (0.00ns)   --->   "%top_clusters_eta_addr = getelementptr i5 %top_clusters_eta, i64 0, i64 %zext_ln128" [calorimeter.cpp:134]   --->   Operation 65 'getelementptr' 'top_clusters_eta_addr' <Predicate = (icmp_ln119 & clusters_valid_load & !cond)> <Delay = 0.00>
ST_9 : Operation 66 [1/1] (0.00ns)   --->   "%top_clusters_phi_addr = getelementptr i6 %top_clusters_phi, i64 0, i64 %zext_ln128" [calorimeter.cpp:134]   --->   Operation 66 'getelementptr' 'top_clusters_phi_addr' <Predicate = (icmp_ln119 & clusters_valid_load & !cond)> <Delay = 0.00>
ST_9 : Operation 67 [1/1] (0.00ns)   --->   "%top_clusters_window_size_addr = getelementptr i2 %top_clusters_window_size, i64 0, i64 %zext_ln128" [calorimeter.cpp:134]   --->   Operation 67 'getelementptr' 'top_clusters_window_size_addr' <Predicate = (icmp_ln119 & clusters_valid_load & !cond)> <Delay = 0.00>
ST_9 : Operation 68 [1/1] (0.00ns)   --->   "%top_clusters_iso_outer_size_addr = getelementptr i3 %top_clusters_iso_outer_size, i64 0, i64 %zext_ln128" [calorimeter.cpp:134]   --->   Operation 68 'getelementptr' 'top_clusters_iso_outer_size_addr' <Predicate = (icmp_ln119 & clusters_valid_load & !cond)> <Delay = 0.00>
ST_9 : Operation 69 [1/1] (0.68ns)   --->   "%store_ln134 = store i16 %candidate_et, i3 %top_clusters_et_addr" [calorimeter.cpp:134]   --->   Operation 69 'store' 'store_ln134' <Predicate = (icmp_ln119 & clusters_valid_load & !cond)> <Delay = 0.68> <CoreInst = "RAM">   --->   Core 82 'RAM' <Latency = 1> <II = 1> <Delay = 0.68> <Storage> <Opcode : 'load' 'store'> <Ports = 2> <Width = 16> <Depth = 8> <RAM>
ST_9 : Operation 70 [1/1] (0.69ns)   --->   "%store_ln134 = store i18 %candidate_isolation_et, i3 %top_clusters_isolation_et_addr" [calorimeter.cpp:134]   --->   Operation 70 'store' 'store_ln134' <Predicate = (icmp_ln119 & clusters_valid_load & !cond)> <Delay = 0.69> <CoreInst = "RAM">   --->   Core 82 'RAM' <Latency = 1> <II = 1> <Delay = 0.69> <Storage> <Opcode : 'load' 'store'> <Ports = 2> <Width = 18> <Depth = 8> <RAM>
ST_9 : Operation 71 [1/1] (0.66ns)   --->   "%store_ln134 = store i5 %candidate_eta, i3 %top_clusters_eta_addr" [calorimeter.cpp:134]   --->   Operation 71 'store' 'store_ln134' <Predicate = (icmp_ln119 & clusters_valid_load & !cond)> <Delay = 0.66> <CoreInst = "RAM">   --->   Core 82 'RAM' <Latency = 1> <II = 1> <Delay = 0.66> <Storage> <Opcode : 'load' 'store'> <Ports = 2> <Width = 5> <Depth = 8> <RAM>
ST_9 : Operation 72 [1/1] (0.66ns)   --->   "%store_ln134 = store i6 %candidate_phi, i3 %top_clusters_phi_addr" [calorimeter.cpp:134]   --->   Operation 72 'store' 'store_ln134' <Predicate = (icmp_ln119 & clusters_valid_load & !cond)> <Delay = 0.66> <CoreInst = "RAM">   --->   Core 82 'RAM' <Latency = 1> <II = 1> <Delay = 0.66> <Storage> <Opcode : 'load' 'store'> <Ports = 2> <Width = 6> <Depth = 8> <RAM>
ST_9 : Operation 73 [1/1] (0.63ns)   --->   "%store_ln134 = store i2 %select_ln126, i3 %top_clusters_window_size_addr" [calorimeter.cpp:134]   --->   Operation 73 'store' 'store_ln134' <Predicate = (icmp_ln119 & clusters_valid_load & !cond)> <Delay = 0.63> <CoreInst = "RAM">   --->   Core 82 'RAM' <Latency = 1> <II = 1> <Delay = 0.63> <Storage> <Opcode : 'load' 'store'> <Ports = 2> <Width = 2> <Depth = 8> <RAM>
ST_9 : Operation 74 [1/1] (0.65ns)   --->   "%store_ln134 = store i3 %candidate_iso_outer_size, i3 %top_clusters_iso_outer_size_addr" [calorimeter.cpp:134]   --->   Operation 74 'store' 'store_ln134' <Predicate = (icmp_ln119 & clusters_valid_load & !cond)> <Delay = 0.65> <CoreInst = "RAM">   --->   Core 82 'RAM' <Latency = 1> <II = 1> <Delay = 0.65> <Storage> <Opcode : 'load' 'store'> <Ports = 2> <Width = 3> <Depth = 8> <RAM>
ST_9 : Operation 75 [1/1] (0.63ns)   --->   "%store_ln134 = store i1 1, i3 %top_clusters_valid_addr" [calorimeter.cpp:134]   --->   Operation 75 'store' 'store_ln134' <Predicate = (icmp_ln119 & clusters_valid_load & !cond)> <Delay = 0.63> <CoreInst = "RAM">   --->   Core 82 'RAM' <Latency = 1> <II = 1> <Delay = 0.63> <Storage> <Opcode : 'load' 'store'> <Ports = 2> <Width = 1> <Depth = 8> <RAM>
ST_9 : Operation 76 [1/1] (0.00ns)   --->   "%br_ln135 = br void %for.end56" [calorimeter.cpp:135]   --->   Operation 76 'br' 'br_ln135' <Predicate = (icmp_ln119 & clusters_valid_load & !cond)> <Delay = 0.00>
ST_9 : Operation 77 [1/1] (0.00ns)   --->   "%br_ln138 = br void %for.inc57" [calorimeter.cpp:138]   --->   Operation 77 'br' 'br_ln138' <Predicate = (icmp_ln119 & clusters_valid_load)> <Delay = 0.00>
ST_9 : Operation 78 [1/1] (0.38ns)   --->   "%store_ln118 = store i11 %add_ln118, i11 %i_1" [calorimeter.cpp:118]   --->   Operation 78 'store' 'store_ln118' <Predicate = true> <Delay = 0.38>
ST_9 : Operation 79 [1/1] (0.00ns)   --->   "%br_ln118 = br void %for.body22" [calorimeter.cpp:118]   --->   Operation 79 'br' 'br_ln118' <Predicate = true> <Delay = 0.00>


============================================================
+ Verbose Summary: Timing violations
============================================================
Target clock period: 25.000ns, clock uncertainty: 6.750ns.

 <State 1>: 0.387ns
The critical path consists of the following:
	'alloca' operation 11 bit ('i', calorimeter.cpp:118) [16]  (0.000 ns)
	'store' operation 0 bit ('store_ln118', calorimeter.cpp:118) of constant 0 on local variable 'i', calorimeter.cpp:118 [21]  (0.387 ns)

 <State 2>: 1.482ns
The critical path consists of the following:
	'call' operation 0 bit ('call_ln0') to 'select_top_n_Pipeline_VITIS_LOOP_108_1' [20]  (1.482 ns)

 <State 3>: 1.173ns
The critical path consists of the following:
	'load' operation 11 bit ('i', calorimeter.cpp:118) on local variable 'i', calorimeter.cpp:118 [24]  (0.000 ns)
	'getelementptr' operation 11 bit ('clusters_valid_addr', calorimeter.cpp:122) [36]  (0.000 ns)
	'load' operation 1 bit ('clusters_valid_load', calorimeter.cpp:122) on array 'clusters_valid' [37]  (1.173 ns)

 <State 4>: 1.203ns
The critical path consists of the following:
	'getelementptr' operation 11 bit ('clusters_et_addr', calorimeter.cpp:126) [40]  (0.000 ns)
	'load' operation 16 bit ('candidate.et', calorimeter.cpp:126) on array 'clusters_et' [46]  (1.203 ns)

 <State 5>: 1.203ns
The critical path consists of the following:
	'load' operation 16 bit ('candidate.et', calorimeter.cpp:126) on array 'clusters_et' [46]  (1.203 ns)

 <State 6>: 1.445ns
The critical path consists of the following:
	'call' operation 3 bit ('targetBlock', calorimeter.cpp:126) to 'select_top_n_Pipeline_VITIS_LOOP_128_3' [53]  (0.873 ns)
	'icmp' operation 1 bit ('cond', calorimeter.cpp:126) [57]  (0.572 ns)

 <State 7>: 0.959ns
The critical path consists of the following:
	'load' operation 3 bit ('j_loc_load', calorimeter.cpp:129) on local variable 'j_loc' [54]  (0.000 ns)
	'call' operation 0 bit ('call_ln129', calorimeter.cpp:129) to 'select_top_n_Pipeline_VITIS_LOOP_131_4' [60]  (0.959 ns)

 <State 8>: 1.346ns
The critical path consists of the following:
	'call' operation 0 bit ('call_ln129', calorimeter.cpp:129) to 'select_top_n_Pipeline_VITIS_LOOP_131_4' [60]  (1.346 ns)

 <State 9>: 0.699ns
The critical path consists of the following:
	'getelementptr' operation 3 bit ('top_clusters_isolation_et_addr', calorimeter.cpp:134) [64]  (0.000 ns)
	'store' operation 0 bit ('store_ln134', calorimeter.cpp:134) of variable 'candidate.isolation_et', calorimeter.cpp:126 on array 'top_clusters_isolation_et' [70]  (0.699 ns)


============================================================
+ Verbose Summary: Binding
============================================================
N/A
* FSMD analyzer results:
  - Output states:
 - Input state : 
  - Chain level:
	State 1
	State 2
	State 3
	State 4
	State 5
	State 6
	State 7
	State 8
	State 9


============================================================
+ Verbose Summary: Datapath Resource usage 
============================================================
N/A
