

================================================================
== Vitis HLS Report for 'cluster_sort_build_stream'
================================================================
* Date:           Tue May 12 20:42:56 2026

* Version:        2024.1 (Build 5069499 on May 21 2024)
* Project:        calorimeter
* Solution:       solution1 (Vivado IP Flow Target)
* Product family: virtexuplus
* Target device:  xcvu13p-fsga2577-2-e


================================================================
== Performance Estimates
================================================================
+ Timing: 
    * Summary: 
    +--------+----------+----------+------------+
    |  Clock |  Target  | Estimated| Uncertainty|
    +--------+----------+----------+------------+
    |ap_clk  |  25.00 ns|  5.516 ns|     6.75 ns|
    +--------+----------+----------+------------+

+ Latency: 
    * Summary: 
    +---------+---------+----------+----------+-------+-------+----------+
    |  Latency (cycles) |  Latency (absolute) |    Interval   | Pipeline |
    |   min   |   max   |    min   |    max   |  min  |  max  |   Type   |
    +---------+---------+----------+----------+-------+-------+----------+
    |    20283|    20283|  0.507 ms|  0.507 ms|  20284|  20284|  dataflow|
    +---------+---------+----------+----------+-------+-------+----------+

    + Detail: 
        * Instance: 
        +------------------------------------+---------------------------------+---------+---------+-----------+----------+-------+-------+---------+
        |                                    |                                 |  Latency (cycles) |  Latency (absolute)  |    Interval   | Pipeline|
        |              Instance              |              Module             |   min   |   max   |    min    |    max   |  min  |  max  |   Type  |
        +------------------------------------+---------------------------------+---------+---------+-----------+----------+-------+-------+---------+
        |produce_cluster_stream_3x3_iso5_U0  |produce_cluster_stream_3x3_iso5  |    20283|    20283|   0.507 ms|  0.507 ms|  20283|  20283|       no|
        |select_top_n_from_stream_U0         |select_top_n_from_stream         |     3121|    18721|  78.025 us|  0.468 ms|   3121|  18721|       no|
        |build_trigger_objects_U0            |build_trigger_objects            |        0|        0|       0 ns|      0 ns|      0|      0|       no|
        +------------------------------------+---------------------------------+---------+---------+-----------+----------+-------+-------+---------+

        * Loop: 
        N/A



================================================================
== Utilization Estimates
================================================================
* Summary: 
+---------------------+---------+-------+---------+---------+------+
|         Name        | BRAM_18K|  DSP  |    FF   |   LUT   | URAM |
+---------------------+---------+-------+---------+---------+------+
|DSP                  |        -|      -|        -|        -|     -|
|Expression           |        -|      -|        0|      202|     -|
|FIFO                 |        0|      -|     1786|     1235|     -|
|Instance             |        -|      -|     1909|     5525|     -|
|Memory               |        -|      -|        -|        -|     -|
|Multiplexer          |        -|      -|        0|      432|     -|
|Register             |        -|      -|       48|        -|     -|
+---------------------+---------+-------+---------+---------+------+
|Total                |        0|      0|     3743|     7394|     0|
+---------------------+---------+-------+---------+---------+------+
|Available SLR        |     1344|   3072|   864000|   432000|   320|
+---------------------+---------+-------+---------+---------+------+
|Utilization SLR (%)  |        0|      0|       ~0|        1|     0|
+---------------------+---------+-------+---------+---------+------+
|Available            |     5376|  12288|  3456000|  1728000|  1280|
+---------------------+---------+-------+---------+---------+------+
|Utilization (%)      |        0|      0|       ~0|       ~0|     0|
+---------------------+---------+-------+---------+---------+------+

+ Detail: 
    * Instance: 
    +------------------------------------+---------------------------------+---------+----+------+------+-----+
    |              Instance              |              Module             | BRAM_18K| DSP|  FF  |  LUT | URAM|
    +------------------------------------+---------------------------------+---------+----+------+------+-----+
    |build_trigger_objects_U0            |build_trigger_objects            |        0|   0|   474|   867|    0|
    |produce_cluster_stream_3x3_iso5_U0  |produce_cluster_stream_3x3_iso5  |        0|   0|   343|  1917|    0|
    |select_top_n_from_stream_U0         |select_top_n_from_stream         |        0|   0|  1092|  2741|    0|
    +------------------------------------+---------------------------------+---------+----+------+------+-----+
    |Total                               |                                 |        0|   0|  1909|  5525|    0|
    +------------------------------------+---------------------------------+---------+----+------+------+-----+

    * DSP: 
    N/A

    * Memory: 
    N/A

    * FIFO: 
    +-------------------------------+---------+-----+----+-----+------+-----+---------+
    |              Name             | BRAM_18K|  FF | LUT| URAM| Depth| Bits| Size:D*B|
    +-------------------------------+---------+-----+----+-----+------+-----+---------+
    |cluster_stream_U               |        0|  218|   0|    -|    64|   61|     3904|
    |top_clusters_et_1_U            |        0|   68|   0|    -|     2|   20|       40|
    |top_clusters_et_2_U            |        0|   68|   0|    -|     2|   20|       40|
    |top_clusters_et_3_U            |        0|   68|   0|    -|     2|   20|       40|
    |top_clusters_et_4_U            |        0|   68|   0|    -|     2|   20|       40|
    |top_clusters_et_5_U            |        0|   68|   0|    -|     2|   20|       40|
    |top_clusters_et_6_U            |        0|   68|   0|    -|     2|   20|       40|
    |top_clusters_et_7_U            |        0|   68|   0|    -|     2|   20|       40|
    |top_clusters_et_U              |        0|   68|   0|    -|     2|   20|       40|
    |top_clusters_eta_1_U           |        0|   20|   0|    -|     2|    6|       12|
    |top_clusters_eta_2_U           |        0|   20|   0|    -|     2|    6|       12|
    |top_clusters_eta_3_U           |        0|   20|   0|    -|     2|    6|       12|
    |top_clusters_eta_4_U           |        0|   20|   0|    -|     2|    6|       12|
    |top_clusters_eta_5_U           |        0|   20|   0|    -|     2|    6|       12|
    |top_clusters_eta_6_U           |        0|   20|   0|    -|     2|    6|       12|
    |top_clusters_eta_7_U           |        0|   20|   0|    -|     2|    6|       12|
    |top_clusters_eta_U             |        0|   20|   0|    -|     2|    6|       12|
    |top_clusters_isolation_et_1_U  |        0|   68|   0|    -|     2|   20|       40|
    |top_clusters_isolation_et_2_U  |        0|   68|   0|    -|     2|   20|       40|
    |top_clusters_isolation_et_3_U  |        0|   68|   0|    -|     2|   20|       40|
    |top_clusters_isolation_et_4_U  |        0|   68|   0|    -|     2|   20|       40|
    |top_clusters_isolation_et_5_U  |        0|   68|   0|    -|     2|   20|       40|
    |top_clusters_isolation_et_6_U  |        0|   68|   0|    -|     2|   20|       40|
    |top_clusters_isolation_et_7_U  |        0|   68|   0|    -|     2|   20|       40|
    |top_clusters_isolation_et_U    |        0|   68|   0|    -|     2|   20|       40|
    |top_clusters_phi_1_U           |        0|   20|   0|    -|     2|    6|       12|
    |top_clusters_phi_2_U           |        0|   20|   0|    -|     2|    6|       12|
    |top_clusters_phi_3_U           |        0|   20|   0|    -|     2|    6|       12|
    |top_clusters_phi_4_U           |        0|   20|   0|    -|     2|    6|       12|
    |top_clusters_phi_5_U           |        0|   20|   0|    -|     2|    6|       12|
    |top_clusters_phi_6_U           |        0|   20|   0|    -|     2|    6|       12|
    |top_clusters_phi_7_U           |        0|   20|   0|    -|     2|    6|       12|
    |top_clusters_phi_U             |        0|   20|   0|    -|     2|    6|       12|
    |top_clusters_valid_1_U         |        0|    8|   0|    -|     2|    1|        2|
    |top_clusters_valid_2_U         |        0|    8|   0|    -|     2|    1|        2|
    |top_clusters_valid_3_U         |        0|    8|   0|    -|     2|    1|        2|
    |top_clusters_valid_4_U         |        0|    8|   0|    -|     2|    1|        2|
    |top_clusters_valid_5_U         |        0|    8|   0|    -|     2|    1|        2|
    |top_clusters_valid_6_U         |        0|    8|   0|    -|     2|    1|        2|
    |top_clusters_valid_7_U         |        0|    8|   0|    -|     2|    1|        2|
    |top_clusters_valid_U           |        0|    8|   0|    -|     2|    1|        2|
    |top_clusters_window_size_1_U   |        0|   12|   0|    -|     2|    4|        8|
    |top_clusters_window_size_2_U   |        0|   12|   0|    -|     2|    4|        8|
    |top_clusters_window_size_3_U   |        0|   12|   0|    -|     2|    4|        8|
    |top_clusters_window_size_4_U   |        0|   12|   0|    -|     2|    4|        8|
    |top_clusters_window_size_5_U   |        0|   12|   0|    -|     2|    4|        8|
    |top_clusters_window_size_6_U   |        0|   12|   0|    -|     2|    4|        8|
    |top_clusters_window_size_7_U   |        0|   12|   0|    -|     2|    4|        8|
    |top_clusters_window_size_U     |        0|   12|   0|    -|     2|    4|        8|
    +-------------------------------+---------+-----+----+-----+------+-----+---------+
    |Total                          |        0| 1786|   0|    0|   160|  517|     4816|
    +-------------------------------+---------+-----+----+-----+------+-----+---------+

    * Expression: 
    +---------------------------------------------------+----------+----+---+----+------------+------------+
    |                   Variable Name                   | Operation| DSP| FF| LUT| Bitwidth P0| Bitwidth P1|
    +---------------------------------------------------+----------+----+---+----+------------+------------+
    |ap_channel_done_top_clusters_et                    |       and|   0|  0|   2|           1|           1|
    |ap_channel_done_top_clusters_et_1                  |       and|   0|  0|   2|           1|           1|
    |ap_channel_done_top_clusters_et_2                  |       and|   0|  0|   2|           1|           1|
    |ap_channel_done_top_clusters_et_3                  |       and|   0|  0|   2|           1|           1|
    |ap_channel_done_top_clusters_et_4                  |       and|   0|  0|   2|           1|           1|
    |ap_channel_done_top_clusters_et_5                  |       and|   0|  0|   2|           1|           1|
    |ap_channel_done_top_clusters_et_6                  |       and|   0|  0|   2|           1|           1|
    |ap_channel_done_top_clusters_et_7                  |       and|   0|  0|   2|           1|           1|
    |ap_channel_done_top_clusters_eta                   |       and|   0|  0|   2|           1|           1|
    |ap_channel_done_top_clusters_eta_1                 |       and|   0|  0|   2|           1|           1|
    |ap_channel_done_top_clusters_eta_2                 |       and|   0|  0|   2|           1|           1|
    |ap_channel_done_top_clusters_eta_3                 |       and|   0|  0|   2|           1|           1|
    |ap_channel_done_top_clusters_eta_4                 |       and|   0|  0|   2|           1|           1|
    |ap_channel_done_top_clusters_eta_5                 |       and|   0|  0|   2|           1|           1|
    |ap_channel_done_top_clusters_eta_6                 |       and|   0|  0|   2|           1|           1|
    |ap_channel_done_top_clusters_eta_7                 |       and|   0|  0|   2|           1|           1|
    |ap_channel_done_top_clusters_isolation_et          |       and|   0|  0|   2|           1|           1|
    |ap_channel_done_top_clusters_isolation_et_1        |       and|   0|  0|   2|           1|           1|
    |ap_channel_done_top_clusters_isolation_et_2        |       and|   0|  0|   2|           1|           1|
    |ap_channel_done_top_clusters_isolation_et_3        |       and|   0|  0|   2|           1|           1|
    |ap_channel_done_top_clusters_isolation_et_4        |       and|   0|  0|   2|           1|           1|
    |ap_channel_done_top_clusters_isolation_et_5        |       and|   0|  0|   2|           1|           1|
    |ap_channel_done_top_clusters_isolation_et_6        |       and|   0|  0|   2|           1|           1|
    |ap_channel_done_top_clusters_isolation_et_7        |       and|   0|  0|   2|           1|           1|
    |ap_channel_done_top_clusters_phi                   |       and|   0|  0|   2|           1|           1|
    |ap_channel_done_top_clusters_phi_1                 |       and|   0|  0|   2|           1|           1|
    |ap_channel_done_top_clusters_phi_2                 |       and|   0|  0|   2|           1|           1|
    |ap_channel_done_top_clusters_phi_3                 |       and|   0|  0|   2|           1|           1|
    |ap_channel_done_top_clusters_phi_4                 |       and|   0|  0|   2|           1|           1|
    |ap_channel_done_top_clusters_phi_5                 |       and|   0|  0|   2|           1|           1|
    |ap_channel_done_top_clusters_phi_6                 |       and|   0|  0|   2|           1|           1|
    |ap_channel_done_top_clusters_phi_7                 |       and|   0|  0|   2|           1|           1|
    |ap_channel_done_top_clusters_valid                 |       and|   0|  0|   2|           1|           1|
    |ap_channel_done_top_clusters_valid_1               |       and|   0|  0|   2|           1|           1|
    |ap_channel_done_top_clusters_valid_2               |       and|   0|  0|   2|           1|           1|
    |ap_channel_done_top_clusters_valid_3               |       and|   0|  0|   2|           1|           1|
    |ap_channel_done_top_clusters_valid_4               |       and|   0|  0|   2|           1|           1|
    |ap_channel_done_top_clusters_valid_5               |       and|   0|  0|   2|           1|           1|
    |ap_channel_done_top_clusters_valid_6               |       and|   0|  0|   2|           1|           1|
    |ap_channel_done_top_clusters_valid_7               |       and|   0|  0|   2|           1|           1|
    |ap_channel_done_top_clusters_window_size           |       and|   0|  0|   2|           1|           1|
    |ap_channel_done_top_clusters_window_size_1         |       and|   0|  0|   2|           1|           1|
    |ap_channel_done_top_clusters_window_size_2         |       and|   0|  0|   2|           1|           1|
    |ap_channel_done_top_clusters_window_size_3         |       and|   0|  0|   2|           1|           1|
    |ap_channel_done_top_clusters_window_size_4         |       and|   0|  0|   2|           1|           1|
    |ap_channel_done_top_clusters_window_size_5         |       and|   0|  0|   2|           1|           1|
    |ap_channel_done_top_clusters_window_size_6         |       and|   0|  0|   2|           1|           1|
    |ap_channel_done_top_clusters_window_size_7         |       and|   0|  0|   2|           1|           1|
    |ap_idle                                            |       and|   0|  0|   2|           1|           1|
    |ap_sync_continue                                   |       and|   0|  0|   2|           1|           1|
    |ap_sync_done                                       |       and|   0|  0|   2|           1|           1|
    |build_trigger_objects_U0_ap_start                  |       and|   0|  0|   2|           1|           1|
    |select_top_n_from_stream_U0_ap_continue            |       and|   0|  0|   2|           1|           1|
    |ap_sync_channel_write_top_clusters_et              |        or|   0|  0|   2|           1|           1|
    |ap_sync_channel_write_top_clusters_et_1            |        or|   0|  0|   2|           1|           1|
    |ap_sync_channel_write_top_clusters_et_2            |        or|   0|  0|   2|           1|           1|
    |ap_sync_channel_write_top_clusters_et_3            |        or|   0|  0|   2|           1|           1|
    |ap_sync_channel_write_top_clusters_et_4            |        or|   0|  0|   2|           1|           1|
    |ap_sync_channel_write_top_clusters_et_5            |        or|   0|  0|   2|           1|           1|
    |ap_sync_channel_write_top_clusters_et_6            |        or|   0|  0|   2|           1|           1|
    |ap_sync_channel_write_top_clusters_et_7            |        or|   0|  0|   2|           1|           1|
    |ap_sync_channel_write_top_clusters_eta             |        or|   0|  0|   2|           1|           1|
    |ap_sync_channel_write_top_clusters_eta_1           |        or|   0|  0|   2|           1|           1|
    |ap_sync_channel_write_top_clusters_eta_2           |        or|   0|  0|   2|           1|           1|
    |ap_sync_channel_write_top_clusters_eta_3           |        or|   0|  0|   2|           1|           1|
    |ap_sync_channel_write_top_clusters_eta_4           |        or|   0|  0|   2|           1|           1|
    |ap_sync_channel_write_top_clusters_eta_5           |        or|   0|  0|   2|           1|           1|
    |ap_sync_channel_write_top_clusters_eta_6           |        or|   0|  0|   2|           1|           1|
    |ap_sync_channel_write_top_clusters_eta_7           |        or|   0|  0|   2|           1|           1|
    |ap_sync_channel_write_top_clusters_isolation_et    |        or|   0|  0|   2|           1|           1|
    |ap_sync_channel_write_top_clusters_isolation_et_1  |        or|   0|  0|   2|           1|           1|
    |ap_sync_channel_write_top_clusters_isolation_et_2  |        or|   0|  0|   2|           1|           1|
    |ap_sync_channel_write_top_clusters_isolation_et_3  |        or|   0|  0|   2|           1|           1|
    |ap_sync_channel_write_top_clusters_isolation_et_4  |        or|   0|  0|   2|           1|           1|
    |ap_sync_channel_write_top_clusters_isolation_et_5  |        or|   0|  0|   2|           1|           1|
    |ap_sync_channel_write_top_clusters_isolation_et_6  |        or|   0|  0|   2|           1|           1|
    |ap_sync_channel_write_top_clusters_isolation_et_7  |        or|   0|  0|   2|           1|           1|
    |ap_sync_channel_write_top_clusters_phi             |        or|   0|  0|   2|           1|           1|
    |ap_sync_channel_write_top_clusters_phi_1           |        or|   0|  0|   2|           1|           1|
    |ap_sync_channel_write_top_clusters_phi_2           |        or|   0|  0|   2|           1|           1|
    |ap_sync_channel_write_top_clusters_phi_3           |        or|   0|  0|   2|           1|           1|
    |ap_sync_channel_write_top_clusters_phi_4           |        or|   0|  0|   2|           1|           1|
    |ap_sync_channel_write_top_clusters_phi_5           |        or|   0|  0|   2|           1|           1|
    |ap_sync_channel_write_top_clusters_phi_6           |        or|   0|  0|   2|           1|           1|
    |ap_sync_channel_write_top_clusters_phi_7           |        or|   0|  0|   2|           1|           1|
    |ap_sync_channel_write_top_clusters_valid           |        or|   0|  0|   2|           1|           1|
    |ap_sync_channel_write_top_clusters_valid_1         |        or|   0|  0|   2|           1|           1|
    |ap_sync_channel_write_top_clusters_valid_2         |        or|   0|  0|   2|           1|           1|
    |ap_sync_channel_write_top_clusters_valid_3         |        or|   0|  0|   2|           1|           1|
    |ap_sync_channel_write_top_clusters_valid_4         |        or|   0|  0|   2|           1|           1|
    |ap_sync_channel_write_top_clusters_valid_5         |        or|   0|  0|   2|           1|           1|
    |ap_sync_channel_write_top_clusters_valid_6         |        or|   0|  0|   2|           1|           1|
    |ap_sync_channel_write_top_clusters_valid_7         |        or|   0|  0|   2|           1|           1|
    |ap_sync_channel_write_top_clusters_window_size     |        or|   0|  0|   2|           1|           1|
    |ap_sync_channel_write_top_clusters_window_size_1   |        or|   0|  0|   2|           1|           1|
    |ap_sync_channel_write_top_clusters_window_size_2   |        or|   0|  0|   2|           1|           1|
    |ap_sync_channel_write_top_clusters_window_size_3   |        or|   0|  0|   2|           1|           1|
    |ap_sync_channel_write_top_clusters_window_size_4   |        or|   0|  0|   2|           1|           1|
    |ap_sync_channel_write_top_clusters_window_size_5   |        or|   0|  0|   2|           1|           1|
    |ap_sync_channel_write_top_clusters_window_size_6   |        or|   0|  0|   2|           1|           1|
    |ap_sync_channel_write_top_clusters_window_size_7   |        or|   0|  0|   2|           1|           1|
    +---------------------------------------------------+----------+----+---+----+------------+------------+
    |Total                                              |          |   0|  0| 202|         101|         101|
    +---------------------------------------------------+----------+----+---+----+------------+------------+

    * Multiplexer: 
    +-------------------------------------------------------+----+-----------+-----+-----------+
    |                          Name                         | LUT| Input Size| Bits| Total Bits|
    +-------------------------------------------------------+----+-----------+-----+-----------+
    |ap_sync_reg_channel_write_top_clusters_et              |   9|          2|    1|          2|
    |ap_sync_reg_channel_write_top_clusters_et_1            |   9|          2|    1|          2|
    |ap_sync_reg_channel_write_top_clusters_et_2            |   9|          2|    1|          2|
    |ap_sync_reg_channel_write_top_clusters_et_3            |   9|          2|    1|          2|
    |ap_sync_reg_channel_write_top_clusters_et_4            |   9|          2|    1|          2|
    |ap_sync_reg_channel_write_top_clusters_et_5            |   9|          2|    1|          2|
    |ap_sync_reg_channel_write_top_clusters_et_6            |   9|          2|    1|          2|
    |ap_sync_reg_channel_write_top_clusters_et_7            |   9|          2|    1|          2|
    |ap_sync_reg_channel_write_top_clusters_eta             |   9|          2|    1|          2|
    |ap_sync_reg_channel_write_top_clusters_eta_1           |   9|          2|    1|          2|
    |ap_sync_reg_channel_write_top_clusters_eta_2           |   9|          2|    1|          2|
    |ap_sync_reg_channel_write_top_clusters_eta_3           |   9|          2|    1|          2|
    |ap_sync_reg_channel_write_top_clusters_eta_4           |   9|          2|    1|          2|
    |ap_sync_reg_channel_write_top_clusters_eta_5           |   9|          2|    1|          2|
    |ap_sync_reg_channel_write_top_clusters_eta_6           |   9|          2|    1|          2|
    |ap_sync_reg_channel_write_top_clusters_eta_7           |   9|          2|    1|          2|
    |ap_sync_reg_channel_write_top_clusters_isolation_et    |   9|          2|    1|          2|
    |ap_sync_reg_channel_write_top_clusters_isolation_et_1  |   9|          2|    1|          2|
    |ap_sync_reg_channel_write_top_clusters_isolation_et_2  |   9|          2|    1|          2|
    |ap_sync_reg_channel_write_top_clusters_isolation_et_3  |   9|          2|    1|          2|
    |ap_sync_reg_channel_write_top_clusters_isolation_et_4  |   9|          2|    1|          2|
    |ap_sync_reg_channel_write_top_clusters_isolation_et_5  |   9|          2|    1|          2|
    |ap_sync_reg_channel_write_top_clusters_isolation_et_6  |   9|          2|    1|          2|
    |ap_sync_reg_channel_write_top_clusters_isolation_et_7  |   9|          2|    1|          2|
    |ap_sync_reg_channel_write_top_clusters_phi             |   9|          2|    1|          2|
    |ap_sync_reg_channel_write_top_clusters_phi_1           |   9|          2|    1|          2|
    |ap_sync_reg_channel_write_top_clusters_phi_2           |   9|          2|    1|          2|
    |ap_sync_reg_channel_write_top_clusters_phi_3           |   9|          2|    1|          2|
    |ap_sync_reg_channel_write_top_clusters_phi_4           |   9|          2|    1|          2|
    |ap_sync_reg_channel_write_top_clusters_phi_5           |   9|          2|    1|          2|
    |ap_sync_reg_channel_write_top_clusters_phi_6           |   9|          2|    1|          2|
    |ap_sync_reg_channel_write_top_clusters_phi_7           |   9|          2|    1|          2|
    |ap_sync_reg_channel_write_top_clusters_valid           |   9|          2|    1|          2|
    |ap_sync_reg_channel_write_top_clusters_valid_1         |   9|          2|    1|          2|
    |ap_sync_reg_channel_write_top_clusters_valid_2         |   9|          2|    1|          2|
    |ap_sync_reg_channel_write_top_clusters_valid_3         |   9|          2|    1|          2|
    |ap_sync_reg_channel_write_top_clusters_valid_4         |   9|          2|    1|          2|
    |ap_sync_reg_channel_write_top_clusters_valid_5         |   9|          2|    1|          2|
    |ap_sync_reg_channel_write_top_clusters_valid_6         |   9|          2|    1|          2|
    |ap_sync_reg_channel_write_top_clusters_valid_7         |   9|          2|    1|          2|
    |ap_sync_reg_channel_write_top_clusters_window_size     |   9|          2|    1|          2|
    |ap_sync_reg_channel_write_top_clusters_window_size_1   |   9|          2|    1|          2|
    |ap_sync_reg_channel_write_top_clusters_window_size_2   |   9|          2|    1|          2|
    |ap_sync_reg_channel_write_top_clusters_window_size_3   |   9|          2|    1|          2|
    |ap_sync_reg_channel_write_top_clusters_window_size_4   |   9|          2|    1|          2|
    |ap_sync_reg_channel_write_top_clusters_window_size_5   |   9|          2|    1|          2|
    |ap_sync_reg_channel_write_top_clusters_window_size_6   |   9|          2|    1|          2|
    |ap_sync_reg_channel_write_top_clusters_window_size_7   |   9|          2|    1|          2|
    +-------------------------------------------------------+----+-----------+-----+-----------+
    |Total                                                  | 432|         96|   48|         96|
    +-------------------------------------------------------+----+-----------+-----+-----------+

    * Register: 
    +-------------------------------------------------------+---+----+-----+-----------+
    |                          Name                         | FF| LUT| Bits| Const Bits|
    +-------------------------------------------------------+---+----+-----+-----------+
    |ap_sync_reg_channel_write_top_clusters_et              |  1|   0|    1|          0|
    |ap_sync_reg_channel_write_top_clusters_et_1            |  1|   0|    1|          0|
    |ap_sync_reg_channel_write_top_clusters_et_2            |  1|   0|    1|          0|
    |ap_sync_reg_channel_write_top_clusters_et_3            |  1|   0|    1|          0|
    |ap_sync_reg_channel_write_top_clusters_et_4            |  1|   0|    1|          0|
    |ap_sync_reg_channel_write_top_clusters_et_5            |  1|   0|    1|          0|
    |ap_sync_reg_channel_write_top_clusters_et_6            |  1|   0|    1|          0|
    |ap_sync_reg_channel_write_top_clusters_et_7            |  1|   0|    1|          0|
    |ap_sync_reg_channel_write_top_clusters_eta             |  1|   0|    1|          0|
    |ap_sync_reg_channel_write_top_clusters_eta_1           |  1|   0|    1|          0|
    |ap_sync_reg_channel_write_top_clusters_eta_2           |  1|   0|    1|          0|
    |ap_sync_reg_channel_write_top_clusters_eta_3           |  1|   0|    1|          0|
    |ap_sync_reg_channel_write_top_clusters_eta_4           |  1|   0|    1|          0|
    |ap_sync_reg_channel_write_top_clusters_eta_5           |  1|   0|    1|          0|
    |ap_sync_reg_channel_write_top_clusters_eta_6           |  1|   0|    1|          0|
    |ap_sync_reg_channel_write_top_clusters_eta_7           |  1|   0|    1|          0|
    |ap_sync_reg_channel_write_top_clusters_isolation_et    |  1|   0|    1|          0|
    |ap_sync_reg_channel_write_top_clusters_isolation_et_1  |  1|   0|    1|          0|
    |ap_sync_reg_channel_write_top_clusters_isolation_et_2  |  1|   0|    1|          0|
    |ap_sync_reg_channel_write_top_clusters_isolation_et_3  |  1|   0|    1|          0|
    |ap_sync_reg_channel_write_top_clusters_isolation_et_4  |  1|   0|    1|          0|
    |ap_sync_reg_channel_write_top_clusters_isolation_et_5  |  1|   0|    1|          0|
    |ap_sync_reg_channel_write_top_clusters_isolation_et_6  |  1|   0|    1|          0|
    |ap_sync_reg_channel_write_top_clusters_isolation_et_7  |  1|   0|    1|          0|
    |ap_sync_reg_channel_write_top_clusters_phi             |  1|   0|    1|          0|
    |ap_sync_reg_channel_write_top_clusters_phi_1           |  1|   0|    1|          0|
    |ap_sync_reg_channel_write_top_clusters_phi_2           |  1|   0|    1|          0|
    |ap_sync_reg_channel_write_top_clusters_phi_3           |  1|   0|    1|          0|
    |ap_sync_reg_channel_write_top_clusters_phi_4           |  1|   0|    1|          0|
    |ap_sync_reg_channel_write_top_clusters_phi_5           |  1|   0|    1|          0|
    |ap_sync_reg_channel_write_top_clusters_phi_6           |  1|   0|    1|          0|
    |ap_sync_reg_channel_write_top_clusters_phi_7           |  1|   0|    1|          0|
    |ap_sync_reg_channel_write_top_clusters_valid           |  1|   0|    1|          0|
    |ap_sync_reg_channel_write_top_clusters_valid_1         |  1|   0|    1|          0|
    |ap_sync_reg_channel_write_top_clusters_valid_2         |  1|   0|    1|          0|
    |ap_sync_reg_channel_write_top_clusters_valid_3         |  1|   0|    1|          0|
    |ap_sync_reg_channel_write_top_clusters_valid_4         |  1|   0|    1|          0|
    |ap_sync_reg_channel_write_top_clusters_valid_5         |  1|   0|    1|          0|
    |ap_sync_reg_channel_write_top_clusters_valid_6         |  1|   0|    1|          0|
    |ap_sync_reg_channel_write_top_clusters_valid_7         |  1|   0|    1|          0|
    |ap_sync_reg_channel_write_top_clusters_window_size     |  1|   0|    1|          0|
    |ap_sync_reg_channel_write_top_clusters_window_size_1   |  1|   0|    1|          0|
    |ap_sync_reg_channel_write_top_clusters_window_size_2   |  1|   0|    1|          0|
    |ap_sync_reg_channel_write_top_clusters_window_size_3   |  1|   0|    1|          0|
    |ap_sync_reg_channel_write_top_clusters_window_size_4   |  1|   0|    1|          0|
    |ap_sync_reg_channel_write_top_clusters_window_size_5   |  1|   0|    1|          0|
    |ap_sync_reg_channel_write_top_clusters_window_size_6   |  1|   0|    1|          0|
    |ap_sync_reg_channel_write_top_clusters_window_size_7   |  1|   0|    1|          0|
    +-------------------------------------------------------+---+----+-----+-----------+
    |Total                                                  | 48|   0|   48|          0|
    +-------------------------------------------------------+---+----+-----+-----------+



================================================================
== Interface
================================================================
* Summary: 
+--------------------------+-----+-----+------------+---------------------------+--------------+
|         RTL Ports        | Dir | Bits|  Protocol  |       Source Object       |    C Type    |
+--------------------------+-----+-----+------------+---------------------------+--------------+
|towers_Addr_A             |  out|   32|        bram|                     towers|         array|
|towers_EN_A               |  out|    1|        bram|                     towers|         array|
|towers_Din_A              |  out|   16|        bram|                     towers|         array|
|towers_Dout_A             |   in|   16|        bram|                     towers|         array|
|towers_WEN_A              |  out|    2|        bram|                     towers|         array|
|towers_Addr_B             |  out|   32|        bram|                     towers|         array|
|towers_EN_B               |  out|    1|        bram|                     towers|         array|
|towers_Din_B              |  out|   16|        bram|                     towers|         array|
|towers_Dout_B             |   in|   16|        bram|                     towers|         array|
|towers_WEN_B              |  out|    2|        bram|                     towers|         array|
|seed_threshold            |   in|   12|     ap_none|             seed_threshold|        scalar|
|seed_threshold_ap_vld     |   in|    1|     ap_none|             seed_threshold|        scalar|
|cluster_threshold         |   in|   20|     ap_none|          cluster_threshold|        scalar|
|cluster_threshold_ap_vld  |   in|    1|     ap_none|          cluster_threshold|        scalar|
|trigger_objects_0         |  out|   89|      ap_vld|          trigger_objects_0|       pointer|
|trigger_objects_0_ap_vld  |  out|    1|      ap_vld|          trigger_objects_0|       pointer|
|trigger_objects_1         |  out|   89|      ap_vld|          trigger_objects_1|       pointer|
|trigger_objects_1_ap_vld  |  out|    1|      ap_vld|          trigger_objects_1|       pointer|
|trigger_objects_2         |  out|   89|      ap_vld|          trigger_objects_2|       pointer|
|trigger_objects_2_ap_vld  |  out|    1|      ap_vld|          trigger_objects_2|       pointer|
|trigger_objects_3         |  out|   89|      ap_vld|          trigger_objects_3|       pointer|
|trigger_objects_3_ap_vld  |  out|    1|      ap_vld|          trigger_objects_3|       pointer|
|trigger_objects_4         |  out|   89|      ap_vld|          trigger_objects_4|       pointer|
|trigger_objects_4_ap_vld  |  out|    1|      ap_vld|          trigger_objects_4|       pointer|
|trigger_objects_5         |  out|   89|      ap_vld|          trigger_objects_5|       pointer|
|trigger_objects_5_ap_vld  |  out|    1|      ap_vld|          trigger_objects_5|       pointer|
|trigger_objects_6         |  out|   89|      ap_vld|          trigger_objects_6|       pointer|
|trigger_objects_6_ap_vld  |  out|    1|      ap_vld|          trigger_objects_6|       pointer|
|trigger_objects_7         |  out|   89|      ap_vld|          trigger_objects_7|       pointer|
|trigger_objects_7_ap_vld  |  out|    1|      ap_vld|          trigger_objects_7|       pointer|
|num_clusters              |  out|   32|      ap_vld|               num_clusters|       pointer|
|num_clusters_ap_vld       |  out|    1|      ap_vld|               num_clusters|       pointer|
|ap_clk                    |   in|    1|  ap_ctrl_hs|  cluster_sort_build_stream|  return value|
|ap_rst                    |   in|    1|  ap_ctrl_hs|  cluster_sort_build_stream|  return value|
|ap_start                  |   in|    1|  ap_ctrl_hs|  cluster_sort_build_stream|  return value|
|ap_done                   |  out|    1|  ap_ctrl_hs|  cluster_sort_build_stream|  return value|
|ap_ready                  |  out|    1|  ap_ctrl_hs|  cluster_sort_build_stream|  return value|
|ap_idle                   |  out|    1|  ap_ctrl_hs|  cluster_sort_build_stream|  return value|
|ap_continue               |   in|    1|  ap_ctrl_hs|  cluster_sort_build_stream|  return value|
+--------------------------+-----+-----+------------+---------------------------+--------------+

