

================================================================
== Vitis HLS Report for 'find_clusters_stream_3_5_s'
================================================================
* Date:           Tue May 12 20:42:47 2026

* Version:        2024.1 (Build 5069499 on May 21 2024)
* Project:        calorimeter
* Solution:       solution1 (Vivado IP Flow Target)
* Product family: virtexuplus
* Target device:  xcvu13p-fsga2577-2-e


================================================================
== Performance Estimates
================================================================
+ Timing: 
    * Summary: 
    +--------+----------+----------+------------+
    |  Clock |  Target  | Estimated| Uncertainty|
    +--------+----------+----------+------------+
    |ap_clk  |  25.00 ns|  5.516 ns|     6.75 ns|
    +--------+----------+----------+------------+

+ Latency: 
    * Summary: 
    +---------+---------+----------+----------+-------+-------+-----------------------------------------------+
    |  Latency (cycles) |  Latency (absolute) |    Interval   |                    Pipeline                   |
    |   min   |   max   |    min   |    max   |  min  |  max  |                      Type                     |
    +---------+---------+----------+----------+-------+-------+-----------------------------------------------+
    |    20282|    20282|  0.507 ms|  0.507 ms|  20281|  20281|  loop auto-rewind stp(delay=0 clock cycles(s))|
    +---------+---------+----------+----------+-------+-------+-----------------------------------------------+

    + Detail: 
        * Instance: 
        N/A

        * Loop: 
        +-------------------------------------+---------+---------+----------+-----------+-----------+------+----------+
        |                                     |  Latency (cycles) | Iteration|  Initiation Interval  | Trip |          |
        |              Loop Name              |   min   |   max   |  Latency |  achieved |   target  | Count| Pipelined|
        +-------------------------------------+---------+---------+----------+-----------+-----------+------+----------+
        |- VITIS_LOOP_288_1_VITIS_LOOP_289_2  |    20280|    20280|        14|         13|          1|  1560|       yes|
        +-------------------------------------+---------+---------+----------+-----------+-----------+------+----------+



================================================================
== Utilization Estimates
================================================================
* Summary: 
+---------------------+---------+-------+---------+---------+------+
|         Name        | BRAM_18K|  DSP  |    FF   |   LUT   | URAM |
+---------------------+---------+-------+---------+---------+------+
|DSP                  |        -|      -|        -|        -|     -|
|Expression           |        -|      -|        0|     1544|     -|
|FIFO                 |        -|      -|        -|        -|     -|
|Instance             |        -|      -|        -|        -|     -|
|Memory               |        -|      -|        -|        -|     -|
|Multiplexer          |        -|      -|        0|      330|     -|
|Register             |        -|      -|      338|        -|     -|
+---------------------+---------+-------+---------+---------+------+
|Total                |        0|      0|      338|     1874|     0|
+---------------------+---------+-------+---------+---------+------+
|Available SLR        |     1344|   3072|   864000|   432000|   320|
+---------------------+---------+-------+---------+---------+------+
|Utilization SLR (%)  |        0|      0|       ~0|       ~0|     0|
+---------------------+---------+-------+---------+---------+------+
|Available            |     5376|  12288|  3456000|  1728000|  1280|
+---------------------+---------+-------+---------+---------+------+
|Utilization (%)      |        0|      0|       ~0|       ~0|     0|
+---------------------+---------+-------+---------+---------+------+

+ Detail: 
    * Instance: 
    N/A

    * DSP: 
    N/A

    * Memory: 
    N/A

    * FIFO: 
    N/A

    * Expression: 
    +-----------------------------------+----------+----+---+----+------------+------------+
    |           Variable Name           | Operation| DSP| FF| LUT| Bitwidth P0| Bitwidth P1|
    +-----------------------------------+----------+----+---+----+------------+------------+
    |add_ln141_1_fu_894_p2              |         +|   0|  0|  14|           7|           6|
    |add_ln141_fu_533_p2                |         +|   0|  0|  14|           7|           6|
    |add_ln143_1_fu_1063_p2             |         +|   0|  0|  14|           7|           7|
    |add_ln143_fu_597_p2                |         +|   0|  0|  14|           7|           7|
    |add_ln164_1_fu_881_p2              |         +|   0|  0|  14|           7|           3|
    |add_ln164_fu_1052_p2               |         +|   0|  0|  13|           6|           2|
    |add_ln167_10_fu_1204_p2            |         +|   0|  0|  16|          15|          15|
    |add_ln167_11_fu_1210_p2            |         +|   0|  0|  20|          13|          13|
    |add_ln167_12_fu_1220_p2            |         +|   0|  0|  21|          14|          14|
    |add_ln167_13_fu_1287_p2            |         +|   0|  0|  18|          11|          11|
    |add_ln167_18_fu_911_p2             |         +|   0|  0|  18|          11|          11|
    |add_ln167_19_fu_1084_p2            |         +|   0|  0|  18|          11|          11|
    |add_ln167_1_fu_739_p2              |         +|   0|  0|  20|          13|          13|
    |add_ln167_20_fu_1108_p2            |         +|   0|  0|  18|          11|          11|
    |add_ln167_21_fu_1145_p2            |         +|   0|  0|  18|          11|          11|
    |add_ln167_22_fu_1163_p2            |         +|   0|  0|  18|          11|          11|
    |add_ln167_23_fu_1297_p2            |         +|   0|  0|  18|          11|          11|
    |add_ln167_24_fu_1117_p2            |         +|   0|  0|  18|          11|          11|
    |add_ln167_25_fu_1154_p2            |         +|   0|  0|  18|          11|          11|
    |add_ln167_26_fu_1176_p2            |         +|   0|  0|  18|          11|          11|
    |add_ln167_27_fu_1302_p2            |         +|   0|  0|  18|          11|          11|
    |add_ln167_2_fu_1277_p2             |         +|   0|  0|  18|          11|          11|
    |add_ln167_3_fu_973_p2              |         +|   0|  0|  16|          15|          15|
    |add_ln167_4_fu_979_p2              |         +|   0|  0|  20|          13|          13|
    |add_ln167_5_fu_989_p2              |         +|   0|  0|  21|          14|          14|
    |add_ln167_6_fu_1035_p2             |         +|   0|  0|  18|          11|          11|
    |add_ln167_7_fu_1282_p2             |         +|   0|  0|  18|          11|          11|
    |add_ln167_8_fu_1129_p2             |         +|   0|  0|  20|          13|          13|
    |add_ln167_9_fu_936_p2              |         +|   0|  0|  18|          11|          11|
    |add_ln167_fu_927_p2                |         +|   0|  0|  18|          11|          11|
    |add_ln193_fu_519_p2                |         +|   0|  0|  14|           7|           2|
    |add_ln196_1_fu_675_p2              |         +|   0|  0|  18|          11|          11|
    |add_ln196_2_fu_551_p2              |         +|   0|  0|  18|          11|          11|
    |add_ln196_3_fu_618_p2              |         +|   0|  0|  18|          11|          11|
    |add_ln196_4_fu_633_p2              |         +|   0|  0|  18|          11|          11|
    |add_ln196_5_fu_797_p2              |         +|   0|  0|  18|          11|          11|
    |add_ln196_6_fu_642_p2              |         +|   0|  0|  18|          11|          11|
    |add_ln196_7_fu_691_p2              |         +|   0|  0|  18|          11|          11|
    |add_ln196_fu_572_p2                |         +|   0|  0|  18|          11|          11|
    |add_ln219_1_fu_1320_p2             |         +|   0|  0|  20|          13|          13|
    |add_ln219_2_fu_1367_p2             |         +|   0|  0|  16|          16|          16|
    |add_ln219_3_fu_1342_p2             |         +|   0|  0|  20|          13|          13|
    |add_ln219_4_fu_1375_p2             |         +|   0|  0|  20|          13|          13|
    |add_ln219_5_fu_1385_p2             |         +|   0|  0|  21|          14|          14|
    |add_ln219_6_fu_1395_p2             |         +|   0|  0|  22|          15|          15|
    |add_ln219_fu_1240_p2               |         +|   0|  0|  23|          16|          16|
    |add_ln288_1_fu_388_p2              |         +|   0|  0|  18|          11|           1|
    |add_ln288_2_fu_420_p2              |         +|   0|  0|  12|           5|           1|
    |add_ln288_fu_414_p2                |         +|   0|  0|  12|           5|           2|
    |add_ln301_fu_504_p2                |         +|   0|  0|  18|          11|          11|
    |candidate_isolation_et_fu_1405_p2  |         +|   0|  0|  16|          16|          16|
    |cluster_et_1_fu_749_p2             |         +|   0|  0|  21|          14|          14|
    |cluster_et_2_fu_999_p2             |         +|   0|  0|  16|          15|          15|
    |cluster_et_3_fu_1009_p2            |         +|   0|  0|  23|          16|          16|
    |cluster_et_fu_729_p2               |         +|   0|  0|  20|          13|          13|
    |empty_57_fu_755_p2                 |         +|   0|  0|  12|           5|           3|
    |empty_58_fu_1246_p2                |         +|   0|  0|  12|           5|           2|
    |empty_fu_468_p2                    |         +|   0|  0|  12|           5|           2|
    |phi_fu_586_p2                      |         +|   0|  0|  13|           6|           1|
    |sum_11_fu_1139_p2                  |         +|   0|  0|  21|          14|          14|
    |sum_12_fu_1230_p2                  |         +|   0|  0|  16|          15|          15|
    |sum_fu_1094_p2                     |         +|   0|  0|  20|          13|          13|
    |sub_ln167_1_fu_1271_p2             |         -|   0|  0|  18|          11|          11|
    |sub_ln167_fu_780_p2                |         -|   0|  0|  18|          11|          11|
    |sub_ln196_1_fu_669_p2              |         -|   0|  0|  18|          11|          11|
    |sub_ln196_fu_494_p2                |         -|   0|  0|  18|          11|          11|
    |sub_ln301_fu_462_p2                |         -|   0|  0|  18|          11|          11|
    |and_ln198_1_fu_841_p2              |       and|   0|  0|   2|           1|           1|
    |and_ln198_2_fu_846_p2              |       and|   0|  0|   2|           1|           1|
    |and_ln198_3_fu_869_p2              |       and|   0|  0|   2|           1|           1|
    |and_ln198_4_fu_852_p2              |       and|   0|  0|   2|           1|           1|
    |and_ln198_5_fu_858_p2              |       and|   0|  0|   2|           1|           1|
    |and_ln198_6_fu_864_p2              |       and|   0|  0|   2|           1|           1|
    |and_ln198_fu_836_p2                |       and|   0|  0|   2|           1|           1|
    |ap_block_pp0_stage0_01001          |       and|   0|  0|   2|           1|           1|
    |grp_fu_358_p2                      |      icmp|   0|  0|  19|          12|          12|
    |icmp_ln142_1_fu_1057_p2            |      icmp|   0|  0|  13|           6|           4|
    |icmp_ln142_fu_591_p2               |      icmp|   0|  0|  13|           6|           4|
    |icmp_ln198_2_fu_812_p2             |      icmp|   0|  0|  19|          12|          12|
    |icmp_ln198_3_fu_824_p2             |      icmp|   0|  0|  19|          12|          12|
    |icmp_ln198_4_fu_701_p2             |      icmp|   0|  0|  19|          12|          12|
    |icmp_ln198_5_fu_707_p2             |      icmp|   0|  0|  19|          12|          12|
    |icmp_ln198_6_fu_945_p2             |      icmp|   0|  0|  19|          12|          12|
    |icmp_ln200_fu_685_p2               |      icmp|   0|  0|  19|          12|          12|
    |icmp_ln288_fu_382_p2               |      icmp|   0|  0|  18|          11|          10|
    |icmp_ln289_fu_400_p2               |      icmp|   0|  0|  13|           6|           4|
    |icmp_ln303_fu_581_p2               |      icmp|   0|  0|  19|          12|          12|
    |icmp_ln307_fu_1019_p2              |      icmp|   0|  0|  27|          20|          20|
    |is_max_fu_786_p2                   |      icmp|   0|  0|  19|          12|          12|
    |or_ln307_1_fu_1024_p2              |        or|   0|  0|   2|           1|           1|
    |or_ln307_2_fu_1030_p2              |        or|   0|  0|   2|           1|           1|
    |or_ln307_fu_922_p2                 |        or|   0|  0|   2|           1|           1|
    |candidate_et_fu_1411_p3            |    select|   0|  0|  16|           1|           1|
    |empty_59_fu_1426_p3                |    select|   0|  0|  16|           1|           1|
    |phi_idx_2_fu_606_p3                |    select|   0|  0|   7|           1|           7|
    |phi_idx_3_fu_899_p3                |    select|   0|  0|   7|           1|           7|
    |phi_idx_4_fu_1072_p3               |    select|   0|  0|   7|           1|           7|
    |phi_idx_fu_539_p3                  |    select|   0|  0|   7|           1|           7|
    |select_ln288_1_fu_426_p3           |    select|   0|  0|   5|           1|           5|
    |select_ln288_2_fu_434_p3           |    select|   0|  0|   5|           1|           5|
    |select_ln288_fu_406_p3             |    select|   0|  0|   6|           1|           1|
    |ap_enable_pp0                      |       xor|   0|  0|   2|           1|           2|
    |candidate_valid_fu_1417_p2         |       xor|   0|  0|   2|           1|           2|
    |xor_ln198_1_fu_792_p2              |       xor|   0|  0|   2|           1|           2|
    |xor_ln198_2_fu_806_p2              |       xor|   0|  0|   2|           1|           2|
    |xor_ln198_3_fu_818_p2              |       xor|   0|  0|   2|           1|           2|
    |xor_ln198_4_fu_830_p2              |       xor|   0|  0|   2|           1|           2|
    |xor_ln198_fu_875_p2                |       xor|   0|  0|   2|           2|           1|
    +-----------------------------------+----------+----+---+----+------------+------------+
    |Total                              |          |   0|  0|1544|         931|         916|
    +-----------------------------------+----------+----+---+----+------------+------------+

    * Multiplexer: 
    +--------------------------------------+----+-----------+-----+-----------+
    |                 Name                 | LUT| Input Size| Bits| Total Bits|
    +--------------------------------------+----+-----------+-----+-----------+
    |ap_NS_fsm                             |  65|         14|    1|         14|
    |ap_done_int                           |   9|          2|    1|          2|
    |ap_enable_reg_pp0_iter0               |   9|          2|    1|          2|
    |ap_enable_reg_pp0_iter0_reg           |   9|          2|    1|          2|
    |ap_enable_reg_pp0_iter1               |   9|          2|    1|          2|
    |ap_sig_allocacmp_eta_load             |   9|          2|    5|         10|
    |ap_sig_allocacmp_indvar_flatten_load  |   9|          2|   11|         22|
    |ap_sig_allocacmp_phi_idx_1_load       |   9|          2|    6|         12|
    |cluster_stream_blk_n                  |   9|          2|    1|          2|
    |eta_fu_102                            |   9|          2|    5|         10|
    |indvar_flatten_fu_106                 |   9|          2|   11|         22|
    |phi_idx_1_fu_98                       |   9|          2|    6|         12|
    |reg_338                               |   9|          2|   12|         24|
    |reg_343                               |   9|          2|   12|         24|
    |reg_348                               |   9|          2|   12|         24|
    |reg_353                               |   9|          2|   12|         24|
    |towers_Addr_A_orig                    |  65|         14|   32|        448|
    |towers_Addr_B_orig                    |  65|         13|   32|        416|
    +--------------------------------------+----+-----------+-----+-----------+
    |Total                                 | 330|         71|  162|       1072|
    +--------------------------------------+----+-----------+-----+-----------+

    * Register: 
    +-----------------------------+----+----+-----+-----------+
    |             Name            | FF | LUT| Bits| Const Bits|
    +-----------------------------+----+----+-----+-----------+
    |add_ln167_23_reg_1768        |  11|   0|   11|          0|
    |add_ln167_2_reg_1753         |  11|   0|   11|          0|
    |add_ln167_7_reg_1758         |  11|   0|   11|          0|
    |add_ln219_1_reg_1778         |  13|   0|   13|          0|
    |add_ln219_3_reg_1793         |  13|   0|   13|          0|
    |add_ln219_reg_1748           |  16|   0|   16|          0|
    |ap_CS_fsm                    |  13|   0|   13|          0|
    |ap_done_reg                  |   1|   0|    1|          0|
    |ap_enable_reg_pp0_iter0_reg  |   1|   0|    1|          0|
    |ap_enable_reg_pp0_iter1      |   1|   0|    1|          0|
    |cluster_et_1_reg_1627        |  14|   0|   14|          0|
    |cluster_et_3_reg_1678        |  16|   0|   16|          0|
    |eta_fu_102                   |   5|   0|    5|          0|
    |icmp_ln198_4_reg_1617        |   1|   0|    1|          0|
    |icmp_ln198_5_reg_1622        |   1|   0|    1|          0|
    |icmp_ln198_reg_1607          |   1|   0|    1|          0|
    |icmp_ln200_reg_1602          |   1|   0|    1|          0|
    |icmp_ln288_reg_1483          |   1|   0|    1|          0|
    |icmp_ln303_reg_1562          |   1|   0|    1|          0|
    |indvar_flatten_fu_106        |  11|   0|   11|          0|
    |neighbor_6_reg_1645          |  12|   0|   12|          0|
    |or_ln307_2_reg_1683          |   1|   0|    1|          0|
    |or_ln307_reg_1663            |   1|   0|    1|          0|
    |phi_idx_1_fu_98              |   6|   0|    6|          0|
    |reg_338                      |  12|   0|   12|          0|
    |reg_343                      |  12|   0|   12|          0|
    |reg_348                      |  12|   0|   12|          0|
    |reg_353                      |  12|   0|   12|          0|
    |select_ln288_1_reg_1494      |   5|   0|    5|          0|
    |select_ln288_2_reg_1500      |   5|   0|    5|          0|
    |select_ln288_reg_1487        |   6|   0|    6|          0|
    |sext_ln167_reg_1695          |  11|   0|   11|          0|
    |sext_ln196_reg_1567          |  11|   0|   11|          0|
    |sub_ln167_reg_1632           |   9|   0|   11|          2|
    |sub_ln196_1_reg_1590         |   9|   0|   11|          2|
    |sub_ln196_reg_1515           |   9|   0|   11|          2|
    |sub_ln301_reg_1507           |   9|   0|   11|          2|
    |sum_11_reg_1723              |  14|   0|   14|          0|
    |sum_reg_1708                 |  13|   0|   13|          0|
    |zext_ln167_29_reg_1650       |   7|   0|   11|          4|
    |zext_ln196_4_reg_1544        |   7|   0|   11|          4|
    |zext_ln289_reg_1536          |   6|   0|    7|          1|
    |zext_ln301_1_reg_1523        |   6|   0|   11|          5|
    +-----------------------------+----+----+-----+-----------+
    |Total                        | 338|   0|  360|         22|
    +-----------------------------+----+----+-----+-----------+



================================================================
== Interface
================================================================
* Summary: 
+-------------------------------+-----+-----+------------+----------------------------+--------------+
|           RTL Ports           | Dir | Bits|  Protocol  |        Source Object       |    C Type    |
+-------------------------------+-----+-----+------------+----------------------------+--------------+
|ap_clk                         |   in|    1|  ap_ctrl_hs|  find_clusters_stream<3, 5>|  return value|
|ap_rst                         |   in|    1|  ap_ctrl_hs|  find_clusters_stream<3, 5>|  return value|
|ap_start                       |   in|    1|  ap_ctrl_hs|  find_clusters_stream<3, 5>|  return value|
|ap_done                        |  out|    1|  ap_ctrl_hs|  find_clusters_stream<3, 5>|  return value|
|ap_idle                        |  out|    1|  ap_ctrl_hs|  find_clusters_stream<3, 5>|  return value|
|ap_ready                       |  out|    1|  ap_ctrl_hs|  find_clusters_stream<3, 5>|  return value|
|cluster_stream_din             |  out|   61|     ap_fifo|              cluster_stream|       pointer|
|cluster_stream_num_data_valid  |   in|    7|     ap_fifo|              cluster_stream|       pointer|
|cluster_stream_fifo_cap        |   in|    7|     ap_fifo|              cluster_stream|       pointer|
|cluster_stream_full_n          |   in|    1|     ap_fifo|              cluster_stream|       pointer|
|cluster_stream_write           |  out|    1|     ap_fifo|              cluster_stream|       pointer|
|towers_Addr_A                  |  out|   32|        bram|                      towers|         array|
|towers_EN_A                    |  out|    1|        bram|                      towers|         array|
|towers_WEN_A                   |  out|    2|        bram|                      towers|         array|
|towers_Din_A                   |  out|   16|        bram|                      towers|         array|
|towers_Dout_A                  |   in|   16|        bram|                      towers|         array|
|towers_Addr_B                  |  out|   32|        bram|                      towers|         array|
|towers_EN_B                    |  out|    1|        bram|                      towers|         array|
|towers_WEN_B                   |  out|    2|        bram|                      towers|         array|
|towers_Din_B                   |  out|   16|        bram|                      towers|         array|
|towers_Dout_B                  |   in|   16|        bram|                      towers|         array|
|seed_threshold                 |   in|   12|     ap_none|              seed_threshold|        scalar|
|cluster_threshold              |   in|   20|     ap_none|           cluster_threshold|        scalar|
+-------------------------------+-----+-----+------------+----------------------------+--------------+

