==============================================================
Vitis HLS - High-Level Synthesis from C, C++ and OpenCL v2024.1 (64-bit)
Tool Version Limit: 2024.05
Copyright 1986-2022 Xilinx, Inc. All Rights Reserved.
Copyright 2022-2024 Advanced Micro Devices, Inc. All Rights Reserved.

==============================================================
INFO: [HLS 200-1505] Using default flow_target 'vivado'
INFO: [HLS 200-1510] Running: set_part xcvu13p-fsga2577-2-e 
INFO: [HLS 200-1611] Setting target device to 'xcvu13p-fsga2577-2-e'
INFO: [HLS 200-1510] Running: create_clock -period 25 -name default 
INFO: [SYN 201-201] Setting up clock 'default' with a period of 25ns.
INFO: [HLS 200-1510] Running: csim_design 
INFO: [SIM 211-2] *************** CSIM start ***************
INFO: [SIM 211-4] CSIM will launch CLANG as the compiler.
INFO: [HLS 200-2036] Building debug C Simulation binaries
ERROR: [SIM 211-100] 'csim_design' failed: compilation error(s).
INFO: [SIM 211-3] *************** CSIM finish ***************
INFO: [HLS 200-2161] Finished Command csim_design Elapsed time: 00:00:04; Allocated memory: 0.195 MB.
==============================================================
Vitis HLS - High-Level Synthesis from C, C++ and OpenCL v2024.1 (64-bit)
Tool Version Limit: 2024.05
Copyright 1986-2022 Xilinx, Inc. All Rights Reserved.
Copyright 2022-2024 Advanced Micro Devices, Inc. All Rights Reserved.

==============================================================
INFO: [SYN 201-201] Setting up clock 'default' with a period of 25ns.
INFO: [HLS 200-1611] Setting target device to 'xcvu13p-fsga2577-2-e'
INFO: [HLS 200-1505] Using flow_target 'vivado'
INFO: [HLS 200-1510] Running: set_part xcvu13p-fsga2577-2-e 
INFO: [HLS 200-1510] Running: create_clock -period 25 -name default 
INFO: [HLS 200-1510] Running: csim_design 
INFO: [SIM 211-2] *************** CSIM start ***************
INFO: [SIM 211-4] CSIM will launch CLANG as the compiler.
INFO: [HLS 200-2036] Building debug C Simulation binaries
INFO: [SIM 211-1] CSim done with 0 errors.
INFO: [SIM 211-3] *************** CSIM finish ***************
INFO: [HLS 200-2161] Finished Command csim_design Elapsed time: 00:00:09; Allocated memory: 0.000 MB.
INFO: [HLS 200-1510] Running: csynth_design 
INFO: [HLS 200-111] Finished File checks and directory preparation: CPU user time: 0.18 seconds. CPU system time: 0.03 seconds. Elapsed time: 0.21 seconds; current allocated memory: 377.434 MB.
INFO: [HLS 200-10] Analyzing design file 'calorimeter.cpp' ... 
ERROR: [HLS 207-3777] use of undeclared identifier 'top_clusters'; did you mean 'num_clusters'? (calorimeter.cpp:212:38)
INFO: [HLS 207-4436] 'num_clusters' declared here (calorimeter.cpp:201:28)
INFO: [HLS 200-2161] Finished Command csynth_design Elapsed time: 00:00:02; Allocated memory: 1.066 MB.
==============================================================
Vitis HLS - High-Level Synthesis from C, C++ and OpenCL v2024.1 (64-bit)
Tool Version Limit: 2024.05
Copyright 1986-2022 Xilinx, Inc. All Rights Reserved.
Copyright 2022-2024 Advanced Micro Devices, Inc. All Rights Reserved.

==============================================================
INFO: [SYN 201-201] Setting up clock 'default' with a period of 25ns.
INFO: [HLS 200-1611] Setting target device to 'xcvu13p-fsga2577-2-e'
INFO: [HLS 200-1505] Using flow_target 'vivado'
INFO: [HLS 200-1510] Running: set_part xcvu13p-fsga2577-2-e 
INFO: [HLS 200-1510] Running: create_clock -period 25 -name default 
INFO: [HLS 200-1510] Running: csim_design 
INFO: [SIM 211-2] *************** CSIM start ***************
INFO: [SIM 211-4] CSIM will launch CLANG as the compiler.
INFO: [HLS 200-2036] Building debug C Simulation binaries
INFO: [SIM 211-1] CSim done with 0 errors.
INFO: [SIM 211-3] *************** CSIM finish ***************
INFO: [HLS 200-2161] Finished Command csim_design Elapsed time: 00:00:05; Allocated memory: 0.000 MB.
INFO: [HLS 200-1510] Running: csynth_design 
INFO: [HLS 200-111] Finished File checks and directory preparation: CPU user time: 0.17 seconds. CPU system time: 0.02 seconds. Elapsed time: 0.18 seconds; current allocated memory: 377.430 MB.
INFO: [HLS 200-10] Analyzing design file 'calorimeter.cpp' ... 
INFO: [HLS 200-111] Finished Source Code Analysis and Preprocessing: CPU user time: 7.56 seconds. CPU system time: 1.2 seconds. Elapsed time: 8.97 seconds; current allocated memory: 379.223 MB.
INFO: [HLS 200-777] Using interface defaults for 'Vivado' flow target.
INFO: [HLS 200-1995] There were 1,586 instructions in the design after the 'Compile/Link' phase of compilation. See the Design Size Report for more details: /scratch/emettner/tachep-fpga-project-26/calorimeter/solution1/syn/report/csynth_design_size.rpt
INFO: [HLS 200-1995] There were 2,361 instructions in the design after the 'Unroll/Inline (step 1)' phase of compilation. See the Design Size Report for more details: /scratch/emettner/tachep-fpga-project-26/calorimeter/solution1/syn/report/csynth_design_size.rpt
INFO: [HLS 200-1995] There were 1,417 instructions in the design after the 'Unroll/Inline (step 2)' phase of compilation. See the Design Size Report for more details: /scratch/emettner/tachep-fpga-project-26/calorimeter/solution1/syn/report/csynth_design_size.rpt
INFO: [HLS 200-1995] There were 1,031 instructions in the design after the 'Unroll/Inline (step 3)' phase of compilation. See the Design Size Report for more details: /scratch/emettner/tachep-fpga-project-26/calorimeter/solution1/syn/report/csynth_design_size.rpt
INFO: [HLS 200-1995] There were 1,016 instructions in the design after the 'Unroll/Inline (step 4)' phase of compilation. See the Design Size Report for more details: /scratch/emettner/tachep-fpga-project-26/calorimeter/solution1/syn/report/csynth_design_size.rpt
INFO: [HLS 200-1995] There were 1,604 instructions in the design after the 'Array/Struct (step 1)' phase of compilation. See the Design Size Report for more details: /scratch/emettner/tachep-fpga-project-26/calorimeter/solution1/syn/report/csynth_design_size.rpt
INFO: [HLS 200-1995] There were 1,298 instructions in the design after the 'Array/Struct (step 2)' phase of compilation. See the Design Size Report for more details: /scratch/emettner/tachep-fpga-project-26/calorimeter/solution1/syn/report/csynth_design_size.rpt
INFO: [HLS 200-1995] There were 2,045 instructions in the design after the 'Array/Struct (step 3)' phase of compilation. See the Design Size Report for more details: /scratch/emettner/tachep-fpga-project-26/calorimeter/solution1/syn/report/csynth_design_size.rpt
INFO: [HLS 200-1995] There were 1,741 instructions in the design after the 'Array/Struct (step 4)' phase of compilation. See the Design Size Report for more details: /scratch/emettner/tachep-fpga-project-26/calorimeter/solution1/syn/report/csynth_design_size.rpt
INFO: [HLS 200-1995] There were 2,020 instructions in the design after the 'Array/Struct (step 5)' phase of compilation. See the Design Size Report for more details: /scratch/emettner/tachep-fpga-project-26/calorimeter/solution1/syn/report/csynth_design_size.rpt
INFO: [HLS 200-1995] There were 1,673 instructions in the design after the 'Performance (step 1)' phase of compilation. See the Design Size Report for more details: /scratch/emettner/tachep-fpga-project-26/calorimeter/solution1/syn/report/csynth_design_size.rpt
INFO: [HLS 200-1995] There were 1,515 instructions in the design after the 'Performance (step 2)' phase of compilation. See the Design Size Report for more details: /scratch/emettner/tachep-fpga-project-26/calorimeter/solution1/syn/report/csynth_design_size.rpt
INFO: [HLS 200-1995] There were 1,514 instructions in the design after the 'Performance (step 3)' phase of compilation. See the Design Size Report for more details: /scratch/emettner/tachep-fpga-project-26/calorimeter/solution1/syn/report/csynth_design_size.rpt
INFO: [HLS 200-1995] There were 1,514 instructions in the design after the 'Performance (step 4)' phase of compilation. See the Design Size Report for more details: /scratch/emettner/tachep-fpga-project-26/calorimeter/solution1/syn/report/csynth_design_size.rpt
INFO: [HLS 200-1995] There were 1,536 instructions in the design after the 'HW Transforms (step 1)' phase of compilation. See the Design Size Report for more details: /scratch/emettner/tachep-fpga-project-26/calorimeter/solution1/syn/report/csynth_design_size.rpt
INFO: [HLS 200-1995] There were 1,563 instructions in the design after the 'HW Transforms (step 2)' phase of compilation. See the Design Size Report for more details: /scratch/emettner/tachep-fpga-project-26/calorimeter/solution1/syn/report/csynth_design_size.rpt
INFO: [HLS 214-131] Inlining function 'wrap_phi(int)' into 'bool is_local_maximum<3>(ap_uint<12> const (*) [60], int, int)' (./calorimeter.h:185:31)
INFO: [HLS 214-131] Inlining function 'wrap_phi(int)' into 'ap_uint<20> window_sum<3>(ap_uint<12> const (*) [60], int, int)' (./calorimeter.h:156:27)
INFO: [HLS 214-131] Inlining function 'wrap_phi(int)' into 'ap_uint<20> window_sum<5>(ap_uint<12> const (*) [60], int, int)' (./calorimeter.h:156:27)
INFO: [HLS 214-131] Inlining function 'ap_uint<20> window_sum<5>(ap_uint<12> const (*) [60], int, int)' into 'ap_uint<20> isolation_sum<3, 5>(ap_uint<12> const (*) [60], int, int)' (./calorimeter.h:211:9)
INFO: [HLS 214-131] Inlining function 'ap_uint<20> window_sum<3>(ap_uint<12> const (*) [60], int, int)' into 'ap_uint<20> isolation_sum<3, 5>(ap_uint<12> const (*) [60], int, int)' (./calorimeter.h:211:49)
INFO: [HLS 214-131] Inlining function 'ap_uint<20> isolation_sum<3, 5>(ap_uint<12> const (*) [60], int, int)' into 'void find_clusters<3, 5>(ap_uint<12> const (*) [60], ap_uint<12>, ap_uint<20>, Cluster*, int&)' (./calorimeter.h:254:41)
INFO: [HLS 214-131] Inlining function 'ap_uint<20> window_sum<3>(ap_uint<12> const (*) [60], int, int)' into 'void find_clusters<3, 5>(ap_uint<12> const (*) [60], ap_uint<12>, ap_uint<20>, Cluster*, int&)' (./calorimeter.h:246:39)
INFO: [HLS 214-131] Inlining function 'bool is_local_maximum<3>(ap_uint<12> const (*) [60], int, int)' into 'void find_clusters<3, 5>(ap_uint<12> const (*) [60], ap_uint<12>, ap_uint<20>, Cluster*, int&)' (./calorimeter.h:241:18)
INFO: [HLS 214-131] Inlining function 'cluster_is_better(Cluster const&, Cluster const&)' into 'select_top_n(Cluster const*, int, Cluster*)' (calorimeter.cpp:133:43)
INFO: [HLS 214-291] Loop 'VITIS_LOOP_132_1' is marked as complete unroll implied by the pipeline pragma (calorimeter.cpp:132:27)
INFO: [HLS 214-291] Loop 'VITIS_LOOP_135_2' is marked as complete unroll implied by the pipeline pragma (calorimeter.cpp:135:35)
INFO: [HLS 214-291] Loop 'LOCAL_ETA' is marked as complete unroll implied by the pipeline pragma (./calorimeter.h:175:16)
INFO: [HLS 214-291] Loop 'LOCAL_PHI' is marked as complete unroll implied by the pipeline pragma (./calorimeter.h:177:13)
INFO: [HLS 214-291] Loop 'WIN_ETA' is marked as complete unroll implied by the pipeline pragma (./calorimeter.h:148:14)
INFO: [HLS 214-291] Loop 'WIN_PHI' is marked as complete unroll implied by the pipeline pragma (./calorimeter.h:150:11)
INFO: [HLS 214-186] Unrolling loop 'VITIS_LOOP_163_1' (calorimeter.cpp:163:20) in function 'build_trigger_objects' completely with a factor of 8 (calorimeter.cpp:160:0)
INFO: [HLS 214-186] Unrolling loop 'VITIS_LOOP_132_1' (calorimeter.cpp:132:27) in function 'select_top_n' completely with a factor of 8 (calorimeter.cpp:107:0)
INFO: [HLS 214-186] Unrolling loop 'INIT_TOP' (calorimeter.cpp:110:12) in function 'select_top_n' completely with a factor of 8 (calorimeter.cpp:107:0)
INFO: [HLS 214-186] Unrolling loop 'LOCAL_ETA' (./calorimeter.h:175:16) in function 'find_clusters<3, 5>' completely with a factor of 3 (./calorimeter.h:224:0)
INFO: [HLS 214-186] Unrolling loop 'LOCAL_PHI' (./calorimeter.h:177:13) in function 'find_clusters<3, 5>' completely with a factor of 3 (./calorimeter.h:224:0)
INFO: [HLS 214-186] Unrolling loop 'WIN_ETA' (./calorimeter.h:148:14) in function 'find_clusters<3, 5>' completely with a factor of 3 (./calorimeter.h:224:0)
INFO: [HLS 214-186] Unrolling loop 'WIN_PHI' (./calorimeter.h:150:11) in function 'find_clusters<3, 5>' completely with a factor of 3 (./calorimeter.h:224:0)
INFO: [HLS 214-186] Unrolling loop 'WIN_ETA' (./calorimeter.h:148:14) in function 'find_clusters<3, 5>' completely with a factor of 5 (./calorimeter.h:224:0)
INFO: [HLS 214-186] Unrolling loop 'WIN_PHI' (./calorimeter.h:150:11) in function 'find_clusters<3, 5>' completely with a factor of 5 (./calorimeter.h:224:0)
INFO: [HLS 214-178] Inlining function 'find_clusters_3x3_iso5(ap_uint<12> const (*) [60], ap_uint<12>, ap_uint<20>, Cluster*, int&)' into 'run_reference_trigger_3x3_iso5(ap_uint<12> const (*) [60], ap_uint<12>, ap_uint<20>, Cluster*, int&, Cluster*, TriggerObject*, ap_uint<24>&)' (calorimeter.cpp:11:0)
INFO: [HLS 214-178] Inlining function 'compute_ht(ap_uint<12> const (*) [60])' into 'run_reference_trigger_3x3_iso5(ap_uint<12> const (*) [60], ap_uint<12>, ap_uint<20>, Cluster*, int&, Cluster*, TriggerObject*, ap_uint<24>&)' (calorimeter.cpp:11:0)
INFO: [HLS 214-178] Inlining function 'run_reference_trigger_3x3_iso5(ap_uint<12> const (*) [60], ap_uint<12>, ap_uint<20>, Cluster*, int&, Cluster*, TriggerObject*, ap_uint<24>&)' into 'calo_trigger_ref(ap_uint<12> const (*) [60], ap_uint<12>, ap_uint<20>, TriggerObject*, ap_uint<24>*, int*)' (calorimeter.cpp:202:0)
INFO: [HLS 214-248] Applying array_partition to 'top_clusters.et': Complete partitioning on dimension 1. (calorimeter.cpp:214:13)
INFO: [HLS 214-248] Applying array_partition to 'top_clusters.isolation_et': Complete partitioning on dimension 1. (calorimeter.cpp:214:13)
INFO: [HLS 214-248] Applying array_partition to 'top_clusters.eta': Complete partitioning on dimension 1. (calorimeter.cpp:214:13)
INFO: [HLS 214-248] Applying array_partition to 'top_clusters.phi': Complete partitioning on dimension 1. (calorimeter.cpp:214:13)
INFO: [HLS 214-248] Applying array_partition to 'top_clusters.window_size': Complete partitioning on dimension 1. (calorimeter.cpp:214:13)
INFO: [HLS 214-248] Applying array_partition to 'top_clusters.iso_outer_size': Complete partitioning on dimension 1. (calorimeter.cpp:214:13)
INFO: [HLS 214-248] Applying array_partition to 'top_clusters.valid': Complete partitioning on dimension 1. (calorimeter.cpp:214:13)
INFO: [HLS 214-248] Applying array_partition to 'objects': Complete partitioning on dimension 1. (calorimeter.cpp:202:0)
INFO: [HLS 214-241] Aggregating scalar variable 'objects_7' with compact=bit mode in 89-bits (calorimeter.cpp:202:0)
INFO: [HLS 214-241] Aggregating scalar variable 'objects_6' with compact=bit mode in 89-bits (calorimeter.cpp:202:0)
INFO: [HLS 214-241] Aggregating scalar variable 'objects_5' with compact=bit mode in 89-bits (calorimeter.cpp:202:0)
INFO: [HLS 214-241] Aggregating scalar variable 'objects_4' with compact=bit mode in 89-bits (calorimeter.cpp:202:0)
INFO: [HLS 214-241] Aggregating scalar variable 'objects_3' with compact=bit mode in 89-bits (calorimeter.cpp:202:0)
INFO: [HLS 214-241] Aggregating scalar variable 'objects_2' with compact=bit mode in 89-bits (calorimeter.cpp:202:0)
INFO: [HLS 214-241] Aggregating scalar variable 'objects_1' with compact=bit mode in 89-bits (calorimeter.cpp:202:0)
INFO: [HLS 214-241] Aggregating scalar variable 'objects_0' with compact=bit mode in 89-bits (calorimeter.cpp:202:0)
INFO: [HLS 214-241] Aggregating bram variable 'grid' with compact=bit mode in 12-bits (calorimeter.cpp:202:0)
WARNING: [HLS 214-187] Cannot unroll loop 'VITIS_LOOP_135_2' (calorimeter.cpp:135:35) in function 'select_top_n' as it has a variable trip count (calorimeter.cpp:135:35)
INFO: [HLS 200-111] Finished Compiling Optimization and Transform: CPU user time: 6.75 seconds. CPU system time: 1.09 seconds. Elapsed time: 10.25 seconds; current allocated memory: 389.355 MB.
INFO: [HLS 200-111] Finished Checking Pragmas: CPU user time: 0 seconds. CPU system time: 0 seconds. Elapsed time: 0 seconds; current allocated memory: 389.355 MB.
INFO: [HLS 200-10] Starting code transformations ...
INFO: [HLS 200-111] Finished Standard Transforms: CPU user time: 0.13 seconds. CPU system time: 0.01 seconds. Elapsed time: 0.15 seconds; current allocated memory: 390.574 MB.
INFO: [HLS 200-10] Checking synthesizability ...
INFO: [HLS 200-111] Finished Checking Synthesizability: CPU user time: 0.15 seconds. CPU system time: 0.01 seconds. Elapsed time: 0.15 seconds; current allocated memory: 392.711 MB.
WARNING: [XFORM 203-561] Updating loop lower bound from 0 to 60 for loop 'FIND_PHI' (./calorimeter.h:233:28) in function 'find_clusters<3, 5>'.
WARNING: [XFORM 203-561] Updating loop lower bound from 0 to 26 for loop 'FIND_ETA' (./calorimeter.h:232:24) in function 'find_clusters<3, 5>'.
INFO: [XFORM 203-401] Performing if-conversion on hyperblock from (calorimeter.cpp:173:13) to (calorimeter.cpp:193:1) in function 'build_trigger_objects'... converting 17 basic blocks.
INFO: [XFORM 203-602] Inlining function 'build_trigger_objects' into 'calo_trigger_ref' (calorimeter.cpp:14->calorimeter.cpp:220) automatically.
INFO: [XFORM 203-11] Balancing expressions in function 'find_clusters<3, 5>' (./calorimeter.h:132:13)...39 expression(s) balanced.
INFO: [HLS 200-111] Finished Loop, function and other optimizations: CPU user time: 0.73 seconds. CPU system time: 0.01 seconds. Elapsed time: 0.78 seconds; current allocated memory: 418.148 MB.
INFO: [HLS 200-2061] Successfully converted nested loops 'FIND_ETA'(./calorimeter.h:232:15) and 'FIND_PHI'(./calorimeter.h:233:19) in function 'find_clusters<3, 5>' into perfectly nested loops.
INFO: [HLS 200-2061] Successfully converted nested loops 'HT_ETA'(calorimeter.cpp:149:13) and 'HT_PHI'(calorimeter.cpp:150:17) in function 'calo_trigger_ref' into perfectly nested loops.
INFO: [XFORM 203-541] Flattening a loop nest 'FIND_ETA' (./calorimeter.h:232:15) in function 'find_clusters<3, 5>'.
INFO: [XFORM 203-541] Flattening a loop nest 'HT_ETA' (calorimeter.cpp:149:13) in function 'calo_trigger_ref'.
INFO: [HLS 200-111] Finished Architecture Synthesis: CPU user time: 0.52 seconds. CPU system time: 0.01 seconds. Elapsed time: 0.56 seconds; current allocated memory: 431.707 MB.
INFO: [HLS 200-10] Starting hardware synthesis ...
INFO: [HLS 200-10] Synthesizing 'calo_trigger_ref' ...
WARNING: [SYN 201-103] Legalizing function name 'find_clusters<3, 5>' to 'find_clusters_3_5_s'.
INFO: [HLS 200-10] ----------------------------------------------------------------
INFO: [HLS 200-42] -- Implementing module 'find_clusters_3_5_s' 
INFO: [HLS 200-10] ----------------------------------------------------------------
INFO: [SCHED 204-11] Starting scheduling ...
INFO: [SCHED 204-61] Pipelining loop 'FIND_ETA_FIND_PHI'.
WARNING: [HLS 200-885] The II Violation in module 'find_clusters_3_5_s' (loop 'FIND_ETA_FIND_PHI'): Unable to schedule 'load' operation 12 bit ('neighbor', ./calorimeter.h:188->./calorimeter.h:241) on array 'grid' due to limited memory ports (II = 1). Please consider using a memory core with more ports or partitioning the array 'grid'.
WARNING: [HLS 200-885] The II Violation in module 'find_clusters_3_5_s' (loop 'FIND_ETA_FIND_PHI'): Unable to schedule 'load' operation 12 bit ('neighbor', ./calorimeter.h:188->./calorimeter.h:241) on array 'grid' due to limited memory ports (II = 2). Please consider using a memory core with more ports or partitioning the array 'grid'.
WARNING: [HLS 200-885] The II Violation in module 'find_clusters_3_5_s' (loop 'FIND_ETA_FIND_PHI'): Unable to schedule 'load' operation 12 bit ('neighbor', ./calorimeter.h:188->./calorimeter.h:241) on array 'grid' due to limited memory ports (II = 3). Please consider using a memory core with more ports or partitioning the array 'grid'.
WARNING: [HLS 200-885] The II Violation in module 'find_clusters_3_5_s' (loop 'FIND_ETA_FIND_PHI'): Unable to schedule 'load' operation 12 bit ('neighbor', ./calorimeter.h:188->./calorimeter.h:241) on array 'grid' due to limited memory ports (II = 4). Please consider using a memory core with more ports or partitioning the array 'grid'.
WARNING: [HLS 200-885] The II Violation in module 'find_clusters_3_5_s' (loop 'FIND_ETA_FIND_PHI'): Unable to schedule 'load' operation 12 bit ('grid_load_12', ./calorimeter.h:159->./calorimeter.h:211->./calorimeter.h:254) on array 'grid' due to limited memory ports (II = 11). Please consider using a memory core with more ports or partitioning the array 'grid'.
WARNING: [HLS 200-885] The II Violation in module 'find_clusters_3_5_s' (loop 'FIND_ETA_FIND_PHI'): Unable to schedule 'load' operation 12 bit ('grid_load_14', ./calorimeter.h:159->./calorimeter.h:211->./calorimeter.h:254) on array 'grid' due to limited memory ports (II = 12). Please consider using a memory core with more ports or partitioning the array 'grid'.
INFO: [HLS 200-1470] Pipelining result : Target II = 1, Final II = 13, Depth = 20, loop 'FIND_ETA_FIND_PHI'
INFO: [SCHED 204-11] Finished scheduling.
INFO: [HLS 200-111] Finished Scheduling: CPU user time: 1.26 seconds. CPU system time: 0.06 seconds. Elapsed time: 1.35 seconds; current allocated memory: 435.605 MB.
INFO: [BIND 205-100] Starting micro-architecture generation ...
INFO: [BIND 205-101] Performing variable lifetime analysis.
INFO: [BIND 205-101] Exploring resource sharing.
INFO: [BIND 205-101] Binding ...
INFO: [BIND 205-100] Finished micro-architecture generation.
INFO: [HLS 200-111] Finished Binding: CPU user time: 0.1 seconds. CPU system time: 0.01 seconds. Elapsed time: 0.14 seconds; current allocated memory: 435.605 MB.
INFO: [HLS 200-10] ----------------------------------------------------------------
INFO: [HLS 200-42] -- Implementing module 'select_top_n' 
INFO: [HLS 200-10] ----------------------------------------------------------------
INFO: [SCHED 204-11] Starting scheduling ...
WARNING: [SCHED 204-65] Unable to satisfy pipeline directive for loop 'FIND_CLUSTER': contains subloop(s) that are not unrolled or flattened.
INFO: [SCHED 204-11] Finished scheduling.
INFO: [HLS 200-111] Finished Scheduling: CPU user time: 1.2 seconds. CPU system time: 0.04 seconds. Elapsed time: 1.24 seconds; current allocated memory: 451.312 MB.
INFO: [BIND 205-100] Starting micro-architecture generation ...
INFO: [BIND 205-101] Performing variable lifetime analysis.
INFO: [BIND 205-101] Exploring resource sharing.
INFO: [BIND 205-101] Binding ...
INFO: [BIND 205-100] Finished micro-architecture generation.
INFO: [HLS 200-111] Finished Binding: CPU user time: 0.38 seconds. CPU system time: 0.04 seconds. Elapsed time: 0.43 seconds; current allocated memory: 451.312 MB.
INFO: [HLS 200-10] ----------------------------------------------------------------
INFO: [HLS 200-42] -- Implementing module 'calo_trigger_ref' 
INFO: [HLS 200-10] ----------------------------------------------------------------
INFO: [SCHED 204-11] Starting scheduling ...
INFO: [SCHED 204-61] Pipelining loop 'HT_ETA_HT_PHI'.
INFO: [HLS 200-1470] Pipelining result : Target II = 1, Final II = 1, Depth = 2, loop 'HT_ETA_HT_PHI'
INFO: [SCHED 204-11] Finished scheduling.
INFO: [HLS 200-111] Finished Scheduling: CPU user time: 0.45 seconds. CPU system time: 0.04 seconds. Elapsed time: 0.51 seconds; current allocated memory: 451.312 MB.
INFO: [BIND 205-100] Starting micro-architecture generation ...
INFO: [BIND 205-101] Performing variable lifetime analysis.
INFO: [BIND 205-101] Exploring resource sharing.
INFO: [BIND 205-101] Binding ...
INFO: [BIND 205-100] Finished micro-architecture generation.
INFO: [HLS 200-111] Finished Binding: CPU user time: 0.07 seconds. CPU system time: 0.01 seconds. Elapsed time: 0.09 seconds; current allocated memory: 451.312 MB.
INFO: [HLS 200-10] ----------------------------------------------------------------
INFO: [HLS 200-10] -- Generating RTL for module 'find_clusters_3_5_s' 
INFO: [HLS 200-10] ----------------------------------------------------------------
INFO: [HLS 200-1030] Apply Unified Pipeline Control on module 'find_clusters_3_5_s' pipeline 'FIND_ETA_FIND_PHI' pipeline type 'loop pipeline'
WARNING: [RTGEN 206-101] Setting dangling out port 'find_clusters_3_5_s/grid_WEN_A' to 0.
WARNING: [RTGEN 206-101] Setting dangling out port 'find_clusters_3_5_s/grid_Din_A' to 0.
WARNING: [RTGEN 206-101] Setting dangling out port 'find_clusters_3_5_s/grid_WEN_B' to 0.
WARNING: [RTGEN 206-101] Setting dangling out port 'find_clusters_3_5_s/grid_Din_B' to 0.
INFO: [RTGEN 206-100] Finished creating RTL model for 'find_clusters_3_5_s'.
INFO: [HLS 200-111] Finished Creating RTL model: CPU user time: 0.19 seconds. CPU system time: 0.01 seconds. Elapsed time: 0.24 seconds; current allocated memory: 451.312 MB.
INFO: [HLS 200-10] ----------------------------------------------------------------
INFO: [HLS 200-10] -- Generating RTL for module 'select_top_n' 
INFO: [HLS 200-10] ----------------------------------------------------------------
INFO: [RTGEN 206-100] Generating core module 'sparsemux_15_3_1_1_1': 1 instance(s).
INFO: [RTGEN 206-100] Generating core module 'sparsemux_15_3_20_1_1': 2 instance(s).
INFO: [RTGEN 206-100] Generating core module 'sparsemux_15_3_4_1_1': 1 instance(s).
INFO: [RTGEN 206-100] Generating core module 'sparsemux_15_3_6_1_1': 2 instance(s).
INFO: [RTGEN 206-100] Finished creating RTL model for 'select_top_n'.
INFO: [HLS 200-111] Finished Creating RTL model: CPU user time: 4.92 seconds. CPU system time: 0.06 seconds. Elapsed time: 5.09 seconds; current allocated memory: 470.648 MB.
INFO: [HLS 200-10] ----------------------------------------------------------------
INFO: [HLS 200-10] -- Generating RTL for module 'calo_trigger_ref' 
INFO: [HLS 200-10] ----------------------------------------------------------------
WARNING: [RTGEN 206-101] Design contains AXI ports. Reset is fixed to synchronous and active low.
INFO: [RTGEN 206-500] Setting interface mode on port 'calo_trigger_ref/grid' to 'bram'.
INFO: [RTGEN 206-500] Setting interface mode on port 'calo_trigger_ref/seed_threshold' to 's_axilite & ap_none'.
INFO: [RTGEN 206-500] Setting interface mode on port 'calo_trigger_ref/cluster_threshold' to 's_axilite & ap_none'.
INFO: [RTGEN 206-500] Setting interface mode on port 'calo_trigger_ref/objects_0' to 'ap_vld'.
INFO: [RTGEN 206-500] Setting interface mode on port 'calo_trigger_ref/objects_1' to 'ap_vld'.
INFO: [RTGEN 206-500] Setting interface mode on port 'calo_trigger_ref/objects_2' to 'ap_vld'.
INFO: [RTGEN 206-500] Setting interface mode on port 'calo_trigger_ref/objects_3' to 'ap_vld'.
INFO: [RTGEN 206-500] Setting interface mode on port 'calo_trigger_ref/objects_4' to 'ap_vld'.
INFO: [RTGEN 206-500] Setting interface mode on port 'calo_trigger_ref/objects_5' to 'ap_vld'.
INFO: [RTGEN 206-500] Setting interface mode on port 'calo_trigger_ref/objects_6' to 'ap_vld'.
INFO: [RTGEN 206-500] Setting interface mode on port 'calo_trigger_ref/objects_7' to 'ap_vld'.
INFO: [RTGEN 206-500] Setting interface mode on port 'calo_trigger_ref/ht' to 's_axilite & ap_vld'.
INFO: [RTGEN 206-500] Setting interface mode on port 'calo_trigger_ref/num_clusters' to 's_axilite & ap_vld'.
INFO: [RTGEN 206-500] Setting interface mode on function 'calo_trigger_ref' to 's_axilite & ap_ctrl_hs'.
INFO: [RTGEN 206-100] Bundling port 'seed_threshold', 'cluster_threshold', 'ht', 'num_clusters' and 'return' to AXI-Lite port CTRL.
WARNING: [RTGEN 206-101] Setting dangling out port 'calo_trigger_ref/grid_WEN_A' to 0.
WARNING: [RTGEN 206-101] Setting dangling out port 'calo_trigger_ref/grid_Din_A' to 0.
WARNING: [RTGEN 206-101] Setting dangling out port 'calo_trigger_ref/grid_WEN_B' to 0.
WARNING: [RTGEN 206-101] Setting dangling out port 'calo_trigger_ref/grid_Din_B' to 0.
INFO: [RTGEN 206-100] Finished creating RTL model for 'calo_trigger_ref'.
INFO: [RTMG 210-278] Implementing memory 'calo_trigger_ref_clusters_et_RAM_AUTO_1R1W' using auto RAMs.
INFO: [RTMG 210-278] Implementing memory 'calo_trigger_ref_clusters_eta_RAM_AUTO_1R1W' using auto RAMs.
INFO: [RTMG 210-278] Implementing memory 'calo_trigger_ref_clusters_phi_RAM_AUTO_1R1W' using auto RAMs.
INFO: [RTMG 210-278] Implementing memory 'calo_trigger_ref_clusters_window_size_RAM_AUTO_1R1W' using auto RAMs.
INFO: [RTMG 210-278] Implementing memory 'calo_trigger_ref_clusters_iso_outer_size_RAM_AUTO_0R0W' using auto RAMs.
INFO: [HLS 200-111] Finished Creating RTL model: CPU user time: 1.98 seconds. CPU system time: 0.12 seconds. Elapsed time: 2.35 seconds; current allocated memory: 492.762 MB.
INFO: [HLS 200-111] Finished Generating all RTL models: CPU user time: 0.52 seconds. CPU system time: 0.07 seconds. Elapsed time: 0.58 seconds; current allocated memory: 495.148 MB.
INFO: [HLS 200-111] Finished Updating report files: CPU user time: 1.42 seconds. CPU system time: 0.05 seconds. Elapsed time: 1.48 seconds; current allocated memory: 503.941 MB.
INFO: [VHDL 208-304] Generating VHDL RTL for calo_trigger_ref.
INFO: [VLOG 209-307] Generating Verilog RTL for calo_trigger_ref.
INFO: [HLS 200-790] **** Loop Constraint Status: All loop constraints were NOT satisfied.
INFO: [HLS 200-789] **** Estimated Fmax: 159.88 MHz
INFO: [HLS 200-2161] Finished Command csynth_design Elapsed time: 00:00:34; Allocated memory: 126.512 MB.
