
****** Vitis HLS - High-Level Synthesis from C, C++ and OpenCL v2024.1 (64-bit)
  **** SW Build 5069499 on May 21 2024
  **** IP Build 5075265 on Wed May 22 21:45:21 MDT 2024
  **** SharedData Build 5076995 on Wed May 22 18:29:18 MDT 2024
  **** Start of session at: Tue May 12 23:41:00 2026
    ** Copyright 1986-2022 Xilinx, Inc. All Rights Reserved.
    ** Copyright 2022-2024 Advanced Micro Devices, Inc. All Rights Reserved.

source /opt/Xilinx/Vitis_HLS/2024.1/scripts/vitis_hls/hls.tcl -notrace
INFO: [HLS 200-10] For user 'emettner' on host 'cmstrigger02.hep.wisc.edu' (Linux_x86_64 version 6.1.166-1.el9.elrepo.x86_64) on Tue May 12 23:41:04 CDT 2026
INFO: [HLS 200-10] In directory '/scratch/emettner/tachep-fpga-project-26'
WARNING: [HLS 200-2053] The vitis_hls executable is deprecated. Consider using vitis-run --mode hls --tcl
Sourcing Tcl script 'run_calorimeter_towerStreaming.tcl'
INFO: [HLS 200-1510] Running: open_project calorimeter 
INFO: [HLS 200-10] Creating and opening project '/scratch/emettner/tachep-fpga-project-26/calorimeter'.
INFO: [HLS 200-1510] Running: set_top calo_trigger_tower_stream_ref 
INFO: [HLS 200-1510] Running: add_files calorimeter.cpp 
INFO: [HLS 200-10] Adding design file 'calorimeter.cpp' to the project
INFO: [HLS 200-1510] Running: add_files -tb tb_calorimeter_towerStream.cpp 
INFO: [HLS 200-10] Adding test bench file 'tb_calorimeter_towerStream.cpp' to the project
INFO: [HLS 200-1510] Running: open_solution solution1 
INFO: [HLS 200-10] Creating and opening solution '/scratch/emettner/tachep-fpga-project-26/calorimeter/solution1'.
INFO: [HLS 200-1505] Using default flow_target 'vivado'
Resolution: For help on HLS 200-1505 see docs.xilinx.com/access/sources/dita/topic?Doc_Version=2024.1%20English&url=ug1448-hls-guidance&resourceid=200-1505.html
INFO: [HLS 200-1510] Running: set_part xcvu13p-fsga2577-2-e 
INFO: [HLS 200-1611] Setting target device to 'xcvu13p-fsga2577-2-e'
INFO: [HLS 200-1510] Running: create_clock -period 25 -name default 
INFO: [SYN 201-201] Setting up clock 'default' with a period of 25ns.
============================================================
Running C simulation...
============================================================
INFO: [HLS 200-1510] Running: csim_design 
INFO: [SIM 211-2] *************** CSIM start ***************
INFO: [SIM 211-4] CSIM will launch CLANG as the compiler.
INFO: [HLS 200-2036] Building debug C Simulation binaries
   Compiling ../../../../tb_calorimeter_towerStream.cpp in debug mode
   Compiling ../../../../calorimeter.cpp in debug mode
   Generating csim.exe
HT = 1028
Number of EM clusters found = 4
Number of jet clusters found = 1

EM trigger objects:
EM Object 0 | ET = 221 | iso = 26 | eta = 5 | phi = 10 | window = 3 | type = 1
EM Object 1 | ET = 139 | iso = 22 | eta = 10 | phi = 20 | window = 3 | type = 1
EM Object 2 | ET = 133 | iso = 21 | eta = 18 | phi = 40 | window = 3 | type = 1
EM Object 3 | ET = 120 | iso = 0 | eta = 12 | phi = 31 | window = 3 | type = 1

Jet trigger objects:
Jet Object 0 | ET = 336 | iso = 50 | eta = 22 | phi = 15 | window = 7 | type = 2
Test PASSED
INFO [HLS SIM]: The maximum depth reached by any hls::stream() instance in the design is 1800
INFO: [SIM 211-1] CSim done with 0 errors.
INFO: [SIM 211-3] *************** CSIM finish ***************
INFO: [HLS 200-2161] Finished Command csim_design Elapsed time: 00:00:12; Allocated memory: 0.195 MB.
============================================================
Running C synthesis...
============================================================
INFO: [HLS 200-1510] Running: csynth_design 
INFO: [HLS 200-111] Finished File checks and directory preparation: CPU user time: 0.16 seconds. CPU system time: 0.02 seconds. Elapsed time: 0.18 seconds; current allocated memory: 325.223 MB.
INFO: [HLS 200-10] Analyzing design file 'calorimeter.cpp' ... 
INFO: [HLS 200-111] Finished Source Code Analysis and Preprocessing: CPU user time: 8.46 seconds. CPU system time: 1.2 seconds. Elapsed time: 9.76 seconds; current allocated memory: 328.945 MB.
INFO: [HLS 200-777] Using interface defaults for 'Vivado' flow target.
INFO: [HLS 200-1995] There were 3,935 instructions in the design after the 'Compile/Link' phase of compilation. See the Design Size Report for more details: /scratch/emettner/tachep-fpga-project-26/calorimeter/solution1/syn/report/csynth_design_size.rpt
INFO: [HLS 200-1995] There were 4,749 instructions in the design after the 'Unroll/Inline (step 1)' phase of compilation. See the Design Size Report for more details: /scratch/emettner/tachep-fpga-project-26/calorimeter/solution1/syn/report/csynth_design_size.rpt
INFO: [HLS 200-1995] There were 2,289 instructions in the design after the 'Unroll/Inline (step 2)' phase of compilation. See the Design Size Report for more details: /scratch/emettner/tachep-fpga-project-26/calorimeter/solution1/syn/report/csynth_design_size.rpt
INFO: [HLS 200-1995] There were 2,126 instructions in the design after the 'Unroll/Inline (step 3)' phase of compilation. See the Design Size Report for more details: /scratch/emettner/tachep-fpga-project-26/calorimeter/solution1/syn/report/csynth_design_size.rpt
INFO: [HLS 200-1995] There were 2,124 instructions in the design after the 'Unroll/Inline (step 4)' phase of compilation. See the Design Size Report for more details: /scratch/emettner/tachep-fpga-project-26/calorimeter/solution1/syn/report/csynth_design_size.rpt
INFO: [HLS 200-1995] There were 3,882 instructions in the design after the 'Array/Struct (step 1)' phase of compilation. See the Design Size Report for more details: /scratch/emettner/tachep-fpga-project-26/calorimeter/solution1/syn/report/csynth_design_size.rpt
INFO: [HLS 200-1995] There were 2,709 instructions in the design after the 'Array/Struct (step 2)' phase of compilation. See the Design Size Report for more details: /scratch/emettner/tachep-fpga-project-26/calorimeter/solution1/syn/report/csynth_design_size.rpt
INFO: [HLS 200-1995] There were 4,153 instructions in the design after the 'Array/Struct (step 3)' phase of compilation. See the Design Size Report for more details: /scratch/emettner/tachep-fpga-project-26/calorimeter/solution1/syn/report/csynth_design_size.rpt
INFO: [HLS 200-1995] There were 3,623 instructions in the design after the 'Array/Struct (step 4)' phase of compilation. See the Design Size Report for more details: /scratch/emettner/tachep-fpga-project-26/calorimeter/solution1/syn/report/csynth_design_size.rpt
INFO: [HLS 200-1995] There were 4,168 instructions in the design after the 'Array/Struct (step 5)' phase of compilation. See the Design Size Report for more details: /scratch/emettner/tachep-fpga-project-26/calorimeter/solution1/syn/report/csynth_design_size.rpt
INFO: [HLS 200-1995] There were 3,598 instructions in the design after the 'Performance (step 1)' phase of compilation. See the Design Size Report for more details: /scratch/emettner/tachep-fpga-project-26/calorimeter/solution1/syn/report/csynth_design_size.rpt
INFO: [HLS 200-1995] There were 3,292 instructions in the design after the 'Performance (step 2)' phase of compilation. See the Design Size Report for more details: /scratch/emettner/tachep-fpga-project-26/calorimeter/solution1/syn/report/csynth_design_size.rpt
INFO: [HLS 200-1995] There were 3,289 instructions in the design after the 'Performance (step 3)' phase of compilation. See the Design Size Report for more details: /scratch/emettner/tachep-fpga-project-26/calorimeter/solution1/syn/report/csynth_design_size.rpt
INFO: [HLS 200-1995] There were 3,289 instructions in the design after the 'Performance (step 4)' phase of compilation. See the Design Size Report for more details: /scratch/emettner/tachep-fpga-project-26/calorimeter/solution1/syn/report/csynth_design_size.rpt
INFO: [HLS 200-1995] There were 3,311 instructions in the design after the 'HW Transforms (step 1)' phase of compilation. See the Design Size Report for more details: /scratch/emettner/tachep-fpga-project-26/calorimeter/solution1/syn/report/csynth_design_size.rpt
INFO: [HLS 200-1995] There were 3,354 instructions in the design after the 'HW Transforms (step 2)' phase of compilation. See the Design Size Report for more details: /scratch/emettner/tachep-fpga-project-26/calorimeter/solution1/syn/report/csynth_design_size.rpt
INFO: [HLS 214-131] Inlining function 'init_cluster(Cluster&, int, int, int, int)' into 'make_em_candidate_from_window(ap_uint<12> const (*) [7], int, int, ap_uint<12>, ap_uint<20>)' (./calorimeter.h:423:5)
INFO: [HLS 214-131] Inlining function 'set_valid_cluster(Cluster&, ap_uint<20>, ap_uint<20>, int, int, int, int)' into 'make_em_candidate_from_window(ap_uint<12> const (*) [7], int, int, ap_uint<12>, ap_uint<20>)' (./calorimeter.h:438:13)
INFO: [HLS 214-131] Inlining function 'is_em_like(ap_uint<20>, ap_uint<20>, ap_uint<20>)' into 'make_em_candidate_from_window(ap_uint<12> const (*) [7], int, int, ap_uint<12>, ap_uint<20>)' (./calorimeter.h:437:46)
INFO: [HLS 214-131] Inlining function 'ap_uint<20> local_window_sum_7x7<7>(ap_uint<12> const (*) [7])' into 'make_em_candidate_from_window(ap_uint<12> const (*) [7], int, int, ap_uint<12>, ap_uint<20>)' (./calorimeter.h:432:32)
INFO: [HLS 214-131] Inlining function 'ap_uint<20> local_window_sum_7x7<5>(ap_uint<12> const (*) [7])' into 'make_em_candidate_from_window(ap_uint<12> const (*) [7], int, int, ap_uint<12>, ap_uint<20>)' (./calorimeter.h:431:32)
INFO: [HLS 214-131] Inlining function 'ap_uint<20> local_window_sum_7x7<3>(ap_uint<12> const (*) [7])' into 'make_em_candidate_from_window(ap_uint<12> const (*) [7], int, int, ap_uint<12>, ap_uint<20>)' (./calorimeter.h:430:33)
INFO: [HLS 214-131] Inlining function 'bool local_is_maximum_7x7<3>(ap_uint<12> const (*) [7])' into 'make_em_candidate_from_window(ap_uint<12> const (*) [7], int, int, ap_uint<12>, ap_uint<20>)' (./calorimeter.h:428:9)
INFO: [HLS 214-131] Inlining function 'init_cluster(Cluster&, int, int, int, int)' into 'make_jet_candidate_from_window(ap_uint<12> const (*) [7], int, int, ap_uint<12>, ap_uint<20>)' (./calorimeter.h:455:5)
INFO: [HLS 214-131] Inlining function 'set_valid_cluster(Cluster&, ap_uint<20>, ap_uint<20>, int, int, int, int)' into 'make_jet_candidate_from_window(ap_uint<12> const (*) [7], int, int, ap_uint<12>, ap_uint<20>)' (./calorimeter.h:467:13)
INFO: [HLS 214-131] Inlining function 'is_jet_like(ap_uint<20>, ap_uint<20>)' into 'make_jet_candidate_from_window(ap_uint<12> const (*) [7], int, int, ap_uint<12>, ap_uint<20>)' (./calorimeter.h:466:45)
INFO: [HLS 214-131] Inlining function 'ap_uint<20> local_window_sum_7x7<7>(ap_uint<12> const (*) [7])' into 'make_jet_candidate_from_window(ap_uint<12> const (*) [7], int, int, ap_uint<12>, ap_uint<20>)' (./calorimeter.h:463:32)
INFO: [HLS 214-131] Inlining function 'ap_uint<20> local_window_sum_7x7<3>(ap_uint<12> const (*) [7])' into 'make_jet_candidate_from_window(ap_uint<12> const (*) [7], int, int, ap_uint<12>, ap_uint<20>)' (./calorimeter.h:462:33)
INFO: [HLS 214-131] Inlining function 'bool local_is_maximum_7x7<7>(ap_uint<12> const (*) [7])' into 'make_jet_candidate_from_window(ap_uint<12> const (*) [7], int, int, ap_uint<12>, ap_uint<20>)' (./calorimeter.h:460:9)
INFO: [HLS 214-131] Inlining function 'make_jet_candidate_from_window(ap_uint<12> const (*) [7], int, int, ap_uint<12>, ap_uint<20>)' into 'produce_em_jet_cluster_stream_from_towers(hls::stream<ap_uint<12>, 0>&, ap_uint<12>, ap_uint<20>, ap_uint<12>, ap_uint<20>, hls::stream<Cluster, 0>&, hls::stream<Cluster, 0>&, ap_uint<24>*)' (calorimeter.cpp:527:41)
INFO: [HLS 214-131] Inlining function 'make_em_candidate_from_window(ap_uint<12> const (*) [7], int, int, ap_uint<12>, ap_uint<20>)' into 'produce_em_jet_cluster_stream_from_towers(hls::stream<ap_uint<12>, 0>&, ap_uint<12>, ap_uint<20>, ap_uint<12>, ap_uint<20>, hls::stream<Cluster, 0>&, hls::stream<Cluster, 0>&, ap_uint<24>*)' (calorimeter.cpp:525:40)
INFO: [HLS 214-131] Inlining function 'wrap_phi(int)' into 'produce_em_jet_cluster_stream_from_towers(hls::stream<ap_uint<12>, 0>&, ap_uint<12>, ap_uint<20>, ap_uint<12>, ap_uint<20>, hls::stream<Cluster, 0>&, hls::stream<Cluster, 0>&, ap_uint<24>*)' (calorimeter.cpp:517:39)
INFO: [HLS 214-131] Inlining function 'init_cluster(Cluster&, int, int, int, int)' into 'clear_top_clusters(Cluster*)' (./calorimeter.h:192:2)
INFO: [HLS 214-131] Inlining function 'cluster_is_better(Cluster const&, Cluster const&)' into 'insert_cluster_into_top_n(Cluster const&, Cluster*)' (calorimeter.cpp:111:39)
INFO: [HLS 214-131] Inlining function 'clear_top_clusters(Cluster*)' into 'void select_top_n_from_stream_fixed<1440>(hls::stream<Cluster, 0>&, Cluster*, int*)' (./calorimeter.h:666:5)
INFO: [HLS 214-131] Inlining function 'insert_cluster_into_top_n(Cluster const&, Cluster*)' into 'void select_top_n_from_stream_fixed<1440>(hls::stream<Cluster, 0>&, Cluster*, int*)' (./calorimeter.h:677:9)
INFO: [HLS 214-131] Inlining function 'init_trigger_object(TriggerObject&)' into 'build_trigger_objects(Cluster const*, TriggerObject*)' (calorimeter.cpp:161:2)
INFO: [HLS 214-131] Inlining function 'make_trigger_object_from_cluster(Cluster const&, TriggerObject&)' into 'build_trigger_objects(Cluster const*, TriggerObject*)' (calorimeter.cpp:165:9)
INFO: [HLS 214-291] Loop 'INSERT_POSITION' is marked as complete unroll implied by the pipeline pragma (calorimeter.cpp:110:22)
INFO: [HLS 214-291] Loop 'VITIS_LOOP_113_1' is marked as complete unroll implied by the pipeline pragma (calorimeter.cpp:113:31)
INFO: [HLS 214-291] Loop 'VITIS_LOOP_505_4' is marked as complete unroll implied by the pipeline pragma (calorimeter.cpp:505:20)
INFO: [HLS 214-291] Loop 'VITIS_LOOP_510_5' is marked as complete unroll implied by the pipeline pragma (calorimeter.cpp:510:20)
INFO: [HLS 214-291] Loop 'VITIS_LOOP_332_1' is marked as complete unroll implied by the pipeline pragma (./calorimeter.h:332:23)
INFO: [HLS 214-291] Loop 'VITIS_LOOP_334_2' is marked as complete unroll implied by the pipeline pragma (./calorimeter.h:334:20)
INFO: [HLS 214-291] Loop 'VITIS_LOOP_274_1' is marked as complete unroll implied by the pipeline pragma (./calorimeter.h:274:23)
INFO: [HLS 214-291] Loop 'VITIS_LOOP_276_2' is marked as complete unroll implied by the pipeline pragma (./calorimeter.h:276:20)
INFO: [HLS 214-186] Unrolling loop 'VITIS_LOOP_159_1' (calorimeter.cpp:159:20) in function 'build_trigger_objects' completely with a factor of 8 (calorimeter.cpp:156:0)
INFO: [HLS 214-186] Unrolling loop 'INSERT_POSITION' (calorimeter.cpp:110:22) in function 'select_top_n_from_stream_fixed<1440>' completely with a factor of 8 (./calorimeter.h:662:0)
INFO: [HLS 214-186] Unrolling loop 'VITIS_LOOP_190_1' (./calorimeter.h:190:20) in function 'select_top_n_from_stream_fixed<1440>' completely with a factor of 8 (./calorimeter.h:662:0)
INFO: [HLS 214-186] Unrolling loop 'VITIS_LOOP_505_4' (calorimeter.cpp:505:20) in function 'produce_em_jet_cluster_stream_from_towers' completely with a factor of 7 (calorimeter.cpp:472:0)
INFO: [HLS 214-186] Unrolling loop 'VITIS_LOOP_510_5' (calorimeter.cpp:510:20) in function 'produce_em_jet_cluster_stream_from_towers' completely with a factor of 7 (calorimeter.cpp:472:0)
INFO: [HLS 214-186] Unrolling loop 'VITIS_LOOP_332_1' (./calorimeter.h:332:23) in function 'produce_em_jet_cluster_stream_from_towers' completely with a factor of 3 (calorimeter.cpp:472:0)
INFO: [HLS 214-186] Unrolling loop 'VITIS_LOOP_334_2' (./calorimeter.h:334:20) in function 'produce_em_jet_cluster_stream_from_towers' completely with a factor of 3 (calorimeter.cpp:472:0)
INFO: [HLS 214-186] Unrolling loop 'VITIS_LOOP_274_1' (./calorimeter.h:274:23) in function 'produce_em_jet_cluster_stream_from_towers' completely with a factor of 3 (calorimeter.cpp:472:0)
INFO: [HLS 214-186] Unrolling loop 'VITIS_LOOP_276_2' (./calorimeter.h:276:20) in function 'produce_em_jet_cluster_stream_from_towers' completely with a factor of 3 (calorimeter.cpp:472:0)
INFO: [HLS 214-186] Unrolling loop 'VITIS_LOOP_274_1' (./calorimeter.h:274:23) in function 'produce_em_jet_cluster_stream_from_towers' completely with a factor of 5 (calorimeter.cpp:472:0)
INFO: [HLS 214-186] Unrolling loop 'VITIS_LOOP_276_2' (./calorimeter.h:276:20) in function 'produce_em_jet_cluster_stream_from_towers' completely with a factor of 5 (calorimeter.cpp:472:0)
INFO: [HLS 214-186] Unrolling loop 'VITIS_LOOP_274_1' (./calorimeter.h:274:23) in function 'produce_em_jet_cluster_stream_from_towers' completely with a factor of 7 (calorimeter.cpp:472:0)
INFO: [HLS 214-186] Unrolling loop 'VITIS_LOOP_276_2' (./calorimeter.h:276:20) in function 'produce_em_jet_cluster_stream_from_towers' completely with a factor of 7 (calorimeter.cpp:472:0)
INFO: [HLS 214-186] Unrolling loop 'VITIS_LOOP_332_1' (./calorimeter.h:332:23) in function 'produce_em_jet_cluster_stream_from_towers' completely with a factor of 7 (calorimeter.cpp:472:0)
INFO: [HLS 214-186] Unrolling loop 'VITIS_LOOP_334_2' (./calorimeter.h:334:20) in function 'produce_em_jet_cluster_stream_from_towers' completely with a factor of 7 (calorimeter.cpp:472:0)
INFO: [HLS 214-248] Applying array_partition to 'linebuf': Complete partitioning on dimension 1. (calorimeter.cpp:473:16)
INFO: [HLS 214-248] Applying array_partition to 'em_top_clusters.et': Complete partitioning on dimension 1. (calorimeter.cpp:558:10)
INFO: [HLS 214-248] Applying array_partition to 'em_top_clusters.isolation_et': Complete partitioning on dimension 1. (calorimeter.cpp:558:10)
INFO: [HLS 214-248] Applying array_partition to 'em_top_clusters.eta': Complete partitioning on dimension 1. (calorimeter.cpp:558:10)
INFO: [HLS 214-248] Applying array_partition to 'em_top_clusters.phi': Complete partitioning on dimension 1. (calorimeter.cpp:558:10)
INFO: [HLS 214-248] Applying array_partition to 'em_top_clusters.window_size': Complete partitioning on dimension 1. (calorimeter.cpp:558:10)
INFO: [HLS 214-248] Applying array_partition to 'em_top_clusters.iso_outer_size': Complete partitioning on dimension 1. (calorimeter.cpp:558:10)
INFO: [HLS 214-248] Applying array_partition to 'em_top_clusters.valid': Complete partitioning on dimension 1. (calorimeter.cpp:558:10)
INFO: [HLS 214-248] Applying array_partition to 'jet_top_clusters.et': Complete partitioning on dimension 1. (calorimeter.cpp:559:13)
INFO: [HLS 214-248] Applying array_partition to 'jet_top_clusters.isolation_et': Complete partitioning on dimension 1. (calorimeter.cpp:559:13)
INFO: [HLS 214-248] Applying array_partition to 'jet_top_clusters.eta': Complete partitioning on dimension 1. (calorimeter.cpp:559:13)
INFO: [HLS 214-248] Applying array_partition to 'jet_top_clusters.phi': Complete partitioning on dimension 1. (calorimeter.cpp:559:13)
INFO: [HLS 214-248] Applying array_partition to 'jet_top_clusters.window_size': Complete partitioning on dimension 1. (calorimeter.cpp:559:13)
INFO: [HLS 214-248] Applying array_partition to 'jet_top_clusters.iso_outer_size': Complete partitioning on dimension 1. (calorimeter.cpp:559:13)
INFO: [HLS 214-248] Applying array_partition to 'jet_top_clusters.valid': Complete partitioning on dimension 1. (calorimeter.cpp:559:13)
INFO: [HLS 214-248] Applying array_partition to 'em_objects': Complete partitioning on dimension 1. (calorimeter.cpp:278:0)
INFO: [HLS 214-248] Applying array_partition to 'jet_objects': Complete partitioning on dimension 1. (calorimeter.cpp:278:0)
INFO: [HLS 214-241] Aggregating fifo (hls::stream) variable 'em_cluster_stream' with compact=bit mode in 61-bits (calorimeter.cpp:552:23)
INFO: [HLS 214-241] Aggregating fifo (hls::stream) variable 'jet_cluster_stream' with compact=bit mode in 61-bits (calorimeter.cpp:553:26)
INFO: [HLS 214-241] Aggregating scalar variable 'jet_objects_7' with compact=bit mode in 89-bits (calorimeter.cpp:278:0)
INFO: [HLS 214-241] Aggregating scalar variable 'jet_objects_6' with compact=bit mode in 89-bits (calorimeter.cpp:278:0)
INFO: [HLS 214-241] Aggregating scalar variable 'jet_objects_5' with compact=bit mode in 89-bits (calorimeter.cpp:278:0)
INFO: [HLS 214-241] Aggregating scalar variable 'jet_objects_4' with compact=bit mode in 89-bits (calorimeter.cpp:278:0)
INFO: [HLS 214-241] Aggregating scalar variable 'jet_objects_3' with compact=bit mode in 89-bits (calorimeter.cpp:278:0)
INFO: [HLS 214-241] Aggregating scalar variable 'jet_objects_2' with compact=bit mode in 89-bits (calorimeter.cpp:278:0)
INFO: [HLS 214-241] Aggregating scalar variable 'jet_objects_1' with compact=bit mode in 89-bits (calorimeter.cpp:278:0)
INFO: [HLS 214-241] Aggregating scalar variable 'jet_objects_0' with compact=bit mode in 89-bits (calorimeter.cpp:278:0)
INFO: [HLS 214-241] Aggregating scalar variable 'em_objects_7' with compact=bit mode in 89-bits (calorimeter.cpp:278:0)
INFO: [HLS 214-241] Aggregating scalar variable 'em_objects_6' with compact=bit mode in 89-bits (calorimeter.cpp:278:0)
INFO: [HLS 214-241] Aggregating scalar variable 'em_objects_5' with compact=bit mode in 89-bits (calorimeter.cpp:278:0)
INFO: [HLS 214-241] Aggregating scalar variable 'em_objects_4' with compact=bit mode in 89-bits (calorimeter.cpp:278:0)
INFO: [HLS 214-241] Aggregating scalar variable 'em_objects_3' with compact=bit mode in 89-bits (calorimeter.cpp:278:0)
INFO: [HLS 214-241] Aggregating scalar variable 'em_objects_2' with compact=bit mode in 89-bits (calorimeter.cpp:278:0)
INFO: [HLS 214-241] Aggregating scalar variable 'em_objects_1' with compact=bit mode in 89-bits (calorimeter.cpp:278:0)
INFO: [HLS 214-241] Aggregating scalar variable 'em_objects_0' with compact=bit mode in 89-bits (calorimeter.cpp:278:0)
WARNING: [HLS 214-187] Cannot unroll loop 'VITIS_LOOP_113_1' (calorimeter.cpp:113:31) in function 'select_top_n_from_stream_fixed<1440>' as it has a variable trip count (calorimeter.cpp:113:31)
INFO: [HLS 200-111] Finished Compiling Optimization and Transform: CPU user time: 9.91 seconds. CPU system time: 1.14 seconds. Elapsed time: 16.53 seconds; current allocated memory: 339.312 MB.
INFO: [HLS 200-111] Finished Checking Pragmas: CPU user time: 0 seconds. CPU system time: 0 seconds. Elapsed time: 0.01 seconds; current allocated memory: 339.312 MB.
INFO: [HLS 200-10] Starting code transformations ...
INFO: [HLS 200-111] Finished Standard Transforms: CPU user time: 0.26 seconds. CPU system time: 0.01 seconds. Elapsed time: 0.27 seconds; current allocated memory: 342.555 MB.
INFO: [HLS 200-10] Checking synthesizability ...
INFO: [HLS 200-111] Finished Checking Synthesizability: CPU user time: 0.31 seconds. CPU system time: 0.01 seconds. Elapsed time: 0.33 seconds; current allocated memory: 346.453 MB.
WARNING: [XFORM 203-561] Updating loop lower bound from 0 to 1440 for loop 'VITIS_LOOP_668_1' (./calorimeter.h:664:6) in function 'select_top_n_from_stream_fixed<1440>.1'.
WARNING: [XFORM 203-561] Updating loop lower bound from 0 to 1440 for loop 'VITIS_LOOP_668_1' (./calorimeter.h:664:6) in function 'select_top_n_from_stream_fixed<1440>'.
INFO: [XFORM 203-712] Applying dataflow to function 'cluster_sort_build_tower_stream' (calorimeter.cpp:550:1), detected/extracted 5 process function(s): 
	 'produce_em_jet_cluster_stream_from_towers'
	 'select_top_n_from_stream_fixed<1440>'
	 'select_top_n_from_stream_fixed<1440>.1'
	 'build_trigger_objects'
	 'build_trigger_objects.2'.
INFO: [XFORM 203-401] Performing if-conversion on hyperblock from (calorimeter.cpp:501:9) to (calorimeter.cpp:500:31) in function 'produce_em_jet_cluster_stream_from_towers'... converting 11 basic blocks.
INFO: [XFORM 203-401] Performing if-conversion on hyperblock from (calorimeter.cpp:163:30) to (calorimeter.cpp:167:1) in function 'build_trigger_objects.2'... converting 17 basic blocks.
INFO: [XFORM 203-401] Performing if-conversion on hyperblock from (calorimeter.cpp:163:30) to (calorimeter.cpp:167:1) in function 'build_trigger_objects'... converting 17 basic blocks.
INFO: [XFORM 203-11] Balancing expressions in function 'produce_em_jet_cluster_stream_from_towers' (./calorimeter.h:165:42)...191 expression(s) balanced.
INFO: [HLS 200-111] Finished Loop, function and other optimizations: CPU user time: 1.82 seconds. CPU system time: 0.03 seconds. Elapsed time: 1.9 seconds; current allocated memory: 376.000 MB.
WARNING: [HLS 200-1450] Process produce_em_jet_cluster_stream_from_towers has both a successor and writes an output to its caller (see the GUI dataflow viewer). This may lead to lower throughput. Consider copying this output via a successor process.
Resolution: For help on HLS 200-1450 see docs.xilinx.com/access/sources/dita/topic?Doc_Version=2024.1%20English&url=ug1448-hls-guidance&resourceid=200-1450.html
WARNING: [HLS 200-1450] Process select_top_n_from_stream_fixed<1440> has both a successor and writes an output to its caller (see the GUI dataflow viewer). This may lead to lower throughput. Consider copying this output via a successor process.
Resolution: For help on HLS 200-1450 see docs.xilinx.com/access/sources/dita/topic?Doc_Version=2024.1%20English&url=ug1448-hls-guidance&resourceid=200-1450.html
WARNING: [HLS 200-1450] Process select_top_n_from_stream_fixed<1440>.1 has both a successor and writes an output to its caller (see the GUI dataflow viewer). This may lead to lower throughput. Consider copying this output via a successor process.
Resolution: For help on HLS 200-1450 see docs.xilinx.com/access/sources/dita/topic?Doc_Version=2024.1%20English&url=ug1448-hls-guidance&resourceid=200-1450.html
INFO: [HLS 200-111] Finished Architecture Synthesis: CPU user time: 1.14 seconds. CPU system time: 0.04 seconds. Elapsed time: 1.23 seconds; current allocated memory: 454.531 MB.
INFO: [HLS 200-10] Starting hardware synthesis ...
INFO: [HLS 200-10] Synthesizing 'calo_trigger_tower_stream_ref' ...
WARNING: [SYN 201-103] Legalizing function name 'select_top_n_from_stream_fixed<1440>' to 'select_top_n_from_stream_fixed_1440_s'.
WARNING: [SYN 201-103] Legalizing function name 'select_top_n_from_stream_fixed<1440>.1' to 'select_top_n_from_stream_fixed_1440_1'.
WARNING: [SYN 201-103] Legalizing function name 'build_trigger_objects.2' to 'build_trigger_objects_2'.
INFO: [HLS 200-10] ----------------------------------------------------------------
INFO: [HLS 200-42] -- Implementing module 'produce_em_jet_cluster_stream_from_towers_Pipeline_VITIS_LOOP_486_2' 
INFO: [HLS 200-10] ----------------------------------------------------------------
INFO: [SCHED 204-11] Starting scheduling ...
INFO: [HLS 200-1457] Automatically inferring inferring RAM_1WNR storage type for array 'linebuf_6'. Use bind_storage pragma to override this type.
INFO: [HLS 200-1457] Automatically inferring inferring RAM_1WNR storage type for array 'linebuf'. Use bind_storage pragma to override this type.
INFO: [HLS 200-1457] Automatically inferring inferring RAM_1WNR storage type for array 'linebuf_1'. Use bind_storage pragma to override this type.
INFO: [HLS 200-1457] Automatically inferring inferring RAM_1WNR storage type for array 'linebuf_2'. Use bind_storage pragma to override this type.
INFO: [HLS 200-1457] Automatically inferring inferring RAM_1WNR storage type for array 'linebuf_3'. Use bind_storage pragma to override this type.
INFO: [HLS 200-1457] Automatically inferring inferring RAM_1WNR storage type for array 'linebuf_4'. Use bind_storage pragma to override this type.
INFO: [HLS 200-1457] Automatically inferring inferring RAM_1WNR storage type for array 'linebuf_5'. Use bind_storage pragma to override this type.
INFO: [SCHED 204-61] Pipelining loop 'VITIS_LOOP_486_2'.
INFO: [HLS 200-1470] Pipelining result : Target II = 1, Final II = 1, Depth = 1, loop 'VITIS_LOOP_486_2'
INFO: [SCHED 204-11] Finished scheduling.
INFO: [HLS 200-111] Finished Scheduling: CPU user time: 0.43 seconds. CPU system time: 0.05 seconds. Elapsed time: 0.59 seconds; current allocated memory: 456.891 MB.
INFO: [BIND 205-100] Starting micro-architecture generation ...
INFO: [BIND 205-101] Performing variable lifetime analysis.
INFO: [BIND 205-101] Exploring resource sharing.
INFO: [BIND 205-101] Binding ...
INFO: [BIND 205-100] Finished micro-architecture generation.
INFO: [HLS 200-111] Finished Binding: CPU user time: 0.04 seconds. CPU system time: 0.02 seconds. Elapsed time: 0.07 seconds; current allocated memory: 456.891 MB.
INFO: [HLS 200-10] ----------------------------------------------------------------
INFO: [HLS 200-42] -- Implementing module 'produce_em_jet_cluster_stream_from_towers_Pipeline_VITIS_LOOP_500_3' 
INFO: [HLS 200-10] ----------------------------------------------------------------
INFO: [SCHED 204-11] Starting scheduling ...
INFO: [HLS 200-1457] Automatically inferring inferring RAM_1WNR storage type for array 'linebuf_6'. Use bind_storage pragma to override this type.
INFO: [HLS 200-1457] Automatically inferring inferring RAM_1WNR storage type for array 'linebuf_5'. Use bind_storage pragma to override this type.
INFO: [HLS 200-1457] Automatically inferring inferring RAM_1WNR storage type for array 'linebuf_4'. Use bind_storage pragma to override this type.
INFO: [HLS 200-1457] Automatically inferring inferring RAM_1WNR storage type for array 'linebuf_3'. Use bind_storage pragma to override this type.
INFO: [HLS 200-1457] Automatically inferring inferring RAM_1WNR storage type for array 'linebuf_2'. Use bind_storage pragma to override this type.
INFO: [HLS 200-1457] Automatically inferring inferring RAM_1WNR storage type for array 'linebuf_1'. Use bind_storage pragma to override this type.
INFO: [HLS 200-1457] Automatically inferring inferring RAM_1WNR storage type for array 'linebuf'. Use bind_storage pragma to override this type.
INFO: [SCHED 204-61] Pipelining loop 'VITIS_LOOP_500_3'.
INFO: [HLS 200-1470] Pipelining result : Target II = 1, Final II = 1, Depth = 2, loop 'VITIS_LOOP_500_3'
INFO: [SCHED 204-11] Finished scheduling.
INFO: [HLS 200-111] Finished Scheduling: CPU user time: 1.13 seconds. CPU system time: 0.02 seconds. Elapsed time: 1.19 seconds; current allocated memory: 465.883 MB.
INFO: [BIND 205-100] Starting micro-architecture generation ...
INFO: [BIND 205-101] Performing variable lifetime analysis.
INFO: [BIND 205-101] Exploring resource sharing.
INFO: [BIND 205-101] Binding ...
INFO: [BIND 205-100] Finished micro-architecture generation.
INFO: [HLS 200-111] Finished Binding: CPU user time: 0.2 seconds. CPU system time: 0.02 seconds. Elapsed time: 0.22 seconds; current allocated memory: 465.883 MB.
INFO: [HLS 200-10] ----------------------------------------------------------------
INFO: [HLS 200-42] -- Implementing module 'produce_em_jet_cluster_stream_from_towers' 
INFO: [HLS 200-10] ----------------------------------------------------------------
INFO: [SCHED 204-11] Starting scheduling ...
INFO: [SCHED 204-11] Finished scheduling.
INFO: [HLS 200-111] Finished Scheduling: CPU user time: 0.26 seconds. CPU system time: 0.01 seconds. Elapsed time: 0.28 seconds; current allocated memory: 465.883 MB.
INFO: [BIND 205-100] Starting micro-architecture generation ...
INFO: [BIND 205-101] Performing variable lifetime analysis.
INFO: [BIND 205-101] Exploring resource sharing.
INFO: [BIND 205-101] Binding ...
INFO: [BIND 205-100] Finished micro-architecture generation.
INFO: [HLS 200-111] Finished Binding: CPU user time: 0.06 seconds. CPU system time: 0 seconds. Elapsed time: 0.08 seconds; current allocated memory: 465.883 MB.
INFO: [HLS 200-10] ----------------------------------------------------------------
INFO: [HLS 200-42] -- Implementing module 'select_top_n_from_stream_fixed_1440_s' 
INFO: [HLS 200-10] ----------------------------------------------------------------
INFO: [SCHED 204-11] Starting scheduling ...
WARNING: [SCHED 204-65] Unable to satisfy pipeline directive for loop 'VITIS_LOOP_668_1': contains subloop(s) that are not unrolled or flattened.
INFO: [SCHED 204-11] Finished scheduling.
INFO: [HLS 200-111] Finished Scheduling: CPU user time: 1.17 seconds. CPU system time: 0.02 seconds. Elapsed time: 1.24 seconds; current allocated memory: 480.473 MB.
INFO: [BIND 205-100] Starting micro-architecture generation ...
INFO: [BIND 205-101] Performing variable lifetime analysis.
INFO: [BIND 205-101] Exploring resource sharing.
INFO: [BIND 205-101] Binding ...
INFO: [BIND 205-100] Finished micro-architecture generation.
INFO: [HLS 200-111] Finished Binding: CPU user time: 0.41 seconds. CPU system time: 0.04 seconds. Elapsed time: 0.46 seconds; current allocated memory: 480.473 MB.
INFO: [HLS 200-10] ----------------------------------------------------------------
INFO: [HLS 200-42] -- Implementing module 'select_top_n_from_stream_fixed_1440_1' 
INFO: [HLS 200-10] ----------------------------------------------------------------
INFO: [SCHED 204-11] Starting scheduling ...
WARNING: [SCHED 204-65] Unable to satisfy pipeline directive for loop 'VITIS_LOOP_668_1': contains subloop(s) that are not unrolled or flattened.
INFO: [SCHED 204-11] Finished scheduling.
INFO: [HLS 200-111] Finished Scheduling: CPU user time: 1.35 seconds. CPU system time: 0.06 seconds. Elapsed time: 1.47 seconds; current allocated memory: 487.090 MB.
INFO: [BIND 205-100] Starting micro-architecture generation ...
INFO: [BIND 205-101] Performing variable lifetime analysis.
INFO: [BIND 205-101] Exploring resource sharing.
INFO: [BIND 205-101] Binding ...
INFO: [BIND 205-100] Finished micro-architecture generation.
INFO: [HLS 200-111] Finished Binding: CPU user time: 0.41 seconds. CPU system time: 0.03 seconds. Elapsed time: 0.46 seconds; current allocated memory: 487.090 MB.
INFO: [HLS 200-10] ----------------------------------------------------------------
INFO: [HLS 200-42] -- Implementing module 'build_trigger_objects' 
INFO: [HLS 200-10] ----------------------------------------------------------------
INFO: [SCHED 204-11] Starting scheduling ...
INFO: [SCHED 204-11] Finished scheduling.
INFO: [HLS 200-111] Finished Scheduling: CPU user time: 0.4 seconds. CPU system time: 0.05 seconds. Elapsed time: 0.47 seconds; current allocated memory: 487.090 MB.
INFO: [BIND 205-100] Starting micro-architecture generation ...
INFO: [BIND 205-101] Performing variable lifetime analysis.
INFO: [BIND 205-101] Exploring resource sharing.
INFO: [BIND 205-101] Binding ...
INFO: [BIND 205-100] Finished micro-architecture generation.
INFO: [HLS 200-111] Finished Binding: CPU user time: 0.04 seconds. CPU system time: 0.01 seconds. Elapsed time: 0.07 seconds; current allocated memory: 487.090 MB.
INFO: [HLS 200-10] ----------------------------------------------------------------
INFO: [HLS 200-42] -- Implementing module 'build_trigger_objects_2' 
INFO: [HLS 200-10] ----------------------------------------------------------------
INFO: [SCHED 204-11] Starting scheduling ...
INFO: [SCHED 204-11] Finished scheduling.
INFO: [HLS 200-111] Finished Scheduling: CPU user time: 0.12 seconds. CPU system time: 0 seconds. Elapsed time: 0.13 seconds; current allocated memory: 487.090 MB.
INFO: [BIND 205-100] Starting micro-architecture generation ...
INFO: [BIND 205-101] Performing variable lifetime analysis.
INFO: [BIND 205-101] Exploring resource sharing.
INFO: [BIND 205-101] Binding ...
INFO: [BIND 205-100] Finished micro-architecture generation.
INFO: [HLS 200-111] Finished Binding: CPU user time: 0.05 seconds. CPU system time: 0.01 seconds. Elapsed time: 0.07 seconds; current allocated memory: 487.090 MB.
INFO: [HLS 200-10] ----------------------------------------------------------------
INFO: [HLS 200-42] -- Implementing module 'cluster_sort_build_tower_stream' 
INFO: [HLS 200-10] ----------------------------------------------------------------
INFO: [SCHED 204-11] Starting scheduling ...
INFO: [SCHED 204-11] Finished scheduling.
INFO: [HLS 200-111] Finished Scheduling: CPU user time: 0.12 seconds. CPU system time: 0.01 seconds. Elapsed time: 0.14 seconds; current allocated memory: 487.090 MB.
INFO: [BIND 205-100] Starting micro-architecture generation ...
INFO: [BIND 205-101] Performing variable lifetime analysis.
INFO: [BIND 205-101] Exploring resource sharing.
INFO: [BIND 205-101] Binding ...
INFO: [BIND 205-100] Finished micro-architecture generation.
INFO: [HLS 200-111] Finished Binding: CPU user time: 0.06 seconds. CPU system time: 0.01 seconds. Elapsed time: 0.09 seconds; current allocated memory: 487.090 MB.
INFO: [HLS 200-10] ----------------------------------------------------------------
INFO: [HLS 200-42] -- Implementing module 'calo_trigger_tower_stream_ref' 
INFO: [HLS 200-10] ----------------------------------------------------------------
INFO: [SCHED 204-11] Starting scheduling ...
INFO: [SCHED 204-11] Finished scheduling.
INFO: [HLS 200-111] Finished Scheduling: CPU user time: 0.1 seconds. CPU system time: 0.01 seconds. Elapsed time: 0.11 seconds; current allocated memory: 487.090 MB.
INFO: [BIND 205-100] Starting micro-architecture generation ...
INFO: [BIND 205-101] Performing variable lifetime analysis.
INFO: [BIND 205-101] Exploring resource sharing.
INFO: [BIND 205-101] Binding ...
INFO: [BIND 205-100] Finished micro-architecture generation.
INFO: [HLS 200-111] Finished Binding: CPU user time: 0.05 seconds. CPU system time: 0 seconds. Elapsed time: 0.06 seconds; current allocated memory: 487.090 MB.
INFO: [HLS 200-10] ----------------------------------------------------------------
INFO: [HLS 200-10] -- Generating RTL for module 'produce_em_jet_cluster_stream_from_towers_Pipeline_VITIS_LOOP_486_2' 
INFO: [HLS 200-10] ----------------------------------------------------------------
INFO: [RTGEN 206-100] Finished creating RTL model for 'produce_em_jet_cluster_stream_from_towers_Pipeline_VITIS_LOOP_486_2'.
INFO: [HLS 200-111] Finished Creating RTL model: CPU user time: 0.09 seconds. CPU system time: 0.01 seconds. Elapsed time: 0.11 seconds; current allocated memory: 487.090 MB.
INFO: [HLS 200-10] ----------------------------------------------------------------
INFO: [HLS 200-10] -- Generating RTL for module 'produce_em_jet_cluster_stream_from_towers_Pipeline_VITIS_LOOP_500_3' 
INFO: [HLS 200-10] ----------------------------------------------------------------
INFO: [HLS 200-1030] Apply Unified Pipeline Control on module 'produce_em_jet_cluster_stream_from_towers_Pipeline_VITIS_LOOP_500_3' pipeline 'VITIS_LOOP_500_3' pipeline type 'loop pipeline'
INFO: [RTGEN 206-100] Generating core module 'sparsemux_15_3_12_1_1': 49 instance(s).
INFO: [RTGEN 206-100] Finished creating RTL model for 'produce_em_jet_cluster_stream_from_towers_Pipeline_VITIS_LOOP_500_3'.
INFO: [HLS 200-111] Finished Creating RTL model: CPU user time: 0.41 seconds. CPU system time: 0.02 seconds. Elapsed time: 0.51 seconds; current allocated memory: 489.668 MB.
INFO: [HLS 200-10] ----------------------------------------------------------------
INFO: [HLS 200-10] -- Generating RTL for module 'produce_em_jet_cluster_stream_from_towers' 
INFO: [HLS 200-10] ----------------------------------------------------------------
INFO: [RTGEN 206-100] Generating core module 'urem_5ns_4ns_3_9_seq_1': 6 instance(s).
INFO: [RTGEN 206-100] Finished creating RTL model for 'produce_em_jet_cluster_stream_from_towers'.
INFO: [RTMG 210-278] Implementing memory 'calo_trigger_tower_stream_ref_produce_em_jet_cluster_stream_from_towers_linebuf_RAM_1WNR_AUTO_1R1W' using auto RAMs.
INFO: [HLS 200-111] Finished Creating RTL model: CPU user time: 0.66 seconds. CPU system time: 0.07 seconds. Elapsed time: 0.86 seconds; current allocated memory: 504.957 MB.
INFO: [HLS 200-10] ----------------------------------------------------------------
INFO: [HLS 200-10] -- Generating RTL for module 'select_top_n_from_stream_fixed_1440_s' 
INFO: [HLS 200-10] ----------------------------------------------------------------
INFO: [RTGEN 206-100] Generating core module 'sparsemux_15_3_1_1_1': 1 instance(s).
INFO: [RTGEN 206-100] Generating core module 'sparsemux_15_3_20_1_1': 2 instance(s).
INFO: [RTGEN 206-100] Generating core module 'sparsemux_15_3_4_1_1': 1 instance(s).
INFO: [RTGEN 206-100] Generating core module 'sparsemux_15_3_6_1_1': 2 instance(s).
INFO: [RTGEN 206-100] Finished creating RTL model for 'select_top_n_from_stream_fixed_1440_s'.
INFO: [HLS 200-111] Finished Creating RTL model: CPU user time: 5.45 seconds. CPU system time: 0.06 seconds. Elapsed time: 5.6 seconds; current allocated memory: 529.484 MB.
INFO: [HLS 200-10] ----------------------------------------------------------------
INFO: [HLS 200-10] -- Generating RTL for module 'select_top_n_from_stream_fixed_1440_1' 
INFO: [HLS 200-10] ----------------------------------------------------------------
INFO: [RTGEN 206-100] Generating core module 'sparsemux_15_3_1_1_1': 1 instance(s).
INFO: [RTGEN 206-100] Generating core module 'sparsemux_15_3_20_1_1': 2 instance(s).
INFO: [RTGEN 206-100] Generating core module 'sparsemux_15_3_4_1_1': 1 instance(s).
INFO: [RTGEN 206-100] Generating core module 'sparsemux_15_3_6_1_1': 2 instance(s).
INFO: [RTGEN 206-100] Finished creating RTL model for 'select_top_n_from_stream_fixed_1440_1'.
INFO: [HLS 200-111] Finished Creating RTL model: CPU user time: 7.25 seconds. CPU system time: 0.17 seconds. Elapsed time: 7.62 seconds; current allocated memory: 567.668 MB.
INFO: [HLS 200-10] ----------------------------------------------------------------
INFO: [HLS 200-10] -- Generating RTL for module 'build_trigger_objects' 
INFO: [HLS 200-10] ----------------------------------------------------------------
INFO: [RTGEN 206-100] Finished creating RTL model for 'build_trigger_objects'.
INFO: [HLS 200-111] Finished Creating RTL model: CPU user time: 2.01 seconds. CPU system time: 0.12 seconds. Elapsed time: 2.25 seconds; current allocated memory: 589.477 MB.
INFO: [HLS 200-10] ----------------------------------------------------------------
INFO: [HLS 200-10] -- Generating RTL for module 'build_trigger_objects_2' 
INFO: [HLS 200-10] ----------------------------------------------------------------
INFO: [RTGEN 206-100] Finished creating RTL model for 'build_trigger_objects_2'.
INFO: [HLS 200-111] Finished Creating RTL model: CPU user time: 0.18 seconds. CPU system time: 0.02 seconds. Elapsed time: 0.21 seconds; current allocated memory: 589.477 MB.
INFO: [HLS 200-10] ----------------------------------------------------------------
INFO: [HLS 200-10] -- Generating RTL for module 'cluster_sort_build_tower_stream' 
INFO: [HLS 200-10] ----------------------------------------------------------------
INFO: [RTGEN 206-100] Finished creating RTL model for 'cluster_sort_build_tower_stream'.
INFO: [RTMG 210-285] Implementing FIFO 'em_cluster_stream_U(calo_trigger_tower_stream_ref_fifo_w61_d64_A)' using Vivado Default RAMs.
INFO: [RTMG 210-285] Implementing FIFO 'jet_cluster_stream_U(calo_trigger_tower_stream_ref_fifo_w61_d64_A)' using Vivado Default RAMs.
INFO: [RTMG 210-285] Implementing FIFO 'em_top_clusters_et_U(calo_trigger_tower_stream_ref_fifo_w20_d2_S)' using Shift Registers.
INFO: [RTMG 210-285] Implementing FIFO 'em_top_clusters_et_1_U(calo_trigger_tower_stream_ref_fifo_w20_d2_S)' using Shift Registers.
INFO: [RTMG 210-285] Implementing FIFO 'em_top_clusters_et_2_U(calo_trigger_tower_stream_ref_fifo_w20_d2_S)' using Shift Registers.
INFO: [RTMG 210-285] Implementing FIFO 'em_top_clusters_et_3_U(calo_trigger_tower_stream_ref_fifo_w20_d2_S)' using Shift Registers.
INFO: [RTMG 210-285] Implementing FIFO 'em_top_clusters_et_4_U(calo_trigger_tower_stream_ref_fifo_w20_d2_S)' using Shift Registers.
INFO: [RTMG 210-285] Implementing FIFO 'em_top_clusters_et_5_U(calo_trigger_tower_stream_ref_fifo_w20_d2_S)' using Shift Registers.
INFO: [RTMG 210-285] Implementing FIFO 'em_top_clusters_et_6_U(calo_trigger_tower_stream_ref_fifo_w20_d2_S)' using Shift Registers.
INFO: [RTMG 210-285] Implementing FIFO 'em_top_clusters_et_7_U(calo_trigger_tower_stream_ref_fifo_w20_d2_S)' using Shift Registers.
INFO: [RTMG 210-285] Implementing FIFO 'em_top_clusters_isolation_et_U(calo_trigger_tower_stream_ref_fifo_w20_d2_S)' using Shift Registers.
INFO: [RTMG 210-285] Implementing FIFO 'em_top_clusters_isolation_et_1_U(calo_trigger_tower_stream_ref_fifo_w20_d2_S)' using Shift Registers.
INFO: [RTMG 210-285] Implementing FIFO 'em_top_clusters_isolation_et_2_U(calo_trigger_tower_stream_ref_fifo_w20_d2_S)' using Shift Registers.
INFO: [RTMG 210-285] Implementing FIFO 'em_top_clusters_isolation_et_3_U(calo_trigger_tower_stream_ref_fifo_w20_d2_S)' using Shift Registers.
INFO: [RTMG 210-285] Implementing FIFO 'em_top_clusters_isolation_et_4_U(calo_trigger_tower_stream_ref_fifo_w20_d2_S)' using Shift Registers.
INFO: [RTMG 210-285] Implementing FIFO 'em_top_clusters_isolation_et_5_U(calo_trigger_tower_stream_ref_fifo_w20_d2_S)' using Shift Registers.
INFO: [RTMG 210-285] Implementing FIFO 'em_top_clusters_isolation_et_6_U(calo_trigger_tower_stream_ref_fifo_w20_d2_S)' using Shift Registers.
INFO: [RTMG 210-285] Implementing FIFO 'em_top_clusters_isolation_et_7_U(calo_trigger_tower_stream_ref_fifo_w20_d2_S)' using Shift Registers.
INFO: [RTMG 210-285] Implementing FIFO 'em_top_clusters_eta_U(calo_trigger_tower_stream_ref_fifo_w6_d2_S)' using Shift Registers.
INFO: [RTMG 210-285] Implementing FIFO 'em_top_clusters_eta_1_U(calo_trigger_tower_stream_ref_fifo_w6_d2_S)' using Shift Registers.
INFO: [RTMG 210-285] Implementing FIFO 'em_top_clusters_eta_2_U(calo_trigger_tower_stream_ref_fifo_w6_d2_S)' using Shift Registers.
INFO: [RTMG 210-285] Implementing FIFO 'em_top_clusters_eta_3_U(calo_trigger_tower_stream_ref_fifo_w6_d2_S)' using Shift Registers.
INFO: [RTMG 210-285] Implementing FIFO 'em_top_clusters_eta_4_U(calo_trigger_tower_stream_ref_fifo_w6_d2_S)' using Shift Registers.
INFO: [RTMG 210-285] Implementing FIFO 'em_top_clusters_eta_5_U(calo_trigger_tower_stream_ref_fifo_w6_d2_S)' using Shift Registers.
INFO: [RTMG 210-285] Implementing FIFO 'em_top_clusters_eta_6_U(calo_trigger_tower_stream_ref_fifo_w6_d2_S)' using Shift Registers.
INFO: [RTMG 210-285] Implementing FIFO 'em_top_clusters_eta_7_U(calo_trigger_tower_stream_ref_fifo_w6_d2_S)' using Shift Registers.
INFO: [RTMG 210-285] Implementing FIFO 'em_top_clusters_phi_U(calo_trigger_tower_stream_ref_fifo_w6_d2_S)' using Shift Registers.
INFO: [RTMG 210-285] Implementing FIFO 'em_top_clusters_phi_1_U(calo_trigger_tower_stream_ref_fifo_w6_d2_S)' using Shift Registers.
INFO: [RTMG 210-285] Implementing FIFO 'em_top_clusters_phi_2_U(calo_trigger_tower_stream_ref_fifo_w6_d2_S)' using Shift Registers.
INFO: [RTMG 210-285] Implementing FIFO 'em_top_clusters_phi_3_U(calo_trigger_tower_stream_ref_fifo_w6_d2_S)' using Shift Registers.
INFO: [RTMG 210-285] Implementing FIFO 'em_top_clusters_phi_4_U(calo_trigger_tower_stream_ref_fifo_w6_d2_S)' using Shift Registers.
INFO: [RTMG 210-285] Implementing FIFO 'em_top_clusters_phi_5_U(calo_trigger_tower_stream_ref_fifo_w6_d2_S)' using Shift Registers.
INFO: [RTMG 210-285] Implementing FIFO 'em_top_clusters_phi_6_U(calo_trigger_tower_stream_ref_fifo_w6_d2_S)' using Shift Registers.
INFO: [RTMG 210-285] Implementing FIFO 'em_top_clusters_phi_7_U(calo_trigger_tower_stream_ref_fifo_w6_d2_S)' using Shift Registers.
INFO: [RTMG 210-285] Implementing FIFO 'em_top_clusters_window_size_U(calo_trigger_tower_stream_ref_fifo_w4_d2_S)' using Shift Registers.
INFO: [RTMG 210-285] Implementing FIFO 'em_top_clusters_window_size_1_U(calo_trigger_tower_stream_ref_fifo_w4_d2_S)' using Shift Registers.
INFO: [RTMG 210-285] Implementing FIFO 'em_top_clusters_window_size_2_U(calo_trigger_tower_stream_ref_fifo_w4_d2_S)' using Shift Registers.
INFO: [RTMG 210-285] Implementing FIFO 'em_top_clusters_window_size_3_U(calo_trigger_tower_stream_ref_fifo_w4_d2_S)' using Shift Registers.
INFO: [RTMG 210-285] Implementing FIFO 'em_top_clusters_window_size_4_U(calo_trigger_tower_stream_ref_fifo_w4_d2_S)' using Shift Registers.
INFO: [RTMG 210-285] Implementing FIFO 'em_top_clusters_window_size_5_U(calo_trigger_tower_stream_ref_fifo_w4_d2_S)' using Shift Registers.
INFO: [RTMG 210-285] Implementing FIFO 'em_top_clusters_window_size_6_U(calo_trigger_tower_stream_ref_fifo_w4_d2_S)' using Shift Registers.
INFO: [RTMG 210-285] Implementing FIFO 'em_top_clusters_window_size_7_U(calo_trigger_tower_stream_ref_fifo_w4_d2_S)' using Shift Registers.
INFO: [RTMG 210-285] Implementing FIFO 'em_top_clusters_valid_U(calo_trigger_tower_stream_ref_fifo_w1_d2_S)' using Shift Registers.
INFO: [RTMG 210-285] Implementing FIFO 'em_top_clusters_valid_1_U(calo_trigger_tower_stream_ref_fifo_w1_d2_S)' using Shift Registers.
INFO: [RTMG 210-285] Implementing FIFO 'em_top_clusters_valid_2_U(calo_trigger_tower_stream_ref_fifo_w1_d2_S)' using Shift Registers.
INFO: [RTMG 210-285] Implementing FIFO 'em_top_clusters_valid_3_U(calo_trigger_tower_stream_ref_fifo_w1_d2_S)' using Shift Registers.
INFO: [RTMG 210-285] Implementing FIFO 'em_top_clusters_valid_4_U(calo_trigger_tower_stream_ref_fifo_w1_d2_S)' using Shift Registers.
INFO: [RTMG 210-285] Implementing FIFO 'em_top_clusters_valid_5_U(calo_trigger_tower_stream_ref_fifo_w1_d2_S)' using Shift Registers.
INFO: [RTMG 210-285] Implementing FIFO 'em_top_clusters_valid_6_U(calo_trigger_tower_stream_ref_fifo_w1_d2_S)' using Shift Registers.
INFO: [RTMG 210-285] Implementing FIFO 'em_top_clusters_valid_7_U(calo_trigger_tower_stream_ref_fifo_w1_d2_S)' using Shift Registers.
INFO: [RTMG 210-285] Implementing FIFO 'jet_top_clusters_et_U(calo_trigger_tower_stream_ref_fifo_w20_d2_S)' using Shift Registers.
INFO: [RTMG 210-285] Implementing FIFO 'jet_top_clusters_et_1_U(calo_trigger_tower_stream_ref_fifo_w20_d2_S)' using Shift Registers.
INFO: [RTMG 210-285] Implementing FIFO 'jet_top_clusters_et_2_U(calo_trigger_tower_stream_ref_fifo_w20_d2_S)' using Shift Registers.
INFO: [RTMG 210-285] Implementing FIFO 'jet_top_clusters_et_3_U(calo_trigger_tower_stream_ref_fifo_w20_d2_S)' using Shift Registers.
INFO: [RTMG 210-285] Implementing FIFO 'jet_top_clusters_et_4_U(calo_trigger_tower_stream_ref_fifo_w20_d2_S)' using Shift Registers.
INFO: [RTMG 210-285] Implementing FIFO 'jet_top_clusters_et_5_U(calo_trigger_tower_stream_ref_fifo_w20_d2_S)' using Shift Registers.
INFO: [RTMG 210-285] Implementing FIFO 'jet_top_clusters_et_6_U(calo_trigger_tower_stream_ref_fifo_w20_d2_S)' using Shift Registers.
INFO: [RTMG 210-285] Implementing FIFO 'jet_top_clusters_et_7_U(calo_trigger_tower_stream_ref_fifo_w20_d2_S)' using Shift Registers.
INFO: [RTMG 210-285] Implementing FIFO 'jet_top_clusters_isolation_et_U(calo_trigger_tower_stream_ref_fifo_w20_d2_S)' using Shift Registers.
INFO: [RTMG 210-285] Implementing FIFO 'jet_top_clusters_isolation_et_1_U(calo_trigger_tower_stream_ref_fifo_w20_d2_S)' using Shift Registers.
INFO: [RTMG 210-285] Implementing FIFO 'jet_top_clusters_isolation_et_2_U(calo_trigger_tower_stream_ref_fifo_w20_d2_S)' using Shift Registers.
INFO: [RTMG 210-285] Implementing FIFO 'jet_top_clusters_isolation_et_3_U(calo_trigger_tower_stream_ref_fifo_w20_d2_S)' using Shift Registers.
INFO: [RTMG 210-285] Implementing FIFO 'jet_top_clusters_isolation_et_4_U(calo_trigger_tower_stream_ref_fifo_w20_d2_S)' using Shift Registers.
INFO: [RTMG 210-285] Implementing FIFO 'jet_top_clusters_isolation_et_5_U(calo_trigger_tower_stream_ref_fifo_w20_d2_S)' using Shift Registers.
INFO: [RTMG 210-285] Implementing FIFO 'jet_top_clusters_isolation_et_6_U(calo_trigger_tower_stream_ref_fifo_w20_d2_S)' using Shift Registers.
INFO: [RTMG 210-285] Implementing FIFO 'jet_top_clusters_isolation_et_7_U(calo_trigger_tower_stream_ref_fifo_w20_d2_S)' using Shift Registers.
INFO: [RTMG 210-285] Implementing FIFO 'jet_top_clusters_eta_U(calo_trigger_tower_stream_ref_fifo_w6_d2_S)' using Shift Registers.
INFO: [RTMG 210-285] Implementing FIFO 'jet_top_clusters_eta_1_U(calo_trigger_tower_stream_ref_fifo_w6_d2_S)' using Shift Registers.
INFO: [RTMG 210-285] Implementing FIFO 'jet_top_clusters_eta_2_U(calo_trigger_tower_stream_ref_fifo_w6_d2_S)' using Shift Registers.
INFO: [RTMG 210-285] Implementing FIFO 'jet_top_clusters_eta_3_U(calo_trigger_tower_stream_ref_fifo_w6_d2_S)' using Shift Registers.
INFO: [RTMG 210-285] Implementing FIFO 'jet_top_clusters_eta_4_U(calo_trigger_tower_stream_ref_fifo_w6_d2_S)' using Shift Registers.
INFO: [RTMG 210-285] Implementing FIFO 'jet_top_clusters_eta_5_U(calo_trigger_tower_stream_ref_fifo_w6_d2_S)' using Shift Registers.
INFO: [RTMG 210-285] Implementing FIFO 'jet_top_clusters_eta_6_U(calo_trigger_tower_stream_ref_fifo_w6_d2_S)' using Shift Registers.
INFO: [RTMG 210-285] Implementing FIFO 'jet_top_clusters_eta_7_U(calo_trigger_tower_stream_ref_fifo_w6_d2_S)' using Shift Registers.
INFO: [RTMG 210-285] Implementing FIFO 'jet_top_clusters_phi_U(calo_trigger_tower_stream_ref_fifo_w6_d2_S)' using Shift Registers.
INFO: [RTMG 210-285] Implementing FIFO 'jet_top_clusters_phi_1_U(calo_trigger_tower_stream_ref_fifo_w6_d2_S)' using Shift Registers.
INFO: [RTMG 210-285] Implementing FIFO 'jet_top_clusters_phi_2_U(calo_trigger_tower_stream_ref_fifo_w6_d2_S)' using Shift Registers.
INFO: [RTMG 210-285] Implementing FIFO 'jet_top_clusters_phi_3_U(calo_trigger_tower_stream_ref_fifo_w6_d2_S)' using Shift Registers.
INFO: [RTMG 210-285] Implementing FIFO 'jet_top_clusters_phi_4_U(calo_trigger_tower_stream_ref_fifo_w6_d2_S)' using Shift Registers.
INFO: [RTMG 210-285] Implementing FIFO 'jet_top_clusters_phi_5_U(calo_trigger_tower_stream_ref_fifo_w6_d2_S)' using Shift Registers.
INFO: [RTMG 210-285] Implementing FIFO 'jet_top_clusters_phi_6_U(calo_trigger_tower_stream_ref_fifo_w6_d2_S)' using Shift Registers.
INFO: [RTMG 210-285] Implementing FIFO 'jet_top_clusters_phi_7_U(calo_trigger_tower_stream_ref_fifo_w6_d2_S)' using Shift Registers.
INFO: [RTMG 210-285] Implementing FIFO 'jet_top_clusters_window_size_U(calo_trigger_tower_stream_ref_fifo_w4_d2_S)' using Shift Registers.
INFO: [RTMG 210-285] Implementing FIFO 'jet_top_clusters_window_size_1_U(calo_trigger_tower_stream_ref_fifo_w4_d2_S)' using Shift Registers.
INFO: [RTMG 210-285] Implementing FIFO 'jet_top_clusters_window_size_2_U(calo_trigger_tower_stream_ref_fifo_w4_d2_S)' using Shift Registers.
INFO: [RTMG 210-285] Implementing FIFO 'jet_top_clusters_window_size_3_U(calo_trigger_tower_stream_ref_fifo_w4_d2_S)' using Shift Registers.
INFO: [RTMG 210-285] Implementing FIFO 'jet_top_clusters_window_size_4_U(calo_trigger_tower_stream_ref_fifo_w4_d2_S)' using Shift Registers.
INFO: [RTMG 210-285] Implementing FIFO 'jet_top_clusters_window_size_5_U(calo_trigger_tower_stream_ref_fifo_w4_d2_S)' using Shift Registers.
INFO: [RTMG 210-285] Implementing FIFO 'jet_top_clusters_window_size_6_U(calo_trigger_tower_stream_ref_fifo_w4_d2_S)' using Shift Registers.
INFO: [RTMG 210-285] Implementing FIFO 'jet_top_clusters_window_size_7_U(calo_trigger_tower_stream_ref_fifo_w4_d2_S)' using Shift Registers.
INFO: [RTMG 210-285] Implementing FIFO 'jet_top_clusters_valid_U(calo_trigger_tower_stream_ref_fifo_w1_d2_S)' using Shift Registers.
INFO: [RTMG 210-285] Implementing FIFO 'jet_top_clusters_valid_1_U(calo_trigger_tower_stream_ref_fifo_w1_d2_S)' using Shift Registers.
INFO: [RTMG 210-285] Implementing FIFO 'jet_top_clusters_valid_2_U(calo_trigger_tower_stream_ref_fifo_w1_d2_S)' using Shift Registers.
INFO: [RTMG 210-285] Implementing FIFO 'jet_top_clusters_valid_3_U(calo_trigger_tower_stream_ref_fifo_w1_d2_S)' using Shift Registers.
INFO: [RTMG 210-285] Implementing FIFO 'jet_top_clusters_valid_4_U(calo_trigger_tower_stream_ref_fifo_w1_d2_S)' using Shift Registers.
INFO: [RTMG 210-285] Implementing FIFO 'jet_top_clusters_valid_5_U(calo_trigger_tower_stream_ref_fifo_w1_d2_S)' using Shift Registers.
INFO: [RTMG 210-285] Implementing FIFO 'jet_top_clusters_valid_6_U(calo_trigger_tower_stream_ref_fifo_w1_d2_S)' using Shift Registers.
INFO: [RTMG 210-285] Implementing FIFO 'jet_top_clusters_valid_7_U(calo_trigger_tower_stream_ref_fifo_w1_d2_S)' using Shift Registers.
INFO: [RTMG 210-285] Implementing FIFO 'start_for_select_top_n_from_stream_fixed_1440_U0_U(calo_trigger_tower_stream_ref_start_for_select_top_n_from_stream_fixed_1440_U0)' using Shift Registers.
INFO: [RTMG 210-285] Implementing FIFO 'start_for_select_top_n_from_stream_fixed_1440_1_U0_U(calo_trigger_tower_stream_ref_start_for_select_top_n_from_stream_fixed_1440_1_U0)' using Shift Registers.
INFO: [HLS 200-111] Finished Creating RTL model: CPU user time: 1.04 seconds. CPU system time: 0.14 seconds. Elapsed time: 2.69 seconds; current allocated memory: 592.918 MB.
INFO: [HLS 200-10] ----------------------------------------------------------------
INFO: [HLS 200-10] -- Generating RTL for module 'calo_trigger_tower_stream_ref' 
INFO: [HLS 200-10] ----------------------------------------------------------------
WARNING: [RTGEN 206-101] Design contains AXI ports. Reset is fixed to synchronous and active low.
INFO: [RTGEN 206-500] Setting interface mode on port 'calo_trigger_tower_stream_ref/tower_in' to 'axis' (register, both mode).
INFO: [RTGEN 206-500] Setting interface mode on port 'calo_trigger_tower_stream_ref/em_seed_threshold' to 's_axilite & ap_none'.
INFO: [RTGEN 206-500] Setting interface mode on port 'calo_trigger_tower_stream_ref/em_cluster_threshold' to 's_axilite & ap_none'.
INFO: [RTGEN 206-500] Setting interface mode on port 'calo_trigger_tower_stream_ref/jet_seed_threshold' to 's_axilite & ap_none'.
INFO: [RTGEN 206-500] Setting interface mode on port 'calo_trigger_tower_stream_ref/jet_cluster_threshold' to 's_axilite & ap_none'.
INFO: [RTGEN 206-500] Setting interface mode on port 'calo_trigger_tower_stream_ref/em_objects_0' to 'ap_vld'.
INFO: [RTGEN 206-500] Setting interface mode on port 'calo_trigger_tower_stream_ref/em_objects_1' to 'ap_vld'.
INFO: [RTGEN 206-500] Setting interface mode on port 'calo_trigger_tower_stream_ref/em_objects_2' to 'ap_vld'.
INFO: [RTGEN 206-500] Setting interface mode on port 'calo_trigger_tower_stream_ref/em_objects_3' to 'ap_vld'.
INFO: [RTGEN 206-500] Setting interface mode on port 'calo_trigger_tower_stream_ref/em_objects_4' to 'ap_vld'.
INFO: [RTGEN 206-500] Setting interface mode on port 'calo_trigger_tower_stream_ref/em_objects_5' to 'ap_vld'.
INFO: [RTGEN 206-500] Setting interface mode on port 'calo_trigger_tower_stream_ref/em_objects_6' to 'ap_vld'.
INFO: [RTGEN 206-500] Setting interface mode on port 'calo_trigger_tower_stream_ref/em_objects_7' to 'ap_vld'.
INFO: [RTGEN 206-500] Setting interface mode on port 'calo_trigger_tower_stream_ref/jet_objects_0' to 'ap_vld'.
INFO: [RTGEN 206-500] Setting interface mode on port 'calo_trigger_tower_stream_ref/jet_objects_1' to 'ap_vld'.
INFO: [RTGEN 206-500] Setting interface mode on port 'calo_trigger_tower_stream_ref/jet_objects_2' to 'ap_vld'.
INFO: [RTGEN 206-500] Setting interface mode on port 'calo_trigger_tower_stream_ref/jet_objects_3' to 'ap_vld'.
INFO: [RTGEN 206-500] Setting interface mode on port 'calo_trigger_tower_stream_ref/jet_objects_4' to 'ap_vld'.
INFO: [RTGEN 206-500] Setting interface mode on port 'calo_trigger_tower_stream_ref/jet_objects_5' to 'ap_vld'.
INFO: [RTGEN 206-500] Setting interface mode on port 'calo_trigger_tower_stream_ref/jet_objects_6' to 'ap_vld'.
INFO: [RTGEN 206-500] Setting interface mode on port 'calo_trigger_tower_stream_ref/jet_objects_7' to 'ap_vld'.
INFO: [RTGEN 206-500] Setting interface mode on port 'calo_trigger_tower_stream_ref/ht' to 's_axilite & ap_vld'.
INFO: [RTGEN 206-500] Setting interface mode on port 'calo_trigger_tower_stream_ref/num_em_clusters' to 's_axilite & ap_vld'.
INFO: [RTGEN 206-500] Setting interface mode on port 'calo_trigger_tower_stream_ref/num_jet_clusters' to 's_axilite & ap_vld'.
INFO: [RTGEN 206-500] Setting interface mode on function 'calo_trigger_tower_stream_ref' to 's_axilite & ap_ctrl_hs'.
INFO: [RTGEN 206-100] Bundling port 'em_seed_threshold', 'em_cluster_threshold', 'jet_seed_threshold', 'jet_cluster_threshold', 'ht', 'num_em_clusters', 'num_jet_clusters' and 'return' to AXI-Lite port CTRL.
INFO: [RTGEN 206-100] Finished creating RTL model for 'calo_trigger_tower_stream_ref'.
INFO: [HLS 200-111] Finished Creating RTL model: CPU user time: 0.47 seconds. CPU system time: 0.05 seconds. Elapsed time: 0.67 seconds; current allocated memory: 597.617 MB.
INFO: [HLS 200-111] Finished Generating all RTL models: CPU user time: 0.62 seconds. CPU system time: 0.15 seconds. Elapsed time: 0.76 seconds; current allocated memory: 602.234 MB.
INFO: [HLS 200-111] Finished Updating report files: CPU user time: 2.7 seconds. CPU system time: 0.06 seconds. Elapsed time: 2.9 seconds; current allocated memory: 619.770 MB.
INFO: [VHDL 208-304] Generating VHDL RTL for calo_trigger_tower_stream_ref.
INFO: [VLOG 209-307] Generating Verilog RTL for calo_trigger_tower_stream_ref.
INFO: [HLS 200-789] **** Estimated Fmax: 79.94 MHz
INFO: [HLS 200-2161] Finished Command csynth_design Elapsed time: 00:01:02; Allocated memory: 295.016 MB.
============================================================
HLS run complete.
Main synthesis report:
  calorimeter/solution1/syn/report/calo_trigger_tower_stream_ref_csynth.rpt
C simulation output:
  calorimeter/solution1/csim/report
============================================================
INFO: [HLS 200-112] Total CPU user time: 68.96 seconds. Total CPU system time: 5.07 seconds. Total elapsed time: 82.7 seconds; peak allocated memory: 619.770 MB.
